/Users/bruno/gsgui/backend_real.py:752: DeprecationWarning: 
        on_event is deprecated, use lifespan event handlers instead.

        Read more about it in the
        [FastAPI docs for Lifespan Events](https://fastapi.tiangolo.com/advanced/events/).
        
  @app.on_event("startup")
INFO:     Started server process [92682]
INFO:     Waiting for application startup.
INFO:     Application startup complete.
INFO:     Uvicorn running on http://127.0.0.1:8001 (Press CTRL+C to quit)
🚀 Démarrage du backend GSGUI avec vrais challenges...
🚀 Backend startup - Loading strategies and turbo states...
🔄 Loading existing strategies from .ini...
📋 Loaded 4 challenge strategies from .ini
📅 Found 4 strategies to schedule:
  - Challenge 105504: 2m (pending)
  - Challenge 105507: 4m (pending)
  - Challenge 105512: 4m (pending)
  - Challenge 105681: fill20 (pending)
✅ Strategy scheduling initialization complete
📋 Loaded 6 turbo states from .ini
📋 Loaded 6 existing turbo states
🔍 Request for real challenges with token: a1cad95a6d480c14f51d...
🔍 Fetching real challenges avec token: a1cad95a6d480c14f51d...
📡 GuruShots API status: 200
📊 API data keys: ['challenges', 'exhibition', 'suggested_challenges', 'next_interval', 'success']
✅ Successfully processed 23 real challenges
📋 Loaded 4 challenge strategies from .ini
📋 Loaded 6 turbo states from .ini
📋 Returning 23 challenges with strategies
INFO:     127.0.0.1:64396 - "GET /api/v1/challenges/?user_token=a1cad95a6d480c14f51dd0eba4914c8337b893c789ec6278bb440c7c9a673b162f042470c62684e6da2bd342ffea7777 HTTP/1.1" 200 OK
