/Users/bruno/gsgui/backend_real.py:761: DeprecationWarning: 
        on_event is deprecated, use lifespan event handlers instead.

        Read more about it in the
        [FastAPI docs for Lifespan Events](https://fastapi.tiangolo.com/advanced/events/).
        
  @app.on_event("startup")
INFO:     Started server process [92280]
INFO:     Waiting for application startup.
INFO:     Application startup complete.
INFO:     Uvicorn running on http://127.0.0.1:8001 (Press CTRL+C to quit)
🚀 Démarrage du backend GSGUI avec vrais challenges...
🚀 Backend startup - Loading strategies and turbo states...
🔄 Loading existing strategies from .ini...
📋 Loaded 4 challenge strategies from .ini
📅 Found 4 strategies to schedule:
  - Challenge 105504: 2m (pending)
  - Challenge 105507: 4m (pending)
  - Challenge 105512: 4m (pending)
  - Challenge 105681: fill20 (pending)
✅ Strategy scheduling initialization complete
📋 Loaded 6 turbo states from .ini
📋 Loaded 6 existing turbo states
🔍 Request for real challenges with token: a1cad95a6d480c14f51d...
🔍 Fetching real challenges avec token: a1cad95a6d480c14f51d...
📡 GuruShots API status: 200
📊 API data keys: ['challenges', 'exhibition', 'suggested_challenges', 'next_interval', 'success']
🔍 DEBUG Smoke:
  API turbo data: {'max_selections': 10, 'turbo_unlock_type': 'COINS', 'turbo_unlock_amount': 250, 'required_selections': 6, 'state': 'TIMER', 'time_to_open': 1753824600}
🔍 DEBUG The Bluest Skies:
  API turbo data: {'max_selections': 10, 'turbo_unlock_type': 'COINS', 'turbo_unlock_amount': 250, 'required_selections': 6, 'state': 'WON', 'time_to_open': None}
🔍 DEBUG Humorous Shots:
  API turbo data: {'max_selections': 10, 'turbo_unlock_type': 'COINS', 'turbo_unlock_amount': 250, 'required_selections': 6, 'state': 'LOCKED', 'time_to_open': None}
✅ Successfully processed 23 real challenges
📋 Loaded 4 challenge strategies from .ini
📋 Loaded 6 turbo states from .ini
📋 Returning 23 challenges with strategies
INFO:     127.0.0.1:64309 - "GET /api/v1/challenges/?user_token=a1cad95a6d480c14f51dd0eba4914c8337b893c789ec6278bb440c7c9a673b162f042470c62684e6da2bd342ffea7777 HTTP/1.1" 200 OK
INFO:     Shutting down
INFO:     Waiting for application shutdown.
INFO:     Application shutdown complete.
INFO:     Finished server process [92280]
