[2025-06-14 09:58:35] Désélection de tous les challenges

[2025-06-14 09:58:37] Refreshing challenges...
[2025-06-14 09:58:37] Fetching challenges...
[2025-06-14 09:58:38] Challenges fetching ...
[2025-06-14 09:58:38] Lancement automatique des stratégies de fin pour 7 nouveaux challenges...
[2025-06-14 09:58:38] Nouveau challenge détecté pour pascale: Screen Stars - Tropic Vibe
[2025-06-14 09:58:38] Nouveau challenge détecté pour pascale: Evoking Nostalgia
[2025-06-14 09:58:38] Nouveau challenge détecté pour pascale: Your Favorite Nature Shot
[2025-06-14 09:58:38] Nouveau challenge détecté pour pascale: Photographer of the Week
[2025-06-14 09:58:38] Nouveau challenge détecté pour pascale: Rolling Hills
[2025-06-14 09:58:38] Nouveau challenge détecté pour pascale: Lit By The Fire
[2025-06-14 09:58:38] Nouveau challenge détecté pour pascale: Fruits & Vegetables
[2025-06-14 09:58:38] Challenges fetched successfully for pascale!
[2025-06-14 09:59:03] Closed get vote panel
[2025-06-14 09:59:03] Filling challenges: {101643}
Filled Closed with strategy end4

[2025-06-14 09:59:03] Récupération des données de vote pour Closed (URL: closed27, HEADER:{'User-Agent': 'Mozilla/5.0 (X11; Linux i686; rv:39.0) Gecko/20100101 Firefox/39.0', 'x-api-version': '8', 'x-env': 'WEB', 'X-requested-with': 'XMLHttpRequest', 'X-token': 'f96bbe3a7e7f833329e7129767a69abbfa6dfce3152e3c2a311eb49d89b5c3bb2b12b66b402f03dce682b8b2b6a005cd'})
[2025-06-14 09:59:04] Récupération réussie: 200 images pour Closed
[2025-06-14 09:59:04] Voting fetching ...
[2025-06-14 09:59:04] Closed voting 35 images
[2025-06-14 09:59:07] Closed voting 35 images
[2025-06-14 09:59:08] Closed voted successfully
[2025-06-14 09:59:10] Closed voted successfully
[2025-06-14 09:59:13] Challenges fetching ...
[2025-06-14 09:59:13] Challenges fetched successfully for pascale!
[2025-06-14 09:59:13] Challenges fetching ...
[2025-06-14 09:59:13] Challenges fetched successfully for pascale!
[2025-06-14 10:00:00] You On GS Instagram get vote panel
[2025-06-14 10:00:00] Filling challenges: {102470}
Filled You On GS Instagram with strategy end4

[2025-06-14 10:00:00] Récupération des données de vote pour You On GS Instagram (URL: you-on-gs-instagram74, HEADER:{'User-Agent': 'Mozilla/5.0 (X11; Linux i686; rv:39.0) Gecko/20100101 Firefox/39.0', 'x-api-version': '8', 'x-env': 'WEB', 'X-requested-with': 'XMLHttpRequest', 'X-token': 'f96bbe3a7e7f833329e7129767a69abbfa6dfce3152e3c2a311eb49d89b5c3bb2b12b66b402f03dce682b8b2b6a005cd'})
[2025-06-14 10:00:01] Récupération réussie: 200 images pour You On GS Instagram
[2025-06-14 10:00:01] Voting fetching ...
[2025-06-14 10:00:01] You On GS Instagram voting 35 images
[2025-06-14 10:00:04] You On GS Instagram voting 35 images
[2025-06-14 10:00:05] You On GS Instagram voted successfully
[2025-06-14 10:00:07] You On GS Instagram voted successfully
[2025-06-14 10:00:10] Challenges fetching ...
[2025-06-14 10:00:10] Challenges fetched successfully for pascale!
[2025-06-14 10:00:10] Challenges fetching ...
[2025-06-14 10:00:10] Challenges fetched successfully for pascale!
[2025-06-14 10:00:24] Photographer of the Week get vote panel
[2025-06-14 10:00:24] Filling challenges: {102531}
Filled Photographer of the Week with strategy end4

[2025-06-14 10:00:24] Récupération des données de vote pour Photographer of the Week (URL: photographer-of-the-week212, HEADER:{'User-Agent': 'Mozilla/5.0 (X11; Linux i686; rv:39.0) Gecko/20100101 Firefox/39.0', 'x-api-version': '8', 'x-env': 'WEB', 'X-requested-with': 'XMLHttpRequest', 'X-token': 'f96bbe3a7e7f833329e7129767a69abbfa6dfce3152e3c2a311eb49d89b5c3bb2b12b66b402f03dce682b8b2b6a005cd'})
[2025-06-14 10:00:25] Récupération réussie: 200 images pour Photographer of the Week
[2025-06-14 10:00:25] Voting fetching ...
[2025-06-14 10:00:25] Photographer of the Week voting 35 images
[2025-06-14 10:00:28] Photographer of the Week voting 35 images
[2025-06-14 10:00:29] Photographer of the Week voted successfully
[2025-06-14 10:00:31] Photographer of the Week voted successfully
[2025-06-14 10:00:34] Challenges fetching ...
[2025-06-14 10:00:34] Challenges fetched successfully for pascale!
[2025-06-14 10:00:34] Challenges fetching ...
[2025-06-14 10:00:34] Challenges fetched successfully for pascale!
[2025-06-14 10:00:55] Fruits & Vegetables get vote panel
[2025-06-14 10:00:55] Filling challenges: {101677}
Filled Fruits & Vegetables with strategy end4

[2025-06-14 10:00:55] Récupération des données de vote pour Fruits & Vegetables (URL: fruits-vegetables5, HEADER:{'User-Agent': 'Mozilla/5.0 (X11; Linux i686; rv:39.0) Gecko/20100101 Firefox/39.0', 'x-api-version': '8', 'x-env': 'WEB', 'X-requested-with': 'XMLHttpRequest', 'X-token': 'f96bbe3a7e7f833329e7129767a69abbfa6dfce3152e3c2a311eb49d89b5c3bb2b12b66b402f03dce682b8b2b6a005cd'})
[2025-06-14 10:00:56] Récupération réussie: 200 images pour Fruits & Vegetables
[2025-06-14 10:00:56] Voting fetching ...
[2025-06-14 10:00:56] Fruits & Vegetables voting 35 images
[2025-06-14 10:00:59] Fruits & Vegetables voting 35 images
[2025-06-14 10:01:00] Fruits & Vegetables voted successfully
[2025-06-14 10:01:02] Fruits & Vegetables voted successfully
[2025-06-14 10:01:05] Challenges fetching ...
[2025-06-14 10:01:05] Challenges fetched successfully for pascale!
[2025-06-14 10:01:05] Challenges fetching ...
[2025-06-14 10:01:05] Challenges fetched successfully for pascale!
[2025-06-14 10:01:59] Screen Stars - Tropic Vibe get vote panel
[2025-06-14 10:01:59] Filling challenges: {102781}
Filled Screen Stars - Tropic Vibe with strategy end4

[2025-06-14 10:01:59] Récupération des données de vote pour Screen Stars - Tropic Vibe (URL: screen-stars-tropic-glow, HEADER:{'User-Agent': 'Mozilla/5.0 (X11; Linux i686; rv:39.0) Gecko/20100101 Firefox/39.0', 'x-api-version': '8', 'x-env': 'WEB', 'X-requested-with': 'XMLHttpRequest', 'X-token': 'f96bbe3a7e7f833329e7129767a69abbfa6dfce3152e3c2a311eb49d89b5c3bb2b12b66b402f03dce682b8b2b6a005cd'})
[2025-06-14 10:02:00] Récupération réussie: 200 images pour Screen Stars - Tropic Vibe
[2025-06-14 10:02:00] Voting fetching ...
[2025-06-14 10:02:00] Screen Stars - Tropic Vibe voting 35 images
[2025-06-14 10:02:03] Screen Stars - Tropic Vibe voting 35 images
[2025-06-14 10:02:04] Screen Stars - Tropic Vibe voted successfully
[2025-06-14 10:02:06] Screen Stars - Tropic Vibe voted successfully
[2025-06-14 10:02:09] Challenges fetching ...
[2025-06-14 10:02:09] Challenges fetched successfully for pascale!
[2025-06-14 10:02:09] Challenges fetching ...
[2025-06-14 10:02:09] Challenges fetched successfully for pascale!
[2025-06-14 10:02:59] My Exhibition Shot get vote panel
[2025-06-14 10:02:59] Filling challenges: {101223}
Filled My Exhibition Shot with strategy end4

[2025-06-14 10:02:59] Récupération des données de vote pour My Exhibition Shot (URL: my-exhibition-shot14, HEADER:{'User-Agent': 'Mozilla/5.0 (X11; Linux i686; rv:39.0) Gecko/20100101 Firefox/39.0', 'x-api-version': '8', 'x-env': 'WEB', 'X-requested-with': 'XMLHttpRequest', 'X-token': 'f96bbe3a7e7f833329e7129767a69abbfa6dfce3152e3c2a311eb49d89b5c3bb2b12b66b402f03dce682b8b2b6a005cd'})
[2025-06-14 10:03:00] Récupération réussie: 200 images pour My Exhibition Shot
[2025-06-14 10:03:00] Voting fetching ...
[2025-06-14 10:03:00] My Exhibition Shot voting 35 images
[2025-06-14 10:03:03] My Exhibition Shot voting 35 images
[2025-06-14 10:03:04] My Exhibition Shot voted successfully
[2025-06-14 10:03:06] My Exhibition Shot voted successfully
[2025-06-14 10:03:09] Challenges fetching ...
[2025-06-14 10:03:09] Challenges fetched successfully for pascale!
[2025-06-14 10:03:09] Challenges fetching ...
[2025-06-14 10:03:09] Challenges fetched successfully for pascale!
[2025-06-14 13:27:56] Refreshing challenges...
[2025-06-14 13:27:56] Fetching challenges...
[2025-06-14 13:27:57] Challenges fetching ...
[2025-06-14 13:27:57] Challenges fetched successfully for pascale!
[2025-06-14 23:14:54] Refreshing challenges...
[2025-06-14 23:14:54] Fetching challenges...
[2025-06-14 23:14:55] Challenges fetching ...
[2025-06-14 23:14:55] Challenges fetched successfully for pascale!
[2025-06-14 23:15:20] Sélection de tous les challenges

[2025-06-14 23:15:30] Traveling The World get vote panel
[2025-06-14 23:15:30] Photographer of the Week get vote panel
[2025-06-14 23:15:30] You On GS Instagram get vote panel
[2025-06-14 23:15:30] Lit By The Fire get vote panel
[2025-06-14 23:15:30] 500 Guru's Picks get vote panel
[2025-06-14 23:15:30] Evoking Nostalgia get vote panel
[2025-06-14 23:15:30] Solo - Single Subject get vote panel
[2025-06-14 23:15:30] Screen Stars - Tropic Vibe get vote panel
[2025-06-14 23:15:30] Rolling Hills get vote panel
[2025-06-14 23:15:30] Your Favorite Nature Shot get vote panel
[2025-06-14 23:15:30] Dramatic Lighting get vote panel
[2025-06-14 23:15:30] Photo of the Week! get vote panel
[2025-06-14 23:15:30] Filling challenges: {101794, 102531, 102470, 101672, 102473, 101620, 102164, 102781, 101659, 102780, 101789, 102238}
Filled Traveling The World with strategy end4
Filled Photographer of the Week with strategy end4
Filled You On GS Instagram with strategy end4
Filled Lit By The Fire with strategy end4
Filled 500 Guru's Picks with strategy end4
Filled Evoking Nostalgia with strategy end4
Filled Solo - Single Subject with strategy end4
Filled Screen Stars - Tropic Vibe with strategy end4
Filled Rolling Hills with strategy end4
Filled Your Favorite Nature Shot with strategy end4
Filled Dramatic Lighting with strategy end4
Filled Photo of the Week! with strategy end4

[2025-06-14 23:15:30] Récupération des données de vote pour Traveling The World (URL: travel-stories6, HEADER:{'User-Agent': 'Mozilla/5.0 (X11; Linux i686; rv:39.0) Gecko/20100101 Firefox/39.0', 'x-api-version': '8', 'x-env': 'WEB', 'X-requested-with': 'XMLHttpRequest', 'X-token': 'f96bbe3a7e7f833329e7129767a69abbfa6dfce3152e3c2a311eb49d89b5c3bb2b12b66b402f03dce682b8b2b6a005cd'})
[2025-06-14 23:15:30] Récupération des données de vote pour Photographer of the Week (URL: photographer-of-the-week212, HEADER:{'User-Agent': 'Mozilla/5.0 (X11; Linux i686; rv:39.0) Gecko/20100101 Firefox/39.0', 'x-api-version': '8', 'x-env': 'WEB', 'X-requested-with': 'XMLHttpRequest', 'X-token': 'f96bbe3a7e7f833329e7129767a69abbfa6dfce3152e3c2a311eb49d89b5c3bb2b12b66b402f03dce682b8b2b6a005cd'})
[2025-06-14 23:15:30] Récupération des données de vote pour You On GS Instagram (URL: you-on-gs-instagram74, HEADER:{'User-Agent': 'Mozilla/5.0 (X11; Linux i686; rv:39.0) Gecko/20100101 Firefox/39.0', 'x-api-version': '8', 'x-env': 'WEB', 'X-requested-with': 'XMLHttpRequest', 'X-token': 'f96bbe3a7e7f833329e7129767a69abbfa6dfce3152e3c2a311eb49d89b5c3bb2b12b66b402f03dce682b8b2b6a005cd'})
[2025-06-14 23:15:30] Récupération des données de vote pour Lit By The Fire (URL: lit-by-the-fire, HEADER:{'User-Agent': 'Mozilla/5.0 (X11; Linux i686; rv:39.0) Gecko/20100101 Firefox/39.0', 'x-api-version': '8', 'x-env': 'WEB', 'X-requested-with': 'XMLHttpRequest', 'X-token': 'f96bbe3a7e7f833329e7129767a69abbfa6dfce3152e3c2a311eb49d89b5c3bb2b12b66b402f03dce682b8b2b6a005cd'})
[2025-06-14 23:15:30] Récupération des données de vote pour 500 Guru's Picks (URL: 500-guru-s-picks79, HEADER:{'User-Agent': 'Mozilla/5.0 (X11; Linux i686; rv:39.0) Gecko/20100101 Firefox/39.0', 'x-api-version': '8', 'x-env': 'WEB', 'X-requested-with': 'XMLHttpRequest', 'X-token': 'f96bbe3a7e7f833329e7129767a69abbfa6dfce3152e3c2a311eb49d89b5c3bb2b12b66b402f03dce682b8b2b6a005cd'})
[2025-06-14 23:15:30] Récupération des données de vote pour Evoking Nostalgia (URL: evoking-nostalgia, HEADER:{'User-Agent': 'Mozilla/5.0 (X11; Linux i686; rv:39.0) Gecko/20100101 Firefox/39.0', 'x-api-version': '8', 'x-env': 'WEB', 'X-requested-with': 'XMLHttpRequest', 'X-token': 'f96bbe3a7e7f833329e7129767a69abbfa6dfce3152e3c2a311eb49d89b5c3bb2b12b66b402f03dce682b8b2b6a005cd'})
[2025-06-14 23:15:30] Récupération des données de vote pour Solo - Single Subject (URL: solo-single-subject32, HEADER:{'User-Agent': 'Mozilla/5.0 (X11; Linux i686; rv:39.0) Gecko/20100101 Firefox/39.0', 'x-api-version': '8', 'x-env': 'WEB', 'X-requested-with': 'XMLHttpRequest', 'X-token': 'f96bbe3a7e7f833329e7129767a69abbfa6dfce3152e3c2a311eb49d89b5c3bb2b12b66b402f03dce682b8b2b6a005cd'})
[2025-06-14 23:15:30] Récupération des données de vote pour Screen Stars - Tropic Vibe (URL: screen-stars-tropic-glow, HEADER:{'User-Agent': 'Mozilla/5.0 (X11; Linux i686; rv:39.0) Gecko/20100101 Firefox/39.0', 'x-api-version': '8', 'x-env': 'WEB', 'X-requested-with': 'XMLHttpRequest', 'X-token': 'f96bbe3a7e7f833329e7129767a69abbfa6dfce3152e3c2a311eb49d89b5c3bb2b12b66b402f03dce682b8b2b6a005cd'})
[2025-06-14 23:15:30] Récupération des données de vote pour Rolling Hills (URL: rolling-hills26, HEADER:{'User-Agent': 'Mozilla/5.0 (X11; Linux i686; rv:39.0) Gecko/20100101 Firefox/39.0', 'x-api-version': '8', 'x-env': 'WEB', 'X-requested-with': 'XMLHttpRequest', 'X-token': 'f96bbe3a7e7f833329e7129767a69abbfa6dfce3152e3c2a311eb49d89b5c3bb2b12b66b402f03dce682b8b2b6a005cd'})
[2025-06-14 23:15:30] Récupération des données de vote pour Your Favorite Nature Shot (URL: your-favorite-nature-shot3, HEADER:{'User-Agent': 'Mozilla/5.0 (X11; Linux i686; rv:39.0) Gecko/20100101 Firefox/39.0', 'x-api-version': '8', 'x-env': 'WEB', 'X-requested-with': 'XMLHttpRequest', 'X-token': 'f96bbe3a7e7f833329e7129767a69abbfa6dfce3152e3c2a311eb49d89b5c3bb2b12b66b402f03dce682b8b2b6a005cd'})
[2025-06-14 23:15:30] Récupération des données de vote pour Dramatic Lighting (URL: dramatic-lighting11, HEADER:{'User-Agent': 'Mozilla/5.0 (X11; Linux i686; rv:39.0) Gecko/20100101 Firefox/39.0', 'x-api-version': '8', 'x-env': 'WEB', 'X-requested-with': 'XMLHttpRequest', 'X-token': 'f96bbe3a7e7f833329e7129767a69abbfa6dfce3152e3c2a311eb49d89b5c3bb2b12b66b402f03dce682b8b2b6a005cd'})
[2025-06-14 23:15:30] Récupération des données de vote pour Photo of the Week! (URL: photo-of-the-week-300, HEADER:{'User-Agent': 'Mozilla/5.0 (X11; Linux i686; rv:39.0) Gecko/20100101 Firefox/39.0', 'x-api-version': '8', 'x-env': 'WEB', 'X-requested-with': 'XMLHttpRequest', 'X-token': 'f96bbe3a7e7f833329e7129767a69abbfa6dfce3152e3c2a311eb49d89b5c3bb2b12b66b402f03dce682b8b2b6a005cd'})
[2025-06-14 23:15:30] Récupération réussie: 200 images pour Photo of the Week!
[2025-06-14 23:15:30] Voting fetching ...
[2025-06-14 23:15:30] Photo of the Week! voting 35 images
[2025-06-14 23:15:34] Photo of the Week! voting 35 images
[2025-06-14 23:15:34] Récupération réussie: 200 images pour Photographer of the Week
[2025-06-14 23:15:34] Voting fetching ...
[2025-06-14 23:15:34] Photographer of the Week voting 35 images
[2025-06-14 23:15:37] Photographer of the Week voting 35 images
[2025-06-14 23:15:37] Récupération réussie: 200 images pour Rolling Hills
[2025-06-14 23:15:37] Voting fetching ...
[2025-06-14 23:15:37] Rolling Hills voting 35 images
[2025-06-14 23:15:40] Rolling Hills voting 35 images
[2025-06-14 23:15:40] Récupération réussie: 200 images pour Lit By The Fire
[2025-06-14 23:15:40] Voting fetching ...
[2025-06-14 23:15:40] Lit By The Fire voting 35 images
[2025-06-14 23:15:43] Lit By The Fire voting 35 images
[2025-06-14 23:15:43] Récupération réussie: 200 images pour Evoking Nostalgia
[2025-06-14 23:15:43] Voting fetching ...
[2025-06-14 23:15:43] Evoking Nostalgia voting 35 images
[2025-06-14 23:15:46] Evoking Nostalgia voting 35 images
[2025-06-14 23:15:46] Récupération réussie: 200 images pour Screen Stars - Tropic Vibe
[2025-06-14 23:15:46] Voting fetching ...
[2025-06-14 23:15:46] Screen Stars - Tropic Vibe voting 35 images
[2025-06-14 23:15:49] Screen Stars - Tropic Vibe voting 35 images
[2025-06-14 23:15:49] Récupération réussie: 200 images pour Your Favorite Nature Shot
[2025-06-14 23:15:49] Voting fetching ...
[2025-06-14 23:15:49] Your Favorite Nature Shot voting 35 images
[2025-06-14 23:15:52] Your Favorite Nature Shot voting 35 images
[2025-06-14 23:15:52] Récupération réussie: 200 images pour Solo - Single Subject
[2025-06-14 23:15:52] Voting fetching ...
[2025-06-14 23:15:52] Solo - Single Subject voting 35 images
[2025-06-14 23:15:55] Solo - Single Subject voting 35 images
[2025-06-14 23:15:55] Récupération réussie: 200 images pour You On GS Instagram
[2025-06-14 23:15:55] Voting fetching ...
[2025-06-14 23:15:55] You On GS Instagram voting 35 images
[2025-06-14 23:15:58] You On GS Instagram voting 35 images
[2025-06-14 23:15:58] Récupération réussie: 200 images pour Traveling The World
[2025-06-14 23:15:58] Voting fetching ...
[2025-06-14 23:15:58] Traveling The World voting 35 images
[2025-06-14 23:16:01] Traveling The World voting 35 images
[2025-06-14 23:16:01] Récupération réussie: 200 images pour 500 Guru's Picks
[2025-06-14 23:16:01] Voting fetching ...
[2025-06-14 23:16:01] 500 Guru's Picks voting 35 images
[2025-06-14 23:16:04] 500 Guru's Picks voting 35 images
[2025-06-14 23:16:04] Récupération réussie: 200 images pour Dramatic Lighting
[2025-06-14 23:16:04] Voting fetching ...
[2025-06-14 23:16:04] Dramatic Lighting voting 35 images
[2025-06-14 23:16:07] Dramatic Lighting voting 35 images
[2025-06-14 23:16:08] Photographer of the Week voted successfully
[2025-06-14 23:16:10] Photographer of the Week voted successfully
[2025-06-14 23:16:12] Photo of the Week! voted successfully
[2025-06-14 23:16:14] Evoking Nostalgia voted successfully
[2025-06-14 23:16:16] Screen Stars - Tropic Vibe voted successfully
[2025-06-14 23:16:18] Lit By The Fire voted successfully
[2025-06-14 23:16:20] Evoking Nostalgia voted successfully
[2025-06-14 23:16:22] Screen Stars - Tropic Vibe voted successfully
[2025-06-14 23:16:24] Rolling Hills voted successfully
[2025-06-14 23:16:26] Rolling Hills voted successfully
[2025-06-14 23:16:28] Solo - Single Subject voted successfully
[2025-06-14 23:16:30] Your Favorite Nature Shot voted successfully
[2025-06-14 23:16:32] You On GS Instagram voted successfully
[2025-06-14 23:16:34] Your Favorite Nature Shot voted successfully
[2025-06-14 23:16:36] Lit By The Fire voted successfully
[2025-06-14 23:16:38] Solo - Single Subject voted successfully
[2025-06-14 23:16:40] You On GS Instagram voted successfully
[2025-06-14 23:16:42] Photo of the Week! voted successfully
[2025-06-14 23:16:44] Dramatic Lighting voted successfully
[2025-06-14 23:16:46] 500 Guru's Picks voted successfully
[2025-06-14 23:16:48] Traveling The World voted successfully
[2025-06-14 23:16:50] Traveling The World voted successfully
[2025-06-14 23:16:52] 500 Guru's Picks voted successfully
[2025-06-14 23:16:54] Dramatic Lighting voted successfully
[2025-06-14 23:16:57] Challenges fetching ...
[2025-06-14 23:16:57] Challenges fetched successfully for pascale!
[2025-06-14 23:16:57] Challenges fetching ...
[2025-06-14 23:16:57] Challenges fetched successfully for pascale!
[2025-06-14 23:16:58] Challenges fetching ...
[2025-06-14 23:16:58] Challenges fetched successfully for pascale!
[2025-06-14 23:16:58] Challenges fetching ...
[2025-06-14 23:16:58] Challenges fetched successfully for pascale!
[2025-06-14 23:16:58] Challenges fetching ...
[2025-06-14 23:16:58] Challenges fetched successfully for pascale!
[2025-06-14 23:16:58] Challenges fetching ...
[2025-06-14 23:16:58] Challenges fetched successfully for pascale!
[2025-06-14 23:16:58] Challenges fetching ...
[2025-06-14 23:16:58] Challenges fetched successfully for pascale!
[2025-06-14 23:16:58] Challenges fetching ...
[2025-06-14 23:16:58] Challenges fetched successfully for pascale!
[2025-06-14 23:16:58] Challenges fetching ...
[2025-06-14 23:16:58] Challenges fetched successfully for pascale!
[2025-06-14 23:16:58] Challenges fetching ...
[2025-06-14 23:16:58] Challenges fetched successfully for pascale!
[2025-06-14 23:16:58] Challenges fetching ...
[2025-06-14 23:16:58] Challenges fetched successfully for pascale!
[2025-06-14 23:16:58] Challenges fetching ...
[2025-06-14 23:16:58] Challenges fetched successfully for pascale!
[2025-06-14 23:16:58] Challenges fetching ...
[2025-06-14 23:16:58] Challenges fetched successfully for pascale!
[2025-06-14 23:16:58] Challenges fetching ...
[2025-06-14 23:16:58] Challenges fetched successfully for pascale!
[2025-06-14 23:16:58] Challenges fetching ...
[2025-06-14 23:16:58] Challenges fetched successfully for pascale!
[2025-06-14 23:16:58] Challenges fetching ...
[2025-06-14 23:16:58] Challenges fetched successfully for pascale!
[2025-06-14 23:16:58] Challenges fetching ...
[2025-06-14 23:16:59] Challenges fetched successfully for pascale!
[2025-06-14 23:16:59] Challenges fetching ...
[2025-06-14 23:16:59] Challenges fetched successfully for pascale!
[2025-06-14 23:16:59] Challenges fetching ...
[2025-06-14 23:16:59] Challenges fetched successfully for pascale!
[2025-06-14 23:16:59] Challenges fetching ...
[2025-06-14 23:16:59] Challenges fetched successfully for pascale!
[2025-06-14 23:16:59] Challenges fetching ...
[2025-06-14 23:16:59] Challenges fetched successfully for pascale!
[2025-06-14 23:16:59] Challenges fetching ...
[2025-06-14 23:16:59] Challenges fetched successfully for pascale!
[2025-06-14 23:16:59] Challenges fetching ...
[2025-06-14 23:16:59] Challenges fetched successfully for pascale!
[2025-06-14 23:16:59] Challenges fetching ...
[2025-06-14 23:16:59] Challenges fetched successfully for pascale!
