[2025-05-30 00:05:16] Processus mis à jour pour bruno: beginning-with-l--vote-100-left-0H:4M - executing
[2025-05-30 00:05:16] Traitement de vote pour Beginning with ‘L’
[2025-05-30 00:05:16] Beginning with ‘L’ get vote panel
[2025-05-30 00:05:16] Processus associé: beginning-with-l--vote-100-left-0H:4M
[2025-05-30 00:05:16] Récupération des données de vote pour Beginning with ‘L’ (URL: beginning-with-l-, HEADER:{'User-Agent': 'Mozilla/5.0 (X11; Linux i686; rv:39.0) Gecko/20100101 Firefox/39.0', 'x-api-version': '8', 'x-env': 'WEB', 'X-requested-with': 'XMLHttpRequest', 'X-token': 'a1cad95a6d480c14f51dd0eba4914c8337b893c789ec6278bb440c7c9a673b162f042470c62684e6da2bd342ffea7777'})
[2025-05-30 00:05:18] Récupération réussie: 200 images pour Beginning with ‘L’
[2025-05-30 00:05:18] Voting fetching ...
[2025-05-30 00:05:18] Beginning with ‘L’ voting 100 images
[2025-05-30 00:05:18] Stratégie chargée depuis gsgui.ini pour bruno/Green Grass: end4
[2025-05-30 00:05:19] Beginning with ‘L’ voted successfully
[2025-05-30 00:05:19] Processus supprimé pour bruno: beginning-with-l--vote-100-left-0H:4M - success
[2025-05-30 00:05:19] Processus mis à jour pour bruno: beginning-with-l--vote-100-left-0H:4M - success
[2025-05-30 00:05:19] Stratégie chargée depuis gsgui.ini pour bruno/Green Grass: end4
[2025-05-30 00:05:19] Processus beginning-with-l--vote-100-left-0H:4M terminé avec succès (profil: bruno)
[2025-05-30 00:05:21] Challenges fetching ...
[2025-05-30 00:05:21] Challenges fetched successfully for bruno!
[2025-05-30 00:05:31] Challenge non trouvé: green-grass
[2025-05-30 00:05:31] Processus mis à jour pour bruno: green-grass-vote-50-left-0H:2M - executing
[2025-05-30 00:05:31] Objet challenge créé pour le thread de profil bruno: green-grass
[2025-05-30 00:05:31] Traitement de vote pour Challenge green-grass
[2025-05-30 00:05:31] Challenge green-grass get vote panel
[2025-05-30 00:05:31] Processus associé: green-grass-vote-50-left-0H:2M
[2025-05-30 00:05:31] Récupération des données de vote pour Challenge green-grass (URL: green-grass, HEADER:{'User-Agent': 'Mozilla/5.0 (X11; Linux i686; rv:39.0) Gecko/20100101 Firefox/39.0', 'x-api-version': '8', 'x-env': 'WEB', 'X-requested-with': 'XMLHttpRequest', 'X-token': 'a1cad95a6d480c14f51dd0eba4914c8337b893c789ec6278bb440c7c9a673b162f042470c62684e6da2bd342ffea7777'})
[2025-05-30 00:05:31] Challenge non trouvé: green-grass
[2025-05-30 00:05:31] Processus mis à jour pour bruno: green-grass-vote-50-left-0H:1M - executing
[2025-05-30 00:05:31] Objet challenge créé pour le thread de profil bruno: green-grass
[2025-05-30 00:05:31] Traitement de vote pour Challenge green-grass
[2025-05-30 00:05:31] Challenge green-grass get vote panel
[2025-05-30 00:05:31] Processus associé: green-grass-vote-50-left-0H:1M
[2025-05-30 00:05:31] Récupération des données de vote pour Challenge green-grass (URL: green-grass, HEADER:{'User-Agent': 'Mozilla/5.0 (X11; Linux i686; rv:39.0) Gecko/20100101 Firefox/39.0', 'x-api-version': '8', 'x-env': 'WEB', 'X-requested-with': 'XMLHttpRequest', 'X-token': 'a1cad95a6d480c14f51dd0eba4914c8337b893c789ec6278bb440c7c9a673b162f042470c62684e6da2bd342ffea7777'})
[2025-05-30 00:05:31] Challenge non trouvé: beginning-with-l-
[2025-05-30 00:05:31] Processus mis à jour pour bruno: beginning-with-l--vote-50-left-0H:2M - executing
[2025-05-30 00:05:31] Objet challenge créé pour le thread de profil bruno: beginning-with-l-
[2025-05-30 00:05:31] Traitement de vote pour Challenge beginning-with-l-
[2025-05-30 00:05:31] Challenge beginning-with-l- get vote panel
[2025-05-30 00:05:31] Processus associé: beginning-with-l--vote-50-left-0H:2M
[2025-05-30 00:05:31] Récupération des données de vote pour Challenge beginning-with-l- (URL: beginning-with-l-, HEADER:{'User-Agent': 'Mozilla/5.0 (X11; Linux i686; rv:39.0) Gecko/20100101 Firefox/39.0', 'x-api-version': '8', 'x-env': 'WEB', 'X-requested-with': 'XMLHttpRequest', 'X-token': 'a1cad95a6d480c14f51dd0eba4914c8337b893c789ec6278bb440c7c9a673b162f042470c62684e6da2bd342ffea7777'})
[2025-05-30 00:05:31] Challenge non trouvé: snaps-from-behind
[2025-05-30 00:05:31] Processus mis à jour pour bruno: snaps-from-behind-vote-50-left-0H:3M - executing
[2025-05-30 00:05:31] Objet challenge créé pour le thread de profil bruno: snaps-from-behind
[2025-05-30 00:05:31] Traitement de vote pour Challenge snaps-from-behind
[2025-05-30 00:05:31] Challenge snaps-from-behind get vote panel
[2025-05-30 00:05:31] Processus associé: snaps-from-behind-vote-50-left-0H:3M
[2025-05-30 00:05:31] Récupération des données de vote pour Challenge snaps-from-behind (URL: snaps-from-behind, HEADER:{'User-Agent': 'Mozilla/5.0 (X11; Linux i686; rv:39.0) Gecko/20100101 Firefox/39.0', 'x-api-version': '8', 'x-env': 'WEB', 'X-requested-with': 'XMLHttpRequest', 'X-token': 'a1cad95a6d480c14f51dd0eba4914c8337b893c789ec6278bb440c7c9a673b162f042470c62684e6da2bd342ffea7777'})
[2025-05-30 00:05:32] Erreur HTTP 403: <html>
<head><title>403 Forbidden</title></head>
<body>
<center><h1>403 Forbidden</h1></center>
...
[2025-05-30 00:05:32] Voting fetching ...
[2025-05-30 00:05:32] Erreur lors de la récupération des données de vote: {'success': False, 'message': 'HTTP 403: <html>\r\n<head><title>403 Forbidden</title></head>\r\n<body>\r\n<center><h1>403 Forbidden</h1></center>\r\n</body>\r\n</html>\r\n', 'challenge': {'close_time': 0}}
[2025-05-30 00:05:32] Challenge non trouvé: snaps-from-behind
[2025-05-30 00:05:32] Processus mis à jour pour bruno: snaps-from-behind-vote-50-left-0H:2M - executing
[2025-05-30 00:05:32] Objet challenge créé pour le thread de profil bruno: snaps-from-behind
[2025-05-30 00:05:32] Challenge non trouvé: green-grass
[2025-05-30 00:05:32] Traitement de vote pour Challenge snaps-from-behind
[2025-05-30 00:05:32] Processus mis à jour pour bruno: green-grass-vote-100-left-0H:4M - executing
[2025-05-30 00:05:32] Challenge snaps-from-behind get vote panel
[2025-05-30 00:05:32] Objet challenge créé pour le thread de profil bruno: green-grass
[2025-05-30 00:05:32] Traitement de vote pour Challenge green-grass
[2025-05-30 00:05:32] Processus associé: snaps-from-behind-vote-50-left-0H:2M
[2025-05-30 00:05:32] Challenge green-grass get vote panel
[2025-05-30 00:05:32] Processus associé: green-grass-vote-100-left-0H:4M
[2025-05-30 00:05:32] Récupération des données de vote pour Challenge snaps-from-behind (URL: snaps-from-behind, HEADER:{'User-Agent': 'Mozilla/5.0 (X11; Linux i686; rv:39.0) Gecko/20100101 Firefox/39.0', 'x-api-version': '8', 'x-env': 'WEB', 'X-requested-with': 'XMLHttpRequest', 'X-token': 'a1cad95a6d480c14f51dd0eba4914c8337b893c789ec6278bb440c7c9a673b162f042470c62684e6da2bd342ffea7777'})
[2025-05-30 00:05:32] Récupération des données de vote pour Challenge green-grass (URL: green-grass, HEADER:{'User-Agent': 'Mozilla/5.0 (X11; Linux i686; rv:39.0) Gecko/20100101 Firefox/39.0', 'x-api-version': '8', 'x-env': 'WEB', 'X-requested-with': 'XMLHttpRequest', 'X-token': 'a1cad95a6d480c14f51dd0eba4914c8337b893c789ec6278bb440c7c9a673b162f042470c62684e6da2bd342ffea7777'})
[2025-05-30 00:05:32] Challenge non trouvé: snaps-from-behind
[2025-05-30 00:05:32] Challenge non trouvé: beginning-with-l-
[2025-05-30 00:05:32] Erreur HTTP 403: <html>
<head><title>403 Forbidden</title></head>
<body>
<center><h1>403 Forbidden</h1></center>
...
[2025-05-30 00:05:32] Processus mis à jour pour bruno: snaps-from-behind-vote-100-left-0H:4M - executing
[2025-05-30 00:05:32] Voting fetching ...
[2025-05-30 00:05:32] Processus mis à jour pour bruno: beginning-with-l--vote-50-left-0H:1M - executing
[2025-05-30 00:05:32] Objet challenge créé pour le thread de profil bruno: snaps-from-behind
[2025-05-30 00:05:32] Erreur lors de la récupération des données de vote: {'success': False, 'message': 'HTTP 403: <html>\r\n<head><title>403 Forbidden</title></head>\r\n<body>\r\n<center><h1>403 Forbidden</h1></center>\r\n</body>\r\n</html>\r\n', 'challenge': {'close_time': 0}}
[2025-05-30 00:05:32] Objet challenge créé pour le thread de profil bruno: beginning-with-l-
[2025-05-30 00:05:32] Traitement de vote pour Challenge snaps-from-behind
[2025-05-30 00:05:32] Traitement de vote pour Challenge beginning-with-l-
[2025-05-30 00:05:32] Challenge snaps-from-behind get vote panel
[2025-05-30 00:05:32] Processus associé: snaps-from-behind-vote-100-left-0H:4M
[2025-05-30 00:05:32] Challenge beginning-with-l- get vote panel
[2025-05-30 00:05:32] Processus associé: beginning-with-l--vote-50-left-0H:1M
[2025-05-30 00:05:32] Récupération des données de vote pour Challenge snaps-from-behind (URL: snaps-from-behind, HEADER:{'User-Agent': 'Mozilla/5.0 (X11; Linux i686; rv:39.0) Gecko/20100101 Firefox/39.0', 'x-api-version': '8', 'x-env': 'WEB', 'X-requested-with': 'XMLHttpRequest', 'X-token': 'a1cad95a6d480c14f51dd0eba4914c8337b893c789ec6278bb440c7c9a673b162f042470c62684e6da2bd342ffea7777'})
[2025-05-30 00:05:32] Récupération des données de vote pour Challenge beginning-with-l- (URL: beginning-with-l-, HEADER:{'User-Agent': 'Mozilla/5.0 (X11; Linux i686; rv:39.0) Gecko/20100101 Firefox/39.0', 'x-api-version': '8', 'x-env': 'WEB', 'X-requested-with': 'XMLHttpRequest', 'X-token': 'a1cad95a6d480c14f51dd0eba4914c8337b893c789ec6278bb440c7c9a673b162f042470c62684e6da2bd342ffea7777'})
[2025-05-30 00:05:32] Erreur HTTP 403: <html>
<head><title>403 Forbidden</title></head>
<body>
<center><h1>403 Forbidden</h1></center>
...
[2025-05-30 00:05:32] Voting fetching ...
[2025-05-30 00:05:32] Erreur lors de la récupération des données de vote: {'success': False, 'message': 'HTTP 403: <html>\r\n<head><title>403 Forbidden</title></head>\r\n<body>\r\n<center><h1>403 Forbidden</h1></center>\r\n</body>\r\n</html>\r\n', 'challenge': {'close_time': 0}}
[2025-05-30 00:05:32] Challenge non trouvé: beginning-with-l-
[2025-05-30 00:05:32] Processus mis à jour pour bruno: beginning-with-l--vote-50-left-0H:3M - executing
[2025-05-30 00:05:32] Erreur HTTP 403: <html>
<head><title>403 Forbidden</title></head>
<body>
<center><h1>403 Forbidden</h1></center>
...
[2025-05-30 00:05:32] Objet challenge créé pour le thread de profil bruno: beginning-with-l-
[2025-05-30 00:05:32] Voting fetching ...
[2025-05-30 00:05:32] Traitement de vote pour Challenge beginning-with-l-
[2025-05-30 00:05:32] Erreur lors de la récupération des données de vote: {'success': False, 'message': 'HTTP 403: <html>\r\n<head><title>403 Forbidden</title></head>\r\n<body>\r\n<center><h1>403 Forbidden</h1></center>\r\n</body>\r\n</html>\r\n', 'challenge': {'close_time': 0}}
[2025-05-30 00:05:32] Challenge beginning-with-l- get vote panel
[2025-05-30 00:05:32] Processus associé: beginning-with-l--vote-50-left-0H:3M
[2025-05-30 00:05:32] Récupération des données de vote pour Challenge beginning-with-l- (URL: beginning-with-l-, HEADER:{'User-Agent': 'Mozilla/5.0 (X11; Linux i686; rv:39.0) Gecko/20100101 Firefox/39.0', 'x-api-version': '8', 'x-env': 'WEB', 'X-requested-with': 'XMLHttpRequest', 'X-token': 'a1cad95a6d480c14f51dd0eba4914c8337b893c789ec6278bb440c7c9a673b162f042470c62684e6da2bd342ffea7777'})
[2025-05-30 00:05:32] Challenge non trouvé: snaps-from-behind
[2025-05-30 00:05:32] Processus mis à jour pour bruno: snaps-from-behind-vote-50-left-0H:1M - executing
[2025-05-30 00:05:32] Objet challenge créé pour le thread de profil bruno: snaps-from-behind
[2025-05-30 00:05:32] Traitement de vote pour Challenge snaps-from-behind
[2025-05-30 00:05:32] Challenge snaps-from-behind get vote panel
[2025-05-30 00:05:32] Processus associé: snaps-from-behind-vote-50-left-0H:1M
[2025-05-30 00:05:32] Récupération des données de vote pour Challenge snaps-from-behind (URL: snaps-from-behind, HEADER:{'User-Agent': 'Mozilla/5.0 (X11; Linux i686; rv:39.0) Gecko/20100101 Firefox/39.0', 'x-api-version': '8', 'x-env': 'WEB', 'X-requested-with': 'XMLHttpRequest', 'X-token': 'a1cad95a6d480c14f51dd0eba4914c8337b893c789ec6278bb440c7c9a673b162f042470c62684e6da2bd342ffea7777'})
[2025-05-30 00:05:32] Challenge non trouvé: green-grass
[2025-05-30 00:05:32] Processus mis à jour pour bruno: green-grass-vote-50-left-0H:3M - executing
[2025-05-30 00:05:32] Objet challenge créé pour le thread de profil bruno: green-grass
[2025-05-30 00:05:32] Traitement de vote pour Challenge green-grass
[2025-05-30 00:05:32] Challenge green-grass get vote panel
[2025-05-30 00:05:32] Processus associé: green-grass-vote-50-left-0H:3M
[2025-05-30 00:05:32] Récupération des données de vote pour Challenge green-grass (URL: green-grass, HEADER:{'User-Agent': 'Mozilla/5.0 (X11; Linux i686; rv:39.0) Gecko/20100101 Firefox/39.0', 'x-api-version': '8', 'x-env': 'WEB', 'X-requested-with': 'XMLHttpRequest', 'X-token': 'a1cad95a6d480c14f51dd0eba4914c8337b893c789ec6278bb440c7c9a673b162f042470c62684e6da2bd342ffea7777'})
[2025-05-30 00:05:32] Erreur HTTP 403: <html>
<head><title>403 Forbidden</title></head>
<body>
<center><h1>403 Forbidden</h1></center>
...
[2025-05-30 00:05:32] Voting fetching ...
[2025-05-30 00:05:32] Erreur lors de la récupération des données de vote: {'success': False, 'message': 'HTTP 403: <html>\r\n<head><title>403 Forbidden</title></head>\r\n<body>\r\n<center><h1>403 Forbidden</h1></center>\r\n</body>\r\n</html>\r\n', 'challenge': {'close_time': 0}}
[2025-05-30 00:05:32] Erreur HTTP 403: <html>
<head><title>403 Forbidden</title></head>
<body>
<center><h1>403 Forbidden</h1></center>
...
[2025-05-30 00:05:32] Voting fetching ...
[2025-05-30 00:05:32] Erreur lors de la récupération des données de vote: {'success': False, 'message': 'HTTP 403: <html>\r\n<head><title>403 Forbidden</title></head>\r\n<body>\r\n<center><h1>403 Forbidden</h1></center>\r\n</body>\r\n</html>\r\n', 'challenge': {'close_time': 0}}
[2025-05-30 00:05:32] Erreur HTTP 403: <html>
<head><title>403 Forbidden</title></head>
<body>
<center><h1>403 Forbidden</h1></center>
...
[2025-05-30 00:05:32] Voting fetching ...
[2025-05-30 00:05:32] Erreur lors de la récupération des données de vote: {'success': False, 'message': 'HTTP 403: <html>\r\n<head><title>403 Forbidden</title></head>\r\n<body>\r\n<center><h1>403 Forbidden</h1></center>\r\n</body>\r\n</html>\r\n', 'challenge': {'close_time': 0}}
[2025-05-30 00:05:32] Erreur HTTP 403: <html>
<head><title>403 Forbidden</title></head>
<body>
<center><h1>403 Forbidden</h1></center>
...
[2025-05-30 00:05:32] Voting fetching ...
[2025-05-30 00:05:32] Erreur lors de la récupération des données de vote: {'success': False, 'message': 'HTTP 403: <html>\r\n<head><title>403 Forbidden</title></head>\r\n<body>\r\n<center><h1>403 Forbidden</h1></center>\r\n</body>\r\n</html>\r\n', 'challenge': {'close_time': 0}}
[2025-05-30 00:05:32] Erreur HTTP 403: <html>
<head><title>403 Forbidden</title></head>
<body>
<center><h1>403 Forbidden</h1></center>
...
[2025-05-30 00:05:32] Voting fetching ...
[2025-05-30 00:05:32] Erreur lors de la récupération des données de vote: {'success': False, 'message': 'HTTP 403: <html>\r\n<head><title>403 Forbidden</title></head>\r\n<body>\r\n<center><h1>403 Forbidden</h1></center>\r\n</body>\r\n</html>\r\n', 'challenge': {'close_time': 0}}
[2025-05-30 00:05:32] Erreur HTTP 403: <html>
<head><title>403 Forbidden</title></head>
<body>
<center><h1>403 Forbidden</h1></center>
...
[2025-05-30 00:05:32] Voting fetching ...
[2025-05-30 00:05:32] Erreur lors de la récupération des données de vote: {'success': False, 'message': 'HTTP 403: <html>\r\n<head><title>403 Forbidden</title></head>\r\n<body>\r\n<center><h1>403 Forbidden</h1></center>\r\n</body>\r\n</html>\r\n', 'challenge': {'close_time': 0}}
[2025-05-30 00:05:33] Erreur HTTP 403: <html>
<head><title>403 Forbidden</title></head>
<body>
<center><h1>403 Forbidden</h1></center>
...
[2025-05-30 00:05:33] Voting fetching ...
[2025-05-30 00:05:33] Erreur lors de la récupération des données de vote: {'success': False, 'message': 'HTTP 403: <html>\r\n<head><title>403 Forbidden</title></head>\r\n<body>\r\n<center><h1>403 Forbidden</h1></center>\r\n</body>\r\n</html>\r\n', 'challenge': {'close_time': 0}}
[2025-05-30 00:06:12] Processus suspect (format de date invalide): snaps-from-behind-vote-100-left-0H:4M (profil: bruno)
[2025-05-30 00:06:12] Processus supprimé pour bruno: snaps-from-behind-vote-100-left-0H:4M - zombie
[2025-05-30 00:06:12] Processus mis à jour pour bruno: snaps-from-behind-vote-100-left-0H:4M - zombie
[2025-05-30 00:06:12] Processus suspect (format de date invalide): snaps-from-behind-vote-50-left-0H:3M (profil: bruno)
[2025-05-30 00:06:12] Processus supprimé pour bruno: snaps-from-behind-vote-50-left-0H:3M - zombie
[2025-05-30 00:06:12] Processus mis à jour pour bruno: snaps-from-behind-vote-50-left-0H:3M - zombie
[2025-05-30 00:06:13] Processus suspect (format de date invalide): snaps-from-behind-vote-50-left-0H:1M (profil: bruno)
[2025-05-30 00:06:13] Processus supprimé pour bruno: snaps-from-behind-vote-50-left-0H:1M - zombie
[2025-05-30 00:06:13] Processus mis à jour pour bruno: snaps-from-behind-vote-50-left-0H:1M - zombie
[2025-05-30 00:06:13] Processus suspect (format de date invalide): snaps-from-behind-vote-50-left-0H:2M (profil: bruno)
[2025-05-30 00:06:13] Processus supprimé pour bruno: snaps-from-behind-vote-50-left-0H:2M - zombie
[2025-05-30 00:06:13] Processus mis à jour pour bruno: snaps-from-behind-vote-50-left-0H:2M - zombie
[2025-05-30 00:06:13] Processus suspect (format de date invalide): beginning-with-l--vote-50-left-0H:3M (profil: bruno)
[2025-05-30 00:06:13] Processus supprimé pour bruno: beginning-with-l--vote-50-left-0H:3M - zombie
[2025-05-30 00:06:13] Processus mis à jour pour bruno: beginning-with-l--vote-50-left-0H:3M - zombie
[2025-05-30 00:06:13] Processus suspect (format de date invalide): beginning-with-l--vote-50-left-0H:2M (profil: bruno)
[2025-05-30 00:06:13] Processus supprimé pour bruno: beginning-with-l--vote-50-left-0H:2M - zombie
[2025-05-30 00:06:13] Processus mis à jour pour bruno: beginning-with-l--vote-50-left-0H:2M - zombie
[2025-05-30 00:06:13] Processus suspect (format de date invalide): beginning-with-l--vote-50-left-0H:1M (profil: bruno)
[2025-05-30 00:06:13] Processus supprimé pour bruno: beginning-with-l--vote-50-left-0H:1M - zombie
[2025-05-30 00:06:13] Processus mis à jour pour bruno: beginning-with-l--vote-50-left-0H:1M - zombie
[2025-05-30 00:06:13] Processus suspect (format de date invalide): green-grass-vote-100-left-0H:4M (profil: bruno)
[2025-05-30 00:06:13] Processus supprimé pour bruno: green-grass-vote-100-left-0H:4M - zombie
[2025-05-30 00:06:13] Processus mis à jour pour bruno: green-grass-vote-100-left-0H:4M - zombie
[2025-05-30 00:06:13] Processus suspect (format de date invalide): green-grass-vote-50-left-0H:3M (profil: bruno)
[2025-05-30 00:06:13] Processus supprimé pour bruno: green-grass-vote-50-left-0H:3M - zombie
[2025-05-30 00:06:13] Processus mis à jour pour bruno: green-grass-vote-50-left-0H:3M - zombie
[2025-05-30 00:06:13] Processus suspect (format de date invalide): green-grass-vote-50-left-0H:2M (profil: bruno)
[2025-05-30 00:06:13] Processus supprimé pour bruno: green-grass-vote-50-left-0H:2M - zombie
[2025-05-30 00:06:13] Processus mis à jour pour bruno: green-grass-vote-50-left-0H:2M - zombie
[2025-05-30 00:06:13] Processus suspect (format de date invalide): green-grass-vote-50-left-0H:1M (profil: bruno)
[2025-05-30 00:06:13] Processus supprimé pour bruno: green-grass-vote-50-left-0H:1M - zombie
[2025-05-30 00:06:13] Processus mis à jour pour bruno: green-grass-vote-50-left-0H:1M - zombie
[2025-05-30 00:23:29] Refreshing challenges...
[2025-05-30 00:23:29] Fetching challenges...
[2025-05-30 00:23:30] Challenges fetching ...
[2025-05-30 00:23:30] Stratégie chargée depuis gsgui.ini pour bruno/Green Grass: end4
[2025-05-30 00:23:30] Lancement automatique des stratégies de fin pour 2 nouveaux challenges...
[2025-05-30 00:23:30] Nouveau challenge détecté pour bruno: Green Grass
[2025-05-30 00:23:30] Nouveau challenge détecté pour bruno: Snaps From Behind
[2025-05-30 00:23:30] Challenges fetched successfully for bruno!
[2025-05-30 00:23:30] Stratégie chargée depuis gsgui.ini pour bruno/Green Grass: end4
[2025-05-30 00:23:33] Refreshing challenges...
[2025-05-30 00:23:33] Fetching challenges...
[2025-05-30 00:23:34] Challenges fetching ...
[2025-05-30 00:23:34] Stratégie chargée depuis gsgui.ini pour bruno/Green Grass: end4
[2025-05-30 00:23:34] Challenges fetched successfully for bruno!
[2025-05-30 00:23:34] Stratégie chargée depuis gsgui.ini pour bruno/Green Grass: end4
[2025-05-30 00:23:34] Refreshing challenges...
[2025-05-30 00:23:34] Fetching challenges...
[2025-05-30 00:23:35] Challenges fetching ...
[2025-05-30 00:23:35] Stratégie chargée depuis gsgui.ini pour bruno/Green Grass: end4
[2025-05-30 00:23:35] Challenges fetched successfully for bruno!
[2025-05-30 00:23:35] Stratégie chargée depuis gsgui.ini pour bruno/Green Grass: end4
[2025-05-30 00:23:37] Refreshing challenges...
[2025-05-30 00:23:37] Fetching challenges...
[2025-05-30 00:23:38] Challenges fetching ...
[2025-05-30 00:23:38] Stratégie chargée depuis gsgui.ini pour bruno/Green Grass: end4
[2025-05-30 00:23:38] Challenges fetched successfully for bruno!
[2025-05-30 00:23:38] Stratégie chargée depuis gsgui.ini pour bruno/Green Grass: end4
[2025-05-30 09:10:28] Lancement de la stratégie end4 pour Green Grass
[2025-05-30 09:10:28] Nouveau processus ajouté pour bruno: green-grass-vote-100-left-0H:4M - Statut: init
[2025-05-30 09:10:28] Traitement du challenge pour bruno: green-grass
[2025-05-30 09:10:28] Nouveau processus ajouté pour bruno: green-grass-vote-50-left-0H:3M - Statut: init
[2025-05-30 09:10:28] Traitement du challenge pour bruno: green-grass
[2025-05-30 09:10:28] Nouveau processus ajouté pour bruno: green-grass-vote-50-left-0H:2M - Statut: init
[2025-05-30 09:10:28] Traitement du challenge pour bruno: green-grass
[2025-05-30 09:10:28] Stratégie chargée depuis gsgui.ini pour bruno/Green Grass: end4
[2025-05-30 09:10:28] Processus mis à jour pour bruno: green-grass-vote-100-left-0H:4M - waiting
[2025-05-30 09:10:28] Nouveau processus ajouté pour bruno: green-grass-vote-50-left-0H:1M - Statut: init
[2025-05-30 09:10:28] Traitement du challenge pour bruno: green-grass
[2025-05-30 09:10:28] Processus mis à jour pour bruno: green-grass-vote-50-left-0H:3M - waiting
[2025-05-30 09:10:28] Processus mis à jour pour bruno: green-grass-vote-50-left-0H:2M - waiting
[2025-05-30 09:10:28] Processus mis à jour pour bruno: green-grass-vote-50-left-0H:1M - waiting
[2025-05-30 09:10:28] Application des stratégies pour les challenges sélectionnés:
- Green Grass avec stratégie end4

[2025-05-30 09:10:44] Processus mis à jour pour bruno: green-grass-vote-100-left-0H:4M - executing
[2025-05-30 09:10:44] Traitement de vote pour Green Grass
[2025-05-30 09:10:44] Green Grass get vote panel
[2025-05-30 09:10:44] Processus associé: green-grass-vote-100-left-0H:4M
[2025-05-30 09:10:44] Récupération des données de vote pour Green Grass (URL: green-grass, HEADER:{'User-Agent': 'Mozilla/5.0 (X11; Linux i686; rv:39.0) Gecko/20100101 Firefox/39.0', 'x-api-version': '8', 'x-env': 'WEB', 'X-requested-with': 'XMLHttpRequest', 'X-token': 'a1cad95a6d480c14f51dd0eba4914c8337b893c789ec6278bb440c7c9a673b162f042470c62684e6da2bd342ffea7777'})
[2025-05-30 09:10:44] Processus mis à jour pour bruno: green-grass-vote-50-left-0H:1M - executing
[2025-05-30 09:10:44] Traitement de vote pour Green Grass
[2025-05-30 09:10:44] Processus mis à jour pour bruno: green-grass-vote-50-left-0H:3M - executing
[2025-05-30 09:10:44] Processus mis à jour pour bruno: green-grass-vote-50-left-0H:2M - executing
[2025-05-30 09:10:44] Green Grass get vote panel
[2025-05-30 09:10:44] Traitement de vote pour Green Grass
[2025-05-30 09:10:44] Traitement de vote pour Green Grass
[2025-05-30 09:10:44] Processus associé: green-grass-vote-50-left-0H:1M
[2025-05-30 09:10:44] Récupération des données de vote pour Green Grass (URL: green-grass, HEADER:{'User-Agent': 'Mozilla/5.0 (X11; Linux i686; rv:39.0) Gecko/20100101 Firefox/39.0', 'x-api-version': '8', 'x-env': 'WEB', 'X-requested-with': 'XMLHttpRequest', 'X-token': 'a1cad95a6d480c14f51dd0eba4914c8337b893c789ec6278bb440c7c9a673b162f042470c62684e6da2bd342ffea7777'})
[2025-05-30 09:10:44] Green Grass get vote panel
[2025-05-30 09:10:44] Processus associé: green-grass-vote-50-left-0H:3M
[2025-05-30 09:10:44] Green Grass get vote panel
[2025-05-30 09:10:44] Processus associé: green-grass-vote-50-left-0H:2M
[2025-05-30 09:10:44] Récupération des données de vote pour Green Grass (URL: green-grass, HEADER:{'User-Agent': 'Mozilla/5.0 (X11; Linux i686; rv:39.0) Gecko/20100101 Firefox/39.0', 'x-api-version': '8', 'x-env': 'WEB', 'X-requested-with': 'XMLHttpRequest', 'X-token': 'a1cad95a6d480c14f51dd0eba4914c8337b893c789ec6278bb440c7c9a673b162f042470c62684e6da2bd342ffea7777'})
[2025-05-30 09:10:44] Récupération des données de vote pour Green Grass (URL: green-grass, HEADER:{'User-Agent': 'Mozilla/5.0 (X11; Linux i686; rv:39.0) Gecko/20100101 Firefox/39.0', 'x-api-version': '8', 'x-env': 'WEB', 'X-requested-with': 'XMLHttpRequest', 'X-token': 'a1cad95a6d480c14f51dd0eba4914c8337b893c789ec6278bb440c7c9a673b162f042470c62684e6da2bd342ffea7777'})
[2025-05-30 09:10:44] Pas d'images disponibles pour Green Grass, {'success': False, 'error_code': 2027, 'message': 'Challenge is closed for voting'}
[2025-05-30 09:10:44] Voting fetching ...
[2025-05-30 09:10:44] Erreur lors de la récupération des données de vote: {'success': False, 'message': 'No images available', 'challenge': {'close_time': 0}}
[2025-05-30 09:10:44] Pas d'images disponibles pour Green Grass, {'success': False, 'error_code': 2027, 'message': 'Challenge is closed for voting'}
[2025-05-30 09:10:44] Voting fetching ...
[2025-05-30 09:10:44] Erreur lors de la récupération des données de vote: {'success': False, 'message': 'No images available', 'challenge': {'close_time': 0}}
[2025-05-30 09:10:44] Pas d'images disponibles pour Green Grass, {'success': False, 'error_code': 2027, 'message': 'Challenge is closed for voting'}
[2025-05-30 09:10:44] Voting fetching ...
[2025-05-30 09:10:44] Erreur lors de la récupération des données de vote: {'success': False, 'message': 'No images available', 'challenge': {'close_time': 0}}
[2025-05-30 09:10:44] Pas d'images disponibles pour Green Grass, {'success': False, 'error_code': 2027, 'message': 'Challenge is closed for voting'}
[2025-05-30 09:10:44] Voting fetching ...
[2025-05-30 09:10:44] Erreur lors de la récupération des données de vote: {'success': False, 'message': 'No images available', 'challenge': {'close_time': 0}}
[2025-05-30 09:11:13] Processus suspect (format de date invalide): green-grass-vote-100-left-0H:4M (profil: bruno)
[2025-05-30 09:11:13] Processus supprimé pour bruno: green-grass-vote-100-left-0H:4M - zombie
[2025-05-30 09:11:13] Processus mis à jour pour bruno: green-grass-vote-100-left-0H:4M - zombie
[2025-05-30 09:11:13] Stratégie chargée depuis gsgui.ini pour bruno/Green Grass: end4
[2025-05-30 09:11:13] Processus suspect (format de date invalide): green-grass-vote-50-left-0H:3M (profil: bruno)
[2025-05-30 09:11:13] Processus supprimé pour bruno: green-grass-vote-50-left-0H:3M - zombie
[2025-05-30 09:11:13] Processus mis à jour pour bruno: green-grass-vote-50-left-0H:3M - zombie
[2025-05-30 09:11:13] Stratégie chargée depuis gsgui.ini pour bruno/Green Grass: end4
[2025-05-30 09:11:13] Processus suspect (format de date invalide): green-grass-vote-50-left-0H:1M (profil: bruno)
[2025-05-30 09:11:13] Processus supprimé pour bruno: green-grass-vote-50-left-0H:1M - zombie
[2025-05-30 09:11:13] Processus mis à jour pour bruno: green-grass-vote-50-left-0H:1M - zombie
[2025-05-30 09:11:13] Stratégie chargée depuis gsgui.ini pour bruno/Green Grass: end4
[2025-05-30 09:16:13] Processus bloqué détecté pour bruno/Green Grass: green-grass-vote-50-left-0H:2M
[2025-05-30 09:16:13] Processus supprimé pour bruno: green-grass-vote-50-left-0H:2M - timeout
[2025-05-30 09:16:13] Processus mis à jour pour bruno: green-grass-vote-50-left-0H:2M - timeout
[2025-05-30 09:16:13] Stratégie chargée depuis gsgui.ini pour bruno/Green Grass: end4
[2025-05-30 09:16:13] Processus green-grass-vote-50-left-0H:2M nettoyé après timeout (profil: bruno)
[2025-05-30 09:16:36] Refreshing challenges...
[2025-05-30 09:16:36] Fetching challenges...
[2025-05-30 09:16:37] Challenges fetching ...
[2025-05-30 09:16:37] Lancement automatique des stratégies de fin pour 3 nouveaux challenges...
[2025-05-30 09:16:37] Nouveau challenge détecté pour bruno: Several Subjects
[2025-05-30 09:16:37] Nouveau challenge détecté pour bruno: Have A Drink
[2025-05-30 09:16:37] Nouveau challenge détecté pour bruno: What Is Patriotism?
[2025-05-30 09:16:37] Challenges fetched successfully for bruno!
[2025-05-30 09:17:13] Have A Drink get vote panel
[2025-05-30 09:17:13] What Is Patriotism? get vote panel
[2025-05-30 09:17:13] Snaps From Behind get vote panel
[2025-05-30 09:17:13] Several Subjects get vote panel
[2025-05-30 09:17:13] Filling challenges: {100617, 100620, 100588, 100572, 100639}
Filled Have A Drink with strategy end4
Filled What Is Patriotism? with strategy end4
Filled Snaps From Behind with strategy end4
Filled Several Subjects with strategy end4

[2025-05-30 09:17:13] Récupération des données de vote pour Have A Drink (URL: have-a-drink, HEADER:{'User-Agent': 'Mozilla/5.0 (X11; Linux i686; rv:39.0) Gecko/20100101 Firefox/39.0', 'x-api-version': '8', 'x-env': 'WEB', 'X-requested-with': 'XMLHttpRequest', 'X-token': 'a1cad95a6d480c14f51dd0eba4914c8337b893c789ec6278bb440c7c9a673b162f042470c62684e6da2bd342ffea7777'})
[2025-05-30 09:17:13] Récupération des données de vote pour What Is Patriotism? (URL: what-is-patriotism-1, HEADER:{'User-Agent': 'Mozilla/5.0 (X11; Linux i686; rv:39.0) Gecko/20100101 Firefox/39.0', 'x-api-version': '8', 'x-env': 'WEB', 'X-requested-with': 'XMLHttpRequest', 'X-token': 'a1cad95a6d480c14f51dd0eba4914c8337b893c789ec6278bb440c7c9a673b162f042470c62684e6da2bd342ffea7777'})
[2025-05-30 09:17:13] Récupération des données de vote pour Snaps From Behind (URL: snaps-from-behind, HEADER:{'User-Agent': 'Mozilla/5.0 (X11; Linux i686; rv:39.0) Gecko/20100101 Firefox/39.0', 'x-api-version': '8', 'x-env': 'WEB', 'X-requested-with': 'XMLHttpRequest', 'X-token': 'a1cad95a6d480c14f51dd0eba4914c8337b893c789ec6278bb440c7c9a673b162f042470c62684e6da2bd342ffea7777'})
[2025-05-30 09:17:13] Récupération des données de vote pour Several Subjects (URL: several-subjects1, HEADER:{'User-Agent': 'Mozilla/5.0 (X11; Linux i686; rv:39.0) Gecko/20100101 Firefox/39.0', 'x-api-version': '8', 'x-env': 'WEB', 'X-requested-with': 'XMLHttpRequest', 'X-token': 'a1cad95a6d480c14f51dd0eba4914c8337b893c789ec6278bb440c7c9a673b162f042470c62684e6da2bd342ffea7777'})
[2025-05-30 09:17:13] Pas d'images disponibles pour Several Subjects, {'member': {'id': '0ccd720cab0da1c771a7a2086453d7dc', 'voting_power': 11, 'adult': True, 'member_group_id': 1003}, 'challenge': {'member_id': '8a3fa1e2887f40f9a0e5c2267e42abc8', 'vote_minutes_delay': 120, 'enable_off_topic': True, 'players': 139, 'voting_max_photos_mobile': 100, 'close_time': 1748675400, 'type': 'default', 'title': 'Several Subjects', 'banners': [], 'url': 'several-subjects1', 'voting_max_photos_web': 200, 'start_time': 1748589000, 'entries': 295, 'vote_minimum_players': 200, 'sponsors': [], 'id': 100572, 'status': 'active', 'time_to_vote': 6767, 'time_left': {'days': 0, 'hours': 23, 'minutes': 52, 'seconds': 47}}, 'voting': {'is_voting_open': False, 'mode': 'member_joined', 'vote_limit': 150, 'images_limit': 200, 'event_type': 'VOTE', 'exposure': {'exposure_factor': 0, 'vote_exposure_factor': 0, 'vote_ratio': 2.22}}, 'images': [], 'success': True}
[2025-05-30 09:17:13] Voting fetching ...
[2025-05-30 09:17:13] Erreur lors de la récupération des données de vote: {'success': False, 'message': 'No images available', 'challenge': {'close_time': 0}}
[2025-05-30 09:17:13] Récupération réussie: 200 images pour What Is Patriotism?
[2025-05-30 09:17:13] Voting fetching ...
[2025-05-30 09:17:13] What Is Patriotism? voting 100 images
[2025-05-30 09:17:13] Récupération réussie: 200 images pour Have A Drink
[2025-05-30 09:17:13] Voting fetching ...
[2025-05-30 09:17:13] Have A Drink voting 100 images
[2025-05-30 09:17:14] Récupération réussie: 200 images pour Snaps From Behind
[2025-05-30 09:17:14] Voting fetching ...
[2025-05-30 09:17:14] Snaps From Behind voting 100 images
[2025-05-30 09:17:14] What Is Patriotism? voted successfully
[2025-05-30 09:17:16] Have A Drink voted successfully
[2025-05-30 09:17:18] Snaps From Behind voted successfully
[2025-05-30 09:17:21] Challenges fetching ...
[2025-05-30 09:17:21] Challenges fetched successfully for bruno!
[2025-05-30 09:17:21] Challenges fetching ...
[2025-05-30 09:17:21] Challenges fetched successfully for bruno!
[2025-05-30 09:17:21] Challenges fetching ...
[2025-05-30 09:17:21] Challenges fetched successfully for bruno!
[2025-05-30 12:33:07] Désélection de tous les challenges

[2025-05-30 12:33:08] Refreshing challenges...
[2025-05-30 12:33:08] Fetching challenges...
[2025-05-30 12:33:09] Challenges fetching ...
[2025-05-30 12:33:09] Lancement automatique des stratégies de fin pour 4 nouveaux challenges...
[2025-05-30 12:33:09] Nouveau challenge détecté pour bruno: Exits & Entrances
[2025-05-30 12:33:09] Nouveau challenge détecté pour bruno: Love And Romance
[2025-05-30 12:33:09] Nouveau challenge détecté pour bruno: Photo of the Week!
[2025-05-30 12:33:09] Nouveau challenge détecté pour bruno: Traveling Portraits
[2025-05-30 12:33:09] Challenges fetched successfully for bruno!
[2025-05-30 12:33:48] Love And Romance get vote panel
[2025-05-30 12:33:48] Have A Drink get vote panel
[2025-05-30 12:33:48] What Is Patriotism? get vote panel
[2025-05-30 12:33:48] Photo of the Week! get vote panel
[2025-05-30 12:33:48] Exits & Entrances get vote panel
[2025-05-30 12:33:48] Traveling Portraits get vote panel
[2025-05-30 12:33:48] Several Subjects get vote panel
[2025-05-30 12:33:48] Filling challenges: {100581, 100617, 100620, 101235, 100568, 100635, 100572}
Filled Love And Romance with strategy end4
Filled Have A Drink with strategy end4
Filled What Is Patriotism? with strategy end4
Filled Photo of the Week! with strategy end4
Filled Exits & Entrances with strategy end4
Filled Traveling Portraits with strategy end4
Filled Several Subjects with strategy end4

[2025-05-30 12:33:48] Récupération des données de vote pour Love And Romance (URL: love-and-romance1, HEADER:{'User-Agent': 'Mozilla/5.0 (X11; Linux i686; rv:39.0) Gecko/20100101 Firefox/39.0', 'x-api-version': '8', 'x-env': 'WEB', 'X-requested-with': 'XMLHttpRequest', 'X-token': 'a1cad95a6d480c14f51dd0eba4914c8337b893c789ec6278bb440c7c9a673b162f042470c62684e6da2bd342ffea7777'})
[2025-05-30 12:33:48] Récupération des données de vote pour Have A Drink (URL: have-a-drink, HEADER:{'User-Agent': 'Mozilla/5.0 (X11; Linux i686; rv:39.0) Gecko/20100101 Firefox/39.0', 'x-api-version': '8', 'x-env': 'WEB', 'X-requested-with': 'XMLHttpRequest', 'X-token': 'a1cad95a6d480c14f51dd0eba4914c8337b893c789ec6278bb440c7c9a673b162f042470c62684e6da2bd342ffea7777'})
[2025-05-30 12:33:48] Récupération des données de vote pour What Is Patriotism? (URL: what-is-patriotism-1, HEADER:{'User-Agent': 'Mozilla/5.0 (X11; Linux i686; rv:39.0) Gecko/20100101 Firefox/39.0', 'x-api-version': '8', 'x-env': 'WEB', 'X-requested-with': 'XMLHttpRequest', 'X-token': 'a1cad95a6d480c14f51dd0eba4914c8337b893c789ec6278bb440c7c9a673b162f042470c62684e6da2bd342ffea7777'})
[2025-05-30 12:33:48] Récupération des données de vote pour Photo of the Week! (URL: photo-of-the-week-298, HEADER:{'User-Agent': 'Mozilla/5.0 (X11; Linux i686; rv:39.0) Gecko/20100101 Firefox/39.0', 'x-api-version': '8', 'x-env': 'WEB', 'X-requested-with': 'XMLHttpRequest', 'X-token': 'a1cad95a6d480c14f51dd0eba4914c8337b893c789ec6278bb440c7c9a673b162f042470c62684e6da2bd342ffea7777'})
[2025-05-30 12:33:48] Récupération des données de vote pour Exits & Entrances (URL: exits-entrances1, HEADER:{'User-Agent': 'Mozilla/5.0 (X11; Linux i686; rv:39.0) Gecko/20100101 Firefox/39.0', 'x-api-version': '8', 'x-env': 'WEB', 'X-requested-with': 'XMLHttpRequest', 'X-token': 'a1cad95a6d480c14f51dd0eba4914c8337b893c789ec6278bb440c7c9a673b162f042470c62684e6da2bd342ffea7777'})
[2025-05-30 12:33:48] Récupération des données de vote pour Traveling Portraits (URL: traveling-portraits1, HEADER:{'User-Agent': 'Mozilla/5.0 (X11; Linux i686; rv:39.0) Gecko/20100101 Firefox/39.0', 'x-api-version': '8', 'x-env': 'WEB', 'X-requested-with': 'XMLHttpRequest', 'X-token': 'a1cad95a6d480c14f51dd0eba4914c8337b893c789ec6278bb440c7c9a673b162f042470c62684e6da2bd342ffea7777'})
[2025-05-30 12:33:48] Récupération des données de vote pour Several Subjects (URL: several-subjects1, HEADER:{'User-Agent': 'Mozilla/5.0 (X11; Linux i686; rv:39.0) Gecko/20100101 Firefox/39.0', 'x-api-version': '8', 'x-env': 'WEB', 'X-requested-with': 'XMLHttpRequest', 'X-token': 'a1cad95a6d480c14f51dd0eba4914c8337b893c789ec6278bb440c7c9a673b162f042470c62684e6da2bd342ffea7777'})
[2025-05-30 12:33:48] Récupération réussie: 200 images pour What Is Patriotism?
[2025-05-30 12:33:48] Voting fetching ...
[2025-05-30 12:33:48] What Is Patriotism? voting 100 images
[2025-05-30 12:33:48] Récupération réussie: 200 images pour Love And Romance
[2025-05-30 12:33:48] Voting fetching ...
[2025-05-30 12:33:48] Love And Romance voting 100 images
[2025-05-30 12:33:48] Récupération réussie: 200 images pour Photo of the Week!
[2025-05-30 12:33:48] Voting fetching ...
[2025-05-30 12:33:48] Photo of the Week! voting 100 images
[2025-05-30 12:33:48] Récupération réussie: 200 images pour Several Subjects
[2025-05-30 12:33:48] Voting fetching ...
[2025-05-30 12:33:48] Several Subjects voting 100 images
[2025-05-30 12:33:48] Récupération réussie: 200 images pour Traveling Portraits
[2025-05-30 12:33:48] Voting fetching ...
[2025-05-30 12:33:48] Traveling Portraits voting 100 images
[2025-05-30 12:33:49] Récupération réussie: 200 images pour Have A Drink
[2025-05-30 12:33:49] Voting fetching ...
[2025-05-30 12:33:49] Have A Drink voting 100 images
[2025-05-30 12:33:49] Récupération réussie: 200 images pour Exits & Entrances
[2025-05-30 12:33:49] Voting fetching ...
[2025-05-30 12:33:49] Exits & Entrances voting 100 images
[2025-05-30 12:33:49] Photo of the Week! voted successfully
[2025-05-30 12:33:51] What Is Patriotism? voted successfully
[2025-05-30 12:33:53] Love And Romance voted successfully
[2025-05-30 12:33:55] Exits & Entrances voted successfully
[2025-05-30 12:33:57] Traveling Portraits voted successfully
[2025-05-30 12:33:59] Have A Drink voted successfully
[2025-05-30 12:34:01] Several Subjects voted successfully
[2025-05-30 12:34:04] Challenges fetching ...
[2025-05-30 12:34:04] Challenges fetched successfully for bruno!
[2025-05-30 12:34:04] Challenges fetching ...
[2025-05-30 12:34:04] Challenges fetched successfully for bruno!
[2025-05-30 12:34:04] Challenges fetching ...
[2025-05-30 12:34:04] Challenges fetched successfully for bruno!
[2025-05-30 12:34:04] Challenges fetching ...
[2025-05-30 12:34:04] Challenges fetched successfully for bruno!
[2025-05-30 12:34:05] Challenges fetching ...
[2025-05-30 12:34:05] Challenges fetched successfully for bruno!
[2025-05-30 12:34:05] Challenges fetching ...
[2025-05-30 12:34:05] Challenges fetched successfully for bruno!
[2025-05-30 12:34:05] Challenges fetching ...
[2025-05-30 12:34:05] Challenges fetched successfully for bruno!
[2025-05-30 12:34:42] Désélection de tous les challenges

[2025-05-30 12:34:47] Lancement de la stratégie end4 pour Snaps From Behind
[2025-05-30 12:34:47] Nouveau processus ajouté pour bruno: snaps-from-behind-vote-100-left-0H:4M - Statut: init
[2025-05-30 12:34:47] Nouveau processus ajouté pour bruno: snaps-from-behind-vote-50-left-0H:3M - Statut: init
[2025-05-30 12:34:47] Traitement du challenge pour bruno: snaps-from-behind
[2025-05-30 12:34:47] Nouveau processus ajouté pour bruno: snaps-from-behind-vote-50-left-0H:2M - Statut: init
[2025-05-30 12:34:47] Traitement du challenge pour bruno: snaps-from-behind
[2025-05-30 12:34:47] Traitement du challenge pour bruno: snaps-from-behind
[2025-05-30 12:34:47] Processus mis à jour pour bruno: snaps-from-behind-vote-100-left-0H:4M - waiting
[2025-05-30 12:34:47] Nouveau processus ajouté pour bruno: snaps-from-behind-vote-50-left-0H:1M - Statut: init
[2025-05-30 12:34:47] Processus mis à jour pour bruno: snaps-from-behind-vote-50-left-0H:3M - waiting
[2025-05-30 12:34:47] Traitement du challenge pour bruno: snaps-from-behind
[2025-05-30 12:34:47] Processus mis à jour pour bruno: snaps-from-behind-vote-50-left-0H:2M - waiting
[2025-05-30 12:34:47] Processus mis à jour pour bruno: snaps-from-behind-vote-50-left-0H:1M - waiting
[2025-05-30 12:34:47] Application des stratégies pour les challenges sélectionnés:
- Snaps From Behind avec stratégie end4

[2025-05-30 16:05:02] Processus mis à jour pour bruno: snaps-from-behind-vote-100-left-0H:4M - executing
[2025-05-30 16:05:02] Traitement de vote pour Snaps From Behind
[2025-05-30 16:05:02] Snaps From Behind get vote panel
[2025-05-30 16:05:03] Processus associé: snaps-from-behind-vote-100-left-0H:4M
[2025-05-30 16:05:03] Récupération des données de vote pour Snaps From Behind (URL: snaps-from-behind, HEADER:{'User-Agent': 'Mozilla/5.0 (X11; Linux i686; rv:39.0) Gecko/20100101 Firefox/39.0', 'x-api-version': '8', 'x-env': 'WEB', 'X-requested-with': 'XMLHttpRequest', 'X-token': 'a1cad95a6d480c14f51dd0eba4914c8337b893c789ec6278bb440c7c9a673b162f042470c62684e6da2bd342ffea7777'})
[2025-05-30 16:05:04] Récupération réussie: 200 images pour Snaps From Behind
[2025-05-30 16:05:04] Voting fetching ...
[2025-05-30 16:05:04] Snaps From Behind voting 100 images
[2025-05-30 16:05:06] Snaps From Behind voted successfully
[2025-05-30 16:05:06] Processus supprimé pour bruno: snaps-from-behind-vote-100-left-0H:4M - success
[2025-05-30 16:05:06] Processus mis à jour pour bruno: snaps-from-behind-vote-100-left-0H:4M - success
[2025-05-30 16:05:06] Processus snaps-from-behind-vote-100-left-0H:4M terminé avec succès (profil: bruno)
[2025-05-30 16:05:09] Challenges fetching ...
[2025-05-30 16:05:09] Challenges fetched successfully for bruno!
[2025-05-30 16:06:07] Processus mis à jour pour bruno: snaps-from-behind-vote-50-left-0H:3M - executing
[2025-05-30 16:06:07] Traitement de vote pour Snaps From Behind
[2025-05-30 16:06:07] Snaps From Behind get vote panel
[2025-05-30 16:06:07] Processus associé: snaps-from-behind-vote-50-left-0H:3M
[2025-05-30 16:06:07] Récupération des données de vote pour Snaps From Behind (URL: snaps-from-behind, HEADER:{'User-Agent': 'Mozilla/5.0 (X11; Linux i686; rv:39.0) Gecko/20100101 Firefox/39.0', 'x-api-version': '8', 'x-env': 'WEB', 'X-requested-with': 'XMLHttpRequest', 'X-token': 'a1cad95a6d480c14f51dd0eba4914c8337b893c789ec6278bb440c7c9a673b162f042470c62684e6da2bd342ffea7777'})
[2025-05-30 16:06:08] Récupération réussie: 200 images pour Snaps From Behind
[2025-05-30 16:06:08] Voting fetching ...
[2025-05-30 16:06:08] Snaps From Behind voting 50 images
[2025-05-30 16:06:09] Snaps From Behind voted successfully
[2025-05-30 16:06:09] Processus supprimé pour bruno: snaps-from-behind-vote-50-left-0H:3M - success
[2025-05-30 16:06:09] Processus mis à jour pour bruno: snaps-from-behind-vote-50-left-0H:3M - success
[2025-05-30 16:06:09] Processus snaps-from-behind-vote-50-left-0H:3M terminé avec succès (profil: bruno)
[2025-05-30 16:06:14] Challenges fetching ...
[2025-05-30 16:06:14] Challenges fetched successfully for bruno!
[2025-05-30 16:07:11] Processus mis à jour pour bruno: snaps-from-behind-vote-50-left-0H:2M - executing
[2025-05-30 16:07:11] Traitement de vote pour Snaps From Behind
[2025-05-30 16:07:11] Snaps From Behind get vote panel
[2025-05-30 16:07:11] Processus associé: snaps-from-behind-vote-50-left-0H:2M
[2025-05-30 16:07:11] Récupération des données de vote pour Snaps From Behind (URL: snaps-from-behind, HEADER:{'User-Agent': 'Mozilla/5.0 (X11; Linux i686; rv:39.0) Gecko/20100101 Firefox/39.0', 'x-api-version': '8', 'x-env': 'WEB', 'X-requested-with': 'XMLHttpRequest', 'X-token': 'a1cad95a6d480c14f51dd0eba4914c8337b893c789ec6278bb440c7c9a673b162f042470c62684e6da2bd342ffea7777'})
[2025-05-30 16:07:13] Récupération réussie: 200 images pour Snaps From Behind
[2025-05-30 16:07:13] Voting fetching ...
[2025-05-30 16:07:13] Snaps From Behind voting 50 images
[2025-05-30 16:07:14] Snaps From Behind voted successfully
[2025-05-30 16:07:14] Processus supprimé pour bruno: snaps-from-behind-vote-50-left-0H:2M - success
[2025-05-30 16:07:14] Processus mis à jour pour bruno: snaps-from-behind-vote-50-left-0H:2M - success
[2025-05-30 16:07:14] Processus snaps-from-behind-vote-50-left-0H:2M terminé avec succès (profil: bruno)
[2025-05-30 16:07:17] Challenges fetching ...
[2025-05-30 16:07:17] Challenges fetched successfully for bruno!
[2025-05-30 16:08:16] Processus mis à jour pour bruno: snaps-from-behind-vote-50-left-0H:1M - executing
[2025-05-30 16:08:16] Traitement de vote pour Snaps From Behind
[2025-05-30 16:08:16] Snaps From Behind get vote panel
[2025-05-30 16:08:16] Processus associé: snaps-from-behind-vote-50-left-0H:1M
[2025-05-30 16:08:16] Récupération des données de vote pour Snaps From Behind (URL: snaps-from-behind, HEADER:{'User-Agent': 'Mozilla/5.0 (X11; Linux i686; rv:39.0) Gecko/20100101 Firefox/39.0', 'x-api-version': '8', 'x-env': 'WEB', 'X-requested-with': 'XMLHttpRequest', 'X-token': 'a1cad95a6d480c14f51dd0eba4914c8337b893c789ec6278bb440c7c9a673b162f042470c62684e6da2bd342ffea7777'})
[2025-05-30 16:08:18] Récupération réussie: 200 images pour Snaps From Behind
[2025-05-30 16:08:18] Voting fetching ...
[2025-05-30 16:08:18] Snaps From Behind voting 50 images
[2025-05-30 16:08:19] Snaps From Behind voted successfully
[2025-05-30 16:08:19] Processus supprimé pour bruno: snaps-from-behind-vote-50-left-0H:1M - success
[2025-05-30 16:08:19] Processus mis à jour pour bruno: snaps-from-behind-vote-50-left-0H:1M - success
[2025-05-30 16:08:19] Processus snaps-from-behind-vote-50-left-0H:1M terminé avec succès (profil: bruno)
[2025-05-30 16:08:25] Challenges fetching ...
[2025-05-30 16:08:25] Challenges fetched successfully for bruno!
[2025-05-30 21:22:03] Refreshing challenges...
[2025-05-30 21:22:03] Fetching challenges...
[2025-05-30 21:22:04] Challenges fetching ...
[2025-05-30 21:22:04] Challenges fetched successfully for bruno!
[2025-05-30 21:22:17] Lancement de la stratégie end4 pour Have A Drink
[2025-05-30 21:22:17] Nouveau processus ajouté pour bruno: have-a-drink-vote-100-left-0H:4M - Statut: init
[2025-05-30 21:22:17] Traitement du challenge pour bruno: have-a-drink
[2025-05-30 21:22:17] Nouveau processus ajouté pour bruno: have-a-drink-vote-50-left-0H:3M - Statut: init
[2025-05-30 21:22:17] Traitement du challenge pour bruno: have-a-drink
[2025-05-30 21:22:17] Nouveau processus ajouté pour bruno: have-a-drink-vote-50-left-0H:2M - Statut: init
[2025-05-30 21:22:17] Processus mis à jour pour bruno: have-a-drink-vote-100-left-0H:4M - waiting
[2025-05-30 21:22:17] Nouveau processus ajouté pour bruno: have-a-drink-vote-50-left-0H:1M - Statut: init
[2025-05-30 21:22:17] Traitement du challenge pour bruno: have-a-drink
[2025-05-30 21:22:17] Processus mis à jour pour bruno: have-a-drink-vote-50-left-0H:3M - waiting
[2025-05-30 21:22:17] Traitement du challenge pour bruno: have-a-drink
[2025-05-30 21:22:17] Processus mis à jour pour bruno: have-a-drink-vote-50-left-0H:2M - waiting
[2025-05-30 21:22:17] Processus mis à jour pour bruno: have-a-drink-vote-50-left-0H:1M - waiting
[2025-05-30 21:22:17] Application des stratégies pour les challenges sélectionnés:
- Have A Drink avec stratégie end4

