[2025-07-10 00:01:03] Resynchronisation avec le serveur...
[2025-07-10 00:01:03] Fetching challenges...
[2025-07-10 00:06:03] Resynchronisation avec le serveur...
[2025-07-10 00:06:03] Fetching challenges...
[2025-07-10 00:11:03] Challenge fermé supprimé pour bruno: Brick, Mortar And Stone
[2025-07-10 00:11:03] Resynchronisation avec le serveur...
[2025-07-10 00:11:03] Suppression automatique de 1 challenge(s) fermé(s)
[2025-07-10 00:11:03] Fetching challenges...
[2025-07-10 00:11:05] Lancement automatique des stratégies de fin pour 1 nouveaux challenges...
[2025-07-10 00:11:05] Nouveau challenge détecté pour bruno: Brick, Mortar And Stone
[2025-07-10 00:16:03] Challenge fermé supprimé pour bruno: Brick, Mortar And Stone
[2025-07-10 00:16:03] Resynchronisation avec le serveur...
[2025-07-10 00:16:03] Suppression automatique de 1 challenge(s) fermé(s)
[2025-07-10 00:16:03] Fetching challenges...
[2025-07-10 00:21:03] Resynchronisation avec le serveur...
[2025-07-10 00:21:03] Fetching challenges...
[2025-07-10 00:26:03] Resynchronisation avec le serveur...
[2025-07-10 00:26:03] Fetching challenges...
[2025-07-10 00:31:03] Resynchronisation avec le serveur...
[2025-07-10 00:31:03] Fetching challenges...
[2025-07-10 00:36:10] Resynchronisation avec le serveur...
[2025-07-10 00:36:10] Fetching challenges...
[2025-07-10 00:41:03] Resynchronisation avec le serveur...
[2025-07-10 00:41:03] Fetching challenges...
[2025-07-10 00:41:06] Lancement automatique des stratégies de fin pour 2 nouveaux challenges...
[2025-07-10 00:41:06] Nouveau challenge détecté pour bruno: Street Photography
[2025-07-10 00:41:06] Nouveau challenge détecté pour bruno: In The Trees
[2025-07-10 00:46:03] Resynchronisation avec le serveur...
[2025-07-10 00:46:03] Fetching challenges...
[2025-07-10 00:51:03] Resynchronisation avec le serveur...
[2025-07-10 00:51:03] Fetching challenges...
[2025-07-10 00:56:03] Resynchronisation avec le serveur...
[2025-07-10 00:56:03] Fetching challenges...
[2025-07-10 01:01:03] Resynchronisation avec le serveur...
[2025-07-10 01:01:03] Fetching challenges...
[2025-07-10 01:06:03] Resynchronisation avec le serveur...
[2025-07-10 01:06:03] Fetching challenges...
[2025-07-10 01:11:03] Resynchronisation avec le serveur...
[2025-07-10 01:11:03] Fetching challenges...
[2025-07-10 01:16:03] Resynchronisation avec le serveur...
[2025-07-10 01:16:03] Fetching challenges...
[2025-07-10 01:21:03] Resynchronisation avec le serveur...
[2025-07-10 01:21:03] Fetching challenges...
[2025-07-10 01:26:03] Resynchronisation avec le serveur...
[2025-07-10 01:26:03] Fetching challenges...
[2025-07-10 01:31:03] Resynchronisation avec le serveur...
[2025-07-10 01:31:03] Fetching challenges...
[2025-07-10 01:36:03] Resynchronisation avec le serveur...
[2025-07-10 01:36:03] Fetching challenges...
[2025-07-10 01:41:04] Resynchronisation avec le serveur...
[2025-07-10 01:41:04] Fetching challenges...
[2025-07-10 01:46:03] Resynchronisation avec le serveur...
[2025-07-10 01:46:03] Fetching challenges...
[2025-07-10 01:51:03] Resynchronisation avec le serveur...
[2025-07-10 01:51:03] Fetching challenges...
[2025-07-10 01:56:03] Resynchronisation avec le serveur...
[2025-07-10 01:56:03] Fetching challenges...
[2025-07-10 02:01:03] Resynchronisation avec le serveur...
[2025-07-10 02:01:03] Fetching challenges...
[2025-07-10 02:06:03] Resynchronisation avec le serveur...
[2025-07-10 02:06:03] Fetching challenges...
[2025-07-10 02:11:04] Resynchronisation avec le serveur...
[2025-07-10 02:11:04] Fetching challenges...
[2025-07-10 02:16:03] Resynchronisation avec le serveur...
[2025-07-10 02:16:03] Fetching challenges...
[2025-07-10 02:21:03] Resynchronisation avec le serveur...
[2025-07-10 02:21:03] Fetching challenges...
[2025-07-10 02:26:03] Resynchronisation avec le serveur...
[2025-07-10 02:26:03] Fetching challenges...
[2025-07-10 02:31:03] Resynchronisation avec le serveur...
[2025-07-10 02:31:03] Fetching challenges...
[2025-07-10 02:36:03] Resynchronisation avec le serveur...
[2025-07-10 02:36:03] Fetching challenges...
[2025-07-10 02:41:03] Resynchronisation avec le serveur...
[2025-07-10 02:41:03] Fetching challenges...
[2025-07-10 02:46:03] Resynchronisation avec le serveur...
[2025-07-10 02:46:03] Fetching challenges...
[2025-07-10 02:51:03] Resynchronisation avec le serveur...
[2025-07-10 02:51:03] Fetching challenges...
[2025-07-10 02:56:03] Resynchronisation avec le serveur...
[2025-07-10 02:56:03] Fetching challenges...
[2025-07-10 03:01:03] Resynchronisation avec le serveur...
[2025-07-10 03:01:03] Fetching challenges...
[2025-07-10 03:06:03] Resynchronisation avec le serveur...
[2025-07-10 03:06:03] Fetching challenges...
[2025-07-10 03:11:03] Resynchronisation avec le serveur...
[2025-07-10 03:11:03] Fetching challenges...
[2025-07-10 03:16:03] Resynchronisation avec le serveur...
[2025-07-10 03:16:03] Fetching challenges...
[2025-07-10 03:21:03] Resynchronisation avec le serveur...
[2025-07-10 03:21:03] Fetching challenges...
[2025-07-10 03:26:03] Resynchronisation avec le serveur...
[2025-07-10 03:26:03] Fetching challenges...
[2025-07-10 03:31:03] Resynchronisation avec le serveur...
[2025-07-10 03:31:03] Fetching challenges...
[2025-07-10 03:36:03] Resynchronisation avec le serveur...
[2025-07-10 03:36:03] Fetching challenges...
[2025-07-10 03:41:03] Resynchronisation avec le serveur...
[2025-07-10 03:41:03] Fetching challenges...
[2025-07-10 03:46:03] Resynchronisation avec le serveur...
[2025-07-10 03:46:03] Fetching challenges...
[2025-07-10 03:51:03] Resynchronisation avec le serveur...
[2025-07-10 03:51:03] Fetching challenges...
[2025-07-10 03:56:03] Resynchronisation avec le serveur...
[2025-07-10 03:56:03] Fetching challenges...
[2025-07-10 04:01:03] Resynchronisation avec le serveur...
[2025-07-10 04:01:03] Fetching challenges...
[2025-07-10 04:06:03] Resynchronisation avec le serveur...
[2025-07-10 04:06:03] Fetching challenges...
[2025-07-10 04:11:03] Resynchronisation avec le serveur...
[2025-07-10 04:11:03] Fetching challenges...
[2025-07-10 04:16:03] Resynchronisation avec le serveur...
[2025-07-10 04:16:03] Fetching challenges...
[2025-07-10 04:21:03] Resynchronisation avec le serveur...
[2025-07-10 04:21:03] Fetching challenges...
[2025-07-10 04:26:03] Resynchronisation avec le serveur...
[2025-07-10 04:26:03] Fetching challenges...
[2025-07-10 04:31:03] Resynchronisation avec le serveur...
[2025-07-10 04:31:03] Fetching challenges...
[2025-07-10 04:36:03] Resynchronisation avec le serveur...
[2025-07-10 04:36:03] Fetching challenges...
[2025-07-10 04:41:03] Resynchronisation avec le serveur...
[2025-07-10 04:41:03] Fetching challenges...
[2025-07-10 04:46:03] Resynchronisation avec le serveur...
[2025-07-10 04:46:03] Fetching challenges...
[2025-07-10 04:51:03] Resynchronisation avec le serveur...
[2025-07-10 04:51:03] Fetching challenges...
[2025-07-10 04:56:03] Resynchronisation avec le serveur...
[2025-07-10 04:56:03] Fetching challenges...
[2025-07-10 05:01:03] Resynchronisation avec le serveur...
[2025-07-10 05:01:03] Fetching challenges...
[2025-07-10 05:06:03] Resynchronisation avec le serveur...
[2025-07-10 05:06:03] Fetching challenges...
[2025-07-10 05:11:03] Resynchronisation avec le serveur...
[2025-07-10 05:11:03] Fetching challenges...
[2025-07-10 05:16:03] Resynchronisation avec le serveur...
[2025-07-10 05:16:03] Fetching challenges...
[2025-07-10 05:21:03] Resynchronisation avec le serveur...
[2025-07-10 05:21:03] Fetching challenges...
[2025-07-10 05:26:03] Resynchronisation avec le serveur...
[2025-07-10 05:26:03] Fetching challenges...
[2025-07-10 05:31:03] Resynchronisation avec le serveur...
[2025-07-10 05:31:03] Fetching challenges...
[2025-07-10 05:36:03] Resynchronisation avec le serveur...
[2025-07-10 05:36:03] Fetching challenges...
[2025-07-10 05:41:03] Resynchronisation avec le serveur...
[2025-07-10 05:41:03] Fetching challenges...
[2025-07-10 05:46:03] Resynchronisation avec le serveur...
[2025-07-10 05:46:03] Fetching challenges...
[2025-07-10 05:51:03] Resynchronisation avec le serveur...
[2025-07-10 05:51:03] Fetching challenges...
[2025-07-10 05:56:03] Resynchronisation avec le serveur...
[2025-07-10 05:56:03] Fetching challenges...
[2025-07-10 06:01:03] Resynchronisation avec le serveur...
[2025-07-10 06:01:03] Fetching challenges...
[2025-07-10 06:06:03] Resynchronisation avec le serveur...
[2025-07-10 06:06:03] Fetching challenges...
[2025-07-10 06:11:03] Resynchronisation avec le serveur...
[2025-07-10 06:11:03] Fetching challenges...
[2025-07-10 06:16:03] Resynchronisation avec le serveur...
[2025-07-10 06:16:03] Fetching challenges...
[2025-07-10 06:21:03] Resynchronisation avec le serveur...
[2025-07-10 06:21:03] Fetching challenges...
[2025-07-10 06:26:03] Resynchronisation avec le serveur...
[2025-07-10 06:26:03] Fetching challenges...
[2025-07-10 06:31:03] Resynchronisation avec le serveur...
[2025-07-10 06:31:03] Fetching challenges...
[2025-07-10 06:36:03] Resynchronisation avec le serveur...
[2025-07-10 06:36:03] Fetching challenges...
[2025-07-10 06:41:03] Resynchronisation avec le serveur...
[2025-07-10 06:41:03] Fetching challenges...
[2025-07-10 06:46:03] Resynchronisation avec le serveur...
[2025-07-10 06:46:03] Fetching challenges...
[2025-07-10 06:51:03] Resynchronisation avec le serveur...
[2025-07-10 06:51:03] Fetching challenges...
[2025-07-10 06:56:03] Resynchronisation avec le serveur...
[2025-07-10 06:56:03] Fetching challenges...
[2025-07-10 07:01:03] Resynchronisation avec le serveur...
[2025-07-10 07:01:03] Fetching challenges...
[2025-07-10 07:06:03] Resynchronisation avec le serveur...
[2025-07-10 07:06:03] Fetching challenges...
[2025-07-10 07:11:03] Resynchronisation avec le serveur...
[2025-07-10 07:11:03] Fetching challenges...
[2025-07-10 07:16:03] Resynchronisation avec le serveur...
[2025-07-10 07:16:03] Fetching challenges...
[2025-07-10 07:21:03] Resynchronisation avec le serveur...
[2025-07-10 07:21:03] Fetching challenges...
[2025-07-10 07:26:03] Resynchronisation avec le serveur...
[2025-07-10 07:26:03] Fetching challenges...
[2025-07-10 07:31:03] Resynchronisation avec le serveur...
[2025-07-10 07:31:03] Fetching challenges...
[2025-07-10 07:36:03] Resynchronisation avec le serveur...
[2025-07-10 07:36:03] Fetching challenges...
[2025-07-10 07:41:03] Resynchronisation avec le serveur...
[2025-07-10 07:41:03] Fetching challenges...
[2025-07-10 07:46:03] Resynchronisation avec le serveur...
[2025-07-10 07:46:03] Fetching challenges...
[2025-07-10 07:51:03] Resynchronisation avec le serveur...
[2025-07-10 07:51:03] Fetching challenges...
[2025-07-10 07:56:03] Resynchronisation avec le serveur...
[2025-07-10 07:56:03] Fetching challenges...
[2025-07-10 08:01:03] Resynchronisation avec le serveur...
[2025-07-10 08:01:03] Fetching challenges...
[2025-07-10 08:06:03] Resynchronisation avec le serveur...
[2025-07-10 08:06:03] Fetching challenges...
[2025-07-10 08:11:03] Resynchronisation avec le serveur...
[2025-07-10 08:11:03] Fetching challenges...
[2025-07-10 08:16:03] Resynchronisation avec le serveur...
[2025-07-10 08:16:03] Fetching challenges...
[2025-07-10 08:21:03] Resynchronisation avec le serveur...
[2025-07-10 08:21:03] Fetching challenges...
[2025-07-10 08:26:03] Resynchronisation avec le serveur...
[2025-07-10 08:26:03] Fetching challenges...
[2025-07-10 08:31:03] Resynchronisation avec le serveur...
[2025-07-10 08:31:03] Fetching challenges...
[2025-07-10 08:36:03] Resynchronisation avec le serveur...
[2025-07-10 08:36:03] Fetching challenges...
[2025-07-10 08:41:03] Resynchronisation avec le serveur...
[2025-07-10 08:41:03] Fetching challenges...
[2025-07-10 08:46:03] Resynchronisation avec le serveur...
[2025-07-10 08:46:03] Fetching challenges...
[2025-07-10 08:51:03] Resynchronisation avec le serveur...
[2025-07-10 08:51:03] Fetching challenges...
[2025-07-10 08:56:03] Resynchronisation avec le serveur...
[2025-07-10 08:56:03] Fetching challenges...
[2025-07-10 09:01:03] Resynchronisation avec le serveur...
[2025-07-10 09:01:03] Fetching challenges...
[2025-07-10 09:06:03] Resynchronisation avec le serveur...
[2025-07-10 09:06:03] Fetching challenges...
[2025-07-10 09:11:03] Resynchronisation avec le serveur...
[2025-07-10 09:11:03] Challenge fermé supprimé pour bruno: Harbors, Ports, Jetties & Docks
[2025-07-10 09:11:03] Fetching challenges...
[2025-07-10 09:11:03] Suppression automatique de 1 challenge(s) fermé(s)
[2025-07-10 09:11:05] Lancement automatique des stratégies de fin pour 1 nouveaux challenges...
[2025-07-10 09:11:05] Nouveau challenge détecté pour bruno: Harbors, Ports, Jetties & Docks
[2025-07-10 09:16:03] Resynchronisation avec le serveur...
[2025-07-10 09:16:03] Challenge fermé supprimé pour bruno: Harbors, Ports, Jetties & Docks
[2025-07-10 09:16:03] Fetching challenges...
[2025-07-10 09:16:03] Suppression automatique de 1 challenge(s) fermé(s)
[2025-07-10 09:21:03] Resynchronisation avec le serveur...
[2025-07-10 09:21:03] Fetching challenges...
[2025-07-10 09:26:03] Resynchronisation avec le serveur...
[2025-07-10 09:26:03] Fetching challenges...
[2025-07-10 09:31:03] Resynchronisation avec le serveur...
[2025-07-10 09:31:03] Fetching challenges...
[2025-07-10 09:36:03] Resynchronisation avec le serveur...
[2025-07-10 09:36:03] Fetching challenges...
[2025-07-10 09:41:03] Resynchronisation avec le serveur...
[2025-07-10 09:41:03] Fetching challenges...
[2025-07-10 09:46:03] Resynchronisation avec le serveur...
[2025-07-10 09:46:03] Fetching challenges...
[2025-07-10 09:51:03] Resynchronisation avec le serveur...
[2025-07-10 09:51:03] Fetching challenges...
[2025-07-10 09:56:03] Resynchronisation avec le serveur...
[2025-07-10 09:56:03] Fetching challenges...
[2025-07-10 10:01:03] Resynchronisation avec le serveur...
[2025-07-10 10:01:03] Fetching challenges...
[2025-07-10 10:06:03] Resynchronisation avec le serveur...
[2025-07-10 10:06:03] Fetching challenges...
[2025-07-10 10:11:03] Resynchronisation avec le serveur...
[2025-07-10 10:11:03] Fetching challenges...
[2025-07-10 10:16:03] Resynchronisation avec le serveur...
[2025-07-10 10:16:03] Fetching challenges...
[2025-07-10 10:21:03] Resynchronisation avec le serveur...
[2025-07-10 10:21:03] Fetching challenges...
[2025-07-10 10:26:03] Resynchronisation avec le serveur...
[2025-07-10 10:26:03] Fetching challenges...
[2025-07-10 10:31:03] Resynchronisation avec le serveur...
[2025-07-10 10:31:03] Fetching challenges...
[2025-07-10 10:36:03] Resynchronisation avec le serveur...
[2025-07-10 10:36:03] Fetching challenges...
[2025-07-10 10:41:03] Resynchronisation avec le serveur...
[2025-07-10 10:41:03] Fetching challenges...
[2025-07-10 10:46:03] Resynchronisation avec le serveur...
[2025-07-10 10:46:03] Fetching challenges...
[2025-07-10 10:51:03] Resynchronisation avec le serveur...
[2025-07-10 10:51:03] Fetching challenges...
[2025-07-10 10:56:03] Resynchronisation avec le serveur...
[2025-07-10 10:56:03] Fetching challenges...
[2025-07-10 10:56:04] Lancement automatique des stratégies de fin pour 2 nouveaux challenges...
[2025-07-10 10:56:04] Nouveau challenge détecté pour bruno: Close Ups
[2025-07-10 10:56:04] Nouveau challenge détecté pour bruno: Rare Animals
[2025-07-10 11:01:03] Resynchronisation avec le serveur...
[2025-07-10 11:01:03] Fetching challenges...
[2025-07-10 11:06:03] Resynchronisation avec le serveur...
[2025-07-10 11:06:03] Fetching challenges...
[2025-07-10 11:11:03] Resynchronisation avec le serveur...
[2025-07-10 11:11:03] Fetching challenges...
[2025-07-10 11:16:03] Resynchronisation avec le serveur...
[2025-07-10 11:16:03] Fetching challenges...
[2025-07-10 11:21:03] Resynchronisation avec le serveur...
[2025-07-10 11:21:03] Fetching challenges...
[2025-07-10 11:26:03] Resynchronisation avec le serveur...
[2025-07-10 11:26:03] Fetching challenges...
[2025-07-10 11:31:03] Resynchronisation avec le serveur...
[2025-07-10 11:31:03] Fetching challenges...
[2025-07-10 11:36:03] Resynchronisation avec le serveur...
[2025-07-10 11:36:03] Fetching challenges...
[2025-07-10 11:41:04] Resynchronisation avec le serveur...
[2025-07-10 11:41:04] Fetching challenges...
[2025-07-10 11:46:09] Resynchronisation avec le serveur...
[2025-07-10 11:46:09] Fetching challenges...
[2025-07-10 11:51:06] Resynchronisation avec le serveur...
[2025-07-10 11:51:06] Fetching challenges...
[2025-07-10 11:56:05] Resynchronisation avec le serveur...
[2025-07-10 11:56:05] Fetching challenges...
[2025-07-10 12:01:09] Resynchronisation avec le serveur...
[2025-07-10 12:01:09] Fetching challenges...
[2025-07-10 12:06:03] Resynchronisation avec le serveur...
[2025-07-10 12:06:03] Fetching challenges...
[2025-07-10 12:11:03] Resynchronisation avec le serveur...
[2025-07-10 12:11:03] Fetching challenges...
[2025-07-10 12:16:09] Resynchronisation avec le serveur...
[2025-07-10 12:16:09] Fetching challenges...
[2025-07-10 12:21:09] Resynchronisation avec le serveur...
[2025-07-10 12:21:09] Fetching challenges...
[2025-07-10 12:26:03] Resynchronisation avec le serveur...
[2025-07-10 12:26:03] Fetching challenges...
[2025-07-10 12:31:05] Resynchronisation avec le serveur...
[2025-07-10 12:31:05] Fetching challenges...
[2025-07-10 12:36:03] Resynchronisation avec le serveur...
[2025-07-10 12:36:03] Fetching challenges...
[2025-07-10 12:41:08] Resynchronisation avec le serveur...
[2025-07-10 12:41:08] Fetching challenges...
[2025-07-10 12:46:03] Resynchronisation avec le serveur...
[2025-07-10 12:46:03] Fetching challenges...
[2025-07-10 12:51:05] Resynchronisation avec le serveur...
[2025-07-10 12:51:05] Fetching challenges...
[2025-07-10 12:56:09] Resynchronisation avec le serveur...
[2025-07-10 12:56:09] Fetching challenges...
[2025-07-10 13:01:03] Resynchronisation avec le serveur...
[2025-07-10 13:01:03] Fetching challenges...
[2025-07-10 13:06:03] Resynchronisation avec le serveur...
[2025-07-10 13:06:03] Fetching challenges...
[2025-07-10 13:11:03] Resynchronisation avec le serveur...
[2025-07-10 13:11:03] Fetching challenges...
[2025-07-10 13:16:03] Resynchronisation avec le serveur...
[2025-07-10 13:16:03] Fetching challenges...
[2025-07-10 13:21:03] Resynchronisation avec le serveur...
[2025-07-10 13:21:03] Fetching challenges...
[2025-07-10 13:26:03] Resynchronisation avec le serveur...
[2025-07-10 13:26:03] Fetching challenges...
[2025-07-10 13:31:03] Resynchronisation avec le serveur...
[2025-07-10 13:31:03] Fetching challenges...
[2025-07-10 13:36:03] Resynchronisation avec le serveur...
[2025-07-10 13:36:03] Fetching challenges...
[2025-07-10 13:41:03] Resynchronisation avec le serveur...
[2025-07-10 13:41:03] Fetching challenges...
[2025-07-10 13:46:03] Resynchronisation avec le serveur...
[2025-07-10 13:46:03] Fetching challenges...
[2025-07-10 13:51:03] Resynchronisation avec le serveur...
[2025-07-10 13:51:03] Fetching challenges...
[2025-07-10 13:56:03] Resynchronisation avec le serveur...
[2025-07-10 13:56:03] Fetching challenges...
[2025-07-10 14:01:03] Resynchronisation avec le serveur...
[2025-07-10 14:01:03] Fetching challenges...
[2025-07-10 14:06:17] Resynchronisation avec le serveur...
[2025-07-10 14:06:17] Fetching challenges...
[2025-07-10 14:16:04] Resynchronisation avec le serveur...
[2025-07-10 14:16:04] Fetching challenges...
[2025-07-10 16:51:25] Resynchronisation avec le serveur...
[2025-07-10 16:51:25] Fetching challenges...
[2025-07-10 17:11:04] Resynchronisation avec le serveur...
[2025-07-10 17:11:04] Fetching challenges...
[2025-07-10 17:11:08] Lancement automatique des stratégies de fin pour 12 nouveaux challenges...
[2025-07-10 17:11:08] Nouveau challenge détecté pour bruno: Candid Snaps
[2025-07-10 17:11:08] Nouveau challenge détecté pour bruno: Classic Still Life
[2025-07-10 17:11:08] Nouveau challenge détecté pour bruno: It’s Morning Time
[2025-07-10 17:11:08] Nouveau challenge détecté pour bruno: Photogenic
[2025-07-10 17:11:08] Nouveau challenge détecté pour bruno: Starts with B
[2025-07-10 17:11:08] Nouveau challenge détecté pour bruno: In The Trees
[2025-07-10 17:11:08] Nouveau challenge détecté pour bruno: Favorite Room
[2025-07-10 17:11:08] Nouveau challenge détecté pour bruno: Close Ups
[2025-07-10 17:11:08] Nouveau challenge détecté pour bruno: Just Three Colors
[2025-07-10 17:11:08] Nouveau challenge détecté pour bruno: Rare Animals
[2025-07-10 17:11:08] Nouveau challenge détecté pour bruno: Street Photography
[2025-07-10 17:11:08] Nouveau challenge détecté pour bruno: Silhouettes Of People
[2025-07-10 17:16:03] Resynchronisation avec le serveur...
[2025-07-10 17:16:03] Fetching challenges...
[2025-07-10 17:21:03] Resynchronisation avec le serveur...
[2025-07-10 17:21:03] Fetching challenges...
[2025-07-10 17:26:03] Resynchronisation avec le serveur...
[2025-07-10 17:26:03] Fetching challenges...
[2025-07-10 17:31:03] Resynchronisation avec le serveur...
[2025-07-10 17:31:03] Fetching challenges...
[2025-07-10 17:36:03] Resynchronisation avec le serveur...
[2025-07-10 17:36:03] Fetching challenges...
[2025-07-10 17:41:03] Resynchronisation avec le serveur...
[2025-07-10 17:41:03] Fetching challenges...
[2025-07-10 17:46:03] Resynchronisation avec le serveur...
[2025-07-10 17:46:03] Fetching challenges...
[2025-07-10 17:51:03] Resynchronisation avec le serveur...
[2025-07-10 17:51:03] Fetching challenges...
[2025-07-10 17:56:03] Resynchronisation avec le serveur...
[2025-07-10 17:56:03] Fetching challenges...
[2025-07-10 18:01:03] Resynchronisation avec le serveur...
[2025-07-10 18:01:03] Fetching challenges...
[2025-07-10 18:06:03] Resynchronisation avec le serveur...
[2025-07-10 18:06:04] Fetching challenges...
[2025-07-10 18:11:03] Resynchronisation avec le serveur...
[2025-07-10 18:11:03] Fetching challenges...
[2025-07-10 18:16:03] Resynchronisation avec le serveur...
[2025-07-10 18:16:03] Fetching challenges...
[2025-07-10 18:21:03] Resynchronisation avec le serveur...
[2025-07-10 18:21:03] Fetching challenges...
[2025-07-10 18:26:03] Resynchronisation avec le serveur...
[2025-07-10 18:26:03] Fetching challenges...
[2025-07-10 18:31:03] Challenge fermé supprimé pour bruno: Silhouettes Of People
[2025-07-10 18:31:03] Resynchronisation avec le serveur...
[2025-07-10 18:31:03] Suppression automatique de 1 challenge(s) fermé(s)
[2025-07-10 18:31:03] Fetching challenges...
[2025-07-10 18:31:05] Lancement automatique des stratégies de fin pour 1 nouveaux challenges...
[2025-07-10 18:31:05] Nouveau challenge détecté pour bruno: Silhouettes Of People
[2025-07-10 18:36:05] Challenge fermé supprimé pour bruno: Silhouettes Of People
[2025-07-10 18:36:05] Resynchronisation avec le serveur...
[2025-07-10 18:36:05] Suppression automatique de 1 challenge(s) fermé(s)
[2025-07-10 18:36:05] Fetching challenges...
[2025-07-10 18:41:04] Resynchronisation avec le serveur...
[2025-07-10 18:41:04] Fetching challenges...
[2025-07-10 18:46:11] Resynchronisation avec le serveur...
[2025-07-10 18:46:11] Fetching challenges...
[2025-07-10 18:51:03] Resynchronisation avec le serveur...
[2025-07-10 18:51:03] Fetching challenges...
[2025-07-10 18:56:03] Resynchronisation avec le serveur...
[2025-07-10 18:56:03] Fetching challenges...
[2025-07-10 19:01:03] Resynchronisation avec le serveur...
[2025-07-10 19:01:03] Fetching challenges...
[2025-07-10 19:06:04] Resynchronisation avec le serveur...
[2025-07-10 19:06:04] Fetching challenges...
[2025-07-10 19:11:03] Challenge fermé supprimé pour bruno: Starts with B
[2025-07-10 19:11:03] Resynchronisation avec le serveur...
[2025-07-10 19:11:03] Suppression automatique de 1 challenge(s) fermé(s)
[2025-07-10 19:11:03] Fetching challenges...
[2025-07-10 19:11:05] Lancement automatique des stratégies de fin pour 1 nouveaux challenges...
[2025-07-10 19:11:05] Nouveau challenge détecté pour bruno: Starts with B
[2025-07-10 19:16:03] Resynchronisation avec le serveur...
[2025-07-10 19:16:03] Challenge fermé supprimé pour bruno: Starts with B
[2025-07-10 19:16:03] Fetching challenges...
[2025-07-10 19:16:03] Suppression automatique de 1 challenge(s) fermé(s)
[2025-07-10 19:21:03] Resynchronisation avec le serveur...
[2025-07-10 19:21:03] Fetching challenges...
[2025-07-10 19:26:03] Resynchronisation avec le serveur...
[2025-07-10 19:26:03] Fetching challenges...
[2025-07-10 19:31:03] Challenge fermé supprimé pour bruno: Photogenic
[2025-07-10 19:31:03] Resynchronisation avec le serveur...
[2025-07-10 19:31:03] Suppression automatique de 1 challenge(s) fermé(s)
[2025-07-10 19:31:03] Fetching challenges...
[2025-07-10 19:31:05] Lancement automatique des stratégies de fin pour 1 nouveaux challenges...
[2025-07-10 19:31:05] Nouveau challenge détecté pour bruno: Photogenic
[2025-07-10 19:36:03] Challenge fermé supprimé pour bruno: Photogenic
[2025-07-10 19:36:03] Resynchronisation avec le serveur...
[2025-07-10 19:36:03] Suppression automatique de 1 challenge(s) fermé(s)
[2025-07-10 19:36:03] Fetching challenges...
[2025-07-10 19:41:03] Resynchronisation avec le serveur...
[2025-07-10 19:41:03] Fetching challenges...
[2025-07-10 19:46:03] Resynchronisation avec le serveur...
[2025-07-10 19:46:03] Fetching challenges...
[2025-07-10 19:51:03] Resynchronisation avec le serveur...
[2025-07-10 19:51:03] Fetching challenges...
[2025-07-10 19:56:03] Resynchronisation avec le serveur...
[2025-07-10 19:56:03] Fetching challenges...
[2025-07-10 20:01:09] Resynchronisation avec le serveur...
[2025-07-10 20:01:09] Fetching challenges...
[2025-07-10 20:06:03] Resynchronisation avec le serveur...
[2025-07-10 20:06:03] Fetching challenges...
[2025-07-10 20:11:03] Resynchronisation avec le serveur...
[2025-07-10 20:11:03] Fetching challenges...
[2025-07-10 20:16:05] Resynchronisation avec le serveur...
[2025-07-10 20:16:05] Fetching challenges...
[2025-07-10 20:21:07] Resynchronisation avec le serveur...
[2025-07-10 20:21:07] Fetching challenges...
[2025-07-10 20:26:03] Resynchronisation avec le serveur...
[2025-07-10 20:26:03] Fetching challenges...
[2025-07-10 20:31:03] Resynchronisation avec le serveur...
[2025-07-10 20:31:03] Fetching challenges...
[2025-07-10 20:36:05] Resynchronisation avec le serveur...
[2025-07-10 20:36:05] Fetching challenges...
[2025-07-10 20:41:03] Resynchronisation avec le serveur...
[2025-07-10 20:41:03] Fetching challenges...
[2025-07-10 20:46:03] Resynchronisation avec le serveur...
[2025-07-10 20:46:03] Fetching challenges...
[2025-07-10 20:51:03] Resynchronisation avec le serveur...
[2025-07-10 20:51:03] Fetching challenges...
[2025-07-10 20:56:05] Resynchronisation avec le serveur...
[2025-07-10 20:56:05] Fetching challenges...
[2025-07-10 21:01:03] Challenge fermé supprimé pour bruno: Just Three Colors
[2025-07-10 21:01:03] Resynchronisation avec le serveur...
[2025-07-10 21:01:03] Suppression automatique de 1 challenge(s) fermé(s)
[2025-07-10 21:01:03] Fetching challenges...
[2025-07-10 21:01:05] Lancement automatique des stratégies de fin pour 1 nouveaux challenges...
[2025-07-10 21:01:05] Nouveau challenge détecté pour bruno: Just Three Colors
[2025-07-10 21:06:05] Challenge fermé supprimé pour bruno: Just Three Colors
[2025-07-10 21:06:05] Resynchronisation avec le serveur...
[2025-07-10 21:06:05] Suppression automatique de 1 challenge(s) fermé(s)
[2025-07-10 21:06:05] Fetching challenges...
[2025-07-10 21:11:03] Resynchronisation avec le serveur...
[2025-07-10 21:11:03] Fetching challenges...
[2025-07-10 21:16:03] Resynchronisation avec le serveur...
[2025-07-10 21:16:03] Fetching challenges...
[2025-07-10 21:21:09] Resynchronisation avec le serveur...
[2025-07-10 21:21:09] Fetching challenges...
[2025-07-10 21:26:05] Resynchronisation avec le serveur...
[2025-07-10 21:26:05] Fetching challenges...
[2025-07-10 21:31:03] Resynchronisation avec le serveur...
[2025-07-10 21:31:03] Fetching challenges...
[2025-07-10 21:36:03] Resynchronisation avec le serveur...
[2025-07-10 21:36:03] Fetching challenges...
[2025-07-10 21:41:03] Resynchronisation avec le serveur...
[2025-07-10 21:41:03] Fetching challenges...
[2025-07-10 21:46:07] Resynchronisation avec le serveur...
[2025-07-10 21:46:07] Fetching challenges...
[2025-07-10 21:51:03] Resynchronisation avec le serveur...
[2025-07-10 21:51:03] Fetching challenges...
[2025-07-10 21:56:03] Resynchronisation avec le serveur...
[2025-07-10 21:56:03] Fetching challenges...
[2025-07-10 22:01:03] Resynchronisation avec le serveur...
[2025-07-10 22:01:03] Fetching challenges...
[2025-07-10 22:06:03] Resynchronisation avec le serveur...
[2025-07-10 22:06:03] Fetching challenges...
[2025-07-10 22:11:03] Resynchronisation avec le serveur...
[2025-07-10 22:11:03] Fetching challenges...
[2025-07-10 22:16:03] Resynchronisation avec le serveur...
[2025-07-10 22:16:03] Fetching challenges...
[2025-07-10 22:21:03] Resynchronisation avec le serveur...
[2025-07-10 22:21:03] Fetching challenges...
[2025-07-10 22:26:03] Resynchronisation avec le serveur...
[2025-07-10 22:26:03] Fetching challenges...
[2025-07-10 22:31:03] Resynchronisation avec le serveur...
[2025-07-10 22:31:03] Fetching challenges...
[2025-07-10 22:36:03] Resynchronisation avec le serveur...
[2025-07-10 22:36:03] Fetching challenges...
[2025-07-10 22:41:03] Resynchronisation avec le serveur...
[2025-07-10 22:41:03] Fetching challenges...
[2025-07-10 22:46:05] Resynchronisation avec le serveur...
[2025-07-10 22:46:05] Fetching challenges...
[2025-07-10 22:51:03] Resynchronisation avec le serveur...
[2025-07-10 22:51:03] Fetching challenges...
[2025-07-10 22:56:03] Resynchronisation avec le serveur...
[2025-07-10 22:56:03] Fetching challenges...
[2025-07-10 23:01:03] Resynchronisation avec le serveur...
[2025-07-10 23:01:03] Fetching challenges...
[2025-07-10 23:06:03] Resynchronisation avec le serveur...
[2025-07-10 23:06:03] Fetching challenges...
[2025-07-10 23:11:03] Resynchronisation avec le serveur...
[2025-07-10 23:11:03] Fetching challenges...
[2025-07-10 23:16:03] Resynchronisation avec le serveur...
[2025-07-10 23:16:03] Fetching challenges...
[2025-07-10 23:21:03] Resynchronisation avec le serveur...
[2025-07-10 23:21:03] Fetching challenges...
[2025-07-10 23:26:03] Resynchronisation avec le serveur...
[2025-07-10 23:26:03] Fetching challenges...
[2025-07-10 23:31:03] Resynchronisation avec le serveur...
[2025-07-10 23:31:03] Fetching challenges...
[2025-07-10 23:36:03] Resynchronisation avec le serveur...
[2025-07-10 23:36:03] Fetching challenges...
[2025-07-10 23:41:03] Resynchronisation avec le serveur...
[2025-07-10 23:41:03] Fetching challenges...
[2025-07-10 23:46:03] Resynchronisation avec le serveur...
[2025-07-10 23:46:03] Fetching challenges...
[2025-07-10 23:51:03] Resynchronisation avec le serveur...
[2025-07-10 23:51:03] Fetching challenges...
[2025-07-10 23:56:03] Resynchronisation avec le serveur...
[2025-07-10 23:56:03] Fetching challenges...
