[2025-06-10 00:05:14] Processus mis à jour pour bruno: for-my-portfolio-vote-70-left-0H:4M - executing
[2025-06-10 00:05:14] Traitement de vote pour For My Portfolio
[2025-06-10 00:05:14] For My Portfolio get vote panel
[2025-06-10 00:05:14] Processus associé: for-my-portfolio-vote-70-left-0H:4M
[2025-06-10 00:05:14] Récupération des données de vote pour For My Portfolio (URL: for-my-portfolio, HEADER:{'User-Agent': 'Mozilla/5.0 (X11; Linux i686; rv:39.0) Gecko/20100101 Firefox/39.0', 'x-api-version': '8', 'x-env': 'WEB', 'X-requested-with': 'XMLHttpRequest', 'X-token': 'a1cad95a6d480c14f51dd0eba4914c8337b893c789ec6278bb440c7c9a673b162f042470c62684e6da2bd342ffea7777'})
[2025-06-10 00:05:16] Récupération réussie: 200 images pour For My Portfolio
[2025-06-10 00:05:16] Voting fetching ...
[2025-06-10 00:05:16] For My Portfolio voting 70 images
[2025-06-10 00:05:17] For My Portfolio voted successfully
[2025-06-10 00:05:17] Processus supprimé pour bruno: for-my-portfolio-vote-70-left-0H:4M - success
[2025-06-10 00:05:17] Processus mis à jour pour bruno: for-my-portfolio-vote-70-left-0H:4M - success
[2025-06-10 00:05:17] Processus for-my-portfolio-vote-70-left-0H:4M terminé avec succès (profil: bruno)
[2025-06-10 00:05:23] Challenges fetching ...
[2025-06-10 00:05:24] Challenges fetched successfully for bruno!
[2025-06-10 00:06:01] Processus mis à jour pour bruno: for-my-portfolio-vote-20-left-0H:3M - executing
[2025-06-10 00:06:01] Traitement de vote pour For My Portfolio
[2025-06-10 00:06:01] For My Portfolio get vote panel
[2025-06-10 00:06:01] Processus associé: for-my-portfolio-vote-20-left-0H:3M
[2025-06-10 00:06:01] Récupération des données de vote pour For My Portfolio (URL: for-my-portfolio, HEADER:{'User-Agent': 'Mozilla/5.0 (X11; Linux i686; rv:39.0) Gecko/20100101 Firefox/39.0', 'x-api-version': '8', 'x-env': 'WEB', 'X-requested-with': 'XMLHttpRequest', 'X-token': 'a1cad95a6d480c14f51dd0eba4914c8337b893c789ec6278bb440c7c9a673b162f042470c62684e6da2bd342ffea7777'})
[2025-06-10 00:06:02] Récupération réussie: 200 images pour For My Portfolio
[2025-06-10 00:06:02] Voting fetching ...
[2025-06-10 00:06:02] For My Portfolio voting 20 images
[2025-06-10 00:06:03] For My Portfolio voted successfully
[2025-06-10 00:06:03] Processus supprimé pour bruno: for-my-portfolio-vote-20-left-0H:3M - success
[2025-06-10 00:06:03] Processus mis à jour pour bruno: for-my-portfolio-vote-20-left-0H:3M - success
[2025-06-10 00:06:03] Processus for-my-portfolio-vote-20-left-0H:3M terminé avec succès (profil: bruno)
[2025-06-10 00:06:06] Challenges fetching ...
[2025-06-10 00:06:06] Challenges fetched successfully for bruno!
[2025-06-10 00:07:06] Processus mis à jour pour bruno: for-my-portfolio-vote-20-left-0H:2M - executing
[2025-06-10 00:07:06] Traitement de vote pour For My Portfolio
[2025-06-10 00:07:06] For My Portfolio get vote panel
[2025-06-10 00:07:06] Processus associé: for-my-portfolio-vote-20-left-0H:2M
[2025-06-10 00:07:06] Récupération des données de vote pour For My Portfolio (URL: for-my-portfolio, HEADER:{'User-Agent': 'Mozilla/5.0 (X11; Linux i686; rv:39.0) Gecko/20100101 Firefox/39.0', 'x-api-version': '8', 'x-env': 'WEB', 'X-requested-with': 'XMLHttpRequest', 'X-token': 'a1cad95a6d480c14f51dd0eba4914c8337b893c789ec6278bb440c7c9a673b162f042470c62684e6da2bd342ffea7777'})
[2025-06-10 00:07:07] Récupération réussie: 200 images pour For My Portfolio
[2025-06-10 00:07:07] Voting fetching ...
[2025-06-10 00:07:07] For My Portfolio voting 20 images
[2025-06-10 00:07:08] For My Portfolio voted successfully
[2025-06-10 00:07:08] Processus supprimé pour bruno: for-my-portfolio-vote-20-left-0H:2M - success
[2025-06-10 00:07:08] Processus mis à jour pour bruno: for-my-portfolio-vote-20-left-0H:2M - success
[2025-06-10 00:07:08] Processus for-my-portfolio-vote-20-left-0H:2M terminé avec succès (profil: bruno)
[2025-06-10 00:07:12] Challenges fetching ...
[2025-06-10 00:07:12] Challenges fetched successfully for bruno!
[2025-06-10 00:08:09] Processus mis à jour pour bruno: for-my-portfolio-vote-20-left-0H:1M - executing
[2025-06-10 00:08:09] Traitement de vote pour For My Portfolio
[2025-06-10 00:08:09] For My Portfolio get vote panel
[2025-06-10 00:08:09] Processus associé: for-my-portfolio-vote-20-left-0H:1M
[2025-06-10 00:08:09] Récupération des données de vote pour For My Portfolio (URL: for-my-portfolio, HEADER:{'User-Agent': 'Mozilla/5.0 (X11; Linux i686; rv:39.0) Gecko/20100101 Firefox/39.0', 'x-api-version': '8', 'x-env': 'WEB', 'X-requested-with': 'XMLHttpRequest', 'X-token': 'a1cad95a6d480c14f51dd0eba4914c8337b893c789ec6278bb440c7c9a673b162f042470c62684e6da2bd342ffea7777'})
[2025-06-10 00:08:10] Récupération réussie: 200 images pour For My Portfolio
[2025-06-10 00:08:10] Voting fetching ...
[2025-06-10 00:08:10] For My Portfolio voting 20 images
[2025-06-10 00:08:11] For My Portfolio voted successfully
[2025-06-10 00:08:11] Processus supprimé pour bruno: for-my-portfolio-vote-20-left-0H:1M - success
[2025-06-10 00:08:11] Processus mis à jour pour bruno: for-my-portfolio-vote-20-left-0H:1M - success
[2025-06-10 00:08:11] Processus for-my-portfolio-vote-20-left-0H:1M terminé avec succès (profil: bruno)
[2025-06-10 00:08:14] Challenges fetching ...
[2025-06-10 00:08:14] Challenges fetched successfully for bruno!
[2025-06-10 01:55:15] Processus mis à jour pour bruno: the-art-of-the-shoe-vote-70-left-0H:4M - executing
[2025-06-10 01:55:15] Traitement de vote pour The Art of the Shoe
[2025-06-10 01:55:15] The Art of the Shoe get vote panel
[2025-06-10 01:55:15] Processus associé: the-art-of-the-shoe-vote-70-left-0H:4M
[2025-06-10 01:55:15] Récupération des données de vote pour The Art of the Shoe (URL: the-art-of-the-shoe, HEADER:{'User-Agent': 'Mozilla/5.0 (X11; Linux i686; rv:39.0) Gecko/20100101 Firefox/39.0', 'x-api-version': '8', 'x-env': 'WEB', 'X-requested-with': 'XMLHttpRequest', 'X-token': 'a1cad95a6d480c14f51dd0eba4914c8337b893c789ec6278bb440c7c9a673b162f042470c62684e6da2bd342ffea7777'})
[2025-06-10 01:55:15] Récupération réussie: 200 images pour The Art of the Shoe
[2025-06-10 01:55:15] Voting fetching ...
[2025-06-10 01:55:15] The Art of the Shoe voting 70 images
[2025-06-10 01:55:16] The Art of the Shoe voted successfully
[2025-06-10 01:55:16] Processus supprimé pour bruno: the-art-of-the-shoe-vote-70-left-0H:4M - success
[2025-06-10 01:55:16] Processus mis à jour pour bruno: the-art-of-the-shoe-vote-70-left-0H:4M - success
[2025-06-10 01:55:17] Processus the-art-of-the-shoe-vote-70-left-0H:4M terminé avec succès (profil: bruno)
[2025-06-10 01:55:33] Challenges fetching ...
[2025-06-10 01:55:33] Challenges fetched successfully for bruno!
[2025-06-10 01:56:09] Processus mis à jour pour bruno: the-art-of-the-shoe-vote-20-left-0H:3M - executing
[2025-06-10 01:56:09] Traitement de vote pour The Art of the Shoe
[2025-06-10 01:56:09] The Art of the Shoe get vote panel
[2025-06-10 01:56:09] Processus associé: the-art-of-the-shoe-vote-20-left-0H:3M
[2025-06-10 01:56:09] Récupération des données de vote pour The Art of the Shoe (URL: the-art-of-the-shoe, HEADER:{'User-Agent': 'Mozilla/5.0 (X11; Linux i686; rv:39.0) Gecko/20100101 Firefox/39.0', 'x-api-version': '8', 'x-env': 'WEB', 'X-requested-with': 'XMLHttpRequest', 'X-token': 'a1cad95a6d480c14f51dd0eba4914c8337b893c789ec6278bb440c7c9a673b162f042470c62684e6da2bd342ffea7777'})
[2025-06-10 01:56:10] Récupération réussie: 200 images pour The Art of the Shoe
[2025-06-10 01:56:10] Voting fetching ...
[2025-06-10 01:56:10] The Art of the Shoe voting 20 images
[2025-06-10 01:56:10] The Art of the Shoe voted successfully
[2025-06-10 01:56:11] Processus supprimé pour bruno: the-art-of-the-shoe-vote-20-left-0H:3M - success
[2025-06-10 01:56:11] Processus mis à jour pour bruno: the-art-of-the-shoe-vote-20-left-0H:3M - success
[2025-06-10 01:56:11] Processus the-art-of-the-shoe-vote-20-left-0H:3M terminé avec succès (profil: bruno)
[2025-06-10 01:56:14] Challenges fetching ...
[2025-06-10 01:56:14] Challenges fetched successfully for bruno!
[2025-06-10 01:57:15] Processus mis à jour pour bruno: the-art-of-the-shoe-vote-20-left-0H:2M - executing
[2025-06-10 01:57:15] Traitement de vote pour The Art of the Shoe
[2025-06-10 01:57:15] The Art of the Shoe get vote panel
[2025-06-10 01:57:15] Processus associé: the-art-of-the-shoe-vote-20-left-0H:2M
[2025-06-10 01:57:15] Récupération des données de vote pour The Art of the Shoe (URL: the-art-of-the-shoe, HEADER:{'User-Agent': 'Mozilla/5.0 (X11; Linux i686; rv:39.0) Gecko/20100101 Firefox/39.0', 'x-api-version': '8', 'x-env': 'WEB', 'X-requested-with': 'XMLHttpRequest', 'X-token': 'a1cad95a6d480c14f51dd0eba4914c8337b893c789ec6278bb440c7c9a673b162f042470c62684e6da2bd342ffea7777'})
[2025-06-10 01:57:16] Récupération réussie: 200 images pour The Art of the Shoe
[2025-06-10 01:57:16] Voting fetching ...
[2025-06-10 01:57:16] The Art of the Shoe voting 20 images
[2025-06-10 01:57:17] The Art of the Shoe voted successfully
[2025-06-10 01:57:17] Processus supprimé pour bruno: the-art-of-the-shoe-vote-20-left-0H:2M - success
[2025-06-10 01:57:17] Processus mis à jour pour bruno: the-art-of-the-shoe-vote-20-left-0H:2M - success
[2025-06-10 01:57:17] Processus the-art-of-the-shoe-vote-20-left-0H:2M terminé avec succès (profil: bruno)
[2025-06-10 01:57:25] Challenges fetching ...
[2025-06-10 01:57:25] Challenges fetched successfully for bruno!
[2025-06-10 01:58:03] Processus mis à jour pour bruno: the-art-of-the-shoe-vote-20-left-0H:1M - executing
[2025-06-10 01:58:03] Traitement de vote pour The Art of the Shoe
[2025-06-10 01:58:03] The Art of the Shoe get vote panel
[2025-06-10 01:58:03] Processus associé: the-art-of-the-shoe-vote-20-left-0H:1M
[2025-06-10 01:58:03] Récupération des données de vote pour The Art of the Shoe (URL: the-art-of-the-shoe, HEADER:{'User-Agent': 'Mozilla/5.0 (X11; Linux i686; rv:39.0) Gecko/20100101 Firefox/39.0', 'x-api-version': '8', 'x-env': 'WEB', 'X-requested-with': 'XMLHttpRequest', 'X-token': 'a1cad95a6d480c14f51dd0eba4914c8337b893c789ec6278bb440c7c9a673b162f042470c62684e6da2bd342ffea7777'})
[2025-06-10 01:58:04] Récupération réussie: 200 images pour The Art of the Shoe
[2025-06-10 01:58:04] Voting fetching ...
[2025-06-10 01:58:04] The Art of the Shoe voting 20 images
[2025-06-10 01:58:05] The Art of the Shoe voted successfully
[2025-06-10 01:58:05] Processus supprimé pour bruno: the-art-of-the-shoe-vote-20-left-0H:1M - success
[2025-06-10 01:58:05] Processus mis à jour pour bruno: the-art-of-the-shoe-vote-20-left-0H:1M - success
[2025-06-10 01:58:05] Processus the-art-of-the-shoe-vote-20-left-0H:1M terminé avec succès (profil: bruno)
[2025-06-10 01:58:11] Challenges fetching ...
[2025-06-10 01:58:11] Challenges fetched successfully for bruno!
[2025-06-10 11:30:05] Refreshing challenges...
[2025-06-10 11:30:06] Fetching challenges...
[2025-06-10 11:30:06] Challenges fetching ...
[2025-06-10 11:30:06] Challenges fetched successfully for bruno!
[2025-06-10 11:32:54] Refreshing challenges...
[2025-06-10 11:32:55] Fetching challenges...
[2025-06-10 11:32:56] Challenges fetching ...
[2025-06-10 11:32:56] Lancement automatique des stratégies de fin pour 3 nouveaux challenges...
[2025-06-10 11:32:56] Nouveau challenge détecté pour pascale: Photography Sessions
[2025-06-10 11:32:56] Nouveau challenge détecté pour pascale: Photo of the Week!
[2025-06-10 11:32:56] Nouveau challenge détecté pour pascale: Humans Outside
[2025-06-10 11:32:56] Challenges fetched successfully for pascale!
[2025-06-10 11:33:01] Humans Outside get vote panel
[2025-06-10 11:33:01] Filling challenges: {101626}
Filled Humans Outside with strategy end4

[2025-06-10 11:33:01] Récupération des données de vote pour Humans Outside (URL: humans-outside1, HEADER:{'User-Agent': 'Mozilla/5.0 (X11; Linux i686; rv:39.0) Gecko/20100101 Firefox/39.0', 'x-api-version': '8', 'x-env': 'WEB', 'X-requested-with': 'XMLHttpRequest', 'X-token': 'f96bbe3a7e7f833329e7129767a69abbfa6dfce3152e3c2a311eb49d89b5c3bb2b12b66b402f03dce682b8b2b6a005cd'})
[2025-06-10 11:33:02] Récupération réussie: 200 images pour Humans Outside
[2025-06-10 11:33:02] Voting fetching ...
[2025-06-10 11:33:02] Humans Outside voting 35 images
[2025-06-10 11:33:03] Humans Outside voted successfully
[2025-06-10 11:33:06] Challenges fetching ...
[2025-06-10 11:33:06] Challenges fetched successfully for pascale!
[2025-06-10 11:33:21] Humans Outside get vote panel
[2025-06-10 11:33:21] Filling challenges: {101626}
Filled Humans Outside with strategy end4

[2025-06-10 11:33:21] Récupération des données de vote pour Humans Outside (URL: humans-outside1, HEADER:{'User-Agent': 'Mozilla/5.0 (X11; Linux i686; rv:39.0) Gecko/20100101 Firefox/39.0', 'x-api-version': '8', 'x-env': 'WEB', 'X-requested-with': 'XMLHttpRequest', 'X-token': 'f96bbe3a7e7f833329e7129767a69abbfa6dfce3152e3c2a311eb49d89b5c3bb2b12b66b402f03dce682b8b2b6a005cd'})
[2025-06-10 11:33:22] Récupération réussie: 200 images pour Humans Outside
[2025-06-10 11:33:22] Voting fetching ...
[2025-06-10 11:33:22] Humans Outside voting 35 images
[2025-06-10 11:33:23] Humans Outside voted successfully
[2025-06-10 11:33:26] Challenges fetching ...
[2025-06-10 11:33:26] Challenges fetched successfully for pascale!
[2025-06-10 11:37:43] Fetching challenges...
[2025-06-10 11:37:45] Challenges fetching ...
[2025-06-10 11:37:45] Lancement automatique des stratégies de fin pour 5 nouveaux challenges...
[2025-06-10 11:37:45] Nouveau challenge détecté pour bruno: Humans Outside
[2025-06-10 11:37:45] Nouveau challenge détecté pour bruno: Dramatic Lighting
[2025-06-10 11:37:45] Nouveau challenge détecté pour bruno: At The Railroad
[2025-06-10 11:37:45] Nouveau challenge détecté pour bruno: Delicious Desserts
[2025-06-10 11:37:45] Nouveau challenge détecté pour bruno: Best of Black & White
[2025-06-10 11:37:45] Challenges fetched successfully for bruno!
[2025-06-10 11:37:52] Humans Outside get vote panel
[2025-06-10 11:37:52] Filling challenges: {101626}
Filled Humans Outside with strategy end4

[2025-06-10 11:37:52] Récupération des données de vote pour Humans Outside (URL: humans-outside1, HEADER:{'User-Agent': 'Mozilla/5.0 (X11; Linux i686; rv:39.0) Gecko/20100101 Firefox/39.0', 'x-api-version': '8', 'x-env': 'WEB', 'X-requested-with': 'XMLHttpRequest', 'X-token': 'a1cad95a6d480c14f51dd0eba4914c8337b893c789ec6278bb440c7c9a673b162f042470c62684e6da2bd342ffea7777'})
[2025-06-10 11:37:53] Récupération réussie: 200 images pour Humans Outside
[2025-06-10 11:37:53] Voting fetching ...
[2025-06-10 11:37:53] Humans Outside voting 35 images
[2025-06-10 11:37:54] Humans Outside voted successfully
[2025-06-10 11:37:56] Challenges fetching ...
[2025-06-10 11:37:56] Challenges fetched successfully for bruno!
[2025-06-10 11:38:30] Delicious Desserts get vote panel
[2025-06-10 11:38:30] Filling challenges: {101618}
Filled Delicious Desserts with strategy end4

[2025-06-10 11:38:30] Récupération des données de vote pour Delicious Desserts (URL: delicious-desserts25, HEADER:{'User-Agent': 'Mozilla/5.0 (X11; Linux i686; rv:39.0) Gecko/20100101 Firefox/39.0', 'x-api-version': '8', 'x-env': 'WEB', 'X-requested-with': 'XMLHttpRequest', 'X-token': 'a1cad95a6d480c14f51dd0eba4914c8337b893c789ec6278bb440c7c9a673b162f042470c62684e6da2bd342ffea7777'})
[2025-06-10 11:38:30] Récupération réussie: 200 images pour Delicious Desserts
[2025-06-10 11:38:30] Voting fetching ...
[2025-06-10 11:38:30] Delicious Desserts voting 35 images
[2025-06-10 11:38:31] Delicious Desserts voted successfully
[2025-06-10 11:38:34] Challenges fetching ...
[2025-06-10 11:38:34] Challenges fetched successfully for bruno!
[2025-06-10 11:38:53] Refreshing challenges...
[2025-06-10 11:38:53] Fetching challenges...
[2025-06-10 11:38:53] Challenges fetching ...
[2025-06-10 11:38:53] Challenges fetched successfully for bruno!
[2025-06-10 11:48:18] Fetching challenges...
[2025-06-10 11:48:19] Challenges fetching ...
[2025-06-10 11:48:19] Lancement automatique des stratégies de fin pour 5 nouveaux challenges...
[2025-06-10 11:48:19] Nouveau challenge détecté pour bruno: At The Railroad
[2025-06-10 11:48:19] Nouveau challenge détecté pour bruno: Humans Outside
[2025-06-10 11:48:19] Nouveau challenge détecté pour bruno: Dramatic Lighting
[2025-06-10 11:48:19] Nouveau challenge détecté pour bruno: Delicious Desserts
[2025-06-10 11:48:19] Nouveau challenge détecté pour bruno: Best of Black & White
[2025-06-10 11:48:19] Challenges fetched successfully for bruno!
[2025-06-10 11:48:31] At The Railroad get vote panel
[2025-06-10 11:48:31] Filling challenges: {101622}
Filled At The Railroad with strategy end4

[2025-06-10 11:48:32] Récupération des données de vote pour At The Railroad (URL: at-the-railroad, HEADER:{'User-Agent': 'Mozilla/5.0 (X11; Linux i686; rv:39.0) Gecko/20100101 Firefox/39.0', 'x-api-version': '8', 'x-env': 'WEB', 'X-requested-with': 'XMLHttpRequest', 'X-token': 'a1cad95a6d480c14f51dd0eba4914c8337b893c789ec6278bb440c7c9a673b162f042470c62684e6da2bd342ffea7777'})
[2025-06-10 11:48:32] Récupération réussie: 200 images pour At The Railroad
[2025-06-10 11:48:32] Voting fetching ...
[2025-06-10 11:48:32] At The Railroad voting 35 images
[2025-06-10 11:48:33] At The Railroad voted successfully
[2025-06-10 11:48:36] Challenges fetching ...
[2025-06-10 11:48:36] Challenges fetched successfully for bruno!
[2025-06-10 11:51:39] Fetching challenges...
[2025-06-10 11:51:40] Challenges fetching ...
[2025-06-10 11:51:40] Lancement automatique des stratégies de fin pour 5 nouveaux challenges...
[2025-06-10 11:51:40] Nouveau challenge détecté pour bruno: Delicious Desserts
[2025-06-10 11:51:40] Nouveau challenge détecté pour bruno: Humans Outside
[2025-06-10 11:51:40] Nouveau challenge détecté pour bruno: Dramatic Lighting
[2025-06-10 11:51:40] Nouveau challenge détecté pour bruno: At The Railroad
[2025-06-10 11:51:40] Nouveau challenge détecté pour bruno: Best of Black & White
[2025-06-10 11:51:40] Challenges fetched successfully for bruno!
[2025-06-10 11:51:51] Dramatic Lighting get vote panel
[2025-06-10 11:51:51] Filling challenges: {101789}
Filled Dramatic Lighting with strategy end4

[2025-06-10 11:51:51] Récupération des données de vote pour Dramatic Lighting (URL: dramatic-lighting11, HEADER:{'User-Agent': 'Mozilla/5.0 (X11; Linux i686; rv:39.0) Gecko/20100101 Firefox/39.0', 'x-api-version': '8', 'x-env': 'WEB', 'X-requested-with': 'XMLHttpRequest', 'X-token': 'a1cad95a6d480c14f51dd0eba4914c8337b893c789ec6278bb440c7c9a673b162f042470c62684e6da2bd342ffea7777'})
[2025-06-10 11:51:52] Récupération réussie: 200 images pour Dramatic Lighting
[2025-06-10 11:51:52] Voting fetching ...
[2025-06-10 11:51:52] Dramatic Lighting voting 35 images
[2025-06-10 11:51:55] Dramatic Lighting voting 35 images
[2025-06-10 11:51:56] Dramatic Lighting voted successfully
[2025-06-10 11:51:58] Dramatic Lighting voted successfully
[2025-06-10 11:52:01] Challenges fetching ...
[2025-06-10 11:52:01] Challenges fetched successfully for bruno!
[2025-06-10 11:52:01] Challenges fetching ...
[2025-06-10 11:52:01] Challenges fetched successfully for bruno!
[2025-06-10 11:54:29] Fetching challenges...
[2025-06-10 11:54:30] Challenges fetching ...
[2025-06-10 11:54:30] Lancement automatique des stratégies de fin pour 17 nouveaux challenges...
[2025-06-10 11:54:30] Nouveau challenge détecté pour pascale: I Don't Like It
[2025-06-10 11:54:30] Nouveau challenge détecté pour pascale: Humans Outside
[2025-06-10 11:54:30] Nouveau challenge détecté pour pascale: At The Railroad
[2025-06-10 11:54:30] Nouveau challenge détecté pour pascale: Best of Black & White
[2025-06-10 11:54:30] Nouveau challenge détecté pour pascale: Guru of The Week
[2025-06-10 11:54:30] Nouveau challenge détecté pour pascale: Photography Sessions
[2025-06-10 11:54:30] Nouveau challenge détecté pour pascale: Juxtaposition
[2025-06-10 11:54:30] Nouveau challenge détecté pour pascale: Solo - Single Subject
[2025-06-10 11:54:30] Nouveau challenge détecté pour pascale: Interesting Angles
[2025-06-10 11:54:30] Nouveau challenge détecté pour pascale: Traveling The World
[2025-06-10 11:54:30] Nouveau challenge détecté pour pascale: Photographer of the Week
[2025-06-10 11:54:30] Nouveau challenge détecté pour pascale: A Light In The Dark
[2025-06-10 11:54:30] Nouveau challenge détecté pour pascale: SOOC (Straight Out Of Camera)
[2025-06-10 11:54:30] Nouveau challenge détecté pour pascale: Geese, Swans Or Ducks
[2025-06-10 11:54:30] Nouveau challenge détecté pour pascale: Dramatic Lighting
[2025-06-10 11:54:30] Nouveau challenge détecté pour pascale: Photo of the Week!
[2025-06-10 11:54:30] Nouveau challenge détecté pour pascale: My Exhibition Shot
[2025-06-10 11:54:30] Challenges fetched successfully for pascale!
[2025-06-10 11:54:46] Best of Black & White get vote panel
[2025-06-10 11:54:46] Filling challenges: {101222}
Filled Best of Black & White with strategy end4

[2025-06-10 11:54:46] Récupération des données de vote pour Best of Black & White (URL: best-of-black-white29, HEADER:{'User-Agent': 'Mozilla/5.0 (X11; Linux i686; rv:39.0) Gecko/20100101 Firefox/39.0', 'x-api-version': '8', 'x-env': 'WEB', 'X-requested-with': 'XMLHttpRequest', 'X-token': 'f96bbe3a7e7f833329e7129767a69abbfa6dfce3152e3c2a311eb49d89b5c3bb2b12b66b402f03dce682b8b2b6a005cd'})
[2025-06-10 11:54:47] Récupération réussie: 200 images pour Best of Black & White
[2025-06-10 11:54:47] Voting fetching ...
[2025-06-10 11:54:47] Best of Black & White voting 35 images
[2025-06-10 11:54:50] Best of Black & White voting 35 images
[2025-06-10 11:54:51] Best of Black & White voted successfully
[2025-06-10 11:54:53] Best of Black & White voted successfully
[2025-06-10 11:54:56] Challenges fetching ...
[2025-06-10 11:54:56] Challenges fetched successfully for pascale!
[2025-06-10 11:54:56] Challenges fetching ...
[2025-06-10 11:54:56] Challenges fetched successfully for pascale!
[2025-06-10 11:55:08] Dramatic Lighting get vote panel
[2025-06-10 11:55:08] Filling challenges: {101789}
Filled Dramatic Lighting with strategy end4

[2025-06-10 11:55:08] Récupération des données de vote pour Dramatic Lighting (URL: dramatic-lighting11, HEADER:{'User-Agent': 'Mozilla/5.0 (X11; Linux i686; rv:39.0) Gecko/20100101 Firefox/39.0', 'x-api-version': '8', 'x-env': 'WEB', 'X-requested-with': 'XMLHttpRequest', 'X-token': 'f96bbe3a7e7f833329e7129767a69abbfa6dfce3152e3c2a311eb49d89b5c3bb2b12b66b402f03dce682b8b2b6a005cd'})
[2025-06-10 11:55:09] Récupération réussie: 200 images pour Dramatic Lighting
[2025-06-10 11:55:09] Voting fetching ...
[2025-06-10 11:55:09] Dramatic Lighting voting 35 images
[2025-06-10 11:55:12] Dramatic Lighting voting 35 images
[2025-06-10 11:55:13] Dramatic Lighting voted successfully
[2025-06-10 11:55:15] Dramatic Lighting voted successfully
[2025-06-10 11:55:18] Challenges fetching ...
[2025-06-10 11:55:18] Challenges fetched successfully for pascale!
[2025-06-10 11:55:18] Challenges fetching ...
[2025-06-10 11:55:18] Challenges fetched successfully for pascale!
[2025-06-10 11:55:26] SOOC (Straight Out Of Camera) get vote panel
[2025-06-10 11:55:26] Filling challenges: {101585}
Filled SOOC (Straight Out Of Camera) with strategy end4

[2025-06-10 11:55:26] Récupération des données de vote pour SOOC (Straight Out Of Camera) (URL: sooc-straight-out-of-camera-23, HEADER:{'User-Agent': 'Mozilla/5.0 (X11; Linux i686; rv:39.0) Gecko/20100101 Firefox/39.0', 'x-api-version': '8', 'x-env': 'WEB', 'X-requested-with': 'XMLHttpRequest', 'X-token': 'f96bbe3a7e7f833329e7129767a69abbfa6dfce3152e3c2a311eb49d89b5c3bb2b12b66b402f03dce682b8b2b6a005cd'})
[2025-06-10 11:55:27] Récupération réussie: 200 images pour SOOC (Straight Out Of Camera)
[2025-06-10 11:55:27] Voting fetching ...
[2025-06-10 11:55:27] SOOC (Straight Out Of Camera) voting 35 images
[2025-06-10 11:55:30] SOOC (Straight Out Of Camera) voting 35 images
[2025-06-10 11:55:31] SOOC (Straight Out Of Camera) voted successfully
[2025-06-10 11:55:33] SOOC (Straight Out Of Camera) voted successfully
[2025-06-10 11:55:36] Challenges fetching ...
[2025-06-10 11:55:36] Challenges fetched successfully for pascale!
[2025-06-10 11:55:36] Challenges fetching ...
[2025-06-10 11:55:36] Challenges fetched successfully for pascale!
[2025-06-10 11:55:50] Geese, Swans Or Ducks get vote panel
[2025-06-10 11:55:50] Filling challenges: {101627}
Filled Geese, Swans Or Ducks with strategy end4

[2025-06-10 11:55:51] Récupération des données de vote pour Geese, Swans Or Ducks (URL: geese-swans-or-ducks2, HEADER:{'User-Agent': 'Mozilla/5.0 (X11; Linux i686; rv:39.0) Gecko/20100101 Firefox/39.0', 'x-api-version': '8', 'x-env': 'WEB', 'X-requested-with': 'XMLHttpRequest', 'X-token': 'f96bbe3a7e7f833329e7129767a69abbfa6dfce3152e3c2a311eb49d89b5c3bb2b12b66b402f03dce682b8b2b6a005cd'})
[2025-06-10 11:55:51] Récupération réussie: 200 images pour Geese, Swans Or Ducks
[2025-06-10 11:55:51] Voting fetching ...
[2025-06-10 11:55:51] Geese, Swans Or Ducks voting 35 images
[2025-06-10 11:55:54] Geese, Swans Or Ducks voting 35 images
[2025-06-10 11:55:55] Geese, Swans Or Ducks voted successfully
[2025-06-10 11:55:57] Geese, Swans Or Ducks voted successfully
[2025-06-10 11:56:00] Challenges fetching ...
[2025-06-10 11:56:00] Challenges fetched successfully for pascale!
[2025-06-10 11:56:00] Challenges fetching ...
[2025-06-10 11:56:00] Challenges fetched successfully for pascale!
[2025-06-10 11:56:27] Interesting Angles get vote panel
[2025-06-10 11:56:27] Filling challenges: {101596}
Filled Interesting Angles with strategy end4

[2025-06-10 11:56:27] Récupération des données de vote pour Interesting Angles (URL: interesting-angles, HEADER:{'User-Agent': 'Mozilla/5.0 (X11; Linux i686; rv:39.0) Gecko/20100101 Firefox/39.0', 'x-api-version': '8', 'x-env': 'WEB', 'X-requested-with': 'XMLHttpRequest', 'X-token': 'f96bbe3a7e7f833329e7129767a69abbfa6dfce3152e3c2a311eb49d89b5c3bb2b12b66b402f03dce682b8b2b6a005cd'})
[2025-06-10 11:56:28] Récupération réussie: 200 images pour Interesting Angles
[2025-06-10 11:56:28] Voting fetching ...
[2025-06-10 11:56:28] Interesting Angles voting 35 images
[2025-06-10 11:56:31] Interesting Angles voting 35 images
[2025-06-10 11:56:32] Interesting Angles voted successfully
[2025-06-10 11:56:34] Interesting Angles voted successfully
[2025-06-10 11:56:37] Challenges fetching ...
[2025-06-10 11:56:37] Challenges fetched successfully for pascale!
[2025-06-10 11:56:37] Challenges fetching ...
[2025-06-10 11:56:37] Challenges fetched successfully for pascale!
[2025-06-10 11:57:29] Solo - Single Subject get vote panel
[2025-06-10 11:57:29] Filling challenges: {102164}
Filled Solo - Single Subject with strategy end4

[2025-06-10 11:57:29] Récupération des données de vote pour Solo - Single Subject (URL: solo-single-subject32, HEADER:{'User-Agent': 'Mozilla/5.0 (X11; Linux i686; rv:39.0) Gecko/20100101 Firefox/39.0', 'x-api-version': '8', 'x-env': 'WEB', 'X-requested-with': 'XMLHttpRequest', 'X-token': 'f96bbe3a7e7f833329e7129767a69abbfa6dfce3152e3c2a311eb49d89b5c3bb2b12b66b402f03dce682b8b2b6a005cd'})
[2025-06-10 11:57:30] Récupération réussie: 200 images pour Solo - Single Subject
[2025-06-10 11:57:30] Voting fetching ...
[2025-06-10 11:57:30] Solo - Single Subject voting 35 images
[2025-06-10 11:57:33] Solo - Single Subject voting 35 images
[2025-06-10 11:57:34] Solo - Single Subject voted successfully
[2025-06-10 11:57:36] Solo - Single Subject voted successfully
[2025-06-10 11:57:39] Challenges fetching ...
[2025-06-10 11:57:39] Challenges fetched successfully for pascale!
[2025-06-10 11:57:39] Challenges fetching ...
[2025-06-10 11:57:39] Challenges fetched successfully for pascale!
[2025-06-10 15:07:56] Lancement de la stratégie end4 pour Humans Outside
[2025-06-10 15:07:56] Nouveau processus ajouté pour bruno: humans-outside1-vote-70-left-0H:4M - Statut: init
[2025-06-10 15:07:56] Traitement du challenge pour bruno: humans-outside1
[2025-06-10 15:07:56] Nouveau processus ajouté pour bruno: humans-outside1-vote-20-left-0H:3M - Statut: init
[2025-06-10 15:07:56] Traitement du challenge pour bruno: humans-outside1
[2025-06-10 15:07:56] Nouveau processus ajouté pour bruno: humans-outside1-vote-20-left-0H:2M - Statut: init
[2025-06-10 15:07:56] Processus mis à jour pour bruno: humans-outside1-vote-70-left-0H:4M - waiting
[2025-06-10 15:07:56] Traitement du challenge pour bruno: humans-outside1
[2025-06-10 15:07:56] Nouveau processus ajouté pour bruno: humans-outside1-vote-20-left-0H:1M - Statut: init
[2025-06-10 15:07:56] Traitement du challenge pour bruno: humans-outside1
[2025-06-10 15:07:56] Processus mis à jour pour bruno: humans-outside1-vote-20-left-0H:3M - waiting
[2025-06-10 15:07:56] Processus mis à jour pour bruno: humans-outside1-vote-20-left-0H:2M - waiting
[2025-06-10 15:07:56] Processus mis à jour pour bruno: humans-outside1-vote-20-left-0H:1M - waiting
[2025-06-10 15:07:56] Lancement de la stratégie end4 pour Delicious Desserts
[2025-06-10 15:07:56] Nouveau processus ajouté pour bruno: delicious-desserts25-vote-70-left-0H:4M - Statut: init
[2025-06-10 15:07:56] Traitement du challenge pour bruno: delicious-desserts25
[2025-06-10 15:07:56] Nouveau processus ajouté pour bruno: delicious-desserts25-vote-20-left-0H:3M - Statut: init
[2025-06-10 15:07:56] Traitement du challenge pour bruno: delicious-desserts25
[2025-06-10 15:07:56] Processus mis à jour pour bruno: delicious-desserts25-vote-70-left-0H:4M - waiting
[2025-06-10 15:07:56] Nouveau processus ajouté pour bruno: delicious-desserts25-vote-20-left-0H:2M - Statut: init
[2025-06-10 15:07:56] Nouveau processus ajouté pour bruno: delicious-desserts25-vote-20-left-0H:1M - Statut: init
[2025-06-10 15:07:56] Traitement du challenge pour bruno: delicious-desserts25
[2025-06-10 15:07:56] Traitement du challenge pour bruno: delicious-desserts25
[2025-06-10 15:07:56] Processus mis à jour pour bruno: delicious-desserts25-vote-20-left-0H:3M - waiting
[2025-06-10 15:07:56] Processus mis à jour pour bruno: delicious-desserts25-vote-20-left-0H:2M - waiting
[2025-06-10 15:07:56] Processus mis à jour pour bruno: delicious-desserts25-vote-20-left-0H:1M - waiting
[2025-06-10 15:07:56] Application des stratégies pour les challenges sélectionnés:
- Humans Outside avec stratégie end4
- Delicious Desserts avec stratégie end4

[2025-06-10 15:08:17] Stratégie de Best of Black & White mise à jour: fills
[2025-06-10 15:08:17] Stratégie enregistrée pour bruno: best-of-black-white29 = fills
[2025-06-10 15:08:28] Lancement de la stratégie fills pour Best of Black & White
[2025-06-10 15:08:28] Nouveau processus ajouté pour bruno: best-of-black-white29-vote-1-left-13H:30M - Statut: init
[2025-06-10 15:08:28] Traitement du challenge pour bruno: best-of-black-white29
[2025-06-10 15:08:28] Processus mis à jour pour bruno: best-of-black-white29-vote-1-left-13H:30M - waiting
[2025-06-10 15:08:28] Stratégie chargée depuis gsgui.ini pour bruno/Best of Black & White: fills
[2025-06-10 15:08:28] Application des stratégies pour les challenges sélectionnés:
- Best of Black & White avec stratégie fills

[2025-06-10 16:05:09] Processus mis à jour pour bruno: humans-outside1-vote-70-left-0H:4M - executing
[2025-06-10 16:05:09] Traitement de vote pour Humans Outside
[2025-06-10 16:05:09] Humans Outside get vote panel
[2025-06-10 16:05:09] Processus associé: humans-outside1-vote-70-left-0H:4M
[2025-06-10 16:05:09] Récupération des données de vote pour Humans Outside (URL: humans-outside1, HEADER:{'User-Agent': 'Mozilla/5.0 (X11; Linux i686; rv:39.0) Gecko/20100101 Firefox/39.0', 'x-api-version': '8', 'x-env': 'WEB', 'X-requested-with': 'XMLHttpRequest', 'X-token': 'a1cad95a6d480c14f51dd0eba4914c8337b893c789ec6278bb440c7c9a673b162f042470c62684e6da2bd342ffea7777'})
[2025-06-10 16:05:11] Récupération réussie: 200 images pour Humans Outside
[2025-06-10 16:05:11] Voting fetching ...
[2025-06-10 16:05:11] Humans Outside voting 70 images
[2025-06-10 16:05:11] Stratégie chargée depuis gsgui.ini pour bruno/Best of Black & White: fills
[2025-06-10 16:05:14] Humans Outside voting 70 images
[2025-06-10 16:05:14] Stratégie chargée depuis gsgui.ini pour bruno/Best of Black & White: fills
[2025-06-10 16:05:15] Humans Outside voted successfully
[2025-06-10 16:05:15] Processus supprimé pour bruno: humans-outside1-vote-70-left-0H:4M - success
[2025-06-10 16:05:15] Processus mis à jour pour bruno: humans-outside1-vote-70-left-0H:4M - success
[2025-06-10 16:05:15] Stratégie chargée depuis gsgui.ini pour bruno/Best of Black & White: fills
[2025-06-10 16:05:15] Processus humans-outside1-vote-70-left-0H:4M terminé avec succès (profil: bruno)
[2025-06-10 16:05:17] Humans Outside voted successfully
[2025-06-10 16:05:20] Challenges fetching ...
[2025-06-10 16:05:20] Stratégie chargée depuis gsgui.ini pour bruno/Best of Black & White: fills
[2025-06-10 16:05:20] Lancement automatique des stratégies de fin pour 1 nouveaux challenges...
[2025-06-10 16:05:20] Nouveau challenge détecté pour bruno: A Light In The Dark
[2025-06-10 16:05:20] Challenges fetched successfully for bruno!
[2025-06-10 16:05:20] Stratégie chargée depuis gsgui.ini pour bruno/Best of Black & White: fills
[2025-06-10 16:05:20] Challenges fetching ...
[2025-06-10 16:05:20] Stratégie chargée depuis gsgui.ini pour bruno/Best of Black & White: fills
[2025-06-10 16:05:20] Challenges fetched successfully for bruno!
[2025-06-10 16:05:20] Stratégie chargée depuis gsgui.ini pour bruno/Best of Black & White: fills
[2025-06-10 16:07:15] Processus mis à jour pour bruno: humans-outside1-vote-20-left-0H:2M - executing
[2025-06-10 16:07:15] Traitement de vote pour Humans Outside
[2025-06-10 16:07:15] Humans Outside get vote panel
[2025-06-10 16:07:15] Processus associé: humans-outside1-vote-20-left-0H:2M
[2025-06-10 16:07:15] Récupération des données de vote pour Humans Outside (URL: humans-outside1, HEADER:{'User-Agent': 'Mozilla/5.0 (X11; Linux i686; rv:39.0) Gecko/20100101 Firefox/39.0', 'x-api-version': '8', 'x-env': 'WEB', 'X-requested-with': 'XMLHttpRequest', 'X-token': 'a1cad95a6d480c14f51dd0eba4914c8337b893c789ec6278bb440c7c9a673b162f042470c62684e6da2bd342ffea7777'})
[2025-06-10 16:07:15] Processus mis à jour pour bruno: humans-outside1-vote-20-left-0H:3M - executing
[2025-06-10 16:07:15] Traitement de vote pour Humans Outside
[2025-06-10 16:07:15] Humans Outside get vote panel
[2025-06-10 16:07:15] Processus associé: humans-outside1-vote-20-left-0H:3M
[2025-06-10 16:07:15] Récupération des données de vote pour Humans Outside (URL: humans-outside1, HEADER:{'User-Agent': 'Mozilla/5.0 (X11; Linux i686; rv:39.0) Gecko/20100101 Firefox/39.0', 'x-api-version': '8', 'x-env': 'WEB', 'X-requested-with': 'XMLHttpRequest', 'X-token': 'a1cad95a6d480c14f51dd0eba4914c8337b893c789ec6278bb440c7c9a673b162f042470c62684e6da2bd342ffea7777'})
[2025-06-10 16:07:16] Récupération réussie: 200 images pour Humans Outside
[2025-06-10 16:07:16] Voting fetching ...
[2025-06-10 16:07:16] Humans Outside voting 20 images
[2025-06-10 16:07:16] Stratégie chargée depuis gsgui.ini pour bruno/Best of Black & White: fills
[2025-06-10 16:07:19] Humans Outside voting 20 images
[2025-06-10 16:07:19] Stratégie chargée depuis gsgui.ini pour bruno/Best of Black & White: fills
[2025-06-10 16:07:19] Récupération réussie: 200 images pour Humans Outside
[2025-06-10 16:07:19] Voting fetching ...
[2025-06-10 16:07:19] Humans Outside voting 20 images
[2025-06-10 16:07:19] Stratégie chargée depuis gsgui.ini pour bruno/Best of Black & White: fills
[2025-06-10 16:07:22] Humans Outside voting 20 images
[2025-06-10 16:07:22] Stratégie chargée depuis gsgui.ini pour bruno/Best of Black & White: fills
[2025-06-10 16:07:23] Humans Outside voted successfully
[2025-06-10 16:07:23] Processus supprimé pour bruno: humans-outside1-vote-20-left-0H:3M - success
[2025-06-10 16:07:23] Processus mis à jour pour bruno: humans-outside1-vote-20-left-0H:3M - success
[2025-06-10 16:07:23] Stratégie chargée depuis gsgui.ini pour bruno/Best of Black & White: fills
[2025-06-10 16:07:23] Processus humans-outside1-vote-20-left-0H:3M terminé avec succès (profil: bruno)
[2025-06-10 16:07:25] Humans Outside voted successfully
[2025-06-10 16:07:27] Humans Outside voted successfully
[2025-06-10 16:07:29] Humans Outside voted successfully
[2025-06-10 16:07:32] Challenges fetching ...
[2025-06-10 16:07:32] Stratégie chargée depuis gsgui.ini pour bruno/Best of Black & White: fills
[2025-06-10 16:07:32] Challenges fetched successfully for bruno!
[2025-06-10 16:07:32] Stratégie chargée depuis gsgui.ini pour bruno/Best of Black & White: fills
[2025-06-10 16:07:32] Challenges fetching ...
[2025-06-10 16:07:32] Stratégie chargée depuis gsgui.ini pour bruno/Best of Black & White: fills
[2025-06-10 16:07:32] Challenges fetched successfully for bruno!
[2025-06-10 16:07:32] Stratégie chargée depuis gsgui.ini pour bruno/Best of Black & White: fills
[2025-06-10 16:07:32] Challenges fetching ...
[2025-06-10 16:07:32] Stratégie chargée depuis gsgui.ini pour bruno/Best of Black & White: fills
[2025-06-10 16:07:32] Challenges fetched successfully for bruno!
[2025-06-10 16:07:32] Stratégie chargée depuis gsgui.ini pour bruno/Best of Black & White: fills
[2025-06-10 16:07:32] Challenges fetching ...
[2025-06-10 16:07:32] Stratégie chargée depuis gsgui.ini pour bruno/Best of Black & White: fills
[2025-06-10 16:07:32] Challenges fetched successfully for bruno!
[2025-06-10 16:07:32] Stratégie chargée depuis gsgui.ini pour bruno/Best of Black & White: fills
[2025-06-10 16:07:37] Processus suspect (format de date invalide): humans-outside1-vote-20-left-0H:2M (profil: bruno)
[2025-06-10 16:07:37] Processus supprimé pour bruno: humans-outside1-vote-20-left-0H:2M - zombie
[2025-06-10 16:07:37] Processus mis à jour pour bruno: humans-outside1-vote-20-left-0H:2M - zombie
[2025-06-10 16:07:37] Stratégie chargée depuis gsgui.ini pour bruno/Best of Black & White: fills
[2025-06-10 16:08:02] Processus mis à jour pour bruno: humans-outside1-vote-20-left-0H:1M - executing
[2025-06-10 16:08:02] Traitement de vote pour Humans Outside
[2025-06-10 16:08:02] Humans Outside get vote panel
[2025-06-10 16:08:02] Processus associé: humans-outside1-vote-20-left-0H:1M
[2025-06-10 16:08:02] Récupération des données de vote pour Humans Outside (URL: humans-outside1, HEADER:{'User-Agent': 'Mozilla/5.0 (X11; Linux i686; rv:39.0) Gecko/20100101 Firefox/39.0', 'x-api-version': '8', 'x-env': 'WEB', 'X-requested-with': 'XMLHttpRequest', 'X-token': 'a1cad95a6d480c14f51dd0eba4914c8337b893c789ec6278bb440c7c9a673b162f042470c62684e6da2bd342ffea7777'})
[2025-06-10 16:08:03] Récupération réussie: 200 images pour Humans Outside
[2025-06-10 16:08:03] Voting fetching ...
[2025-06-10 16:08:03] Humans Outside voting 20 images
[2025-06-10 16:08:03] Stratégie chargée depuis gsgui.ini pour bruno/Best of Black & White: fills
[2025-06-10 16:08:06] Humans Outside voting 20 images
[2025-06-10 16:08:06] Stratégie chargée depuis gsgui.ini pour bruno/Best of Black & White: fills
[2025-06-10 16:08:07] Humans Outside voted successfully
[2025-06-10 16:08:07] Processus supprimé pour bruno: humans-outside1-vote-20-left-0H:1M - success
[2025-06-10 16:08:07] Processus mis à jour pour bruno: humans-outside1-vote-20-left-0H:1M - success
[2025-06-10 16:08:07] Stratégie chargée depuis gsgui.ini pour bruno/Best of Black & White: fills
[2025-06-10 16:08:07] Processus humans-outside1-vote-20-left-0H:1M terminé avec succès (profil: bruno)
[2025-06-10 16:08:09] Humans Outside voted successfully
[2025-06-10 16:08:12] Challenges fetching ...
[2025-06-10 16:08:12] Stratégie chargée depuis gsgui.ini pour bruno/Best of Black & White: fills
[2025-06-10 16:08:12] Challenges fetched successfully for bruno!
[2025-06-10 16:08:12] Stratégie chargée depuis gsgui.ini pour bruno/Best of Black & White: fills
[2025-06-10 16:08:12] Challenges fetching ...
[2025-06-10 16:08:13] Stratégie chargée depuis gsgui.ini pour bruno/Best of Black & White: fills
[2025-06-10 16:08:13] Challenges fetched successfully for bruno!
[2025-06-10 16:08:13] Stratégie chargée depuis gsgui.ini pour bruno/Best of Black & White: fills
[2025-06-10 17:34:45] Fetching challenges...
[2025-06-10 17:34:47] Challenges fetching ...
[2025-06-10 17:34:47] Lancement automatique des stratégies de fin pour 17 nouveaux challenges...
[2025-06-10 17:34:47] Nouveau challenge détecté pour pascale: Photography Sessions
[2025-06-10 17:34:47] Nouveau challenge détecté pour pascale: SOOC (Straight Out Of Camera)
[2025-06-10 17:34:47] Nouveau challenge détecté pour pascale: Best of Black & White
[2025-06-10 17:34:47] Nouveau challenge détecté pour pascale: My Exhibition Shot
[2025-06-10 17:34:47] Nouveau challenge détecté pour pascale: Ancient Ruins
[2025-06-10 17:34:47] Nouveau challenge détecté pour pascale: Geese, Swans Or Ducks
[2025-06-10 17:34:47] Nouveau challenge détecté pour pascale: Juxtaposition
[2025-06-10 17:34:47] Nouveau challenge détecté pour pascale: Solo - Single Subject
[2025-06-10 17:34:47] Nouveau challenge détecté pour pascale: Interesting Angles
[2025-06-10 17:34:47] Nouveau challenge détecté pour pascale: Traveling The World
[2025-06-10 17:34:47] Nouveau challenge détecté pour pascale: Photographer of the Week
[2025-06-10 17:34:47] Nouveau challenge détecté pour pascale: At The Railroad
[2025-06-10 17:34:47] Nouveau challenge détecté pour pascale: I Don't Like It
[2025-06-10 17:34:47] Nouveau challenge détecté pour pascale: Guru of The Week
[2025-06-10 17:34:47] Nouveau challenge détecté pour pascale: A Light In The Dark
[2025-06-10 17:34:47] Nouveau challenge détecté pour pascale: Photo of the Week!
[2025-06-10 17:34:47] Nouveau challenge détecté pour pascale: Dramatic Lighting
[2025-06-10 17:34:47] Challenges fetched successfully for pascale!
[2025-06-10 17:34:59] Fetching challenges...
[2025-06-10 17:35:01] Challenges fetching ...
[2025-06-10 17:35:01] Stratégie chargée depuis gsgui.ini pour bruno/Best of Black & White: fills
[2025-06-10 17:35:01] Lancement automatique des stratégies de fin pour 5 nouveaux challenges...
[2025-06-10 17:35:01] Nouveau challenge détecté pour bruno: A Light In The Dark
[2025-06-10 17:35:01] Nouveau challenge détecté pour bruno: Dramatic Lighting
[2025-06-10 17:35:01] Nouveau challenge détecté pour bruno: Delicious Desserts
[2025-06-10 17:35:01] Nouveau challenge détecté pour bruno: Best of Black & White
[2025-06-10 17:35:01] Nouveau challenge détecté pour bruno: At The Railroad
[2025-06-10 17:35:01] Challenges fetched successfully for bruno!
[2025-06-10 17:35:01] Stratégie chargée depuis gsgui.ini pour bruno/Best of Black & White: fills
[2025-06-10 17:35:05] Stratégie de Best of Black & White mise à jour: end4
[2025-06-10 17:35:05] Stratégie enregistrée pour bruno: best-of-black-white29 = end4
[2025-06-10 22:28:04] Fetching challenges...
[2025-06-10 22:28:06] Challenges fetching ...
[2025-06-10 22:28:06] Stratégie chargée depuis gsgui.ini pour bruno/Best of Black & White: end4
[2025-06-10 22:28:06] Lancement automatique des stratégies de fin pour 7 nouveaux challenges...
[2025-06-10 22:28:06] Nouveau challenge détecté pour bruno: Best of Black & White
[2025-06-10 22:28:06] Nouveau challenge détecté pour bruno: Photography Sessions
[2025-06-10 22:28:06] Nouveau challenge détecté pour bruno: At The Railroad
[2025-06-10 22:28:06] Nouveau challenge détecté pour bruno: Your Photography Goal
[2025-06-10 22:28:06] Nouveau challenge détecté pour bruno: A Light In The Dark
[2025-06-10 22:28:06] Nouveau challenge détecté pour bruno: Things Starting With ‘W’
[2025-06-10 22:28:06] Nouveau challenge détecté pour bruno: Dramatic Lighting
[2025-06-10 22:28:06] Challenges fetched successfully for bruno!
[2025-06-10 22:28:06] Stratégie chargée depuis gsgui.ini pour bruno/Best of Black & White: end4
[2025-06-10 22:29:21] Fetching challenges...
[2025-06-10 22:29:23] Challenges fetching ...
[2025-06-10 22:29:23] Lancement automatique des stratégies de fin pour 16 nouveaux challenges...
[2025-06-10 22:29:23] Nouveau challenge détecté pour pascale: Photography Sessions
[2025-06-10 22:29:23] Nouveau challenge détecté pour pascale: My Exhibition Shot
[2025-06-10 22:29:23] Nouveau challenge détecté pour pascale: Dramatic Lighting
[2025-06-10 22:29:23] Nouveau challenge détecté pour pascale: Guru of The Week
[2025-06-10 22:29:23] Nouveau challenge détecté pour pascale: Ancient Ruins
[2025-06-10 22:29:23] Nouveau challenge détecté pour pascale: Geese, Swans Or Ducks
[2025-06-10 22:29:23] Nouveau challenge détecté pour pascale: Juxtaposition
[2025-06-10 22:29:23] Nouveau challenge détecté pour pascale: Best of Black & White
[2025-06-10 22:29:23] Nouveau challenge détecté pour pascale: Interesting Angles
[2025-06-10 22:29:23] Nouveau challenge détecté pour pascale: Photographer of the Week
[2025-06-10 22:29:23] Nouveau challenge détecté pour pascale: Solo - Single Subject
[2025-06-10 22:29:23] Nouveau challenge détecté pour pascale: At The Railroad
[2025-06-10 22:29:23] Nouveau challenge détecté pour pascale: I Don't Like It
[2025-06-10 22:29:23] Nouveau challenge détecté pour pascale: Traveling The World
[2025-06-10 22:29:23] Nouveau challenge détecté pour pascale: A Light In The Dark
[2025-06-10 22:29:23] Nouveau challenge détecté pour pascale: Photo of the Week!
[2025-06-10 22:29:23] Challenges fetched successfully for pascale!
[2025-06-10 22:30:07] Traveling The World get vote panel
[2025-06-10 22:30:07] Photography Sessions get vote panel
[2025-06-10 22:30:07] Best of Black & White get vote panel
[2025-06-10 22:30:07] My Exhibition Shot get vote panel
[2025-06-10 22:30:07] A Light In The Dark get vote panel
[2025-06-10 22:30:07] Solo - Single Subject get vote panel
[2025-06-10 22:30:07] Photographer of the Week get vote panel
[2025-06-10 22:30:07] At The Railroad get vote panel
[2025-06-10 22:30:07] Guru of The Week get vote panel
[2025-06-10 22:30:07] I Don't Like It get vote panel
[2025-06-10 22:30:07] Ancient Ruins get vote panel
[2025-06-10 22:30:07] Interesting Angles get vote panel
[2025-06-10 22:30:07] Dramatic Lighting get vote panel
[2025-06-10 22:30:07] Photo of the Week! get vote panel
[2025-06-10 22:30:07] Filling challenges: {101794, 101637, 101222, 101223, 101642, 102164, 102229, 101622, 102231, 101621, 101595, 101596, 101789, 102238}
Filled Traveling The World with strategy end4
Filled Photography Sessions with strategy end4
Filled Best of Black & White with strategy end4
Filled My Exhibition Shot with strategy end4
Filled A Light In The Dark with strategy end4
Filled Solo - Single Subject with strategy end4
Filled Photographer of the Week with strategy end4
Filled At The Railroad with strategy end4
Filled Guru of The Week with strategy end4
Filled I Don't Like It with strategy end4
Filled Ancient Ruins with strategy end4
Filled Interesting Angles with strategy end4
Filled Dramatic Lighting with strategy end4
Filled Photo of the Week! with strategy end4

[2025-06-10 22:30:07] Récupération des données de vote pour Traveling The World (URL: travel-stories6, HEADER:{'User-Agent': 'Mozilla/5.0 (X11; Linux i686; rv:39.0) Gecko/20100101 Firefox/39.0', 'x-api-version': '8', 'x-env': 'WEB', 'X-requested-with': 'XMLHttpRequest', 'X-token': 'f96bbe3a7e7f833329e7129767a69abbfa6dfce3152e3c2a311eb49d89b5c3bb2b12b66b402f03dce682b8b2b6a005cd'})
[2025-06-10 22:30:07] Récupération des données de vote pour Photography Sessions (URL: photography-sessions, HEADER:{'User-Agent': 'Mozilla/5.0 (X11; Linux i686; rv:39.0) Gecko/20100101 Firefox/39.0', 'x-api-version': '8', 'x-env': 'WEB', 'X-requested-with': 'XMLHttpRequest', 'X-token': 'f96bbe3a7e7f833329e7129767a69abbfa6dfce3152e3c2a311eb49d89b5c3bb2b12b66b402f03dce682b8b2b6a005cd'})
[2025-06-10 22:30:07] Récupération des données de vote pour Best of Black & White (URL: best-of-black-white29, HEADER:{'User-Agent': 'Mozilla/5.0 (X11; Linux i686; rv:39.0) Gecko/20100101 Firefox/39.0', 'x-api-version': '8', 'x-env': 'WEB', 'X-requested-with': 'XMLHttpRequest', 'X-token': 'f96bbe3a7e7f833329e7129767a69abbfa6dfce3152e3c2a311eb49d89b5c3bb2b12b66b402f03dce682b8b2b6a005cd'})
[2025-06-10 22:30:07] Récupération des données de vote pour My Exhibition Shot (URL: my-exhibition-shot14, HEADER:{'User-Agent': 'Mozilla/5.0 (X11; Linux i686; rv:39.0) Gecko/20100101 Firefox/39.0', 'x-api-version': '8', 'x-env': 'WEB', 'X-requested-with': 'XMLHttpRequest', 'X-token': 'f96bbe3a7e7f833329e7129767a69abbfa6dfce3152e3c2a311eb49d89b5c3bb2b12b66b402f03dce682b8b2b6a005cd'})
[2025-06-10 22:30:07] Récupération des données de vote pour A Light In The Dark (URL: a-light-in-the-dark1, HEADER:{'User-Agent': 'Mozilla/5.0 (X11; Linux i686; rv:39.0) Gecko/20100101 Firefox/39.0', 'x-api-version': '8', 'x-env': 'WEB', 'X-requested-with': 'XMLHttpRequest', 'X-token': 'f96bbe3a7e7f833329e7129767a69abbfa6dfce3152e3c2a311eb49d89b5c3bb2b12b66b402f03dce682b8b2b6a005cd'})
[2025-06-10 22:30:07] Récupération des données de vote pour Solo - Single Subject (URL: solo-single-subject32, HEADER:{'User-Agent': 'Mozilla/5.0 (X11; Linux i686; rv:39.0) Gecko/20100101 Firefox/39.0', 'x-api-version': '8', 'x-env': 'WEB', 'X-requested-with': 'XMLHttpRequest', 'X-token': 'f96bbe3a7e7f833329e7129767a69abbfa6dfce3152e3c2a311eb49d89b5c3bb2b12b66b402f03dce682b8b2b6a005cd'})
[2025-06-10 22:30:07] Récupération des données de vote pour Photographer of the Week (URL: photographer-of-the-week211, HEADER:{'User-Agent': 'Mozilla/5.0 (X11; Linux i686; rv:39.0) Gecko/20100101 Firefox/39.0', 'x-api-version': '8', 'x-env': 'WEB', 'X-requested-with': 'XMLHttpRequest', 'X-token': 'f96bbe3a7e7f833329e7129767a69abbfa6dfce3152e3c2a311eb49d89b5c3bb2b12b66b402f03dce682b8b2b6a005cd'})
[2025-06-10 22:30:07] Récupération des données de vote pour At The Railroad (URL: at-the-railroad, HEADER:{'User-Agent': 'Mozilla/5.0 (X11; Linux i686; rv:39.0) Gecko/20100101 Firefox/39.0', 'x-api-version': '8', 'x-env': 'WEB', 'X-requested-with': 'XMLHttpRequest', 'X-token': 'f96bbe3a7e7f833329e7129767a69abbfa6dfce3152e3c2a311eb49d89b5c3bb2b12b66b402f03dce682b8b2b6a005cd'})
[2025-06-10 22:30:07] Récupération des données de vote pour Guru of The Week (URL: guru-of-the-week37, HEADER:{'User-Agent': 'Mozilla/5.0 (X11; Linux i686; rv:39.0) Gecko/20100101 Firefox/39.0', 'x-api-version': '8', 'x-env': 'WEB', 'X-requested-with': 'XMLHttpRequest', 'X-token': 'f96bbe3a7e7f833329e7129767a69abbfa6dfce3152e3c2a311eb49d89b5c3bb2b12b66b402f03dce682b8b2b6a005cd'})
[2025-06-10 22:30:07] Récupération des données de vote pour I Don't Like It (URL: i-don-t-like-it, HEADER:{'User-Agent': 'Mozilla/5.0 (X11; Linux i686; rv:39.0) Gecko/20100101 Firefox/39.0', 'x-api-version': '8', 'x-env': 'WEB', 'X-requested-with': 'XMLHttpRequest', 'X-token': 'f96bbe3a7e7f833329e7129767a69abbfa6dfce3152e3c2a311eb49d89b5c3bb2b12b66b402f03dce682b8b2b6a005cd'})
[2025-06-10 22:30:07] Récupération des données de vote pour Ancient Ruins (URL: ancient-ruins1, HEADER:{'User-Agent': 'Mozilla/5.0 (X11; Linux i686; rv:39.0) Gecko/20100101 Firefox/39.0', 'x-api-version': '8', 'x-env': 'WEB', 'X-requested-with': 'XMLHttpRequest', 'X-token': 'f96bbe3a7e7f833329e7129767a69abbfa6dfce3152e3c2a311eb49d89b5c3bb2b12b66b402f03dce682b8b2b6a005cd'})
[2025-06-10 22:30:07] Récupération des données de vote pour Interesting Angles (URL: interesting-angles, HEADER:{'User-Agent': 'Mozilla/5.0 (X11; Linux i686; rv:39.0) Gecko/20100101 Firefox/39.0', 'x-api-version': '8', 'x-env': 'WEB', 'X-requested-with': 'XMLHttpRequest', 'X-token': 'f96bbe3a7e7f833329e7129767a69abbfa6dfce3152e3c2a311eb49d89b5c3bb2b12b66b402f03dce682b8b2b6a005cd'})
[2025-06-10 22:30:07] Récupération des données de vote pour Dramatic Lighting (URL: dramatic-lighting11, HEADER:{'User-Agent': 'Mozilla/5.0 (X11; Linux i686; rv:39.0) Gecko/20100101 Firefox/39.0', 'x-api-version': '8', 'x-env': 'WEB', 'X-requested-with': 'XMLHttpRequest', 'X-token': 'f96bbe3a7e7f833329e7129767a69abbfa6dfce3152e3c2a311eb49d89b5c3bb2b12b66b402f03dce682b8b2b6a005cd'})
[2025-06-10 22:30:07] Récupération des données de vote pour Photo of the Week! (URL: photo-of-the-week-300, HEADER:{'User-Agent': 'Mozilla/5.0 (X11; Linux i686; rv:39.0) Gecko/20100101 Firefox/39.0', 'x-api-version': '8', 'x-env': 'WEB', 'X-requested-with': 'XMLHttpRequest', 'X-token': 'f96bbe3a7e7f833329e7129767a69abbfa6dfce3152e3c2a311eb49d89b5c3bb2b12b66b402f03dce682b8b2b6a005cd'})
[2025-06-10 22:30:08] Récupération réussie: 200 images pour Photo of the Week!
[2025-06-10 22:30:08] Voting fetching ...
[2025-06-10 22:30:08] Photo of the Week! voting 35 images
[2025-06-10 22:30:11] Photo of the Week! voting 35 images
[2025-06-10 22:30:11] Récupération réussie: 200 images pour Guru of The Week
[2025-06-10 22:30:11] Voting fetching ...
[2025-06-10 22:30:11] Guru of The Week voting 35 images
[2025-06-10 22:30:14] Guru of The Week voting 35 images
[2025-06-10 22:30:14] Récupération réussie: 200 images pour I Don't Like It
[2025-06-10 22:30:14] Voting fetching ...
[2025-06-10 22:30:14] I Don't Like It voting 35 images
[2025-06-10 22:30:17] I Don't Like It voting 35 images
[2025-06-10 22:30:17] Récupération réussie: 200 images pour Ancient Ruins
[2025-06-10 22:30:17] Voting fetching ...
[2025-06-10 22:30:17] Ancient Ruins voting 35 images
[2025-06-10 22:30:20] Ancient Ruins voting 35 images
[2025-06-10 22:30:20] Récupération réussie: 200 images pour Photography Sessions
[2025-06-10 22:30:20] Voting fetching ...
[2025-06-10 22:30:20] Photography Sessions voting 35 images
[2025-06-10 22:30:23] Photography Sessions voting 35 images
[2025-06-10 22:30:23] Récupération réussie: 200 images pour Interesting Angles
[2025-06-10 22:30:23] Voting fetching ...
[2025-06-10 22:30:23] Interesting Angles voting 35 images
[2025-06-10 22:30:26] Interesting Angles voting 35 images
[2025-06-10 22:30:26] Récupération réussie: 200 images pour At The Railroad
[2025-06-10 22:30:26] Voting fetching ...
[2025-06-10 22:30:26] At The Railroad voting 35 images
[2025-06-10 22:30:29] At The Railroad voting 35 images
[2025-06-10 22:30:29] Récupération réussie: 200 images pour Photographer of the Week
[2025-06-10 22:30:29] Voting fetching ...
[2025-06-10 22:30:29] Photographer of the Week voting 35 images
[2025-06-10 22:30:32] Photographer of the Week voting 35 images
[2025-06-10 22:30:32] Récupération réussie: 200 images pour Solo - Single Subject
[2025-06-10 22:30:32] Voting fetching ...
[2025-06-10 22:30:32] Solo - Single Subject voting 35 images
[2025-06-10 22:30:35] Solo - Single Subject voting 35 images
[2025-06-10 22:30:35] Récupération réussie: 200 images pour A Light In The Dark
[2025-06-10 22:30:35] Voting fetching ...
[2025-06-10 22:30:35] A Light In The Dark voting 35 images
[2025-06-10 22:30:38] A Light In The Dark voting 35 images
[2025-06-10 22:30:38] Récupération réussie: 200 images pour Traveling The World
[2025-06-10 22:30:38] Voting fetching ...
[2025-06-10 22:30:38] Traveling The World voting 35 images
[2025-06-10 22:30:41] Traveling The World voting 35 images
[2025-06-10 22:30:41] Récupération réussie: 200 images pour Best of Black & White
[2025-06-10 22:30:41] Voting fetching ...
[2025-06-10 22:30:41] Best of Black & White voting 35 images
[2025-06-10 22:30:45] Best of Black & White voting 35 images
[2025-06-10 22:30:45] Récupération réussie: 200 images pour Dramatic Lighting
[2025-06-10 22:30:45] Voting fetching ...
[2025-06-10 22:30:45] Dramatic Lighting voting 35 images
[2025-06-10 22:30:48] Dramatic Lighting voting 35 images
[2025-06-10 22:30:48] Récupération réussie: 200 images pour My Exhibition Shot
[2025-06-10 22:30:48] Voting fetching ...
[2025-06-10 22:30:48] My Exhibition Shot voting 35 images
[2025-06-10 22:30:51] My Exhibition Shot voting 35 images
[2025-06-10 22:30:51] Photo of the Week! voted successfully
[2025-06-10 22:30:54] Photo of the Week! voted successfully
[2025-06-10 22:30:56] I Don't Like It voted successfully
[2025-06-10 22:30:58] Guru of The Week voted successfully
[2025-06-10 22:31:00] Guru of The Week voted successfully
[2025-06-10 22:31:02] Ancient Ruins voted successfully
[2025-06-10 22:31:04] I Don't Like It voted successfully
[2025-06-10 22:31:06] Ancient Ruins voted successfully
[2025-06-10 22:31:08] Photography Sessions voted successfully
[2025-06-10 22:31:10] At The Railroad voted successfully
[2025-06-10 22:31:12] Traveling The World voted successfully
[2025-06-10 22:31:14] Interesting Angles voted successfully
[2025-06-10 22:31:16] Photographer of the Week voted successfully
[2025-06-10 22:31:18] Photographer of the Week voted successfully
[2025-06-10 22:31:20] Photography Sessions voted successfully
[2025-06-10 22:31:22] Interesting Angles voted successfully
[2025-06-10 22:31:24] At The Railroad voted successfully
[2025-06-10 22:31:26] Solo - Single Subject voted successfully
[2025-06-10 22:31:28] Dramatic Lighting voted successfully
[2025-06-10 22:31:30] Best of Black & White voted successfully
[2025-06-10 22:31:32] Solo - Single Subject voted successfully
[2025-06-10 22:31:34] Dramatic Lighting voted successfully
[2025-06-10 22:31:36] Best of Black & White voted successfully
[2025-06-10 22:31:38] My Exhibition Shot voted successfully
[2025-06-10 22:31:40] Traveling The World voted successfully
[2025-06-10 22:31:42] My Exhibition Shot voted successfully
[2025-06-10 22:31:44] A Light In The Dark voted successfully
[2025-06-10 22:31:46] A Light In The Dark voted successfully
[2025-06-10 22:31:49] Challenges fetching ...
[2025-06-10 22:31:49] Challenges fetched successfully for pascale!
[2025-06-10 22:31:49] Challenges fetching ...
[2025-06-10 22:31:49] Challenges fetched successfully for pascale!
[2025-06-10 22:31:49] Challenges fetching ...
[2025-06-10 22:31:49] Challenges fetched successfully for pascale!
[2025-06-10 22:31:49] Challenges fetching ...
[2025-06-10 22:31:49] Challenges fetched successfully for pascale!
[2025-06-10 22:31:49] Challenges fetching ...
[2025-06-10 22:31:49] Challenges fetched successfully for pascale!
[2025-06-10 22:31:49] Challenges fetching ...
[2025-06-10 22:31:49] Challenges fetched successfully for pascale!
[2025-06-10 22:31:49] Challenges fetching ...
[2025-06-10 22:31:49] Challenges fetched successfully for pascale!
[2025-06-10 22:31:49] Challenges fetching ...
[2025-06-10 22:31:49] Challenges fetched successfully for pascale!
[2025-06-10 22:31:49] Challenges fetching ...
[2025-06-10 22:31:49] Challenges fetched successfully for pascale!
[2025-06-10 22:31:49] Challenges fetching ...
[2025-06-10 22:31:49] Challenges fetched successfully for pascale!
[2025-06-10 22:31:49] Challenges fetching ...
[2025-06-10 22:31:49] Challenges fetched successfully for pascale!
[2025-06-10 22:31:49] Challenges fetching ...
[2025-06-10 22:31:49] Challenges fetched successfully for pascale!
[2025-06-10 22:31:49] Challenges fetching ...
[2025-06-10 22:31:49] Challenges fetched successfully for pascale!
[2025-06-10 22:31:49] Challenges fetching ...
[2025-06-10 22:31:49] Challenges fetched successfully for pascale!
[2025-06-10 22:31:49] Challenges fetching ...
[2025-06-10 22:31:50] Challenges fetched successfully for pascale!
[2025-06-10 22:31:50] Challenges fetching ...
[2025-06-10 22:31:50] Challenges fetched successfully for pascale!
[2025-06-10 22:31:50] Challenges fetching ...
[2025-06-10 22:31:50] Challenges fetched successfully for pascale!
[2025-06-10 22:31:50] Challenges fetching ...
[2025-06-10 22:31:50] Challenges fetched successfully for pascale!
[2025-06-10 22:31:50] Challenges fetching ...
[2025-06-10 22:31:50] Challenges fetched successfully for pascale!
[2025-06-10 22:31:50] Challenges fetching ...
[2025-06-10 22:31:50] Challenges fetched successfully for pascale!
[2025-06-10 22:31:50] Challenges fetching ...
[2025-06-10 22:31:50] Challenges fetched successfully for pascale!
[2025-06-10 22:31:50] Challenges fetching ...
[2025-06-10 22:31:50] Challenges fetched successfully for pascale!
[2025-06-10 22:31:50] Challenges fetching ...
[2025-06-10 22:31:50] Challenges fetched successfully for pascale!
[2025-06-10 22:31:50] Challenges fetching ...
[2025-06-10 22:31:50] Challenges fetched successfully for pascale!
[2025-06-10 22:31:50] Challenges fetching ...
[2025-06-10 22:31:50] Challenges fetched successfully for pascale!
[2025-06-10 22:31:50] Challenges fetching ...
[2025-06-10 22:31:50] Challenges fetched successfully for pascale!
[2025-06-10 22:31:50] Challenges fetching ...
[2025-06-10 22:31:50] Challenges fetched successfully for pascale!
[2025-06-10 22:31:50] Challenges fetching ...
[2025-06-10 22:31:50] Challenges fetched successfully for pascale!
[2025-06-10 22:32:52] A Light In The Dark get vote panel
[2025-06-10 22:32:52] At The Railroad get vote panel
[2025-06-10 22:32:52] I Don't Like It get vote panel
[2025-06-10 22:32:52] Ancient Ruins get vote panel
[2025-06-10 22:32:52] Interesting Angles get vote panel
[2025-06-10 22:32:52] Filling challenges: {101642, 101622, 101621, 101595, 101596}
Filled A Light In The Dark with strategy end4
Filled At The Railroad with strategy end4
Filled I Don't Like It with strategy end4
Filled Ancient Ruins with strategy end4
Filled Interesting Angles with strategy end4

[2025-06-10 22:32:53] Récupération des données de vote pour A Light In The Dark (URL: a-light-in-the-dark1, HEADER:{'User-Agent': 'Mozilla/5.0 (X11; Linux i686; rv:39.0) Gecko/20100101 Firefox/39.0', 'x-api-version': '8', 'x-env': 'WEB', 'X-requested-with': 'XMLHttpRequest', 'X-token': 'f96bbe3a7e7f833329e7129767a69abbfa6dfce3152e3c2a311eb49d89b5c3bb2b12b66b402f03dce682b8b2b6a005cd'})
[2025-06-10 22:32:53] Récupération des données de vote pour At The Railroad (URL: at-the-railroad, HEADER:{'User-Agent': 'Mozilla/5.0 (X11; Linux i686; rv:39.0) Gecko/20100101 Firefox/39.0', 'x-api-version': '8', 'x-env': 'WEB', 'X-requested-with': 'XMLHttpRequest', 'X-token': 'f96bbe3a7e7f833329e7129767a69abbfa6dfce3152e3c2a311eb49d89b5c3bb2b12b66b402f03dce682b8b2b6a005cd'})
[2025-06-10 22:32:53] Récupération des données de vote pour I Don't Like It (URL: i-don-t-like-it, HEADER:{'User-Agent': 'Mozilla/5.0 (X11; Linux i686; rv:39.0) Gecko/20100101 Firefox/39.0', 'x-api-version': '8', 'x-env': 'WEB', 'X-requested-with': 'XMLHttpRequest', 'X-token': 'f96bbe3a7e7f833329e7129767a69abbfa6dfce3152e3c2a311eb49d89b5c3bb2b12b66b402f03dce682b8b2b6a005cd'})
[2025-06-10 22:32:53] Récupération des données de vote pour Ancient Ruins (URL: ancient-ruins1, HEADER:{'User-Agent': 'Mozilla/5.0 (X11; Linux i686; rv:39.0) Gecko/20100101 Firefox/39.0', 'x-api-version': '8', 'x-env': 'WEB', 'X-requested-with': 'XMLHttpRequest', 'X-token': 'f96bbe3a7e7f833329e7129767a69abbfa6dfce3152e3c2a311eb49d89b5c3bb2b12b66b402f03dce682b8b2b6a005cd'})
[2025-06-10 22:32:53] Récupération des données de vote pour Interesting Angles (URL: interesting-angles, HEADER:{'User-Agent': 'Mozilla/5.0 (X11; Linux i686; rv:39.0) Gecko/20100101 Firefox/39.0', 'x-api-version': '8', 'x-env': 'WEB', 'X-requested-with': 'XMLHttpRequest', 'X-token': 'f96bbe3a7e7f833329e7129767a69abbfa6dfce3152e3c2a311eb49d89b5c3bb2b12b66b402f03dce682b8b2b6a005cd'})
[2025-06-10 22:32:53] Récupération réussie: 200 images pour I Don't Like It
[2025-06-10 22:32:53] Voting fetching ...
[2025-06-10 22:32:53] I Don't Like It voting 35 images
[2025-06-10 22:32:56] I Don't Like It voting 35 images
[2025-06-10 22:32:57] Récupération réussie: 200 images pour Interesting Angles
[2025-06-10 22:32:57] Voting fetching ...
[2025-06-10 22:32:57] Interesting Angles voting 35 images
[2025-06-10 22:33:00] Interesting Angles voting 35 images
[2025-06-10 22:33:00] Récupération réussie: 200 images pour A Light In The Dark
[2025-06-10 22:33:00] Voting fetching ...
[2025-06-10 22:33:00] A Light In The Dark voting 35 images
[2025-06-10 22:33:03] A Light In The Dark voting 35 images
[2025-06-10 22:33:03] Récupération réussie: 200 images pour At The Railroad
[2025-06-10 22:33:03] Voting fetching ...
[2025-06-10 22:33:03] At The Railroad voting 35 images
[2025-06-10 22:33:06] At The Railroad voting 35 images
[2025-06-10 22:33:06] Récupération réussie: 200 images pour Ancient Ruins
[2025-06-10 22:33:06] Voting fetching ...
[2025-06-10 22:33:06] Ancient Ruins voting 35 images
[2025-06-10 22:33:09] Ancient Ruins voting 35 images
[2025-06-10 22:33:09] I Don't Like It voted successfully
[2025-06-10 22:33:11] Interesting Angles voted successfully
[2025-06-10 22:33:13] A Light In The Dark voted successfully
[2025-06-10 22:33:15] Ancient Ruins voted successfully
[2025-06-10 22:33:17] At The Railroad voted successfully
[2025-06-10 22:33:19] I Don't Like It voted successfully
[2025-06-10 22:33:21] Interesting Angles voted successfully
[2025-06-10 22:33:23] Ancient Ruins voted successfully
[2025-06-10 22:33:25] A Light In The Dark voted successfully
[2025-06-10 22:33:27] At The Railroad voted successfully
[2025-06-10 22:33:31] Challenges fetching ...
[2025-06-10 22:33:31] Challenges fetched successfully for pascale!
[2025-06-10 22:33:31] Challenges fetching ...
[2025-06-10 22:33:31] Challenges fetched successfully for pascale!
[2025-06-10 22:33:31] Challenges fetching ...
[2025-06-10 22:33:31] Challenges fetched successfully for pascale!
[2025-06-10 22:33:31] Challenges fetching ...
[2025-06-10 22:33:31] Challenges fetched successfully for pascale!
[2025-06-10 22:33:31] Challenges fetching ...
[2025-06-10 22:33:31] Challenges fetched successfully for pascale!
[2025-06-10 22:33:31] Challenges fetching ...
[2025-06-10 22:33:31] Challenges fetched successfully for pascale!
[2025-06-10 22:33:31] Challenges fetching ...
[2025-06-10 22:33:31] Challenges fetched successfully for pascale!
[2025-06-10 22:33:31] Challenges fetching ...
[2025-06-10 22:33:31] Challenges fetched successfully for pascale!
[2025-06-10 22:33:31] Challenges fetching ...
[2025-06-10 22:33:31] Challenges fetched successfully for pascale!
[2025-06-10 22:33:31] Challenges fetching ...
[2025-06-10 22:33:31] Challenges fetched successfully for pascale!
[2025-06-10 22:34:00] Désélection de tous les challenges

[2025-06-10 22:34:04] Refreshing challenges...
[2025-06-10 22:34:04] Fetching challenges...
[2025-06-10 22:34:05] Challenges fetching ...
[2025-06-10 22:34:05] Stratégie chargée depuis gsgui.ini pour bruno/Best of Black & White: end4
[2025-06-10 22:34:05] Challenges fetched successfully for bruno!
[2025-06-10 22:34:05] Stratégie chargée depuis gsgui.ini pour bruno/Best of Black & White: end4
[2025-06-10 22:34:15] Stratégie chargée depuis gsgui.ini pour bruno/Best of Black & White: end4
[2025-06-10 22:34:15] Sélection de tous les challenges

[2025-06-10 22:34:18] Photography Sessions get vote panel
[2025-06-10 22:34:18] Best of Black & White get vote panel
[2025-06-10 22:34:18] A Light In The Dark get vote panel
[2025-06-10 22:34:18] Things Starting With ‘W’ get vote panel
[2025-06-10 22:34:18] Your Photography Goal get vote panel
[2025-06-10 22:34:18] At The Railroad get vote panel
[2025-06-10 22:34:18] Dramatic Lighting get vote panel
[2025-06-10 22:34:18] Filling challenges: {101637, 101222, 101642, 101645, 101650, 101622, 101789}
Filled Photography Sessions with strategy end4
Filled Best of Black & White with strategy end4
Filled A Light In The Dark with strategy end4
Filled Things Starting With ‘W’ with strategy end4
Filled Your Photography Goal with strategy end4
Filled At The Railroad with strategy end4
Filled Dramatic Lighting with strategy end4

[2025-06-10 22:34:18] Stratégie chargée depuis gsgui.ini pour bruno/Best of Black & White: end4
[2025-06-10 22:34:18] Récupération des données de vote pour Photography Sessions (URL: photography-sessions, HEADER:{'User-Agent': 'Mozilla/5.0 (X11; Linux i686; rv:39.0) Gecko/20100101 Firefox/39.0', 'x-api-version': '8', 'x-env': 'WEB', 'X-requested-with': 'XMLHttpRequest', 'X-token': 'a1cad95a6d480c14f51dd0eba4914c8337b893c789ec6278bb440c7c9a673b162f042470c62684e6da2bd342ffea7777'})
[2025-06-10 22:34:18] Récupération des données de vote pour Best of Black & White (URL: best-of-black-white29, HEADER:{'User-Agent': 'Mozilla/5.0 (X11; Linux i686; rv:39.0) Gecko/20100101 Firefox/39.0', 'x-api-version': '8', 'x-env': 'WEB', 'X-requested-with': 'XMLHttpRequest', 'X-token': 'a1cad95a6d480c14f51dd0eba4914c8337b893c789ec6278bb440c7c9a673b162f042470c62684e6da2bd342ffea7777'})
[2025-06-10 22:34:18] Récupération des données de vote pour A Light In The Dark (URL: a-light-in-the-dark1, HEADER:{'User-Agent': 'Mozilla/5.0 (X11; Linux i686; rv:39.0) Gecko/20100101 Firefox/39.0', 'x-api-version': '8', 'x-env': 'WEB', 'X-requested-with': 'XMLHttpRequest', 'X-token': 'a1cad95a6d480c14f51dd0eba4914c8337b893c789ec6278bb440c7c9a673b162f042470c62684e6da2bd342ffea7777'})
[2025-06-10 22:34:18] Récupération des données de vote pour Things Starting With ‘W’ (URL: things-starting-with-w-, HEADER:{'User-Agent': 'Mozilla/5.0 (X11; Linux i686; rv:39.0) Gecko/20100101 Firefox/39.0', 'x-api-version': '8', 'x-env': 'WEB', 'X-requested-with': 'XMLHttpRequest', 'X-token': 'a1cad95a6d480c14f51dd0eba4914c8337b893c789ec6278bb440c7c9a673b162f042470c62684e6da2bd342ffea7777'})
[2025-06-10 22:34:18] Récupération des données de vote pour Your Photography Goal (URL: your-photography-goal32, HEADER:{'User-Agent': 'Mozilla/5.0 (X11; Linux i686; rv:39.0) Gecko/20100101 Firefox/39.0', 'x-api-version': '8', 'x-env': 'WEB', 'X-requested-with': 'XMLHttpRequest', 'X-token': 'a1cad95a6d480c14f51dd0eba4914c8337b893c789ec6278bb440c7c9a673b162f042470c62684e6da2bd342ffea7777'})
[2025-06-10 22:34:18] Récupération des données de vote pour At The Railroad (URL: at-the-railroad, HEADER:{'User-Agent': 'Mozilla/5.0 (X11; Linux i686; rv:39.0) Gecko/20100101 Firefox/39.0', 'x-api-version': '8', 'x-env': 'WEB', 'X-requested-with': 'XMLHttpRequest', 'X-token': 'a1cad95a6d480c14f51dd0eba4914c8337b893c789ec6278bb440c7c9a673b162f042470c62684e6da2bd342ffea7777'})
[2025-06-10 22:34:18] Récupération des données de vote pour Dramatic Lighting (URL: dramatic-lighting11, HEADER:{'User-Agent': 'Mozilla/5.0 (X11; Linux i686; rv:39.0) Gecko/20100101 Firefox/39.0', 'x-api-version': '8', 'x-env': 'WEB', 'X-requested-with': 'XMLHttpRequest', 'X-token': 'a1cad95a6d480c14f51dd0eba4914c8337b893c789ec6278bb440c7c9a673b162f042470c62684e6da2bd342ffea7777'})
[2025-06-10 22:34:18] Récupération réussie: 200 images pour Your Photography Goal
[2025-06-10 22:34:18] Voting fetching ...
[2025-06-10 22:34:18] Your Photography Goal voting 35 images
[2025-06-10 22:34:18] Stratégie chargée depuis gsgui.ini pour bruno/Best of Black & White: end4
[2025-06-10 22:34:21] Your Photography Goal voting 35 images
[2025-06-10 22:34:21] Stratégie chargée depuis gsgui.ini pour bruno/Best of Black & White: end4
[2025-06-10 22:34:21] Récupération réussie: 200 images pour At The Railroad
[2025-06-10 22:34:21] Voting fetching ...
[2025-06-10 22:34:21] At The Railroad voting 35 images
[2025-06-10 22:34:21] Stratégie chargée depuis gsgui.ini pour bruno/Best of Black & White: end4
[2025-06-10 22:34:24] At The Railroad voting 35 images
[2025-06-10 22:34:24] Stratégie chargée depuis gsgui.ini pour bruno/Best of Black & White: end4
[2025-06-10 22:34:24] Récupération réussie: 200 images pour Photography Sessions
[2025-06-10 22:34:24] Voting fetching ...
[2025-06-10 22:34:24] Photography Sessions voting 35 images
[2025-06-10 22:34:24] Stratégie chargée depuis gsgui.ini pour bruno/Best of Black & White: end4
[2025-06-10 22:34:27] Photography Sessions voting 35 images
[2025-06-10 22:34:27] Stratégie chargée depuis gsgui.ini pour bruno/Best of Black & White: end4
[2025-06-10 22:34:27] Récupération réussie: 200 images pour A Light In The Dark
[2025-06-10 22:34:27] Voting fetching ...
[2025-06-10 22:34:27] A Light In The Dark voting 35 images
[2025-06-10 22:34:27] Stratégie chargée depuis gsgui.ini pour bruno/Best of Black & White: end4
[2025-06-10 22:34:30] A Light In The Dark voting 35 images
[2025-06-10 22:34:30] Stratégie chargée depuis gsgui.ini pour bruno/Best of Black & White: end4
[2025-06-10 22:34:30] Récupération réussie: 200 images pour Things Starting With ‘W’
[2025-06-10 22:34:30] Voting fetching ...
[2025-06-10 22:34:30] Things Starting With ‘W’ voting 35 images
[2025-06-10 22:34:30] Stratégie chargée depuis gsgui.ini pour bruno/Best of Black & White: end4
[2025-06-10 22:34:33] Things Starting With ‘W’ voting 35 images
[2025-06-10 22:34:34] Stratégie chargée depuis gsgui.ini pour bruno/Best of Black & White: end4
[2025-06-10 22:34:34] Récupération réussie: 200 images pour Dramatic Lighting
[2025-06-10 22:34:34] Voting fetching ...
[2025-06-10 22:34:34] Dramatic Lighting voting 35 images
[2025-06-10 22:34:34] Stratégie chargée depuis gsgui.ini pour bruno/Best of Black & White: end4
[2025-06-10 22:34:37] Dramatic Lighting voting 35 images
[2025-06-10 22:34:37] Stratégie chargée depuis gsgui.ini pour bruno/Best of Black & White: end4
[2025-06-10 22:34:37] Récupération réussie: 200 images pour Best of Black & White
[2025-06-10 22:34:37] Voting fetching ...
[2025-06-10 22:34:37] Best of Black & White voting 35 images
[2025-06-10 22:34:37] Stratégie chargée depuis gsgui.ini pour bruno/Best of Black & White: end4
[2025-06-10 22:34:40] Best of Black & White voting 35 images
[2025-06-10 22:34:40] Stratégie chargée depuis gsgui.ini pour bruno/Best of Black & White: end4
[2025-06-10 22:34:40] At The Railroad voted successfully
[2025-06-10 22:34:42] At The Railroad voted successfully
[2025-06-10 22:34:44] Photography Sessions voted successfully
[2025-06-10 22:34:46] Dramatic Lighting voted successfully
[2025-06-10 22:34:48] Things Starting With ‘W’ voted successfully
[2025-06-10 22:34:50] Best of Black & White voted successfully
[2025-06-10 22:34:52] Dramatic Lighting voted successfully
[2025-06-10 22:34:54] Best of Black & White voted successfully
[2025-06-10 22:34:56] Photography Sessions voted successfully
[2025-06-10 22:34:58] A Light In The Dark voted successfully
[2025-06-10 22:35:00] A Light In The Dark voted successfully
[2025-06-10 22:35:02] Things Starting With ‘W’ voted successfully
[2025-06-10 22:35:04] Your Photography Goal voted successfully
[2025-06-10 22:35:06] Your Photography Goal voted successfully
[2025-06-10 22:35:09] Challenges fetching ...
[2025-06-10 22:35:09] Stratégie chargée depuis gsgui.ini pour bruno/Best of Black & White: end4
[2025-06-10 22:35:09] Challenges fetched successfully for bruno!
[2025-06-10 22:35:09] Stratégie chargée depuis gsgui.ini pour bruno/Best of Black & White: end4
[2025-06-10 22:35:09] Challenges fetching ...
[2025-06-10 22:35:09] Stratégie chargée depuis gsgui.ini pour bruno/Best of Black & White: end4
[2025-06-10 22:35:09] Challenges fetched successfully for bruno!
[2025-06-10 22:35:09] Stratégie chargée depuis gsgui.ini pour bruno/Best of Black & White: end4
[2025-06-10 22:35:09] Challenges fetching ...
[2025-06-10 22:35:09] Stratégie chargée depuis gsgui.ini pour bruno/Best of Black & White: end4
[2025-06-10 22:35:09] Challenges fetched successfully for bruno!
[2025-06-10 22:35:09] Stratégie chargée depuis gsgui.ini pour bruno/Best of Black & White: end4
[2025-06-10 22:35:09] Challenges fetching ...
[2025-06-10 22:35:09] Stratégie chargée depuis gsgui.ini pour bruno/Best of Black & White: end4
[2025-06-10 22:35:09] Challenges fetched successfully for bruno!
[2025-06-10 22:35:09] Stratégie chargée depuis gsgui.ini pour bruno/Best of Black & White: end4
[2025-06-10 22:35:09] Challenges fetching ...
[2025-06-10 22:35:09] Stratégie chargée depuis gsgui.ini pour bruno/Best of Black & White: end4
[2025-06-10 22:35:09] Challenges fetched successfully for bruno!
[2025-06-10 22:35:09] Stratégie chargée depuis gsgui.ini pour bruno/Best of Black & White: end4
[2025-06-10 22:35:09] Challenges fetching ...
[2025-06-10 22:35:09] Stratégie chargée depuis gsgui.ini pour bruno/Best of Black & White: end4
[2025-06-10 22:35:09] Challenges fetched successfully for bruno!
[2025-06-10 22:35:09] Stratégie chargée depuis gsgui.ini pour bruno/Best of Black & White: end4
[2025-06-10 22:35:09] Challenges fetching ...
[2025-06-10 22:35:09] Stratégie chargée depuis gsgui.ini pour bruno/Best of Black & White: end4
[2025-06-10 22:35:09] Challenges fetched successfully for bruno!
[2025-06-10 22:35:09] Stratégie chargée depuis gsgui.ini pour bruno/Best of Black & White: end4
[2025-06-10 22:35:09] Challenges fetching ...
[2025-06-10 22:35:09] Stratégie chargée depuis gsgui.ini pour bruno/Best of Black & White: end4
[2025-06-10 22:35:09] Challenges fetched successfully for bruno!
[2025-06-10 22:35:09] Stratégie chargée depuis gsgui.ini pour bruno/Best of Black & White: end4
[2025-06-10 22:35:10] Challenges fetching ...
[2025-06-10 22:35:10] Stratégie chargée depuis gsgui.ini pour bruno/Best of Black & White: end4
[2025-06-10 22:35:10] Challenges fetched successfully for bruno!
[2025-06-10 22:35:10] Stratégie chargée depuis gsgui.ini pour bruno/Best of Black & White: end4
[2025-06-10 22:35:10] Challenges fetching ...
[2025-06-10 22:35:10] Stratégie chargée depuis gsgui.ini pour bruno/Best of Black & White: end4
[2025-06-10 22:35:10] Challenges fetched successfully for bruno!
[2025-06-10 22:35:10] Stratégie chargée depuis gsgui.ini pour bruno/Best of Black & White: end4
[2025-06-10 22:35:10] Challenges fetching ...
[2025-06-10 22:35:10] Stratégie chargée depuis gsgui.ini pour bruno/Best of Black & White: end4
[2025-06-10 22:35:10] Challenges fetched successfully for bruno!
[2025-06-10 22:35:10] Stratégie chargée depuis gsgui.ini pour bruno/Best of Black & White: end4
[2025-06-10 22:35:10] Challenges fetching ...
[2025-06-10 22:35:10] Stratégie chargée depuis gsgui.ini pour bruno/Best of Black & White: end4
[2025-06-10 22:35:10] Challenges fetched successfully for bruno!
[2025-06-10 22:35:10] Stratégie chargée depuis gsgui.ini pour bruno/Best of Black & White: end4
[2025-06-10 22:35:10] Challenges fetching ...
[2025-06-10 22:35:10] Stratégie chargée depuis gsgui.ini pour bruno/Best of Black & White: end4
[2025-06-10 22:35:10] Challenges fetched successfully for bruno!
[2025-06-10 22:35:10] Stratégie chargée depuis gsgui.ini pour bruno/Best of Black & White: end4
[2025-06-10 22:35:10] Challenges fetching ...
[2025-06-10 22:35:10] Stratégie chargée depuis gsgui.ini pour bruno/Best of Black & White: end4
[2025-06-10 22:35:10] Challenges fetched successfully for bruno!
[2025-06-10 22:35:10] Stratégie chargée depuis gsgui.ini pour bruno/Best of Black & White: end4
