[2025-06-18 09:49:53] Désélection de tous les challenges

[2025-06-18 09:49:56] Refreshing challenges...
[2025-06-18 09:49:56] Fetching challenges...
[2025-06-18 09:49:58] Challenges fetching ...
[2025-06-18 09:49:58] Challenges fetched successfully for pascale!
[2025-06-18 09:53:18] Refreshing challenges...
[2025-06-18 09:53:18] Fetching challenges...
[2025-06-18 09:53:20] Challenges fetching ...
[2025-06-18 09:53:20] Challenges fetched successfully for bruno!
[2025-06-18 09:54:48] Fetching challenges...
[2025-06-18 09:54:48] Fetching challenges...
[2025-06-18 09:54:52] Challenges fetching ...
[2025-06-18 09:54:52] Lancement automatique des stratégies de fin pour 5 nouveaux challenges...
[2025-06-18 09:54:52] Nouveau challenge détecté pour bruno: Very Romantic
[2025-06-18 09:54:52] Nouveau challenge détecté pour bruno: Dramatic Lighting
[2025-06-18 09:54:52] Nouveau challenge détecté pour bruno: Two wheels
[2025-06-18 09:54:52] Nouveau challenge détecté pour bruno: 500 Guru's Picks
[2025-06-18 09:54:52] Nouveau challenge détecté pour bruno: The Love of Sports
[2025-06-18 09:54:52] Challenges fetched successfully for bruno!
[2025-06-18 09:54:52] Challenges fetching ...
[2025-06-18 09:54:52] Lancement automatique des stratégies de fin pour 20 nouveaux challenges...
[2025-06-18 09:54:52] Nouveau challenge détecté pour pascale: Obstructed View
[2025-06-18 09:54:52] Nouveau challenge détecté pour pascale: Photographer of the Week
[2025-06-18 09:54:52] Nouveau challenge détecté pour pascale: Mostly Black
[2025-06-18 09:54:52] Nouveau challenge détecté pour pascale: Macro Wonders
[2025-06-18 09:54:52] Nouveau challenge détecté pour pascale: 500 Guru's Picks
[2025-06-18 09:54:52] Nouveau challenge détecté pour pascale: The Love of Sports
[2025-06-18 09:54:52] Nouveau challenge détecté pour pascale: Most Memorable
[2025-06-18 09:54:52] Nouveau challenge détecté pour pascale: Solo - Single Subject
[2025-06-18 09:54:52] Nouveau challenge détecté pour pascale: Enormous
[2025-06-18 09:54:52] Nouveau challenge détecté pour pascale: Dramatic Lighting
[2025-06-18 09:54:52] Nouveau challenge détecté pour pascale: Your Guilty Pleasures
[2025-06-18 09:54:52] Nouveau challenge détecté pour pascale: Women In Portraits
[2025-06-18 09:54:52] Nouveau challenge détecté pour pascale: Facebook Limelight
[2025-06-18 09:54:52] Nouveau challenge détecté pour pascale: Guru of The Week
[2025-06-18 09:54:52] Nouveau challenge détecté pour pascale: Splash
[2025-06-18 09:54:52] Nouveau challenge détecté pour pascale: Photo of the Week!
[2025-06-18 09:54:52] Nouveau challenge détecté pour pascale: Your Favorite Nature Shot
[2025-06-18 09:54:52] Nouveau challenge détecté pour pascale: In Flight
[2025-06-18 09:54:52] Nouveau challenge détecté pour pascale: Two wheels
[2025-06-18 09:54:52] Nouveau challenge détecté pour pascale: Very Romantic
[2025-06-18 09:54:52] Challenges fetched successfully for pascale!
[2025-06-18 10:53:06] Refreshing challenges...
[2025-06-18 10:53:06] Fetching challenges...
[2025-06-18 10:53:08] Challenges fetching ...
[2025-06-18 10:53:08] Challenges fetched successfully for pascale!
[2025-06-18 10:53:46] Two wheels get vote panel
[2025-06-18 10:53:46] Filling challenges: {101664}
Filled Two wheels with strategy end4

[2025-06-18 10:53:46] Récupération des données de vote pour Two wheels (URL: two-wheels27, HEADER:{'User-Agent': 'Mozilla/5.0 (X11; Linux i686; rv:39.0) Gecko/20100101 Firefox/39.0', 'x-api-version': '8', 'x-env': 'WEB', 'X-requested-with': 'XMLHttpRequest', 'X-token': 'f96bbe3a7e7f833329e7129767a69abbfa6dfce3152e3c2a311eb49d89b5c3bb2b12b66b402f03dce682b8b2b6a005cd'})
[2025-06-18 10:53:47] Récupération réussie: 200 images pour Two wheels
[2025-06-18 10:53:47] Voting fetching ...
[2025-06-18 10:53:47] Two wheels voting 35 images
[2025-06-18 10:53:50] Two wheels voting 35 images
[2025-06-18 10:53:50] Two wheels voted successfully
[2025-06-18 10:53:52] Two wheels voted successfully
[2025-06-18 10:53:56] Challenges fetching ...
[2025-06-18 10:53:56] Challenges fetched successfully for pascale!
[2025-06-18 10:53:56] Challenges fetching ...
[2025-06-18 10:53:56] Challenges fetched successfully for pascale!
[2025-06-18 10:53:57] Two wheels get vote panel
[2025-06-18 10:53:57] Filling challenges: {101664}
Filled Two wheels with strategy end4

[2025-06-18 10:53:57] Récupération des données de vote pour Two wheels (URL: two-wheels27, HEADER:{'User-Agent': 'Mozilla/5.0 (X11; Linux i686; rv:39.0) Gecko/20100101 Firefox/39.0', 'x-api-version': '8', 'x-env': 'WEB', 'X-requested-with': 'XMLHttpRequest', 'X-token': 'a1cad95a6d480c14f51dd0eba4914c8337b893c789ec6278bb440c7c9a673b162f042470c62684e6da2bd342ffea7777'})
[2025-06-18 10:53:58] Récupération réussie: 200 images pour Two wheels
[2025-06-18 10:53:58] Voting fetching ...
[2025-06-18 10:53:58] Two wheels voting 35 images
[2025-06-18 10:54:01] Two wheels voting 35 images
[2025-06-18 10:54:02] Two wheels voted successfully
[2025-06-18 10:54:04] Two wheels voted successfully
[2025-06-18 10:54:07] Challenges fetching ...
[2025-06-18 10:54:07] Challenges fetched successfully for bruno!
[2025-06-18 10:54:08] Challenges fetching ...
[2025-06-18 10:54:08] Challenges fetched successfully for bruno!
[2025-06-18 10:54:21] Lancement de la stratégie end4 pour Two wheels
[2025-06-18 10:54:21] Nouveau processus ajouté pour bruno: two-wheels27-vote-70-left-0H:4M - Statut: init
[2025-06-18 10:54:21] Traitement du challenge pour bruno: two-wheels27
[2025-06-18 10:54:21] Nouveau processus ajouté pour bruno: two-wheels27-vote-35-left-0H:3M - Statut: init
[2025-06-18 10:54:21] Traitement du challenge pour bruno: two-wheels27
[2025-06-18 10:54:21] Nouveau processus ajouté pour bruno: two-wheels27-vote-35-left-0H:2M - Statut: init
[2025-06-18 10:54:21] Processus mis à jour pour bruno: two-wheels27-vote-70-left-0H:4M - waiting
[2025-06-18 10:54:21] Traitement du challenge pour bruno: two-wheels27
[2025-06-18 10:54:21] Nouveau processus ajouté pour bruno: two-wheels27-vote-35-left-0H:1M - Statut: init
[2025-06-18 10:54:21] Processus mis à jour pour bruno: two-wheels27-vote-35-left-0H:3M - waiting
[2025-06-18 10:54:21] Traitement du challenge pour bruno: two-wheels27
[2025-06-18 10:54:21] Processus mis à jour pour bruno: two-wheels27-vote-35-left-0H:2M - waiting
[2025-06-18 10:54:21] Processus mis à jour pour bruno: two-wheels27-vote-35-left-0H:1M - waiting
[2025-06-18 10:54:21] Application des stratégies pour les challenges sélectionnés:
- Two wheels avec stratégie end4

[2025-06-18 11:46:53] Refreshing challenges...
[2025-06-18 11:46:53] Fetching challenges...
[2025-06-18 11:46:54] Challenges fetching ...
[2025-06-18 11:46:54] Lancement automatique des stratégies de fin pour 2 nouveaux challenges...
[2025-06-18 11:46:54] Nouveau challenge détecté pour bruno: Mostly Black
[2025-06-18 11:46:54] Nouveau challenge détecté pour bruno: Your Favorite Nature Shot
[2025-06-18 11:46:54] Challenges fetched successfully for bruno!
[2025-06-18 11:47:06] Mostly Black get vote panel
[2025-06-18 11:47:06] Your Favorite Nature Shot get vote panel
[2025-06-18 11:47:06] Filling challenges: {103019, 102780}
Filled Mostly Black with strategy end4
Filled Your Favorite Nature Shot with strategy end4

[2025-06-18 11:47:06] Récupération des données de vote pour Mostly Black (URL: mostly-black16, HEADER:{'User-Agent': 'Mozilla/5.0 (X11; Linux i686; rv:39.0) Gecko/20100101 Firefox/39.0', 'x-api-version': '8', 'x-env': 'WEB', 'X-requested-with': 'XMLHttpRequest', 'X-token': 'a1cad95a6d480c14f51dd0eba4914c8337b893c789ec6278bb440c7c9a673b162f042470c62684e6da2bd342ffea7777'})
[2025-06-18 11:47:06] Récupération des données de vote pour Your Favorite Nature Shot (URL: your-favorite-nature-shot3, HEADER:{'User-Agent': 'Mozilla/5.0 (X11; Linux i686; rv:39.0) Gecko/20100101 Firefox/39.0', 'x-api-version': '8', 'x-env': 'WEB', 'X-requested-with': 'XMLHttpRequest', 'X-token': 'a1cad95a6d480c14f51dd0eba4914c8337b893c789ec6278bb440c7c9a673b162f042470c62684e6da2bd342ffea7777'})
[2025-06-18 11:47:06] Récupération réussie: 200 images pour Mostly Black
[2025-06-18 11:47:06] Voting fetching ...
[2025-06-18 11:47:06] Mostly Black voting 35 images
[2025-06-18 11:47:09] Mostly Black voting 35 images
[2025-06-18 11:47:09] Récupération réussie: 200 images pour Your Favorite Nature Shot
[2025-06-18 11:47:09] Voting fetching ...
[2025-06-18 11:47:09] Your Favorite Nature Shot voting 35 images
[2025-06-18 11:47:12] Your Favorite Nature Shot voting 35 images
[2025-06-18 11:47:13] Mostly Black voted successfully
[2025-06-18 11:47:15] Mostly Black voted successfully
[2025-06-18 11:47:17] Your Favorite Nature Shot voted successfully
[2025-06-18 11:47:19] Your Favorite Nature Shot voted successfully
[2025-06-18 11:47:22] Challenges fetching ...
[2025-06-18 11:47:22] Challenges fetched successfully for bruno!
[2025-06-18 11:47:22] Challenges fetching ...
[2025-06-18 11:47:22] Challenges fetched successfully for bruno!
[2025-06-18 11:47:22] Challenges fetching ...
[2025-06-18 11:47:22] Challenges fetched successfully for bruno!
[2025-06-18 11:47:22] Challenges fetching ...
[2025-06-18 11:47:22] Challenges fetched successfully for bruno!
[2025-06-18 11:47:30] Mostly Black get vote panel
[2025-06-18 11:47:30] Your Favorite Nature Shot get vote panel
[2025-06-18 11:47:30] Filling challenges: {103019, 102780}
Filled Mostly Black with strategy end4
Filled Your Favorite Nature Shot with strategy end4

[2025-06-18 11:47:30] Récupération des données de vote pour Mostly Black (URL: mostly-black16, HEADER:{'User-Agent': 'Mozilla/5.0 (X11; Linux i686; rv:39.0) Gecko/20100101 Firefox/39.0', 'x-api-version': '8', 'x-env': 'WEB', 'X-requested-with': 'XMLHttpRequest', 'X-token': 'a1cad95a6d480c14f51dd0eba4914c8337b893c789ec6278bb440c7c9a673b162f042470c62684e6da2bd342ffea7777'})
[2025-06-18 11:47:30] Récupération des données de vote pour Your Favorite Nature Shot (URL: your-favorite-nature-shot3, HEADER:{'User-Agent': 'Mozilla/5.0 (X11; Linux i686; rv:39.0) Gecko/20100101 Firefox/39.0', 'x-api-version': '8', 'x-env': 'WEB', 'X-requested-with': 'XMLHttpRequest', 'X-token': 'a1cad95a6d480c14f51dd0eba4914c8337b893c789ec6278bb440c7c9a673b162f042470c62684e6da2bd342ffea7777'})
[2025-06-18 11:47:30] Récupération réussie: 200 images pour Mostly Black
[2025-06-18 11:47:30] Voting fetching ...
[2025-06-18 11:47:30] Mostly Black voting 35 images
[2025-06-18 11:47:33] Mostly Black voting 35 images
[2025-06-18 11:47:33] Récupération réussie: 200 images pour Your Favorite Nature Shot
[2025-06-18 11:47:33] Voting fetching ...
[2025-06-18 11:47:33] Your Favorite Nature Shot voting 35 images
[2025-06-18 11:47:36] Your Favorite Nature Shot voting 35 images
[2025-06-18 11:47:37] Mostly Black voted successfully
[2025-06-18 11:47:39] Your Favorite Nature Shot voted successfully
[2025-06-18 11:47:41] Mostly Black voted successfully
[2025-06-18 11:47:43] Your Favorite Nature Shot voted successfully
[2025-06-18 11:47:46] Challenges fetching ...
[2025-06-18 11:47:46] Challenges fetched successfully for bruno!
[2025-06-18 11:47:46] Challenges fetching ...
[2025-06-18 11:47:46] Challenges fetched successfully for bruno!
[2025-06-18 11:47:46] Challenges fetching ...
[2025-06-18 11:47:46] Challenges fetched successfully for bruno!
[2025-06-18 11:47:46] Challenges fetching ...
[2025-06-18 11:47:46] Challenges fetched successfully for bruno!
[2025-06-18 11:47:47] Refreshing challenges...
[2025-06-18 11:47:47] Fetching challenges...
[2025-06-18 11:47:49] Challenges fetching ...
[2025-06-18 11:47:49] Challenges fetched successfully for pascale!
[2025-06-18 11:48:01] Enormous get vote panel
[2025-06-18 11:48:01] Most Memorable get vote panel
[2025-06-18 11:48:01] Filling challenges: {102576, 102572}
Filled Enormous with strategy end4
Filled Most Memorable with strategy end4

[2025-06-18 11:48:01] Récupération des données de vote pour Enormous (URL: enormous24, HEADER:{'User-Agent': 'Mozilla/5.0 (X11; Linux i686; rv:39.0) Gecko/20100101 Firefox/39.0', 'x-api-version': '8', 'x-env': 'WEB', 'X-requested-with': 'XMLHttpRequest', 'X-token': 'f96bbe3a7e7f833329e7129767a69abbfa6dfce3152e3c2a311eb49d89b5c3bb2b12b66b402f03dce682b8b2b6a005cd'})
[2025-06-18 11:48:01] Récupération des données de vote pour Most Memorable (URL: most-memorable968, HEADER:{'User-Agent': 'Mozilla/5.0 (X11; Linux i686; rv:39.0) Gecko/20100101 Firefox/39.0', 'x-api-version': '8', 'x-env': 'WEB', 'X-requested-with': 'XMLHttpRequest', 'X-token': 'f96bbe3a7e7f833329e7129767a69abbfa6dfce3152e3c2a311eb49d89b5c3bb2b12b66b402f03dce682b8b2b6a005cd'})
[2025-06-18 11:48:02] Récupération réussie: 200 images pour Enormous
[2025-06-18 11:48:02] Voting fetching ...
[2025-06-18 11:48:02] Enormous voting 35 images
[2025-06-18 11:48:05] Enormous voting 35 images
[2025-06-18 11:48:05] Récupération réussie: 200 images pour Most Memorable
[2025-06-18 11:48:05] Voting fetching ...
[2025-06-18 11:48:05] Most Memorable voting 35 images
[2025-06-18 11:48:08] Most Memorable voting 35 images
[2025-06-18 11:48:08] Enormous voted successfully
[2025-06-18 11:48:10] Enormous voted successfully
[2025-06-18 11:48:12] Most Memorable voted successfully
[2025-06-18 11:48:14] Most Memorable voted successfully
[2025-06-18 11:48:18] Challenges fetching ...
[2025-06-18 11:48:18] Challenges fetched successfully for pascale!
[2025-06-18 11:48:18] Challenges fetching ...
[2025-06-18 11:48:18] Challenges fetched successfully for pascale!
[2025-06-18 11:48:18] Challenges fetching ...
[2025-06-18 11:48:18] Challenges fetched successfully for pascale!
[2025-06-18 11:48:18] Challenges fetching ...
[2025-06-18 11:48:18] Challenges fetched successfully for pascale!
[2025-06-18 13:13:06] Two wheels get vote panel
[2025-06-18 13:13:06] Very Romantic get vote panel
[2025-06-18 13:13:06] The Love of Sports get vote panel
[2025-06-18 13:13:06] 500 Guru's Picks get vote panel
[2025-06-18 13:13:06] Mostly Black get vote panel
[2025-06-18 13:13:06] Your Favorite Nature Shot get vote panel
[2025-06-18 13:13:06] Filling challenges: {101664, 102565, 102568, 102473, 103019, 102780}
Filled Two wheels with strategy end4
Filled Very Romantic with strategy end4
Filled The Love of Sports with strategy end4
Filled 500 Guru's Picks with strategy end4
Filled Mostly Black with strategy end4
Filled Your Favorite Nature Shot with strategy end4

[2025-06-18 13:13:06] Récupération des données de vote pour Two wheels (URL: two-wheels27, HEADER:{'User-Agent': 'Mozilla/5.0 (X11; Linux i686; rv:39.0) Gecko/20100101 Firefox/39.0', 'x-api-version': '8', 'x-env': 'WEB', 'X-requested-with': 'XMLHttpRequest', 'X-token': 'a1cad95a6d480c14f51dd0eba4914c8337b893c789ec6278bb440c7c9a673b162f042470c62684e6da2bd342ffea7777'})
[2025-06-18 13:13:06] Récupération des données de vote pour Very Romantic (URL: very-romantic, HEADER:{'User-Agent': 'Mozilla/5.0 (X11; Linux i686; rv:39.0) Gecko/20100101 Firefox/39.0', 'x-api-version': '8', 'x-env': 'WEB', 'X-requested-with': 'XMLHttpRequest', 'X-token': 'a1cad95a6d480c14f51dd0eba4914c8337b893c789ec6278bb440c7c9a673b162f042470c62684e6da2bd342ffea7777'})
[2025-06-18 13:13:06] Récupération des données de vote pour The Love of Sports (URL: the-love-of-sports, HEADER:{'User-Agent': 'Mozilla/5.0 (X11; Linux i686; rv:39.0) Gecko/20100101 Firefox/39.0', 'x-api-version': '8', 'x-env': 'WEB', 'X-requested-with': 'XMLHttpRequest', 'X-token': 'a1cad95a6d480c14f51dd0eba4914c8337b893c789ec6278bb440c7c9a673b162f042470c62684e6da2bd342ffea7777'})
[2025-06-18 13:13:06] Récupération des données de vote pour 500 Guru's Picks (URL: 500-guru-s-picks79, HEADER:{'User-Agent': 'Mozilla/5.0 (X11; Linux i686; rv:39.0) Gecko/20100101 Firefox/39.0', 'x-api-version': '8', 'x-env': 'WEB', 'X-requested-with': 'XMLHttpRequest', 'X-token': 'a1cad95a6d480c14f51dd0eba4914c8337b893c789ec6278bb440c7c9a673b162f042470c62684e6da2bd342ffea7777'})
[2025-06-18 13:13:06] Récupération des données de vote pour Mostly Black (URL: mostly-black16, HEADER:{'User-Agent': 'Mozilla/5.0 (X11; Linux i686; rv:39.0) Gecko/20100101 Firefox/39.0', 'x-api-version': '8', 'x-env': 'WEB', 'X-requested-with': 'XMLHttpRequest', 'X-token': 'a1cad95a6d480c14f51dd0eba4914c8337b893c789ec6278bb440c7c9a673b162f042470c62684e6da2bd342ffea7777'})
[2025-06-18 13:13:06] Récupération des données de vote pour Your Favorite Nature Shot (URL: your-favorite-nature-shot3, HEADER:{'User-Agent': 'Mozilla/5.0 (X11; Linux i686; rv:39.0) Gecko/20100101 Firefox/39.0', 'x-api-version': '8', 'x-env': 'WEB', 'X-requested-with': 'XMLHttpRequest', 'X-token': 'a1cad95a6d480c14f51dd0eba4914c8337b893c789ec6278bb440c7c9a673b162f042470c62684e6da2bd342ffea7777'})
[2025-06-18 13:13:07] Récupération réussie: 200 images pour Very Romantic
[2025-06-18 13:13:07] Voting fetching ...
[2025-06-18 13:13:07] Very Romantic voting 35 images
[2025-06-18 13:13:10] Very Romantic voting 35 images
[2025-06-18 13:13:10] Récupération réussie: 200 images pour Mostly Black
[2025-06-18 13:13:10] Voting fetching ...
[2025-06-18 13:13:10] Mostly Black voting 35 images
[2025-06-18 13:13:13] Mostly Black voting 35 images
[2025-06-18 13:13:13] Récupération réussie: 200 images pour Two wheels
[2025-06-18 13:13:13] Voting fetching ...
[2025-06-18 13:13:13] Two wheels voting 35 images
[2025-06-18 13:13:16] Two wheels voting 35 images
[2025-06-18 13:13:16] Récupération réussie: 200 images pour The Love of Sports
[2025-06-18 13:13:16] Voting fetching ...
[2025-06-18 13:13:16] The Love of Sports voting 35 images
[2025-06-18 13:13:19] The Love of Sports voting 35 images
[2025-06-18 13:13:19] Récupération réussie: 200 images pour Your Favorite Nature Shot
[2025-06-18 13:13:19] Voting fetching ...
[2025-06-18 13:13:19] Your Favorite Nature Shot voting 35 images
[2025-06-18 13:13:22] Your Favorite Nature Shot voting 35 images
[2025-06-18 13:13:22] Récupération réussie: 200 images pour 500 Guru's Picks
[2025-06-18 13:13:22] Voting fetching ...
[2025-06-18 13:13:22] 500 Guru's Picks voting 35 images
[2025-06-18 13:13:25] 500 Guru's Picks voting 35 images
[2025-06-18 13:13:26] Very Romantic voted successfully
[2025-06-18 13:13:28] Very Romantic voted successfully
[2025-06-18 13:13:30] Two wheels voted successfully
[2025-06-18 13:13:32] Mostly Black voted successfully
[2025-06-18 13:13:34] The Love of Sports voted successfully
[2025-06-18 13:13:36] Two wheels voted successfully
[2025-06-18 13:13:38] Your Favorite Nature Shot voted successfully
[2025-06-18 13:13:40] Mostly Black voted successfully
[2025-06-18 13:13:42] 500 Guru's Picks voted successfully
[2025-06-18 13:13:44] Your Favorite Nature Shot voted successfully
[2025-06-18 13:13:46] 500 Guru's Picks voted successfully
[2025-06-18 13:13:48] The Love of Sports voted successfully
[2025-06-18 13:13:51] Challenges fetching ...
[2025-06-18 13:13:51] Challenges fetched successfully for bruno!
[2025-06-18 13:13:51] Challenges fetching ...
[2025-06-18 13:13:51] Challenges fetched successfully for bruno!
[2025-06-18 13:13:51] Challenges fetching ...
[2025-06-18 13:13:51] Challenges fetched successfully for bruno!
[2025-06-18 13:13:51] Challenges fetching ...
[2025-06-18 13:13:51] Challenges fetched successfully for bruno!
[2025-06-18 13:13:51] Challenges fetching ...
[2025-06-18 13:13:51] Challenges fetched successfully for bruno!
[2025-06-18 13:13:51] Challenges fetching ...
[2025-06-18 13:13:51] Challenges fetched successfully for bruno!
[2025-06-18 13:13:51] Challenges fetching ...
[2025-06-18 13:13:51] Challenges fetched successfully for bruno!
[2025-06-18 13:13:51] Challenges fetching ...
[2025-06-18 13:13:51] Challenges fetched successfully for bruno!
[2025-06-18 13:13:51] Challenges fetching ...
[2025-06-18 13:13:51] Challenges fetched successfully for bruno!
[2025-06-18 13:13:51] Challenges fetching ...
[2025-06-18 13:13:51] Challenges fetched successfully for bruno!
[2025-06-18 13:13:51] Challenges fetching ...
[2025-06-18 13:13:51] Challenges fetched successfully for bruno!
[2025-06-18 13:13:51] Challenges fetching ...
[2025-06-18 13:13:51] Challenges fetched successfully for bruno!
[2025-06-18 15:36:23] Erreur lors du rafraîchissement API, utilisation du cache: ('Connection aborted.', RemoteDisconnected('Remote end closed connection without response'))
[2025-06-18 17:46:33] Désélection de tous les challenges

[2025-06-18 18:25:01] Processus mis à jour pour bruno: two-wheels27-vote-70-left-0H:4M - executing
[2025-06-18 18:25:01] Traitement de vote pour Two wheels
[2025-06-18 18:25:01] Two wheels get vote panel
[2025-06-18 18:25:02] Processus associé: two-wheels27-vote-70-left-0H:4M
[2025-06-18 18:25:02] Récupération des données de vote pour Two wheels (URL: two-wheels27, HEADER:{'User-Agent': 'Mozilla/5.0 (X11; Linux i686; rv:39.0) Gecko/20100101 Firefox/39.0', 'x-api-version': '8', 'x-env': 'WEB', 'X-requested-with': 'XMLHttpRequest', 'X-token': 'a1cad95a6d480c14f51dd0eba4914c8337b893c789ec6278bb440c7c9a673b162f042470c62684e6da2bd342ffea7777'})
[2025-06-18 18:25:04] Récupération réussie: 200 images pour Two wheels
[2025-06-18 18:25:04] Voting fetching ...
[2025-06-18 18:25:04] Two wheels voting 70 images
[2025-06-18 18:25:07] Two wheels voting 70 images
[2025-06-18 18:25:09] Two wheels voted successfully
[2025-06-18 18:25:09] Processus supprimé pour bruno: two-wheels27-vote-70-left-0H:4M - success
[2025-06-18 18:25:09] Processus mis à jour pour bruno: two-wheels27-vote-70-left-0H:4M - success
[2025-06-18 18:25:09] Processus two-wheels27-vote-70-left-0H:4M terminé avec succès (profil: bruno)
[2025-06-18 18:25:11] Two wheels voted successfully
[2025-06-18 18:25:14] Challenges fetching ...
[2025-06-18 18:25:15] Challenges fetched successfully for bruno!
[2025-06-18 18:25:15] Challenges fetching ...
[2025-06-18 18:25:15] Challenges fetched successfully for bruno!
[2025-06-18 18:26:05] Processus mis à jour pour bruno: two-wheels27-vote-35-left-0H:3M - executing
[2025-06-18 18:26:05] Traitement de vote pour Two wheels
[2025-06-18 18:26:05] Two wheels get vote panel
[2025-06-18 18:26:05] Processus associé: two-wheels27-vote-35-left-0H:3M
[2025-06-18 18:26:05] Récupération des données de vote pour Two wheels (URL: two-wheels27, HEADER:{'User-Agent': 'Mozilla/5.0 (X11; Linux i686; rv:39.0) Gecko/20100101 Firefox/39.0', 'x-api-version': '8', 'x-env': 'WEB', 'X-requested-with': 'XMLHttpRequest', 'X-token': 'a1cad95a6d480c14f51dd0eba4914c8337b893c789ec6278bb440c7c9a673b162f042470c62684e6da2bd342ffea7777'})
[2025-06-18 18:26:06] Récupération réussie: 200 images pour Two wheels
[2025-06-18 18:26:06] Voting fetching ...
[2025-06-18 18:26:06] Two wheels voting 35 images
[2025-06-18 18:26:09] Two wheels voting 35 images
[2025-06-18 18:26:10] Two wheels voted successfully
[2025-06-18 18:26:10] Processus supprimé pour bruno: two-wheels27-vote-35-left-0H:3M - success
[2025-06-18 18:26:10] Processus mis à jour pour bruno: two-wheels27-vote-35-left-0H:3M - success
[2025-06-18 18:26:10] Processus two-wheels27-vote-35-left-0H:3M terminé avec succès (profil: bruno)
[2025-06-18 18:26:12] Two wheels voted successfully
[2025-06-18 18:26:16] Challenges fetching ...
[2025-06-18 18:26:16] Challenges fetched successfully for bruno!
[2025-06-18 18:26:16] Challenges fetching ...
[2025-06-18 18:26:16] Challenges fetched successfully for bruno!
[2025-06-18 18:27:10] Processus mis à jour pour bruno: two-wheels27-vote-35-left-0H:2M - executing
[2025-06-18 18:27:10] Traitement de vote pour Two wheels
[2025-06-18 18:27:10] Two wheels get vote panel
[2025-06-18 18:27:10] Processus associé: two-wheels27-vote-35-left-0H:2M
[2025-06-18 18:27:10] Récupération des données de vote pour Two wheels (URL: two-wheels27, HEADER:{'User-Agent': 'Mozilla/5.0 (X11; Linux i686; rv:39.0) Gecko/20100101 Firefox/39.0', 'x-api-version': '8', 'x-env': 'WEB', 'X-requested-with': 'XMLHttpRequest', 'X-token': 'a1cad95a6d480c14f51dd0eba4914c8337b893c789ec6278bb440c7c9a673b162f042470c62684e6da2bd342ffea7777'})
[2025-06-18 18:27:11] Récupération réussie: 200 images pour Two wheels
[2025-06-18 18:27:11] Voting fetching ...
[2025-06-18 18:27:11] Two wheels voting 35 images
[2025-06-18 18:27:14] Two wheels voting 35 images
[2025-06-18 18:27:15] Two wheels voted successfully
[2025-06-18 18:27:15] Processus supprimé pour bruno: two-wheels27-vote-35-left-0H:2M - success
[2025-06-18 18:27:15] Processus mis à jour pour bruno: two-wheels27-vote-35-left-0H:2M - success
[2025-06-18 18:27:15] Processus two-wheels27-vote-35-left-0H:2M terminé avec succès (profil: bruno)
[2025-06-18 18:27:17] Two wheels voted successfully
[2025-06-18 18:27:24] Challenges fetching ...
[2025-06-18 18:27:24] Challenges fetched successfully for bruno!
[2025-06-18 18:27:24] Challenges fetching ...
[2025-06-18 18:27:24] Challenges fetched successfully for bruno!
[2025-06-18 18:28:13] Processus mis à jour pour bruno: two-wheels27-vote-35-left-0H:1M - executing
[2025-06-18 18:28:13] Traitement de vote pour Two wheels
[2025-06-18 18:28:13] Two wheels get vote panel
[2025-06-18 18:28:13] Processus associé: two-wheels27-vote-35-left-0H:1M
[2025-06-18 18:28:13] Récupération des données de vote pour Two wheels (URL: two-wheels27, HEADER:{'User-Agent': 'Mozilla/5.0 (X11; Linux i686; rv:39.0) Gecko/20100101 Firefox/39.0', 'x-api-version': '8', 'x-env': 'WEB', 'X-requested-with': 'XMLHttpRequest', 'X-token': 'a1cad95a6d480c14f51dd0eba4914c8337b893c789ec6278bb440c7c9a673b162f042470c62684e6da2bd342ffea7777'})
[2025-06-18 18:28:14] Récupération réussie: 200 images pour Two wheels
[2025-06-18 18:28:14] Voting fetching ...
[2025-06-18 18:28:14] Two wheels voting 35 images
[2025-06-18 18:28:17] Two wheels voting 35 images
[2025-06-18 18:28:18] Two wheels voted successfully
[2025-06-18 18:28:18] Processus supprimé pour bruno: two-wheels27-vote-35-left-0H:1M - success
[2025-06-18 18:28:18] Processus mis à jour pour bruno: two-wheels27-vote-35-left-0H:1M - success
[2025-06-18 18:28:18] Processus two-wheels27-vote-35-left-0H:1M terminé avec succès (profil: bruno)
[2025-06-18 18:28:23] Two wheels voted successfully
[2025-06-18 18:28:26] Challenges fetching ...
[2025-06-18 18:28:26] Challenges fetched successfully for bruno!
[2025-06-18 18:28:26] Challenges fetching ...
[2025-06-18 18:28:26] Challenges fetched successfully for bruno!
[2025-06-18 22:32:55] Fetching challenges...
[2025-06-18 22:32:56] Challenges fetching ...
[2025-06-18 22:32:56] Lancement automatique des stratégies de fin pour 10 nouveaux challenges...
[2025-06-18 22:32:56] Nouveau challenge détecté pour bruno: Half-Face Shots
[2025-06-18 22:32:56] Nouveau challenge détecté pour bruno: Dramatic Lighting
[2025-06-18 22:32:56] Nouveau challenge détecté pour bruno: Mostly Black
[2025-06-18 22:32:56] Nouveau challenge détecté pour bruno: The Way I See It
[2025-06-18 22:32:56] Nouveau challenge détecté pour bruno: The Love of Sports
[2025-06-18 22:32:56] Nouveau challenge détecté pour bruno: Very Romantic
[2025-06-18 22:32:56] Nouveau challenge détecté pour bruno: All Kinds Of Dogs
[2025-06-18 22:32:56] Nouveau challenge détecté pour bruno: 'S' Shaped
[2025-06-18 22:32:56] Nouveau challenge détecté pour bruno: Capturing Joy
[2025-06-18 22:32:56] Nouveau challenge détecté pour bruno: Your Favorite Nature Shot
[2025-06-18 22:32:56] Challenges fetched successfully for bruno!
[2025-06-18 22:33:09] Fetching challenges...
[2025-06-18 22:33:11] Challenges fetching ...
[2025-06-18 22:33:11] Lancement automatique des stratégies de fin pour 19 nouveaux challenges...
[2025-06-18 22:33:11] Nouveau challenge détecté pour pascale: Your Guilty Pleasures
[2025-06-18 22:33:11] Nouveau challenge détecté pour pascale: Very Romantic
[2025-06-18 22:33:11] Nouveau challenge détecté pour pascale: Photo of the Week!
[2025-06-18 22:33:11] Nouveau challenge détecté pour pascale: The Way I See It
[2025-06-18 22:33:11] Nouveau challenge détecté pour pascale: The Love of Sports
[2025-06-18 22:33:11] Nouveau challenge détecté pour pascale: Photographer of the Week
[2025-06-18 22:33:11] Nouveau challenge détecté pour pascale: Splash
[2025-06-18 22:33:11] Nouveau challenge détecté pour pascale: Solo - Single Subject
[2025-06-18 22:33:11] Nouveau challenge détecté pour pascale: In Flight
[2025-06-18 22:33:11] Nouveau challenge détecté pour pascale: Items Around The House
[2025-06-18 22:33:11] Nouveau challenge détecté pour pascale: Dramatic Lighting
[2025-06-18 22:33:11] Nouveau challenge détecté pour pascale: Facebook Limelight
[2025-06-18 22:33:11] Nouveau challenge détecté pour pascale: Macro Wonders
[2025-06-18 22:33:11] Nouveau challenge détecté pour pascale: 'S' Shaped
[2025-06-18 22:33:11] Nouveau challenge détecté pour pascale: Mostly Black
[2025-06-18 22:33:11] Nouveau challenge détecté pour pascale: Your Favorite Nature Shot
[2025-06-18 22:33:11] Nouveau challenge détecté pour pascale: Half-Face Shots
[2025-06-18 22:33:11] Nouveau challenge détecté pour pascale: Guru of The Week
[2025-06-18 22:33:11] Nouveau challenge détecté pour pascale: Capturing Joy
[2025-06-18 22:33:11] Challenges fetched successfully for pascale!
[2025-06-18 22:33:22] Refreshing challenges...
[2025-06-18 22:33:22] Fetching challenges...
[2025-06-18 22:33:23] Challenges fetching ...
[2025-06-18 22:33:23] Challenges fetched successfully for bruno!
[2025-06-18 22:33:35] The Love of Sports get vote panel
[2025-06-18 22:33:35] All Kinds Of Dogs get vote panel
[2025-06-18 22:33:35] Very Romantic get vote panel
[2025-06-18 22:33:35] Filling challenges: {102568, 102577, 102565}
Filled The Love of Sports with strategy end4
Filled All Kinds Of Dogs with strategy end4
Filled Very Romantic with strategy end4

[2025-06-18 22:33:35] Récupération des données de vote pour The Love of Sports (URL: the-love-of-sports, HEADER:{'User-Agent': 'Mozilla/5.0 (X11; Linux i686; rv:39.0) Gecko/20100101 Firefox/39.0', 'x-api-version': '8', 'x-env': 'WEB', 'X-requested-with': 'XMLHttpRequest', 'X-token': 'a1cad95a6d480c14f51dd0eba4914c8337b893c789ec6278bb440c7c9a673b162f042470c62684e6da2bd342ffea7777'})
[2025-06-18 22:33:35] Récupération des données de vote pour All Kinds Of Dogs (URL: all-kinds-of-dogs1, HEADER:{'User-Agent': 'Mozilla/5.0 (X11; Linux i686; rv:39.0) Gecko/20100101 Firefox/39.0', 'x-api-version': '8', 'x-env': 'WEB', 'X-requested-with': 'XMLHttpRequest', 'X-token': 'a1cad95a6d480c14f51dd0eba4914c8337b893c789ec6278bb440c7c9a673b162f042470c62684e6da2bd342ffea7777'})
[2025-06-18 22:33:35] Récupération des données de vote pour Very Romantic (URL: very-romantic, HEADER:{'User-Agent': 'Mozilla/5.0 (X11; Linux i686; rv:39.0) Gecko/20100101 Firefox/39.0', 'x-api-version': '8', 'x-env': 'WEB', 'X-requested-with': 'XMLHttpRequest', 'X-token': 'a1cad95a6d480c14f51dd0eba4914c8337b893c789ec6278bb440c7c9a673b162f042470c62684e6da2bd342ffea7777'})
[2025-06-18 22:33:36] Récupération réussie: 200 images pour Very Romantic
[2025-06-18 22:33:36] Voting fetching ...
[2025-06-18 22:33:36] Very Romantic voting 35 images
[2025-06-18 22:33:39] Very Romantic voting 35 images
[2025-06-18 22:33:39] Récupération réussie: 200 images pour The Love of Sports
[2025-06-18 22:33:39] Voting fetching ...
[2025-06-18 22:33:39] The Love of Sports voting 35 images
[2025-06-18 22:33:42] The Love of Sports voting 35 images
[2025-06-18 22:33:42] Récupération réussie: 200 images pour All Kinds Of Dogs
[2025-06-18 22:33:42] Voting fetching ...
[2025-06-18 22:33:42] All Kinds Of Dogs voting 35 images
[2025-06-18 22:33:45] All Kinds Of Dogs voting 35 images
[2025-06-18 22:33:46] Very Romantic voted successfully
[2025-06-18 22:33:48] Very Romantic voted successfully
[2025-06-18 22:33:50] The Love of Sports voted successfully
[2025-06-18 22:33:52] The Love of Sports voted successfully
[2025-06-18 22:33:54] All Kinds Of Dogs voted successfully
[2025-06-18 22:33:56] All Kinds Of Dogs voted successfully
[2025-06-18 22:33:59] Challenges fetching ...
[2025-06-18 22:33:59] Challenges fetched successfully for bruno!
[2025-06-18 22:33:59] Challenges fetching ...
[2025-06-18 22:33:59] Challenges fetched successfully for bruno!
[2025-06-18 22:33:59] Challenges fetching ...
[2025-06-18 22:33:59] Challenges fetched successfully for bruno!
[2025-06-18 22:33:59] Challenges fetching ...
[2025-06-18 22:33:59] Challenges fetched successfully for bruno!
[2025-06-18 22:33:59] Challenges fetching ...
[2025-06-18 22:33:59] Challenges fetched successfully for bruno!
[2025-06-18 22:33:59] Challenges fetching ...
[2025-06-18 22:33:59] Challenges fetched successfully for bruno!
[2025-06-18 22:34:10] The Way I See It get vote panel
[2025-06-18 22:34:10] Half-Face Shots get vote panel
[2025-06-18 22:34:10] All Kinds Of Dogs get vote panel
[2025-06-18 22:34:10] Dramatic Lighting get vote panel
[2025-06-18 22:34:10] Filling challenges: {102569, 102571, 102577, 101789}
Filled The Way I See It with strategy end4
Filled Half-Face Shots with strategy end4
Filled All Kinds Of Dogs with strategy end4
Filled Dramatic Lighting with strategy end4

[2025-06-18 22:34:11] Récupération des données de vote pour The Way I See It (URL: the-way-i-see-it28, HEADER:{'User-Agent': 'Mozilla/5.0 (X11; Linux i686; rv:39.0) Gecko/20100101 Firefox/39.0', 'x-api-version': '8', 'x-env': 'WEB', 'X-requested-with': 'XMLHttpRequest', 'X-token': 'a1cad95a6d480c14f51dd0eba4914c8337b893c789ec6278bb440c7c9a673b162f042470c62684e6da2bd342ffea7777'})
[2025-06-18 22:34:11] Récupération des données de vote pour Half-Face Shots (URL: half-face-shots, HEADER:{'User-Agent': 'Mozilla/5.0 (X11; Linux i686; rv:39.0) Gecko/20100101 Firefox/39.0', 'x-api-version': '8', 'x-env': 'WEB', 'X-requested-with': 'XMLHttpRequest', 'X-token': 'a1cad95a6d480c14f51dd0eba4914c8337b893c789ec6278bb440c7c9a673b162f042470c62684e6da2bd342ffea7777'})
[2025-06-18 22:34:11] Récupération des données de vote pour All Kinds Of Dogs (URL: all-kinds-of-dogs1, HEADER:{'User-Agent': 'Mozilla/5.0 (X11; Linux i686; rv:39.0) Gecko/20100101 Firefox/39.0', 'x-api-version': '8', 'x-env': 'WEB', 'X-requested-with': 'XMLHttpRequest', 'X-token': 'a1cad95a6d480c14f51dd0eba4914c8337b893c789ec6278bb440c7c9a673b162f042470c62684e6da2bd342ffea7777'})
[2025-06-18 22:34:11] Récupération des données de vote pour Dramatic Lighting (URL: dramatic-lighting11, HEADER:{'User-Agent': 'Mozilla/5.0 (X11; Linux i686; rv:39.0) Gecko/20100101 Firefox/39.0', 'x-api-version': '8', 'x-env': 'WEB', 'X-requested-with': 'XMLHttpRequest', 'X-token': 'a1cad95a6d480c14f51dd0eba4914c8337b893c789ec6278bb440c7c9a673b162f042470c62684e6da2bd342ffea7777'})
[2025-06-18 22:34:11] Récupération réussie: 200 images pour Half-Face Shots
[2025-06-18 22:34:11] Voting fetching ...
[2025-06-18 22:34:11] Half-Face Shots voting 35 images
[2025-06-18 22:34:14] Half-Face Shots voting 35 images
[2025-06-18 22:34:14] Récupération réussie: 200 images pour The Way I See It
[2025-06-18 22:34:14] Voting fetching ...
[2025-06-18 22:34:14] The Way I See It voting 35 images
[2025-06-18 22:34:17] The Way I See It voting 35 images
[2025-06-18 22:34:17] Récupération réussie: 200 images pour All Kinds Of Dogs
[2025-06-18 22:34:17] Voting fetching ...
[2025-06-18 22:34:17] All Kinds Of Dogs voting 35 images
[2025-06-18 22:34:20] All Kinds Of Dogs voting 35 images
[2025-06-18 22:34:20] Récupération réussie: 200 images pour Dramatic Lighting
[2025-06-18 22:34:20] Voting fetching ...
[2025-06-18 22:34:20] Dramatic Lighting voting 35 images
[2025-06-18 22:34:23] Dramatic Lighting voting 35 images
[2025-06-18 22:34:24] Half-Face Shots voted successfully
[2025-06-18 22:34:26] Dramatic Lighting voted successfully
[2025-06-18 22:34:28] Half-Face Shots voted successfully
[2025-06-18 22:34:30] Dramatic Lighting voted successfully
[2025-06-18 22:34:32] All Kinds Of Dogs voted successfully
[2025-06-18 22:34:34] All Kinds Of Dogs voted successfully
[2025-06-18 22:34:36] The Way I See It voted successfully
[2025-06-18 22:34:38] The Way I See It voted successfully
[2025-06-18 22:34:41] Challenges fetching ...
[2025-06-18 22:34:41] Challenges fetched successfully for bruno!
[2025-06-18 22:34:41] Challenges fetching ...
[2025-06-18 22:34:41] Challenges fetched successfully for bruno!
[2025-06-18 22:34:41] Challenges fetching ...
[2025-06-18 22:34:41] Challenges fetched successfully for bruno!
[2025-06-18 22:34:41] Challenges fetching ...
[2025-06-18 22:34:41] Challenges fetched successfully for bruno!
[2025-06-18 22:34:41] Challenges fetching ...
[2025-06-18 22:34:41] Challenges fetched successfully for bruno!
[2025-06-18 22:34:41] Challenges fetching ...
[2025-06-18 22:34:41] Challenges fetched successfully for bruno!
[2025-06-18 22:34:41] Challenges fetching ...
[2025-06-18 22:34:41] Challenges fetched successfully for bruno!
[2025-06-18 22:34:41] Challenges fetching ...
[2025-06-18 22:34:41] Challenges fetched successfully for bruno!
[2025-06-18 22:36:05] 'S' Shaped get vote panel
[2025-06-18 22:36:05] Capturing Joy get vote panel
[2025-06-18 22:36:05] Dramatic Lighting get vote panel
[2025-06-18 22:36:05] Filling challenges: {102578, 102582, 101789}
Filled 'S' Shaped with strategy end4
Filled Capturing Joy with strategy end4
Filled Dramatic Lighting with strategy end4

[2025-06-18 22:36:06] Récupération des données de vote pour 'S' Shaped (URL: s-shaped, HEADER:{'User-Agent': 'Mozilla/5.0 (X11; Linux i686; rv:39.0) Gecko/20100101 Firefox/39.0', 'x-api-version': '8', 'x-env': 'WEB', 'X-requested-with': 'XMLHttpRequest', 'X-token': 'a1cad95a6d480c14f51dd0eba4914c8337b893c789ec6278bb440c7c9a673b162f042470c62684e6da2bd342ffea7777'})
[2025-06-18 22:36:06] Récupération des données de vote pour Capturing Joy (URL: capturing-joy, HEADER:{'User-Agent': 'Mozilla/5.0 (X11; Linux i686; rv:39.0) Gecko/20100101 Firefox/39.0', 'x-api-version': '8', 'x-env': 'WEB', 'X-requested-with': 'XMLHttpRequest', 'X-token': 'a1cad95a6d480c14f51dd0eba4914c8337b893c789ec6278bb440c7c9a673b162f042470c62684e6da2bd342ffea7777'})
[2025-06-18 22:36:06] Récupération des données de vote pour Dramatic Lighting (URL: dramatic-lighting11, HEADER:{'User-Agent': 'Mozilla/5.0 (X11; Linux i686; rv:39.0) Gecko/20100101 Firefox/39.0', 'x-api-version': '8', 'x-env': 'WEB', 'X-requested-with': 'XMLHttpRequest', 'X-token': 'a1cad95a6d480c14f51dd0eba4914c8337b893c789ec6278bb440c7c9a673b162f042470c62684e6da2bd342ffea7777'})
[2025-06-18 22:36:06] Récupération réussie: 200 images pour 'S' Shaped
[2025-06-18 22:36:06] Voting fetching ...
[2025-06-18 22:36:06] 'S' Shaped voting 35 images
[2025-06-18 22:36:09] 'S' Shaped voting 35 images
[2025-06-18 22:36:09] Récupération réussie: 200 images pour Capturing Joy
[2025-06-18 22:36:09] Voting fetching ...
[2025-06-18 22:36:09] Capturing Joy voting 35 images
[2025-06-18 22:36:12] Capturing Joy voting 35 images
[2025-06-18 22:36:12] Récupération réussie: 200 images pour Dramatic Lighting
[2025-06-18 22:36:12] Voting fetching ...
[2025-06-18 22:36:12] Dramatic Lighting voting 35 images
[2025-06-18 22:36:15] Dramatic Lighting voting 35 images
[2025-06-18 22:36:16] 'S' Shaped voted successfully
[2025-06-18 22:36:18] 'S' Shaped voted successfully
[2025-06-18 22:36:20] Dramatic Lighting voted successfully
[2025-06-18 22:36:22] Capturing Joy voted successfully
[2025-06-18 22:36:24] Capturing Joy voted successfully
[2025-06-18 22:36:26] Dramatic Lighting voted successfully
[2025-06-18 22:36:29] Challenges fetching ...
[2025-06-18 22:36:29] Challenges fetched successfully for bruno!
[2025-06-18 22:36:29] Challenges fetching ...
[2025-06-18 22:36:29] Challenges fetched successfully for bruno!
[2025-06-18 22:36:29] Challenges fetching ...
[2025-06-18 22:36:29] Challenges fetched successfully for bruno!
[2025-06-18 22:36:29] Challenges fetching ...
[2025-06-18 22:36:29] Challenges fetched successfully for bruno!
[2025-06-18 22:36:29] Challenges fetching ...
[2025-06-18 22:36:29] Challenges fetched successfully for bruno!
[2025-06-18 22:36:29] Challenges fetching ...
[2025-06-18 22:36:29] Challenges fetched successfully for bruno!
[2025-06-18 22:36:44] The Way I See It get vote panel
[2025-06-18 22:36:44] Mostly Black get vote panel
[2025-06-18 22:36:44] Your Favorite Nature Shot get vote panel
[2025-06-18 22:36:44] Filling challenges: {102569, 103019, 102780}
Filled The Way I See It with strategy end4
Filled Mostly Black with strategy end4
Filled Your Favorite Nature Shot with strategy end4

[2025-06-18 22:36:44] Récupération des données de vote pour The Way I See It (URL: the-way-i-see-it28, HEADER:{'User-Agent': 'Mozilla/5.0 (X11; Linux i686; rv:39.0) Gecko/20100101 Firefox/39.0', 'x-api-version': '8', 'x-env': 'WEB', 'X-requested-with': 'XMLHttpRequest', 'X-token': 'a1cad95a6d480c14f51dd0eba4914c8337b893c789ec6278bb440c7c9a673b162f042470c62684e6da2bd342ffea7777'})
[2025-06-18 22:36:44] Récupération des données de vote pour Mostly Black (URL: mostly-black16, HEADER:{'User-Agent': 'Mozilla/5.0 (X11; Linux i686; rv:39.0) Gecko/20100101 Firefox/39.0', 'x-api-version': '8', 'x-env': 'WEB', 'X-requested-with': 'XMLHttpRequest', 'X-token': 'a1cad95a6d480c14f51dd0eba4914c8337b893c789ec6278bb440c7c9a673b162f042470c62684e6da2bd342ffea7777'})
[2025-06-18 22:36:44] Récupération des données de vote pour Your Favorite Nature Shot (URL: your-favorite-nature-shot3, HEADER:{'User-Agent': 'Mozilla/5.0 (X11; Linux i686; rv:39.0) Gecko/20100101 Firefox/39.0', 'x-api-version': '8', 'x-env': 'WEB', 'X-requested-with': 'XMLHttpRequest', 'X-token': 'a1cad95a6d480c14f51dd0eba4914c8337b893c789ec6278bb440c7c9a673b162f042470c62684e6da2bd342ffea7777'})
[2025-06-18 22:36:45] Récupération réussie: 200 images pour The Way I See It
[2025-06-18 22:36:45] Voting fetching ...
[2025-06-18 22:36:45] The Way I See It voting 35 images
[2025-06-18 22:36:48] The Way I See It voting 35 images
[2025-06-18 22:36:48] Récupération réussie: 200 images pour Mostly Black
[2025-06-18 22:36:48] Voting fetching ...
[2025-06-18 22:36:48] Mostly Black voting 35 images
[2025-06-18 22:36:51] Mostly Black voting 35 images
[2025-06-18 22:36:51] Récupération réussie: 200 images pour Your Favorite Nature Shot
[2025-06-18 22:36:51] Voting fetching ...
[2025-06-18 22:36:51] Your Favorite Nature Shot voting 35 images
[2025-06-18 22:36:54] Your Favorite Nature Shot voting 35 images
[2025-06-18 22:36:55] Mostly Black voted successfully
[2025-06-18 22:36:57] Your Favorite Nature Shot voted successfully
[2025-06-18 22:36:59] Your Favorite Nature Shot voted successfully
[2025-06-18 22:37:01] Mostly Black voted successfully
[2025-06-18 22:37:03] The Way I See It voted successfully
[2025-06-18 22:37:05] The Way I See It voted successfully
[2025-06-18 22:37:08] Challenges fetching ...
[2025-06-18 22:37:08] Challenges fetched successfully for bruno!
[2025-06-18 22:37:08] Challenges fetching ...
[2025-06-18 22:37:08] Challenges fetched successfully for bruno!
[2025-06-18 22:37:08] Challenges fetching ...
[2025-06-18 22:37:08] Challenges fetched successfully for bruno!
[2025-06-18 22:37:08] Challenges fetching ...
[2025-06-18 22:37:08] Challenges fetched successfully for bruno!
[2025-06-18 22:37:08] Challenges fetching ...
[2025-06-18 22:37:08] Challenges fetched successfully for bruno!
[2025-06-18 22:37:08] Challenges fetching ...
[2025-06-18 22:37:08] Challenges fetched successfully for bruno!
[2025-06-18 22:42:36] Lancement de la stratégie end4 pour Very Romantic
[2025-06-18 22:42:36] Nouveau processus ajouté pour bruno: very-romantic-vote-70-left-0H:4M - Statut: init
[2025-06-18 22:42:36] Traitement du challenge pour bruno: very-romantic
[2025-06-18 22:42:36] Nouveau processus ajouté pour bruno: very-romantic-vote-35-left-0H:3M - Statut: init
[2025-06-18 22:42:36] Traitement du challenge pour bruno: very-romantic
[2025-06-18 22:42:36] Processus mis à jour pour bruno: very-romantic-vote-70-left-0H:4M - waiting
[2025-06-18 22:42:36] Nouveau processus ajouté pour bruno: very-romantic-vote-35-left-0H:2M - Statut: init
[2025-06-18 22:42:36] Nouveau processus ajouté pour bruno: very-romantic-vote-35-left-0H:1M - Statut: init
[2025-06-18 22:42:36] Processus mis à jour pour bruno: very-romantic-vote-35-left-0H:3M - waiting
[2025-06-18 22:42:36] Traitement du challenge pour bruno: very-romantic
[2025-06-18 22:42:36] Traitement du challenge pour bruno: very-romantic
[2025-06-18 22:42:36] Processus mis à jour pour bruno: very-romantic-vote-35-left-0H:2M - waiting
[2025-06-18 22:42:36] Processus mis à jour pour bruno: very-romantic-vote-35-left-0H:1M - waiting
[2025-06-18 22:42:36] Lancement de la stratégie end4 pour The Love of Sports
[2025-06-18 22:42:36] Nouveau processus ajouté pour bruno: the-love-of-sports-vote-70-left-0H:4M - Statut: init
[2025-06-18 22:42:36] Traitement du challenge pour bruno: the-love-of-sports
[2025-06-18 22:42:36] Nouveau processus ajouté pour bruno: the-love-of-sports-vote-35-left-0H:3M - Statut: init
[2025-06-18 22:42:36] Traitement du challenge pour bruno: the-love-of-sports
[2025-06-18 22:42:36] Processus mis à jour pour bruno: the-love-of-sports-vote-70-left-0H:4M - waiting
[2025-06-18 22:42:36] Nouveau processus ajouté pour bruno: the-love-of-sports-vote-35-left-0H:2M - Statut: init
[2025-06-18 22:42:36] Traitement du challenge pour bruno: the-love-of-sports
[2025-06-18 22:42:36] Nouveau processus ajouté pour bruno: the-love-of-sports-vote-35-left-0H:1M - Statut: init
[2025-06-18 22:42:36] Processus mis à jour pour bruno: the-love-of-sports-vote-35-left-0H:3M - waiting
[2025-06-18 22:42:36] Traitement du challenge pour bruno: the-love-of-sports
[2025-06-18 22:42:36] Processus mis à jour pour bruno: the-love-of-sports-vote-35-left-0H:2M - waiting
[2025-06-18 22:42:36] Processus mis à jour pour bruno: the-love-of-sports-vote-35-left-0H:1M - waiting
[2025-06-18 22:42:36] Application des stratégies pour les challenges sélectionnés:
- Very Romantic avec stratégie end4
- The Love of Sports avec stratégie end4

[2025-06-18 22:42:49] The Way I See It get vote panel
[2025-06-18 22:42:49] Your Guilty Pleasures get vote panel
[2025-06-18 22:42:49] Very Romantic get vote panel
[2025-06-18 22:42:49] Filling challenges: {102569, 102564, 102565}
Filled The Way I See It with strategy end4
Filled Your Guilty Pleasures with strategy end4
Filled Very Romantic with strategy end4

[2025-06-18 22:42:50] Récupération des données de vote pour The Way I See It (URL: the-way-i-see-it28, HEADER:{'User-Agent': 'Mozilla/5.0 (X11; Linux i686; rv:39.0) Gecko/20100101 Firefox/39.0', 'x-api-version': '8', 'x-env': 'WEB', 'X-requested-with': 'XMLHttpRequest', 'X-token': 'f96bbe3a7e7f833329e7129767a69abbfa6dfce3152e3c2a311eb49d89b5c3bb2b12b66b402f03dce682b8b2b6a005cd'})
[2025-06-18 22:42:50] Récupération des données de vote pour Your Guilty Pleasures (URL: your-guilty-pleasures2, HEADER:{'User-Agent': 'Mozilla/5.0 (X11; Linux i686; rv:39.0) Gecko/20100101 Firefox/39.0', 'x-api-version': '8', 'x-env': 'WEB', 'X-requested-with': 'XMLHttpRequest', 'X-token': 'f96bbe3a7e7f833329e7129767a69abbfa6dfce3152e3c2a311eb49d89b5c3bb2b12b66b402f03dce682b8b2b6a005cd'})
[2025-06-18 22:42:50] Récupération des données de vote pour Very Romantic (URL: very-romantic, HEADER:{'User-Agent': 'Mozilla/5.0 (X11; Linux i686; rv:39.0) Gecko/20100101 Firefox/39.0', 'x-api-version': '8', 'x-env': 'WEB', 'X-requested-with': 'XMLHttpRequest', 'X-token': 'f96bbe3a7e7f833329e7129767a69abbfa6dfce3152e3c2a311eb49d89b5c3bb2b12b66b402f03dce682b8b2b6a005cd'})
[2025-06-18 22:42:50] Récupération réussie: 200 images pour Very Romantic
[2025-06-18 22:42:50] Voting fetching ...
[2025-06-18 22:42:50] Very Romantic voting 35 images
[2025-06-18 22:42:53] Very Romantic voting 35 images
[2025-06-18 22:42:53] Récupération réussie: 200 images pour The Way I See It
[2025-06-18 22:42:53] Voting fetching ...
[2025-06-18 22:42:53] The Way I See It voting 35 images
[2025-06-18 22:42:56] The Way I See It voting 35 images
[2025-06-18 22:42:56] Récupération réussie: 200 images pour Your Guilty Pleasures
[2025-06-18 22:42:56] Voting fetching ...
[2025-06-18 22:42:56] Your Guilty Pleasures voting 35 images
[2025-06-18 22:43:00] Your Guilty Pleasures voting 35 images
[2025-06-18 22:43:00] Very Romantic voted successfully
[2025-06-18 22:43:02] Very Romantic voted successfully
[2025-06-18 22:43:04] Your Guilty Pleasures voted successfully
[2025-06-18 22:43:06] Your Guilty Pleasures voted successfully
[2025-06-18 22:43:08] The Way I See It voted successfully
[2025-06-18 22:43:10] The Way I See It voted successfully
[2025-06-18 22:43:13] Challenges fetching ...
[2025-06-18 22:43:13] Challenges fetched successfully for pascale!
[2025-06-18 22:43:13] Challenges fetching ...
[2025-06-18 22:43:13] Challenges fetched successfully for pascale!
[2025-06-18 22:43:14] Challenges fetching ...
[2025-06-18 22:43:14] Challenges fetched successfully for pascale!
[2025-06-18 22:43:14] Challenges fetching ...
[2025-06-18 22:43:14] Challenges fetched successfully for pascale!
[2025-06-18 22:43:14] Challenges fetching ...
[2025-06-18 22:43:14] Challenges fetched successfully for pascale!
[2025-06-18 22:43:14] Challenges fetching ...
[2025-06-18 22:43:14] Challenges fetched successfully for pascale!
[2025-06-18 22:43:22] The Way I See It get vote panel
[2025-06-18 22:43:22] Splash get vote panel
[2025-06-18 22:43:22] Half-Face Shots get vote panel
[2025-06-18 22:43:22] Dramatic Lighting get vote panel
[2025-06-18 22:43:22] Filling challenges: {102569, 102570, 102571, 101789}
Filled The Way I See It with strategy end4
Filled Splash with strategy end4
Filled Half-Face Shots with strategy end4
Filled Dramatic Lighting with strategy end4

[2025-06-18 22:43:22] Récupération des données de vote pour The Way I See It (URL: the-way-i-see-it28, HEADER:{'User-Agent': 'Mozilla/5.0 (X11; Linux i686; rv:39.0) Gecko/20100101 Firefox/39.0', 'x-api-version': '8', 'x-env': 'WEB', 'X-requested-with': 'XMLHttpRequest', 'X-token': 'f96bbe3a7e7f833329e7129767a69abbfa6dfce3152e3c2a311eb49d89b5c3bb2b12b66b402f03dce682b8b2b6a005cd'})
[2025-06-18 22:43:22] Récupération des données de vote pour Splash (URL: splash26, HEADER:{'User-Agent': 'Mozilla/5.0 (X11; Linux i686; rv:39.0) Gecko/20100101 Firefox/39.0', 'x-api-version': '8', 'x-env': 'WEB', 'X-requested-with': 'XMLHttpRequest', 'X-token': 'f96bbe3a7e7f833329e7129767a69abbfa6dfce3152e3c2a311eb49d89b5c3bb2b12b66b402f03dce682b8b2b6a005cd'})
[2025-06-18 22:43:22] Récupération des données de vote pour Half-Face Shots (URL: half-face-shots, HEADER:{'User-Agent': 'Mozilla/5.0 (X11; Linux i686; rv:39.0) Gecko/20100101 Firefox/39.0', 'x-api-version': '8', 'x-env': 'WEB', 'X-requested-with': 'XMLHttpRequest', 'X-token': 'f96bbe3a7e7f833329e7129767a69abbfa6dfce3152e3c2a311eb49d89b5c3bb2b12b66b402f03dce682b8b2b6a005cd'})
[2025-06-18 22:43:22] Récupération des données de vote pour Dramatic Lighting (URL: dramatic-lighting11, HEADER:{'User-Agent': 'Mozilla/5.0 (X11; Linux i686; rv:39.0) Gecko/20100101 Firefox/39.0', 'x-api-version': '8', 'x-env': 'WEB', 'X-requested-with': 'XMLHttpRequest', 'X-token': 'f96bbe3a7e7f833329e7129767a69abbfa6dfce3152e3c2a311eb49d89b5c3bb2b12b66b402f03dce682b8b2b6a005cd'})
[2025-06-18 22:43:23] Récupération réussie: 200 images pour Splash
[2025-06-18 22:43:23] Voting fetching ...
[2025-06-18 22:43:23] Splash voting 35 images
[2025-06-18 22:43:26] Splash voting 35 images
[2025-06-18 22:43:26] Récupération réussie: 200 images pour The Way I See It
[2025-06-18 22:43:26] Voting fetching ...
[2025-06-18 22:43:26] The Way I See It voting 35 images
[2025-06-18 22:43:29] The Way I See It voting 35 images
[2025-06-18 22:43:29] Récupération réussie: 200 images pour Half-Face Shots
[2025-06-18 22:43:29] Voting fetching ...
[2025-06-18 22:43:29] Half-Face Shots voting 35 images
[2025-06-18 22:43:32] Half-Face Shots voting 35 images
[2025-06-18 22:43:32] Récupération réussie: 200 images pour Dramatic Lighting
[2025-06-18 22:43:32] Voting fetching ...
[2025-06-18 22:43:32] Dramatic Lighting voting 35 images
[2025-06-18 22:43:35] Dramatic Lighting voting 35 images
[2025-06-18 22:43:36] Splash voted successfully
[2025-06-18 22:43:38] Splash voted successfully
[2025-06-18 22:43:40] Dramatic Lighting voted successfully
[2025-06-18 22:43:42] Half-Face Shots voted successfully
[2025-06-18 22:43:44] Half-Face Shots voted successfully
[2025-06-18 22:43:46] Dramatic Lighting voted successfully
[2025-06-18 22:43:48] The Way I See It voted successfully
[2025-06-18 22:43:50] The Way I See It voted successfully
[2025-06-18 22:43:53] Challenges fetching ...
[2025-06-18 22:43:53] Challenges fetched successfully for pascale!
[2025-06-18 22:43:53] Challenges fetching ...
[2025-06-18 22:43:53] Challenges fetched successfully for pascale!
[2025-06-18 22:43:53] Challenges fetching ...
[2025-06-18 22:43:53] Challenges fetched successfully for pascale!
[2025-06-18 22:43:53] Challenges fetching ...
[2025-06-18 22:43:53] Challenges fetched successfully for pascale!
[2025-06-18 22:43:53] Challenges fetching ...
[2025-06-18 22:43:53] Challenges fetched successfully for pascale!
[2025-06-18 22:43:53] Challenges fetching ...
[2025-06-18 22:43:53] Challenges fetched successfully for pascale!
[2025-06-18 22:43:53] Challenges fetching ...
[2025-06-18 22:43:53] Challenges fetched successfully for pascale!
[2025-06-18 22:43:53] Challenges fetching ...
[2025-06-18 22:43:53] Challenges fetched successfully for pascale!
[2025-06-18 22:43:55] The Way I See It get vote panel
[2025-06-18 22:43:55] Splash get vote panel
[2025-06-18 22:43:55] Half-Face Shots get vote panel
[2025-06-18 22:43:55] Dramatic Lighting get vote panel
[2025-06-18 22:43:55] Filling challenges: {102569, 102570, 102571, 101789}
Filled The Way I See It with strategy end4
Filled Splash with strategy end4
Filled Half-Face Shots with strategy end4
Filled Dramatic Lighting with strategy end4

[2025-06-18 22:43:55] Récupération des données de vote pour The Way I See It (URL: the-way-i-see-it28, HEADER:{'User-Agent': 'Mozilla/5.0 (X11; Linux i686; rv:39.0) Gecko/20100101 Firefox/39.0', 'x-api-version': '8', 'x-env': 'WEB', 'X-requested-with': 'XMLHttpRequest', 'X-token': 'f96bbe3a7e7f833329e7129767a69abbfa6dfce3152e3c2a311eb49d89b5c3bb2b12b66b402f03dce682b8b2b6a005cd'})
[2025-06-18 22:43:55] Récupération des données de vote pour Splash (URL: splash26, HEADER:{'User-Agent': 'Mozilla/5.0 (X11; Linux i686; rv:39.0) Gecko/20100101 Firefox/39.0', 'x-api-version': '8', 'x-env': 'WEB', 'X-requested-with': 'XMLHttpRequest', 'X-token': 'f96bbe3a7e7f833329e7129767a69abbfa6dfce3152e3c2a311eb49d89b5c3bb2b12b66b402f03dce682b8b2b6a005cd'})
[2025-06-18 22:43:55] Récupération des données de vote pour Half-Face Shots (URL: half-face-shots, HEADER:{'User-Agent': 'Mozilla/5.0 (X11; Linux i686; rv:39.0) Gecko/20100101 Firefox/39.0', 'x-api-version': '8', 'x-env': 'WEB', 'X-requested-with': 'XMLHttpRequest', 'X-token': 'f96bbe3a7e7f833329e7129767a69abbfa6dfce3152e3c2a311eb49d89b5c3bb2b12b66b402f03dce682b8b2b6a005cd'})
[2025-06-18 22:43:55] Récupération des données de vote pour Dramatic Lighting (URL: dramatic-lighting11, HEADER:{'User-Agent': 'Mozilla/5.0 (X11; Linux i686; rv:39.0) Gecko/20100101 Firefox/39.0', 'x-api-version': '8', 'x-env': 'WEB', 'X-requested-with': 'XMLHttpRequest', 'X-token': 'f96bbe3a7e7f833329e7129767a69abbfa6dfce3152e3c2a311eb49d89b5c3bb2b12b66b402f03dce682b8b2b6a005cd'})
[2025-06-18 22:43:55] Récupération réussie: 200 images pour Splash
[2025-06-18 22:43:55] Voting fetching ...
[2025-06-18 22:43:55] Splash voting 35 images
[2025-06-18 22:43:58] Splash voting 35 images
[2025-06-18 22:43:59] Récupération réussie: 200 images pour The Way I See It
[2025-06-18 22:43:59] Voting fetching ...
[2025-06-18 22:43:59] The Way I See It voting 35 images
[2025-06-18 22:44:02] The Way I See It voting 35 images
[2025-06-18 22:44:02] Récupération réussie: 200 images pour Half-Face Shots
[2025-06-18 22:44:02] Voting fetching ...
[2025-06-18 22:44:02] Half-Face Shots voting 35 images
[2025-06-18 22:44:05] Half-Face Shots voting 35 images
[2025-06-18 22:44:05] Récupération réussie: 200 images pour Dramatic Lighting
[2025-06-18 22:44:05] Voting fetching ...
[2025-06-18 22:44:05] Dramatic Lighting voting 35 images
[2025-06-18 22:44:08] Dramatic Lighting voting 35 images
[2025-06-18 22:44:09] Splash voted successfully
[2025-06-18 22:44:11] Half-Face Shots voted successfully
[2025-06-18 22:44:13] Splash voted successfully
[2025-06-18 22:44:15] Dramatic Lighting voted successfully
[2025-06-18 22:44:17] Half-Face Shots voted successfully
[2025-06-18 22:44:19] The Way I See It voted successfully
[2025-06-18 22:44:21] The Way I See It voted successfully
[2025-06-18 22:44:23] Dramatic Lighting voted successfully
[2025-06-18 22:44:26] Challenges fetching ...
[2025-06-18 22:44:26] Challenges fetched successfully for pascale!
[2025-06-18 22:44:26] Challenges fetching ...
[2025-06-18 22:44:26] Challenges fetched successfully for pascale!
[2025-06-18 22:44:26] Challenges fetching ...
[2025-06-18 22:44:26] Challenges fetched successfully for pascale!
[2025-06-18 22:44:26] Challenges fetching ...
[2025-06-18 22:44:26] Challenges fetched successfully for pascale!
[2025-06-18 22:44:26] Challenges fetching ...
[2025-06-18 22:44:26] Challenges fetched successfully for pascale!
[2025-06-18 22:44:26] Challenges fetching ...
[2025-06-18 22:44:26] Challenges fetched successfully for pascale!
[2025-06-18 22:44:26] Challenges fetching ...
[2025-06-18 22:44:26] Challenges fetched successfully for pascale!
[2025-06-18 22:44:26] Challenges fetching ...
[2025-06-18 22:44:26] Challenges fetched successfully for pascale!
[2025-06-18 22:44:32] Photographer of the Week get vote panel
[2025-06-18 22:44:32] Items Around The House get vote panel
[2025-06-18 22:44:32] 'S' Shaped get vote panel
[2025-06-18 22:44:32] In Flight get vote panel
[2025-06-18 22:44:32] Filling challenges: {102531, 102573, 102578, 102583}
Filled Photographer of the Week with strategy end4
Filled Items Around The House with strategy end4
Filled 'S' Shaped with strategy end4
Filled In Flight with strategy end4

[2025-06-18 22:44:32] Récupération des données de vote pour Photographer of the Week (URL: photographer-of-the-week212, HEADER:{'User-Agent': 'Mozilla/5.0 (X11; Linux i686; rv:39.0) Gecko/20100101 Firefox/39.0', 'x-api-version': '8', 'x-env': 'WEB', 'X-requested-with': 'XMLHttpRequest', 'X-token': 'f96bbe3a7e7f833329e7129767a69abbfa6dfce3152e3c2a311eb49d89b5c3bb2b12b66b402f03dce682b8b2b6a005cd'})
[2025-06-18 22:44:32] Récupération des données de vote pour Items Around The House (URL: items-around-the-house, HEADER:{'User-Agent': 'Mozilla/5.0 (X11; Linux i686; rv:39.0) Gecko/20100101 Firefox/39.0', 'x-api-version': '8', 'x-env': 'WEB', 'X-requested-with': 'XMLHttpRequest', 'X-token': 'f96bbe3a7e7f833329e7129767a69abbfa6dfce3152e3c2a311eb49d89b5c3bb2b12b66b402f03dce682b8b2b6a005cd'})
[2025-06-18 22:44:32] Récupération des données de vote pour 'S' Shaped (URL: s-shaped, HEADER:{'User-Agent': 'Mozilla/5.0 (X11; Linux i686; rv:39.0) Gecko/20100101 Firefox/39.0', 'x-api-version': '8', 'x-env': 'WEB', 'X-requested-with': 'XMLHttpRequest', 'X-token': 'f96bbe3a7e7f833329e7129767a69abbfa6dfce3152e3c2a311eb49d89b5c3bb2b12b66b402f03dce682b8b2b6a005cd'})
[2025-06-18 22:44:32] Récupération des données de vote pour In Flight (URL: in-flight27, HEADER:{'User-Agent': 'Mozilla/5.0 (X11; Linux i686; rv:39.0) Gecko/20100101 Firefox/39.0', 'x-api-version': '8', 'x-env': 'WEB', 'X-requested-with': 'XMLHttpRequest', 'X-token': 'f96bbe3a7e7f833329e7129767a69abbfa6dfce3152e3c2a311eb49d89b5c3bb2b12b66b402f03dce682b8b2b6a005cd'})
[2025-06-18 22:44:33] Récupération réussie: 200 images pour Items Around The House
[2025-06-18 22:44:33] Voting fetching ...
[2025-06-18 22:44:33] Items Around The House voting 35 images
[2025-06-18 22:44:36] Items Around The House voting 35 images
[2025-06-18 22:44:36] Récupération réussie: 200 images pour 'S' Shaped
[2025-06-18 22:44:36] Voting fetching ...
[2025-06-18 22:44:36] 'S' Shaped voting 35 images
[2025-06-18 22:44:39] 'S' Shaped voting 35 images
[2025-06-18 22:44:39] Récupération réussie: 200 images pour In Flight
[2025-06-18 22:44:39] Voting fetching ...
[2025-06-18 22:44:39] In Flight voting 35 images
[2025-06-18 22:44:42] In Flight voting 35 images
[2025-06-18 22:44:42] Récupération réussie: 200 images pour Photographer of the Week
[2025-06-18 22:44:42] Voting fetching ...
[2025-06-18 22:44:42] Photographer of the Week voting 35 images
[2025-06-18 22:44:45] Photographer of the Week voting 35 images
[2025-06-18 22:44:46] In Flight voted successfully
[2025-06-18 22:44:48] Photographer of the Week voted successfully
[2025-06-18 22:44:50] Items Around The House voted successfully
[2025-06-18 22:44:52] 'S' Shaped voted successfully
[2025-06-18 22:44:54] Items Around The House voted successfully
[2025-06-18 22:44:56] Photographer of the Week voted successfully
[2025-06-18 22:44:58] 'S' Shaped voted successfully
[2025-06-18 22:45:00] In Flight voted successfully
[2025-06-18 22:45:03] Challenges fetching ...
[2025-06-18 22:45:03] Challenges fetched successfully for pascale!
[2025-06-18 22:45:03] Challenges fetching ...
[2025-06-18 22:45:03] Challenges fetched successfully for pascale!
[2025-06-18 22:45:03] Challenges fetching ...
[2025-06-18 22:45:03] Challenges fetched successfully for pascale!
[2025-06-18 22:45:03] Challenges fetching ...
[2025-06-18 22:45:03] Challenges fetched successfully for pascale!
[2025-06-18 22:45:03] Challenges fetching ...
[2025-06-18 22:45:03] Challenges fetched successfully for pascale!
[2025-06-18 22:45:04] Challenges fetching ...
[2025-06-18 22:45:04] Challenges fetched successfully for pascale!
[2025-06-18 22:45:04] Challenges fetching ...
[2025-06-18 22:45:04] Challenges fetched successfully for pascale!
[2025-06-18 22:45:04] Challenges fetching ...
[2025-06-18 22:45:04] Challenges fetched successfully for pascale!
[2025-06-18 22:46:03] Facebook Limelight get vote panel
[2025-06-18 22:46:03] Guru of The Week get vote panel
[2025-06-18 22:46:03] Photo of the Week! get vote panel
[2025-06-18 22:46:03] Capturing Joy get vote panel
[2025-06-18 22:46:03] Filling challenges: {102853, 102539, 103027, 102582}
Filled Facebook Limelight with strategy end4
Filled Guru of The Week with strategy end4
Filled Photo of the Week! with strategy end4
Filled Capturing Joy with strategy end4

[2025-06-18 22:46:03] Récupération des données de vote pour Facebook Limelight (URL: facebook-limelight71, HEADER:{'User-Agent': 'Mozilla/5.0 (X11; Linux i686; rv:39.0) Gecko/20100101 Firefox/39.0', 'x-api-version': '8', 'x-env': 'WEB', 'X-requested-with': 'XMLHttpRequest', 'X-token': 'f96bbe3a7e7f833329e7129767a69abbfa6dfce3152e3c2a311eb49d89b5c3bb2b12b66b402f03dce682b8b2b6a005cd'})
[2025-06-18 22:46:03] Récupération des données de vote pour Guru of The Week (URL: guru-of-the-week38, HEADER:{'User-Agent': 'Mozilla/5.0 (X11; Linux i686; rv:39.0) Gecko/20100101 Firefox/39.0', 'x-api-version': '8', 'x-env': 'WEB', 'X-requested-with': 'XMLHttpRequest', 'X-token': 'f96bbe3a7e7f833329e7129767a69abbfa6dfce3152e3c2a311eb49d89b5c3bb2b12b66b402f03dce682b8b2b6a005cd'})
[2025-06-18 22:46:03] Récupération des données de vote pour Photo of the Week! (URL: photo-of-the-week-301, HEADER:{'User-Agent': 'Mozilla/5.0 (X11; Linux i686; rv:39.0) Gecko/20100101 Firefox/39.0', 'x-api-version': '8', 'x-env': 'WEB', 'X-requested-with': 'XMLHttpRequest', 'X-token': 'f96bbe3a7e7f833329e7129767a69abbfa6dfce3152e3c2a311eb49d89b5c3bb2b12b66b402f03dce682b8b2b6a005cd'})
[2025-06-18 22:46:03] Récupération des données de vote pour Capturing Joy (URL: capturing-joy, HEADER:{'User-Agent': 'Mozilla/5.0 (X11; Linux i686; rv:39.0) Gecko/20100101 Firefox/39.0', 'x-api-version': '8', 'x-env': 'WEB', 'X-requested-with': 'XMLHttpRequest', 'X-token': 'f96bbe3a7e7f833329e7129767a69abbfa6dfce3152e3c2a311eb49d89b5c3bb2b12b66b402f03dce682b8b2b6a005cd'})
[2025-06-18 22:46:04] Récupération réussie: 200 images pour Capturing Joy
[2025-06-18 22:46:04] Voting fetching ...
[2025-06-18 22:46:04] Capturing Joy voting 35 images
[2025-06-18 22:46:07] Capturing Joy voting 35 images
[2025-06-18 22:46:07] Récupération réussie: 200 images pour Photo of the Week!
[2025-06-18 22:46:07] Voting fetching ...
[2025-06-18 22:46:07] Photo of the Week! voting 35 images
[2025-06-18 22:46:10] Photo of the Week! voting 35 images
[2025-06-18 22:46:10] Récupération réussie: 200 images pour Guru of The Week
[2025-06-18 22:46:10] Voting fetching ...
[2025-06-18 22:46:10] Guru of The Week voting 35 images
[2025-06-18 22:46:13] Guru of The Week voting 35 images
[2025-06-18 22:46:13] Récupération réussie: 200 images pour Facebook Limelight
[2025-06-18 22:46:13] Voting fetching ...
[2025-06-18 22:46:13] Facebook Limelight voting 35 images
[2025-06-18 22:46:16] Facebook Limelight voting 35 images
[2025-06-18 22:46:17] Guru of The Week voted successfully
[2025-06-18 22:46:19] Capturing Joy voted successfully
[2025-06-18 22:46:21] Guru of The Week voted successfully
[2025-06-18 22:46:23] Facebook Limelight voted successfully
[2025-06-18 22:46:25] Photo of the Week! voted successfully
[2025-06-18 22:46:27] Facebook Limelight voted successfully
[2025-06-18 22:46:29] Capturing Joy voted successfully
[2025-06-18 22:46:31] Photo of the Week! voted successfully
[2025-06-18 22:46:34] Challenges fetching ...
[2025-06-18 22:46:34] Challenges fetched successfully for pascale!
[2025-06-18 22:46:34] Challenges fetching ...
[2025-06-18 22:46:34] Challenges fetched successfully for pascale!
[2025-06-18 22:46:35] Challenges fetching ...
[2025-06-18 22:46:35] Challenges fetched successfully for pascale!
[2025-06-18 22:46:35] Challenges fetching ...
[2025-06-18 22:46:35] Challenges fetched successfully for pascale!
[2025-06-18 22:46:35] Challenges fetching ...
[2025-06-18 22:46:35] Challenges fetched successfully for pascale!
[2025-06-18 22:46:35] Challenges fetching ...
[2025-06-18 22:46:35] Challenges fetched successfully for pascale!
[2025-06-18 22:46:35] Challenges fetching ...
[2025-06-18 22:46:35] Challenges fetched successfully for pascale!
[2025-06-18 22:46:35] Challenges fetching ...
[2025-06-18 22:46:35] Challenges fetched successfully for pascale!
[2025-06-18 22:46:49] Macro Wonders get vote panel
[2025-06-18 22:46:49] Mostly Black get vote panel
[2025-06-18 22:46:49] Solo - Single Subject get vote panel
[2025-06-18 22:46:49] Your Favorite Nature Shot get vote panel
[2025-06-18 22:46:49] Filling challenges: {102467, 103019, 102164, 102780}
Filled Macro Wonders with strategy end4
Filled Mostly Black with strategy end4
Filled Solo - Single Subject with strategy end4
Filled Your Favorite Nature Shot with strategy end4

[2025-06-18 22:46:49] Récupération des données de vote pour Macro Wonders (URL: macro5, HEADER:{'User-Agent': 'Mozilla/5.0 (X11; Linux i686; rv:39.0) Gecko/20100101 Firefox/39.0', 'x-api-version': '8', 'x-env': 'WEB', 'X-requested-with': 'XMLHttpRequest', 'X-token': 'f96bbe3a7e7f833329e7129767a69abbfa6dfce3152e3c2a311eb49d89b5c3bb2b12b66b402f03dce682b8b2b6a005cd'})
[2025-06-18 22:46:49] Récupération des données de vote pour Mostly Black (URL: mostly-black16, HEADER:{'User-Agent': 'Mozilla/5.0 (X11; Linux i686; rv:39.0) Gecko/20100101 Firefox/39.0', 'x-api-version': '8', 'x-env': 'WEB', 'X-requested-with': 'XMLHttpRequest', 'X-token': 'f96bbe3a7e7f833329e7129767a69abbfa6dfce3152e3c2a311eb49d89b5c3bb2b12b66b402f03dce682b8b2b6a005cd'})
[2025-06-18 22:46:49] Récupération des données de vote pour Solo - Single Subject (URL: solo-single-subject32, HEADER:{'User-Agent': 'Mozilla/5.0 (X11; Linux i686; rv:39.0) Gecko/20100101 Firefox/39.0', 'x-api-version': '8', 'x-env': 'WEB', 'X-requested-with': 'XMLHttpRequest', 'X-token': 'f96bbe3a7e7f833329e7129767a69abbfa6dfce3152e3c2a311eb49d89b5c3bb2b12b66b402f03dce682b8b2b6a005cd'})
[2025-06-18 22:46:49] Récupération des données de vote pour Your Favorite Nature Shot (URL: your-favorite-nature-shot3, HEADER:{'User-Agent': 'Mozilla/5.0 (X11; Linux i686; rv:39.0) Gecko/20100101 Firefox/39.0', 'x-api-version': '8', 'x-env': 'WEB', 'X-requested-with': 'XMLHttpRequest', 'X-token': 'f96bbe3a7e7f833329e7129767a69abbfa6dfce3152e3c2a311eb49d89b5c3bb2b12b66b402f03dce682b8b2b6a005cd'})
[2025-06-18 22:46:50] Récupération réussie: 200 images pour Mostly Black
[2025-06-18 22:46:50] Voting fetching ...
[2025-06-18 22:46:50] Mostly Black voting 35 images
[2025-06-18 22:46:53] Mostly Black voting 35 images
[2025-06-18 22:46:53] Récupération réussie: 200 images pour Macro Wonders
[2025-06-18 22:46:53] Voting fetching ...
[2025-06-18 22:46:53] Macro Wonders voting 35 images
[2025-06-18 22:46:56] Macro Wonders voting 35 images
[2025-06-18 22:46:56] Récupération réussie: 200 images pour Your Favorite Nature Shot
[2025-06-18 22:46:56] Voting fetching ...
[2025-06-18 22:46:56] Your Favorite Nature Shot voting 35 images
[2025-06-18 22:46:59] Your Favorite Nature Shot voting 35 images
[2025-06-18 22:46:59] Récupération réussie: 200 images pour Solo - Single Subject
[2025-06-18 22:46:59] Voting fetching ...
[2025-06-18 22:46:59] Solo - Single Subject voting 35 images
[2025-06-18 22:47:02] Solo - Single Subject voting 35 images
[2025-06-18 22:47:03] Your Favorite Nature Shot voted successfully
[2025-06-18 22:47:05] Macro Wonders voted successfully
[2025-06-18 22:47:07] Mostly Black voted successfully
[2025-06-18 22:47:09] Macro Wonders voted successfully
[2025-06-18 22:47:11] Your Favorite Nature Shot voted successfully
[2025-06-18 22:47:13] Solo - Single Subject voted successfully
[2025-06-18 22:47:15] Mostly Black voted successfully
[2025-06-18 22:47:17] Solo - Single Subject voted successfully
[2025-06-18 22:47:20] Challenges fetching ...
[2025-06-18 22:47:20] Challenges fetched successfully for pascale!
[2025-06-18 22:47:20] Challenges fetching ...
[2025-06-18 22:47:20] Challenges fetched successfully for pascale!
[2025-06-18 22:47:20] Challenges fetching ...
[2025-06-18 22:47:20] Challenges fetched successfully for pascale!
[2025-06-18 22:47:20] Challenges fetching ...
[2025-06-18 22:47:20] Challenges fetched successfully for pascale!
[2025-06-18 22:47:20] Challenges fetching ...
[2025-06-18 22:47:21] Challenges fetched successfully for pascale!
[2025-06-18 22:47:21] Challenges fetching ...
[2025-06-18 22:47:21] Challenges fetched successfully for pascale!
[2025-06-18 22:47:21] Challenges fetching ...
[2025-06-18 22:47:21] Challenges fetched successfully for pascale!
[2025-06-18 22:47:21] Challenges fetching ...
[2025-06-18 22:47:21] Challenges fetched successfully for pascale!
