[2025-07-09 00:01:03] Resynchronisation avec le serveur...
[2025-07-09 00:01:03] Fetching challenges...
[2025-07-09 00:06:03] Resynchronisation avec le serveur...
[2025-07-09 00:06:03] Fetching challenges...
[2025-07-09 00:11:03] Resynchronisation avec le serveur...
[2025-07-09 00:11:03] Fetching challenges...
[2025-07-09 00:16:03] Resynchronisation avec le serveur...
[2025-07-09 00:16:03] Fetching challenges...
[2025-07-09 00:21:03] Resynchronisation avec le serveur...
[2025-07-09 00:21:03] Fetching challenges...
[2025-07-09 00:26:03] Resynchronisation avec le serveur...
[2025-07-09 00:26:03] Fetching challenges...
[2025-07-09 00:31:03] Resynchronisation avec le serveur...
[2025-07-09 00:31:03] Fetching challenges...
[2025-07-09 00:36:03] Resynchronisation avec le serveur...
[2025-07-09 00:36:03] Fetching challenges...
[2025-07-09 00:41:03] Resynchronisation avec le serveur...
[2025-07-09 00:41:03] Fetching challenges...
[2025-07-09 00:46:03] Resynchronisation avec le serveur...
[2025-07-09 00:46:03] Fetching challenges...
[2025-07-09 00:51:03] Resynchronisation avec le serveur...
[2025-07-09 00:51:03] Fetching challenges...
[2025-07-09 00:56:03] Resynchronisation avec le serveur...
[2025-07-09 00:56:03] Fetching challenges...
[2025-07-09 01:01:03] Resynchronisation avec le serveur...
[2025-07-09 01:01:03] Fetching challenges...
[2025-07-09 01:06:03] Resynchronisation avec le serveur...
[2025-07-09 01:06:03] Fetching challenges...
[2025-07-09 01:11:03] Resynchronisation avec le serveur...
[2025-07-09 01:11:03] Fetching challenges...
[2025-07-09 01:16:03] Resynchronisation avec le serveur...
[2025-07-09 01:16:03] Fetching challenges...
[2025-07-09 01:21:03] Resynchronisation avec le serveur...
[2025-07-09 01:21:03] Fetching challenges...
[2025-07-09 01:26:03] Resynchronisation avec le serveur...
[2025-07-09 01:26:03] Fetching challenges...
[2025-07-09 01:31:03] Resynchronisation avec le serveur...
[2025-07-09 01:31:03] Fetching challenges...
[2025-07-09 01:36:03] Resynchronisation avec le serveur...
[2025-07-09 01:36:03] Fetching challenges...
[2025-07-09 01:41:03] Resynchronisation avec le serveur...
[2025-07-09 01:41:03] Fetching challenges...
[2025-07-09 01:46:03] Resynchronisation avec le serveur...
[2025-07-09 01:46:03] Fetching challenges...
[2025-07-09 01:51:03] Resynchronisation avec le serveur...
[2025-07-09 01:51:03] Fetching challenges...
[2025-07-09 01:56:00] Exécution du vote programmé: vote_bruno_103588_end-4m0s_20250708_225606
[2025-07-09 01:56:00] Challenge: Power of Triangles, Votes: 70
[2025-07-09 01:56:00] 🔍 Job terminé: vote_bruno_103588_end-4m0s_20250708_225606 - Jobs restants pour bruno/challenge 103588: 4
[2025-07-09 01:56:00] Power of Triangles get vote panel
[2025-07-09 01:56:00] Processus associé: vote_bruno_103588_end-4m0s_20250708_225606
[2025-07-09 01:56:00] Récupération des données de vote pour Power of Triangles (URL: power-of-triangles2, HEADER:{'User-Agent': 'Mozilla/5.0 (X11; Linux i686; rv:39.0) Gecko/20100101 Firefox/39.0', 'x-api-version': '8', 'x-env': 'WEB', 'X-requested-with': 'XMLHttpRequest', 'X-token': 'a1cad95a6d480c14f51dd0eba4914c8337b893c789ec6278bb440c7c9a673b162f042470c62684e6da2bd342ffea7777'})
[2025-07-09 01:56:01] Récupération réussie: 200 images pour Power of Triangles
[2025-07-09 01:56:01] Voting fetching ...
[2025-07-09 01:56:01] Power of Triangles voting 70 images
[2025-07-09 01:56:03] Power of Triangles voted successfully
[2025-07-09 01:56:03] Processus supprimé pour bruno: vote_bruno_103588_end-4m0s_20250708_225606 - success
[2025-07-09 01:56:03] Processus mis à jour pour bruno: vote_bruno_103588_end-4m0s_20250708_225606 - success
[2025-07-09 01:56:03] Processus vote_bruno_103588_end-4m0s_20250708_225606 terminé avec succès
[2025-07-09 01:56:03] Resynchronisation avec le serveur...
[2025-07-09 01:56:06] Fetching challenges...
[2025-07-09 01:57:00] Exécution du vote programmé: vote_bruno_103588_end-3m0s_20250708_225606
[2025-07-09 01:57:00] Challenge: Power of Triangles, Votes: 40
[2025-07-09 01:57:00] 🔍 Job terminé: vote_bruno_103588_end-3m0s_20250708_225606 - Jobs restants pour bruno/challenge 103588: 3
[2025-07-09 01:57:00] Power of Triangles get vote panel
[2025-07-09 01:57:00] Processus associé: vote_bruno_103588_end-3m0s_20250708_225606
[2025-07-09 01:57:00] Récupération des données de vote pour Power of Triangles (URL: power-of-triangles2, HEADER:{'User-Agent': 'Mozilla/5.0 (X11; Linux i686; rv:39.0) Gecko/20100101 Firefox/39.0', 'x-api-version': '8', 'x-env': 'WEB', 'X-requested-with': 'XMLHttpRequest', 'X-token': 'a1cad95a6d480c14f51dd0eba4914c8337b893c789ec6278bb440c7c9a673b162f042470c62684e6da2bd342ffea7777'})
[2025-07-09 01:57:01] Récupération réussie: 200 images pour Power of Triangles
[2025-07-09 01:57:01] Voting fetching ...
[2025-07-09 01:57:01] Power of Triangles voting 40 images
[2025-07-09 01:57:03] Power of Triangles voted successfully
[2025-07-09 01:57:03] Processus supprimé pour bruno: vote_bruno_103588_end-3m0s_20250708_225606 - success
[2025-07-09 01:57:03] Processus mis à jour pour bruno: vote_bruno_103588_end-3m0s_20250708_225606 - success
[2025-07-09 01:57:03] Processus vote_bruno_103588_end-3m0s_20250708_225606 terminé avec succès
[2025-07-09 01:58:00] Exécution du vote programmé: vote_bruno_103588_end-2m0s_20250708_225606
[2025-07-09 01:58:00] Challenge: Power of Triangles, Votes: 40
[2025-07-09 01:58:00] 🔍 Job terminé: vote_bruno_103588_end-2m0s_20250708_225606 - Jobs restants pour bruno/challenge 103588: 2
[2025-07-09 01:58:00] Power of Triangles get vote panel
[2025-07-09 01:58:00] Processus associé: vote_bruno_103588_end-2m0s_20250708_225606
[2025-07-09 01:58:00] Récupération des données de vote pour Power of Triangles (URL: power-of-triangles2, HEADER:{'User-Agent': 'Mozilla/5.0 (X11; Linux i686; rv:39.0) Gecko/20100101 Firefox/39.0', 'x-api-version': '8', 'x-env': 'WEB', 'X-requested-with': 'XMLHttpRequest', 'X-token': 'a1cad95a6d480c14f51dd0eba4914c8337b893c789ec6278bb440c7c9a673b162f042470c62684e6da2bd342ffea7777'})
[2025-07-09 01:58:01] Récupération réussie: 200 images pour Power of Triangles
[2025-07-09 01:58:01] Voting fetching ...
[2025-07-09 01:58:01] Power of Triangles voting 40 images
[2025-07-09 01:58:03] Power of Triangles voted successfully
[2025-07-09 01:58:03] Processus supprimé pour bruno: vote_bruno_103588_end-2m0s_20250708_225606 - success
[2025-07-09 01:58:03] Processus mis à jour pour bruno: vote_bruno_103588_end-2m0s_20250708_225606 - success
[2025-07-09 01:58:03] Processus vote_bruno_103588_end-2m0s_20250708_225606 terminé avec succès
[2025-07-09 01:59:00] Exécution du vote programmé: vote_bruno_103588_end-1m0s_20250708_225606
[2025-07-09 01:59:00] Challenge: Power of Triangles, Votes: 40
[2025-07-09 01:59:00] 🔍 Job terminé: vote_bruno_103588_end-1m0s_20250708_225606 - Jobs restants pour bruno/challenge 103588: 1
[2025-07-09 01:59:00] Power of Triangles get vote panel
[2025-07-09 01:59:00] Processus associé: vote_bruno_103588_end-1m0s_20250708_225606
[2025-07-09 01:59:00] Récupération des données de vote pour Power of Triangles (URL: power-of-triangles2, HEADER:{'User-Agent': 'Mozilla/5.0 (X11; Linux i686; rv:39.0) Gecko/20100101 Firefox/39.0', 'x-api-version': '8', 'x-env': 'WEB', 'X-requested-with': 'XMLHttpRequest', 'X-token': 'a1cad95a6d480c14f51dd0eba4914c8337b893c789ec6278bb440c7c9a673b162f042470c62684e6da2bd342ffea7777'})
[2025-07-09 01:59:01] Récupération réussie: 200 images pour Power of Triangles
[2025-07-09 01:59:01] Voting fetching ...
[2025-07-09 01:59:01] Power of Triangles voting 40 images
[2025-07-09 01:59:03] Power of Triangles voted successfully
[2025-07-09 01:59:03] Processus supprimé pour bruno: vote_bruno_103588_end-1m0s_20250708_225606 - success
[2025-07-09 01:59:03] Processus mis à jour pour bruno: vote_bruno_103588_end-1m0s_20250708_225606 - success
[2025-07-09 01:59:03] Processus vote_bruno_103588_end-1m0s_20250708_225606 terminé avec succès
[2025-07-09 01:59:30] Exécution du vote programmé: vote_bruno_103588_end-0m30s_20250708_225606
[2025-07-09 01:59:30] Challenge: Power of Triangles, Votes: 20
[2025-07-09 01:59:30] 🔍 Job terminé: vote_bruno_103588_end-0m30s_20250708_225606 - Jobs restants pour bruno/challenge 103588: 0
[2025-07-09 01:59:30] Power of Triangles get vote panel
[2025-07-09 01:59:30] 🧹 Nettoyage automatique: stratégie terminée pour bruno/challenge 103588
[2025-07-09 01:59:30] Processus associé: vote_bruno_103588_end-0m30s_20250708_225606
[2025-07-09 01:59:30] Récupération des données de vote pour Power of Triangles (URL: power-of-triangles2, HEADER:{'User-Agent': 'Mozilla/5.0 (X11; Linux i686; rv:39.0) Gecko/20100101 Firefox/39.0', 'x-api-version': '8', 'x-env': 'WEB', 'X-requested-with': 'XMLHttpRequest', 'X-token': 'a1cad95a6d480c14f51dd0eba4914c8337b893c789ec6278bb440c7c9a673b162f042470c62684e6da2bd342ffea7777'})
[2025-07-09 01:59:30] 🗑️ Stratégie supprimée de la config: 4m
[2025-07-09 01:59:30] 🎯 Colonne stratégie vidée pour Power of Triangles
[2025-07-09 01:59:31] Récupération réussie: 200 images pour Power of Triangles
[2025-07-09 01:59:31] Voting fetching ...
[2025-07-09 01:59:31] Power of Triangles voting 20 images
[2025-07-09 01:59:32] Power of Triangles voted successfully
[2025-07-09 01:59:32] Processus supprimé pour bruno: vote_bruno_103588_end-0m30s_20250708_225606 - success
[2025-07-09 01:59:32] Processus mis à jour pour bruno: vote_bruno_103588_end-0m30s_20250708_225606 - success
[2025-07-09 01:59:32] Processus vote_bruno_103588_end-0m30s_20250708_225606 terminé avec succès
[2025-07-09 02:01:03] Challenge fermé supprimé pour bruno: Power of Triangles
[2025-07-09 02:01:03] Resynchronisation avec le serveur...
[2025-07-09 02:01:03] Suppression automatique de 1 challenge(s) fermé(s)
[2025-07-09 02:01:03] Fetching challenges...
[2025-07-09 02:01:05] Lancement automatique des stratégies de fin pour 1 nouveaux challenges...
[2025-07-09 02:01:05] Nouveau challenge détecté pour bruno: Power of Triangles
[2025-07-09 02:06:03] Challenge fermé supprimé pour bruno: Power of Triangles
[2025-07-09 02:06:03] Resynchronisation avec le serveur...
[2025-07-09 02:06:03] Suppression automatique de 1 challenge(s) fermé(s)
[2025-07-09 02:06:03] Fetching challenges...
[2025-07-09 02:11:03] Resynchronisation avec le serveur...
[2025-07-09 02:11:03] Fetching challenges...
[2025-07-09 02:16:03] Resynchronisation avec le serveur...
[2025-07-09 02:16:03] Fetching challenges...
[2025-07-09 02:21:03] Resynchronisation avec le serveur...
[2025-07-09 02:21:03] Fetching challenges...
[2025-07-09 02:26:03] Resynchronisation avec le serveur...
[2025-07-09 02:26:03] Fetching challenges...
[2025-07-09 02:31:03] Resynchronisation avec le serveur...
[2025-07-09 02:31:03] Fetching challenges...
[2025-07-09 02:36:03] Resynchronisation avec le serveur...
[2025-07-09 02:36:03] Fetching challenges...
[2025-07-09 02:41:03] Resynchronisation avec le serveur...
[2025-07-09 02:41:03] Fetching challenges...
[2025-07-09 02:46:03] Resynchronisation avec le serveur...
[2025-07-09 02:46:03] Fetching challenges...
[2025-07-09 02:51:03] Resynchronisation avec le serveur...
[2025-07-09 02:51:03] Fetching challenges...
[2025-07-09 02:56:03] Resynchronisation avec le serveur...
[2025-07-09 02:56:03] Fetching challenges...
[2025-07-09 03:01:03] Resynchronisation avec le serveur...
[2025-07-09 03:01:03] Fetching challenges...
[2025-07-09 03:06:03] Resynchronisation avec le serveur...
[2025-07-09 03:06:03] Fetching challenges...
[2025-07-09 03:11:03] Resynchronisation avec le serveur...
[2025-07-09 03:11:03] Fetching challenges...
[2025-07-09 03:16:03] Resynchronisation avec le serveur...
[2025-07-09 03:16:03] Fetching challenges...
[2025-07-09 03:21:03] Resynchronisation avec le serveur...
[2025-07-09 03:21:03] Fetching challenges...
[2025-07-09 03:26:03] Resynchronisation avec le serveur...
[2025-07-09 03:26:03] Fetching challenges...
[2025-07-09 03:31:03] Resynchronisation avec le serveur...
[2025-07-09 03:31:03] Fetching challenges...
[2025-07-09 03:36:03] Resynchronisation avec le serveur...
[2025-07-09 03:36:03] Fetching challenges...
[2025-07-09 03:41:03] Resynchronisation avec le serveur...
[2025-07-09 03:41:03] Fetching challenges...
[2025-07-09 03:46:03] Resynchronisation avec le serveur...
[2025-07-09 03:46:03] Fetching challenges...
[2025-07-09 03:51:03] Resynchronisation avec le serveur...
[2025-07-09 03:51:03] Fetching challenges...
[2025-07-09 03:56:03] Resynchronisation avec le serveur...
[2025-07-09 03:56:03] Fetching challenges...
[2025-07-09 04:01:03] Resynchronisation avec le serveur...
[2025-07-09 04:01:03] Fetching challenges...
[2025-07-09 04:06:03] Resynchronisation avec le serveur...
[2025-07-09 04:06:03] Fetching challenges...
[2025-07-09 04:11:03] Resynchronisation avec le serveur...
[2025-07-09 04:11:03] Fetching challenges...
[2025-07-09 04:16:03] Resynchronisation avec le serveur...
[2025-07-09 04:16:03] Fetching challenges...
[2025-07-09 04:21:03] Resynchronisation avec le serveur...
[2025-07-09 04:21:03] Fetching challenges...
[2025-07-09 04:26:03] Resynchronisation avec le serveur...
[2025-07-09 04:26:03] Fetching challenges...
[2025-07-09 04:31:03] Resynchronisation avec le serveur...
[2025-07-09 04:31:03] Fetching challenges...
[2025-07-09 04:36:03] Resynchronisation avec le serveur...
[2025-07-09 04:36:03] Fetching challenges...
[2025-07-09 04:41:03] Resynchronisation avec le serveur...
[2025-07-09 04:41:03] Fetching challenges...
[2025-07-09 04:46:03] Resynchronisation avec le serveur...
[2025-07-09 04:46:03] Fetching challenges...
[2025-07-09 04:51:03] Resynchronisation avec le serveur...
[2025-07-09 04:51:03] Fetching challenges...
[2025-07-09 04:56:03] Resynchronisation avec le serveur...
[2025-07-09 04:56:03] Fetching challenges...
[2025-07-09 05:01:03] Resynchronisation avec le serveur...
[2025-07-09 05:01:03] Fetching challenges...
[2025-07-09 05:06:03] Resynchronisation avec le serveur...
[2025-07-09 05:06:03] Fetching challenges...
[2025-07-09 05:11:03] Resynchronisation avec le serveur...
[2025-07-09 05:11:03] Fetching challenges...
[2025-07-09 05:16:03] Resynchronisation avec le serveur...
[2025-07-09 05:16:03] Fetching challenges...
[2025-07-09 05:21:03] Resynchronisation avec le serveur...
[2025-07-09 05:21:03] Fetching challenges...
[2025-07-09 05:26:03] Resynchronisation avec le serveur...
[2025-07-09 05:26:03] Fetching challenges...
[2025-07-09 05:31:03] Resynchronisation avec le serveur...
[2025-07-09 05:31:03] Fetching challenges...
[2025-07-09 05:36:03] Resynchronisation avec le serveur...
[2025-07-09 05:36:03] Fetching challenges...
[2025-07-09 05:41:03] Resynchronisation avec le serveur...
[2025-07-09 05:41:03] Fetching challenges...
[2025-07-09 05:46:03] Resynchronisation avec le serveur...
[2025-07-09 05:46:03] Fetching challenges...
[2025-07-09 05:51:03] Resynchronisation avec le serveur...
[2025-07-09 05:51:03] Fetching challenges...
[2025-07-09 05:56:03] Resynchronisation avec le serveur...
[2025-07-09 05:56:03] Fetching challenges...
[2025-07-09 06:01:03] Resynchronisation avec le serveur...
[2025-07-09 06:01:03] Fetching challenges...
[2025-07-09 06:06:03] Resynchronisation avec le serveur...
[2025-07-09 06:06:03] Fetching challenges...
[2025-07-09 06:11:03] Resynchronisation avec le serveur...
[2025-07-09 06:11:03] Fetching challenges...
[2025-07-09 06:16:03] Resynchronisation avec le serveur...
[2025-07-09 06:16:03] Fetching challenges...
[2025-07-09 06:21:03] Resynchronisation avec le serveur...
[2025-07-09 06:21:03] Fetching challenges...
[2025-07-09 06:26:03] Resynchronisation avec le serveur...
[2025-07-09 06:26:03] Fetching challenges...
[2025-07-09 06:31:03] Resynchronisation avec le serveur...
[2025-07-09 06:31:03] Fetching challenges...
[2025-07-09 06:36:03] Resynchronisation avec le serveur...
[2025-07-09 06:36:03] Fetching challenges...
[2025-07-09 06:41:03] Resynchronisation avec le serveur...
[2025-07-09 06:41:03] Fetching challenges...
[2025-07-09 06:46:04] Resynchronisation avec le serveur...
[2025-07-09 06:46:04] Fetching challenges...
[2025-07-09 06:51:03] Resynchronisation avec le serveur...
[2025-07-09 06:51:03] Fetching challenges...
[2025-07-09 06:56:00] Exécution du vote programmé: vote_bruno_103639_end-4m0s_20250708_225606
[2025-07-09 06:56:00] Challenge: All Large Cats, Votes: 70
[2025-07-09 06:56:00] 🔍 Job terminé: vote_bruno_103639_end-4m0s_20250708_225606 - Jobs restants pour bruno/challenge 103639: 4
[2025-07-09 06:56:00] All Large Cats get vote panel
[2025-07-09 06:56:00] Processus associé: vote_bruno_103639_end-4m0s_20250708_225606
[2025-07-09 06:56:00] Récupération des données de vote pour All Large Cats (URL: all-large-cats1, HEADER:{'User-Agent': 'Mozilla/5.0 (X11; Linux i686; rv:39.0) Gecko/20100101 Firefox/39.0', 'x-api-version': '8', 'x-env': 'WEB', 'X-requested-with': 'XMLHttpRequest', 'X-token': 'a1cad95a6d480c14f51dd0eba4914c8337b893c789ec6278bb440c7c9a673b162f042470c62684e6da2bd342ffea7777'})
[2025-07-09 06:56:01] Récupération réussie: 200 images pour All Large Cats
[2025-07-09 06:56:01] Voting fetching ...
[2025-07-09 06:56:01] All Large Cats voting 70 images
[2025-07-09 06:56:03] All Large Cats voted successfully
[2025-07-09 06:56:03] Processus supprimé pour bruno: vote_bruno_103639_end-4m0s_20250708_225606 - success
[2025-07-09 06:56:03] Processus mis à jour pour bruno: vote_bruno_103639_end-4m0s_20250708_225606 - success
[2025-07-09 06:56:03] Processus vote_bruno_103639_end-4m0s_20250708_225606 terminé avec succès
[2025-07-09 06:56:03] Resynchronisation avec le serveur...
[2025-07-09 06:56:05] Fetching challenges...
[2025-07-09 06:57:00] Exécution du vote programmé: vote_bruno_103639_end-3m0s_20250708_225606
[2025-07-09 06:57:00] Challenge: All Large Cats, Votes: 40
[2025-07-09 06:57:00] All Large Cats get vote panel
[2025-07-09 06:57:00] 🔍 Job terminé: vote_bruno_103639_end-3m0s_20250708_225606 - Jobs restants pour bruno/challenge 103639: 3
[2025-07-09 06:57:00] Processus associé: vote_bruno_103639_end-3m0s_20250708_225606
[2025-07-09 06:57:00] Récupération des données de vote pour All Large Cats (URL: all-large-cats1, HEADER:{'User-Agent': 'Mozilla/5.0 (X11; Linux i686; rv:39.0) Gecko/20100101 Firefox/39.0', 'x-api-version': '8', 'x-env': 'WEB', 'X-requested-with': 'XMLHttpRequest', 'X-token': 'a1cad95a6d480c14f51dd0eba4914c8337b893c789ec6278bb440c7c9a673b162f042470c62684e6da2bd342ffea7777'})
[2025-07-09 06:57:01] Récupération réussie: 200 images pour All Large Cats
[2025-07-09 06:57:01] Voting fetching ...
[2025-07-09 06:57:01] All Large Cats voting 40 images
[2025-07-09 06:57:03] All Large Cats voted successfully
[2025-07-09 06:57:03] Processus supprimé pour bruno: vote_bruno_103639_end-3m0s_20250708_225606 - success
[2025-07-09 06:57:03] Processus mis à jour pour bruno: vote_bruno_103639_end-3m0s_20250708_225606 - success
[2025-07-09 06:57:03] Processus vote_bruno_103639_end-3m0s_20250708_225606 terminé avec succès
[2025-07-09 06:58:00] Exécution du vote programmé: vote_bruno_103639_end-2m0s_20250708_225606
[2025-07-09 06:58:00] Challenge: All Large Cats, Votes: 40
[2025-07-09 06:58:00] All Large Cats get vote panel
[2025-07-09 06:58:00] 🔍 Job terminé: vote_bruno_103639_end-2m0s_20250708_225606 - Jobs restants pour bruno/challenge 103639: 2
[2025-07-09 06:58:00] Processus associé: vote_bruno_103639_end-2m0s_20250708_225606
[2025-07-09 06:58:00] Récupération des données de vote pour All Large Cats (URL: all-large-cats1, HEADER:{'User-Agent': 'Mozilla/5.0 (X11; Linux i686; rv:39.0) Gecko/20100101 Firefox/39.0', 'x-api-version': '8', 'x-env': 'WEB', 'X-requested-with': 'XMLHttpRequest', 'X-token': 'a1cad95a6d480c14f51dd0eba4914c8337b893c789ec6278bb440c7c9a673b162f042470c62684e6da2bd342ffea7777'})
[2025-07-09 06:58:01] Récupération réussie: 200 images pour All Large Cats
[2025-07-09 06:58:01] Voting fetching ...
[2025-07-09 06:58:01] All Large Cats voting 40 images
[2025-07-09 06:58:03] All Large Cats voted successfully
[2025-07-09 06:58:03] Processus supprimé pour bruno: vote_bruno_103639_end-2m0s_20250708_225606 - success
[2025-07-09 06:58:03] Processus mis à jour pour bruno: vote_bruno_103639_end-2m0s_20250708_225606 - success
[2025-07-09 06:58:03] Processus vote_bruno_103639_end-2m0s_20250708_225606 terminé avec succès
[2025-07-09 06:59:00] Exécution du vote programmé: vote_bruno_103639_end-1m0s_20250708_225606
[2025-07-09 06:59:00] Challenge: All Large Cats, Votes: 40
[2025-07-09 06:59:00] All Large Cats get vote panel
[2025-07-09 06:59:00] 🔍 Job terminé: vote_bruno_103639_end-1m0s_20250708_225606 - Jobs restants pour bruno/challenge 103639: 1
[2025-07-09 06:59:00] Processus associé: vote_bruno_103639_end-1m0s_20250708_225606
[2025-07-09 06:59:00] Récupération des données de vote pour All Large Cats (URL: all-large-cats1, HEADER:{'User-Agent': 'Mozilla/5.0 (X11; Linux i686; rv:39.0) Gecko/20100101 Firefox/39.0', 'x-api-version': '8', 'x-env': 'WEB', 'X-requested-with': 'XMLHttpRequest', 'X-token': 'a1cad95a6d480c14f51dd0eba4914c8337b893c789ec6278bb440c7c9a673b162f042470c62684e6da2bd342ffea7777'})
[2025-07-09 06:59:01] Récupération réussie: 200 images pour All Large Cats
[2025-07-09 06:59:01] Voting fetching ...
[2025-07-09 06:59:01] All Large Cats voting 40 images
[2025-07-09 06:59:03] All Large Cats voted successfully
[2025-07-09 06:59:03] Processus supprimé pour bruno: vote_bruno_103639_end-1m0s_20250708_225606 - success
[2025-07-09 06:59:03] Processus mis à jour pour bruno: vote_bruno_103639_end-1m0s_20250708_225606 - success
[2025-07-09 06:59:03] Processus vote_bruno_103639_end-1m0s_20250708_225606 terminé avec succès
[2025-07-09 06:59:30] Exécution du vote programmé: vote_bruno_103639_end-0m30s_20250708_225606
[2025-07-09 06:59:30] Challenge: All Large Cats, Votes: 20
[2025-07-09 06:59:30] 🔍 Job terminé: vote_bruno_103639_end-0m30s_20250708_225606 - Jobs restants pour bruno/challenge 103639: 0
[2025-07-09 06:59:30] All Large Cats get vote panel
[2025-07-09 06:59:30] Processus associé: vote_bruno_103639_end-0m30s_20250708_225606
[2025-07-09 06:59:30] 🧹 Nettoyage automatique: stratégie terminée pour bruno/challenge 103639
[2025-07-09 06:59:30] Récupération des données de vote pour All Large Cats (URL: all-large-cats1, HEADER:{'User-Agent': 'Mozilla/5.0 (X11; Linux i686; rv:39.0) Gecko/20100101 Firefox/39.0', 'x-api-version': '8', 'x-env': 'WEB', 'X-requested-with': 'XMLHttpRequest', 'X-token': 'a1cad95a6d480c14f51dd0eba4914c8337b893c789ec6278bb440c7c9a673b162f042470c62684e6da2bd342ffea7777'})
[2025-07-09 06:59:30] 🗑️ Stratégie supprimée de la config: 4m
[2025-07-09 06:59:30] 🎯 Colonne stratégie vidée pour All Large Cats
[2025-07-09 06:59:31] Récupération réussie: 200 images pour All Large Cats
[2025-07-09 06:59:31] Voting fetching ...
[2025-07-09 06:59:31] All Large Cats voting 20 images
[2025-07-09 06:59:32] All Large Cats voted successfully
[2025-07-09 06:59:32] Processus supprimé pour bruno: vote_bruno_103639_end-0m30s_20250708_225606 - success
[2025-07-09 06:59:32] Processus mis à jour pour bruno: vote_bruno_103639_end-0m30s_20250708_225606 - success
[2025-07-09 06:59:32] Processus vote_bruno_103639_end-0m30s_20250708_225606 terminé avec succès
[2025-07-09 07:01:03] Challenge fermé supprimé pour bruno: All Large Cats
[2025-07-09 07:01:03] Resynchronisation avec le serveur...
[2025-07-09 07:01:03] Suppression automatique de 1 challenge(s) fermé(s)
[2025-07-09 07:01:03] Fetching challenges...
[2025-07-09 07:01:05] Lancement automatique des stratégies de fin pour 1 nouveaux challenges...
[2025-07-09 07:01:05] Nouveau challenge détecté pour bruno: All Large Cats
[2025-07-09 07:06:03] Challenge fermé supprimé pour bruno: All Large Cats
[2025-07-09 07:06:03] Resynchronisation avec le serveur...
[2025-07-09 07:06:03] Suppression automatique de 1 challenge(s) fermé(s)
[2025-07-09 07:06:03] Fetching challenges...
[2025-07-09 07:11:03] Resynchronisation avec le serveur...
[2025-07-09 07:11:03] Fetching challenges...
[2025-07-09 07:16:03] Resynchronisation avec le serveur...
[2025-07-09 07:16:03] Fetching challenges...
[2025-07-09 07:21:03] Resynchronisation avec le serveur...
[2025-07-09 07:21:03] Fetching challenges...
[2025-07-09 07:26:05] Resynchronisation avec le serveur...
[2025-07-09 07:26:05] Fetching challenges...
[2025-07-09 07:31:05] Resynchronisation avec le serveur...
[2025-07-09 07:31:05] Fetching challenges...
[2025-07-09 07:36:05] Resynchronisation avec le serveur...
[2025-07-09 07:36:05] Fetching challenges...
[2025-07-09 07:41:03] Resynchronisation avec le serveur...
[2025-07-09 07:41:03] Fetching challenges...
[2025-07-09 07:46:05] Resynchronisation avec le serveur...
[2025-07-09 07:46:05] Fetching challenges...
[2025-07-09 07:51:05] Resynchronisation avec le serveur...
[2025-07-09 07:51:05] Fetching challenges...
[2025-07-09 07:56:05] Resynchronisation avec le serveur...
[2025-07-09 07:56:05] Fetching challenges...
[2025-07-09 08:01:03] Resynchronisation avec le serveur...
[2025-07-09 08:01:03] Fetching challenges...
[2025-07-09 08:06:05] Resynchronisation avec le serveur...
[2025-07-09 08:06:05] Fetching challenges...
[2025-07-09 08:11:04] Resynchronisation avec le serveur...
[2025-07-09 08:11:04] Fetching challenges...
[2025-07-09 08:16:05] Resynchronisation avec le serveur...
[2025-07-09 08:16:05] Fetching challenges...
[2025-07-09 08:21:03] Resynchronisation avec le serveur...
[2025-07-09 08:21:03] Fetching challenges...
[2025-07-09 08:26:05] Resynchronisation avec le serveur...
[2025-07-09 08:26:05] Fetching challenges...
[2025-07-09 08:31:05] Resynchronisation avec le serveur...
[2025-07-09 08:31:05] Fetching challenges...
[2025-07-09 08:36:05] Resynchronisation avec le serveur...
[2025-07-09 08:36:05] Fetching challenges...
[2025-07-09 08:41:03] Resynchronisation avec le serveur...
[2025-07-09 08:41:03] Fetching challenges...
[2025-07-09 08:46:03] Resynchronisation avec le serveur...
[2025-07-09 08:46:03] Fetching challenges...
[2025-07-09 08:51:03] Resynchronisation avec le serveur...
[2025-07-09 08:51:03] Fetching challenges...
[2025-07-09 08:56:03] Resynchronisation avec le serveur...
[2025-07-09 08:56:03] Fetching challenges...
[2025-07-09 09:01:03] Resynchronisation avec le serveur...
[2025-07-09 09:01:03] Fetching challenges...
[2025-07-09 09:06:03] Resynchronisation avec le serveur...
[2025-07-09 09:06:03] Fetching challenges...
[2025-07-09 09:11:03] Resynchronisation avec le serveur...
[2025-07-09 09:11:03] Fetching challenges...
[2025-07-09 09:16:03] Resynchronisation avec le serveur...
[2025-07-09 09:16:03] Fetching challenges...
[2025-07-09 09:21:03] Resynchronisation avec le serveur...
[2025-07-09 09:21:03] Fetching challenges...
[2025-07-09 09:26:03] Resynchronisation avec le serveur...
[2025-07-09 09:26:03] Fetching challenges...
[2025-07-09 09:31:03] Resynchronisation avec le serveur...
[2025-07-09 09:31:03] Fetching challenges...
[2025-07-09 09:36:03] Resynchronisation avec le serveur...
[2025-07-09 09:36:03] Fetching challenges...
[2025-07-09 09:36:05] Lancement automatique des stratégies de fin pour 2 nouveaux challenges...
[2025-07-09 09:36:05] Nouveau challenge détecté pour bruno: Favorite Room
[2025-07-09 09:36:05] Nouveau challenge détecté pour bruno: Harbors, Ports, Jetties & Docks
[2025-07-09 09:41:03] Resynchronisation avec le serveur...
[2025-07-09 09:41:03] Fetching challenges...
[2025-07-09 09:41:05] Lancement automatique des stratégies de fin pour 2 nouveaux challenges...
[2025-07-09 09:41:05] Nouveau challenge détecté pour bruno: Brick, Mortar And Stone
[2025-07-09 09:41:05] Nouveau challenge détecté pour bruno: Candid Snaps
[2025-07-09 09:46:03] Resynchronisation avec le serveur...
[2025-07-09 09:46:03] Fetching challenges...
[2025-07-09 09:46:05] Lancement automatique des stratégies de fin pour 1 nouveaux challenges...
[2025-07-09 09:46:05] Nouveau challenge détecté pour bruno: Just Three Colors
[2025-07-09 09:51:03] Resynchronisation avec le serveur...
[2025-07-09 09:51:03] Fetching challenges...
[2025-07-09 09:56:03] Resynchronisation avec le serveur...
[2025-07-09 09:56:03] Fetching challenges...
[2025-07-09 10:01:03] Resynchronisation avec le serveur...
[2025-07-09 10:01:03] Fetching challenges...
[2025-07-09 10:06:03] Resynchronisation avec le serveur...
[2025-07-09 10:06:03] Fetching challenges...
[2025-07-09 10:11:03] Resynchronisation avec le serveur...
[2025-07-09 10:11:03] Fetching challenges...
[2025-07-09 10:16:03] Resynchronisation avec le serveur...
[2025-07-09 10:16:03] Fetching challenges...
[2025-07-09 10:21:03] Resynchronisation avec le serveur...
[2025-07-09 10:21:03] Fetching challenges...
[2025-07-09 10:26:03] Resynchronisation avec le serveur...
[2025-07-09 10:26:03] Fetching challenges...
[2025-07-09 10:31:03] Resynchronisation avec le serveur...
[2025-07-09 10:31:03] Fetching challenges...
[2025-07-09 10:36:03] Resynchronisation avec le serveur...
[2025-07-09 10:36:03] Fetching challenges...
[2025-07-09 10:41:03] Resynchronisation avec le serveur...
[2025-07-09 10:41:03] Fetching challenges...
[2025-07-09 10:46:03] Resynchronisation avec le serveur...
[2025-07-09 10:46:03] Fetching challenges...
[2025-07-09 10:51:03] Resynchronisation avec le serveur...
[2025-07-09 10:51:03] Fetching challenges...
[2025-07-09 10:56:03] Resynchronisation avec le serveur...
[2025-07-09 10:56:03] Fetching challenges...
[2025-07-09 11:01:03] Resynchronisation avec le serveur...
[2025-07-09 11:01:03] Fetching challenges...
[2025-07-09 11:06:03] Resynchronisation avec le serveur...
[2025-07-09 11:06:03] Fetching challenges...
[2025-07-09 11:11:03] Resynchronisation avec le serveur...
[2025-07-09 11:11:03] Fetching challenges...
[2025-07-09 11:16:03] Resynchronisation avec le serveur...
[2025-07-09 11:16:03] Fetching challenges...
[2025-07-09 11:21:03] Resynchronisation avec le serveur...
[2025-07-09 11:21:03] Fetching challenges...
[2025-07-09 11:26:03] Resynchronisation avec le serveur...
[2025-07-09 11:26:03] Fetching challenges...
[2025-07-09 11:31:03] Resynchronisation avec le serveur...
[2025-07-09 11:31:03] Fetching challenges...
[2025-07-09 11:36:03] Resynchronisation avec le serveur...
[2025-07-09 11:36:03] Fetching challenges...
[2025-07-09 11:41:03] Resynchronisation avec le serveur...
[2025-07-09 11:41:03] Fetching challenges...
[2025-07-09 11:46:03] Resynchronisation avec le serveur...
[2025-07-09 11:46:03] Fetching challenges...
[2025-07-09 11:51:03] Resynchronisation avec le serveur...
[2025-07-09 11:51:03] Fetching challenges...
[2025-07-09 11:56:03] Resynchronisation avec le serveur...
[2025-07-09 11:56:03] Fetching challenges...
[2025-07-09 12:01:03] Resynchronisation avec le serveur...
[2025-07-09 12:01:03] Fetching challenges...
[2025-07-09 12:06:03] Resynchronisation avec le serveur...
[2025-07-09 12:06:03] Fetching challenges...
[2025-07-09 12:11:03] Resynchronisation avec le serveur...
[2025-07-09 12:11:03] Fetching challenges...
[2025-07-09 12:16:03] Resynchronisation avec le serveur...
[2025-07-09 12:16:03] Fetching challenges...
[2025-07-09 12:21:03] Resynchronisation avec le serveur...
[2025-07-09 12:21:03] Fetching challenges...
[2025-07-09 12:26:03] Resynchronisation avec le serveur...
[2025-07-09 12:26:03] Fetching challenges...
[2025-07-09 12:31:03] Resynchronisation avec le serveur...
[2025-07-09 12:31:03] Fetching challenges...
[2025-07-09 12:36:03] Resynchronisation avec le serveur...
[2025-07-09 12:36:03] Fetching challenges...
[2025-07-09 12:41:03] Resynchronisation avec le serveur...
[2025-07-09 12:41:03] Fetching challenges...
[2025-07-09 12:46:03] Resynchronisation avec le serveur...
[2025-07-09 12:46:03] Fetching challenges...
[2025-07-09 12:51:03] Resynchronisation avec le serveur...
[2025-07-09 12:51:03] Fetching challenges...
[2025-07-09 12:56:03] Resynchronisation avec le serveur...
[2025-07-09 12:56:03] Fetching challenges...
[2025-07-09 13:01:03] Resynchronisation avec le serveur...
[2025-07-09 13:01:03] Fetching challenges...
[2025-07-09 13:06:03] Resynchronisation avec le serveur...
[2025-07-09 13:06:03] Fetching challenges...
[2025-07-09 13:11:03] Resynchronisation avec le serveur...
[2025-07-09 13:11:03] Fetching challenges...
[2025-07-09 13:16:03] Resynchronisation avec le serveur...
[2025-07-09 13:16:03] Fetching challenges...
[2025-07-09 13:21:03] Resynchronisation avec le serveur...
[2025-07-09 13:21:03] Fetching challenges...
[2025-07-09 13:26:03] Resynchronisation avec le serveur...
[2025-07-09 13:26:03] Fetching challenges...
[2025-07-09 13:31:03] Resynchronisation avec le serveur...
[2025-07-09 13:31:03] Fetching challenges...
[2025-07-09 13:36:03] Resynchronisation avec le serveur...
[2025-07-09 13:36:03] Fetching challenges...
[2025-07-09 13:41:03] Resynchronisation avec le serveur...
[2025-07-09 13:41:03] Fetching challenges...
[2025-07-09 13:46:03] Resynchronisation avec le serveur...
[2025-07-09 13:46:03] Fetching challenges...
[2025-07-09 13:51:03] Resynchronisation avec le serveur...
[2025-07-09 13:51:03] Fetching challenges...
[2025-07-09 13:56:03] Resynchronisation avec le serveur...
[2025-07-09 13:56:03] Fetching challenges...
[2025-07-09 14:01:03] Resynchronisation avec le serveur...
[2025-07-09 14:01:03] Fetching challenges...
[2025-07-09 14:06:03] Resynchronisation avec le serveur...
[2025-07-09 14:06:03] Fetching challenges...
[2025-07-09 14:11:03] Resynchronisation avec le serveur...
[2025-07-09 14:11:03] Fetching challenges...
[2025-07-09 14:16:03] Resynchronisation avec le serveur...
[2025-07-09 14:16:03] Fetching challenges...
[2025-07-09 14:21:03] Resynchronisation avec le serveur...
[2025-07-09 14:21:03] Fetching challenges...
[2025-07-09 14:26:03] Resynchronisation avec le serveur...
[2025-07-09 14:26:03] Fetching challenges...
[2025-07-09 14:31:03] Resynchronisation avec le serveur...
[2025-07-09 14:31:03] Fetching challenges...
[2025-07-09 14:36:03] Resynchronisation avec le serveur...
[2025-07-09 14:36:03] Fetching challenges...
[2025-07-09 14:41:03] Resynchronisation avec le serveur...
[2025-07-09 14:41:03] Fetching challenges...
[2025-07-09 14:46:03] Resynchronisation avec le serveur...
[2025-07-09 14:46:03] Fetching challenges...
[2025-07-09 14:51:03] Resynchronisation avec le serveur...
[2025-07-09 14:51:03] Fetching challenges...
[2025-07-09 14:56:03] Resynchronisation avec le serveur...
[2025-07-09 14:56:03] Fetching challenges...
[2025-07-09 15:01:03] Resynchronisation avec le serveur...
[2025-07-09 15:01:03] Fetching challenges...
[2025-07-09 15:06:03] Resynchronisation avec le serveur...
[2025-07-09 15:06:03] Fetching challenges...
[2025-07-09 15:11:03] Resynchronisation avec le serveur...
[2025-07-09 15:11:03] Fetching challenges...
[2025-07-09 15:16:03] Resynchronisation avec le serveur...
[2025-07-09 15:16:03] Fetching challenges...
[2025-07-09 15:21:04] Resynchronisation avec le serveur...
[2025-07-09 15:21:04] Fetching challenges...
[2025-07-09 15:26:03] Resynchronisation avec le serveur...
[2025-07-09 15:26:03] Fetching challenges...
[2025-07-09 15:31:03] Resynchronisation avec le serveur...
[2025-07-09 15:31:03] Fetching challenges...
[2025-07-09 15:36:03] Resynchronisation avec le serveur...
[2025-07-09 15:36:03] Fetching challenges...
[2025-07-09 15:41:03] Resynchronisation avec le serveur...
[2025-07-09 15:41:03] Fetching challenges...
[2025-07-09 15:46:03] Resynchronisation avec le serveur...
[2025-07-09 15:46:03] Fetching challenges...
[2025-07-09 15:51:03] Resynchronisation avec le serveur...
[2025-07-09 15:51:03] Fetching challenges...
[2025-07-09 15:56:03] Resynchronisation avec le serveur...
[2025-07-09 15:56:03] Fetching challenges...
[2025-07-09 16:01:03] Resynchronisation avec le serveur...
[2025-07-09 16:01:03] Fetching challenges...
[2025-07-09 16:06:03] Resynchronisation avec le serveur...
[2025-07-09 16:06:03] Fetching challenges...
[2025-07-09 16:11:03] Resynchronisation avec le serveur...
[2025-07-09 16:11:03] Fetching challenges...
[2025-07-09 16:16:03] Resynchronisation avec le serveur...
[2025-07-09 16:16:03] Fetching challenges...
[2025-07-09 16:21:03] Resynchronisation avec le serveur...
[2025-07-09 16:21:03] Fetching challenges...
[2025-07-09 16:26:03] Resynchronisation avec le serveur...
[2025-07-09 16:26:03] Fetching challenges...
[2025-07-09 16:31:03] Resynchronisation avec le serveur...
[2025-07-09 16:31:03] Fetching challenges...
[2025-07-09 16:36:03] Resynchronisation avec le serveur...
[2025-07-09 16:36:03] Fetching challenges...
[2025-07-09 16:41:03] Resynchronisation avec le serveur...
[2025-07-09 16:41:03] Fetching challenges...
[2025-07-09 16:46:03] Resynchronisation avec le serveur...
[2025-07-09 16:46:03] Fetching challenges...
[2025-07-09 16:51:03] Resynchronisation avec le serveur...
[2025-07-09 16:51:03] Fetching challenges...
[2025-07-09 16:56:03] Resynchronisation avec le serveur...
[2025-07-09 16:56:03] Fetching challenges...
[2025-07-09 17:01:03] Resynchronisation avec le serveur...
[2025-07-09 17:01:03] Fetching challenges...
[2025-07-09 17:06:03] Resynchronisation avec le serveur...
[2025-07-09 17:06:03] Fetching challenges...
[2025-07-09 17:11:03] Resynchronisation avec le serveur...
[2025-07-09 17:11:03] Fetching challenges...
[2025-07-09 17:16:03] Resynchronisation avec le serveur...
[2025-07-09 17:16:03] Fetching challenges...
[2025-07-09 17:21:04] Resynchronisation avec le serveur...
[2025-07-09 17:21:04] Fetching challenges...
[2025-07-09 17:26:03] Resynchronisation avec le serveur...
[2025-07-09 17:26:03] Fetching challenges...
[2025-07-09 17:31:03] Resynchronisation avec le serveur...
[2025-07-09 17:31:03] Fetching challenges...
[2025-07-09 17:36:03] Resynchronisation avec le serveur...
[2025-07-09 17:36:03] Fetching challenges...
[2025-07-09 17:41:03] Resynchronisation avec le serveur...
[2025-07-09 17:41:03] Fetching challenges...
[2025-07-09 17:46:03] Resynchronisation avec le serveur...
[2025-07-09 17:46:03] Fetching challenges...
[2025-07-09 17:51:03] Resynchronisation avec le serveur...
[2025-07-09 17:51:03] Fetching challenges...
[2025-07-09 17:56:03] Resynchronisation avec le serveur...
[2025-07-09 17:56:03] Fetching challenges...
[2025-07-09 18:01:03] Resynchronisation avec le serveur...
[2025-07-09 18:01:03] Fetching challenges...
[2025-07-09 18:06:03] Resynchronisation avec le serveur...
[2025-07-09 18:06:03] Fetching challenges...
[2025-07-09 18:06:05] Lancement automatique des stratégies de fin pour 1 nouveaux challenges...
[2025-07-09 18:06:05] Nouveau challenge détecté pour bruno: Classic Still Life
[2025-07-09 18:11:03] Resynchronisation avec le serveur...
[2025-07-09 18:11:03] Fetching challenges...
[2025-07-09 18:16:03] Resynchronisation avec le serveur...
[2025-07-09 18:16:03] Fetching challenges...
[2025-07-09 18:16:05] Lancement automatique des stratégies de fin pour 1 nouveaux challenges...
[2025-07-09 18:16:05] Nouveau challenge détecté pour bruno: My Animal Buddy
[2025-07-09 18:21:03] Resynchronisation avec le serveur...
[2025-07-09 18:21:03] Fetching challenges...
[2025-07-09 18:26:03] Resynchronisation avec le serveur...
[2025-07-09 18:26:03] Fetching challenges...
[2025-07-09 18:31:03] Resynchronisation avec le serveur...
[2025-07-09 18:31:03] Fetching challenges...
[2025-07-09 18:36:03] Resynchronisation avec le serveur...
[2025-07-09 18:36:03] Fetching challenges...
[2025-07-09 18:41:03] Resynchronisation avec le serveur...
[2025-07-09 18:41:03] Fetching challenges...
[2025-07-09 18:46:03] Resynchronisation avec le serveur...
[2025-07-09 18:46:03] Fetching challenges...
[2025-07-09 18:51:03] Resynchronisation avec le serveur...
[2025-07-09 18:51:03] Fetching challenges...
[2025-07-09 18:56:03] Resynchronisation avec le serveur...
[2025-07-09 18:56:03] Fetching challenges...
[2025-07-09 19:01:03] Resynchronisation avec le serveur...
[2025-07-09 19:01:03] Fetching challenges...
[2025-07-09 19:06:03] Resynchronisation avec le serveur...
[2025-07-09 19:06:03] Fetching challenges...
[2025-07-09 19:11:03] Resynchronisation avec le serveur...
[2025-07-09 19:11:03] Fetching challenges...
[2025-07-09 19:16:03] Resynchronisation avec le serveur...
[2025-07-09 19:16:03] Fetching challenges...
[2025-07-09 19:21:03] Resynchronisation avec le serveur...
[2025-07-09 19:21:03] Fetching challenges...
[2025-07-09 19:26:03] Resynchronisation avec le serveur...
[2025-07-09 19:26:03] Fetching challenges...
[2025-07-09 19:26:05] Lancement automatique des stratégies de fin pour 1 nouveaux challenges...
[2025-07-09 19:26:05] Nouveau challenge détecté pour bruno: It’s Morning Time
[2025-07-09 19:31:03] Resynchronisation avec le serveur...
[2025-07-09 19:31:03] Fetching challenges...
[2025-07-09 19:36:03] Resynchronisation avec le serveur...
[2025-07-09 19:36:03] Fetching challenges...
[2025-07-09 19:41:03] Resynchronisation avec le serveur...
[2025-07-09 19:41:03] Fetching challenges...
[2025-07-09 19:46:03] Resynchronisation avec le serveur...
[2025-07-09 19:46:03] Fetching challenges...
[2025-07-09 19:51:03] Resynchronisation avec le serveur...
[2025-07-09 19:51:03] Fetching challenges...
[2025-07-09 19:56:03] Resynchronisation avec le serveur...
[2025-07-09 19:56:03] Fetching challenges...
[2025-07-09 20:01:03] Resynchronisation avec le serveur...
[2025-07-09 20:01:03] Fetching challenges...
[2025-07-09 20:06:03] Resynchronisation avec le serveur...
[2025-07-09 20:06:03] Fetching challenges...
[2025-07-09 20:11:03] Resynchronisation avec le serveur...
[2025-07-09 20:11:03] Fetching challenges...
[2025-07-09 20:16:03] Resynchronisation avec le serveur...
[2025-07-09 20:16:03] Fetching challenges...
[2025-07-09 20:21:03] Resynchronisation avec le serveur...
[2025-07-09 20:21:03] Fetching challenges...
[2025-07-09 20:26:03] Resynchronisation avec le serveur...
[2025-07-09 20:26:03] Fetching challenges...
[2025-07-09 20:31:03] Resynchronisation avec le serveur...
[2025-07-09 20:31:03] Fetching challenges...
[2025-07-09 20:36:03] Resynchronisation avec le serveur...
[2025-07-09 20:36:03] Fetching challenges...
[2025-07-09 20:41:03] Resynchronisation avec le serveur...
[2025-07-09 20:41:03] Fetching challenges...
[2025-07-09 20:46:03] Resynchronisation avec le serveur...
[2025-07-09 20:46:03] Fetching challenges...
[2025-07-09 20:51:03] Resynchronisation avec le serveur...
[2025-07-09 20:51:03] Fetching challenges...
[2025-07-09 20:56:03] Resynchronisation avec le serveur...
[2025-07-09 20:56:03] Fetching challenges...
[2025-07-09 21:01:03] Challenge fermé supprimé pour bruno: Photographers In Action
[2025-07-09 21:01:03] Resynchronisation avec le serveur...
[2025-07-09 21:01:03] Suppression automatique de 1 challenge(s) fermé(s)
[2025-07-09 21:01:03] Fetching challenges...
[2025-07-09 21:01:05] Lancement automatique des stratégies de fin pour 1 nouveaux challenges...
[2025-07-09 21:01:05] Nouveau challenge détecté pour bruno: Photographers In Action
[2025-07-09 21:06:03] Challenge fermé supprimé pour bruno: Photographers In Action
[2025-07-09 21:06:03] Resynchronisation avec le serveur...
[2025-07-09 21:06:03] Suppression automatique de 1 challenge(s) fermé(s)
[2025-07-09 21:06:03] Fetching challenges...
[2025-07-09 21:11:03] Resynchronisation avec le serveur...
[2025-07-09 21:11:03] Fetching challenges...
[2025-07-09 21:16:03] Resynchronisation avec le serveur...
[2025-07-09 21:16:03] Fetching challenges...
[2025-07-09 21:21:03] Resynchronisation avec le serveur...
[2025-07-09 21:21:03] Fetching challenges...
[2025-07-09 21:26:03] Resynchronisation avec le serveur...
[2025-07-09 21:26:03] Fetching challenges...
[2025-07-09 21:31:03] Resynchronisation avec le serveur...
[2025-07-09 21:31:03] Fetching challenges...
[2025-07-09 21:36:08] Resynchronisation avec le serveur...
[2025-07-09 21:36:08] Fetching challenges...
[2025-07-09 21:41:03] Resynchronisation avec le serveur...
[2025-07-09 21:41:03] Fetching challenges...
[2025-07-09 21:46:03] Resynchronisation avec le serveur...
[2025-07-09 21:46:03] Fetching challenges...
[2025-07-09 21:51:03] Resynchronisation avec le serveur...
[2025-07-09 21:51:03] Fetching challenges...
[2025-07-09 21:56:03] Resynchronisation avec le serveur...
[2025-07-09 21:56:03] Fetching challenges...
[2025-07-09 22:01:03] Resynchronisation avec le serveur...
[2025-07-09 22:01:03] Fetching challenges...
[2025-07-09 22:06:03] Resynchronisation avec le serveur...
[2025-07-09 22:06:03] Fetching challenges...
[2025-07-09 22:11:03] Resynchronisation avec le serveur...
[2025-07-09 22:11:03] Fetching challenges...
[2025-07-09 22:16:03] Resynchronisation avec le serveur...
[2025-07-09 22:16:03] Fetching challenges...
[2025-07-09 22:21:03] Resynchronisation avec le serveur...
[2025-07-09 22:21:03] Fetching challenges...
[2025-07-09 22:26:03] Resynchronisation avec le serveur...
[2025-07-09 22:26:03] Fetching challenges...
[2025-07-09 22:31:03] Resynchronisation avec le serveur...
[2025-07-09 22:31:03] Fetching challenges...
[2025-07-09 22:36:03] Resynchronisation avec le serveur...
[2025-07-09 22:36:03] Fetching challenges...
[2025-07-09 22:41:03] Resynchronisation avec le serveur...
[2025-07-09 22:41:03] Fetching challenges...
[2025-07-09 22:46:03] Resynchronisation avec le serveur...
[2025-07-09 22:46:03] Fetching challenges...
[2025-07-09 22:51:03] Resynchronisation avec le serveur...
[2025-07-09 22:51:03] Fetching challenges...
[2025-07-09 22:56:03] Resynchronisation avec le serveur...
[2025-07-09 22:56:03] Fetching challenges...
[2025-07-09 23:01:03] Resynchronisation avec le serveur...
[2025-07-09 23:01:03] Fetching challenges...
[2025-07-09 23:01:05] Lancement automatique des stratégies de fin pour 1 nouveaux challenges...
[2025-07-09 23:01:05] Nouveau challenge détecté pour bruno: Photogenic
[2025-07-09 23:06:04] Resynchronisation avec le serveur...
[2025-07-09 23:06:04] Fetching challenges...
[2025-07-09 23:11:03] Resynchronisation avec le serveur...
[2025-07-09 23:11:03] Fetching challenges...
[2025-07-09 23:16:03] Resynchronisation avec le serveur...
[2025-07-09 23:16:03] Fetching challenges...
[2025-07-09 23:21:03] Resynchronisation avec le serveur...
[2025-07-09 23:21:03] Fetching challenges...
[2025-07-09 23:26:03] Resynchronisation avec le serveur...
[2025-07-09 23:26:03] Fetching challenges...
[2025-07-09 23:26:05] Lancement automatique des stratégies de fin pour 1 nouveaux challenges...
[2025-07-09 23:26:05] Nouveau challenge détecté pour bruno: Starts with B
[2025-07-09 23:31:03] Resynchronisation avec le serveur...
[2025-07-09 23:31:03] Fetching challenges...
[2025-07-09 23:36:03] Resynchronisation avec le serveur...
[2025-07-09 23:36:03] Fetching challenges...
[2025-07-09 23:41:03] Resynchronisation avec le serveur...
[2025-07-09 23:41:03] Fetching challenges...
[2025-07-09 23:46:03] Resynchronisation avec le serveur...
[2025-07-09 23:46:03] Fetching challenges...
[2025-07-09 23:51:03] Resynchronisation avec le serveur...
[2025-07-09 23:51:03] Fetching challenges...
[2025-07-09 23:56:03] Resynchronisation avec le serveur...
[2025-07-09 23:56:03] Fetching challenges...
