[2025-06-17 06:55:04] Processus mis à jour pour bruno: military-forces23-vote-70-left-0H:4M - executing
[2025-06-17 06:55:04] Traitement de vote pour Military Forces
[2025-06-17 06:55:04] Military Forces get vote panel
[2025-06-17 06:55:05] Processus associé: military-forces23-vote-70-left-0H:4M
[2025-06-17 06:55:05] Récupération des données de vote pour Military Forces (URL: military-forces23, HEADER:{'User-Agent': 'Mozilla/5.0 (X11; Linux i686; rv:39.0) Gecko/20100101 Firefox/39.0', 'x-api-version': '8', 'x-env': 'WEB', 'X-requested-with': 'XMLHttpRequest', 'X-token': 'a1cad95a6d480c14f51dd0eba4914c8337b893c789ec6278bb440c7c9a673b162f042470c62684e6da2bd342ffea7777'})
[2025-06-17 06:55:06] Récupération réussie: 200 images pour Military Forces
[2025-06-17 06:55:06] Voting fetching ...
[2025-06-17 06:55:06] Military Forces voting 70 images
[2025-06-17 06:55:09] Military Forces voting 70 images
[2025-06-17 06:55:10] Military Forces voted successfully
[2025-06-17 06:55:10] Processus supprimé pour bruno: military-forces23-vote-70-left-0H:4M - success
[2025-06-17 06:55:10] Processus mis à jour pour bruno: military-forces23-vote-70-left-0H:4M - success
[2025-06-17 06:55:10] Processus military-forces23-vote-70-left-0H:4M terminé avec succès (profil: bruno)
[2025-06-17 06:55:15] Military Forces voted successfully
[2025-06-17 06:55:18] Challenges fetching ...
[2025-06-17 06:55:18] Challenges fetched successfully for bruno!
[2025-06-17 06:55:19] Challenges fetching ...
[2025-06-17 06:55:19] Challenges fetched successfully for bruno!
[2025-06-17 06:56:11] Processus mis à jour pour bruno: military-forces23-vote-35-left-0H:3M - executing
[2025-06-17 06:56:11] Traitement de vote pour Military Forces
[2025-06-17 06:56:11] Military Forces get vote panel
[2025-06-17 06:56:11] Processus associé: military-forces23-vote-35-left-0H:3M
[2025-06-17 06:56:11] Récupération des données de vote pour Military Forces (URL: military-forces23, HEADER:{'User-Agent': 'Mozilla/5.0 (X11; Linux i686; rv:39.0) Gecko/20100101 Firefox/39.0', 'x-api-version': '8', 'x-env': 'WEB', 'X-requested-with': 'XMLHttpRequest', 'X-token': 'a1cad95a6d480c14f51dd0eba4914c8337b893c789ec6278bb440c7c9a673b162f042470c62684e6da2bd342ffea7777'})
[2025-06-17 06:56:11] Récupération réussie: 200 images pour Military Forces
[2025-06-17 06:56:11] Voting fetching ...
[2025-06-17 06:56:11] Military Forces voting 35 images
[2025-06-17 06:56:15] Military Forces voting 35 images
[2025-06-17 06:56:16] Military Forces voted successfully
[2025-06-17 06:56:16] Processus supprimé pour bruno: military-forces23-vote-35-left-0H:3M - success
[2025-06-17 06:56:16] Processus mis à jour pour bruno: military-forces23-vote-35-left-0H:3M - success
[2025-06-17 06:56:16] Processus military-forces23-vote-35-left-0H:3M terminé avec succès (profil: bruno)
[2025-06-17 06:56:18] Military Forces voted successfully
[2025-06-17 06:56:22] Challenges fetching ...
[2025-06-17 06:56:22] Challenges fetched successfully for bruno!
[2025-06-17 06:56:22] Challenges fetching ...
[2025-06-17 06:56:22] Challenges fetched successfully for bruno!
[2025-06-17 06:57:11] Processus mis à jour pour bruno: military-forces23-vote-35-left-0H:2M - executing
[2025-06-17 06:57:11] Traitement de vote pour Military Forces
[2025-06-17 06:57:11] Military Forces get vote panel
[2025-06-17 06:57:11] Processus associé: military-forces23-vote-35-left-0H:2M
[2025-06-17 06:57:11] Récupération des données de vote pour Military Forces (URL: military-forces23, HEADER:{'User-Agent': 'Mozilla/5.0 (X11; Linux i686; rv:39.0) Gecko/20100101 Firefox/39.0', 'x-api-version': '8', 'x-env': 'WEB', 'X-requested-with': 'XMLHttpRequest', 'X-token': 'a1cad95a6d480c14f51dd0eba4914c8337b893c789ec6278bb440c7c9a673b162f042470c62684e6da2bd342ffea7777'})
[2025-06-17 06:57:12] Récupération réussie: 200 images pour Military Forces
[2025-06-17 06:57:12] Voting fetching ...
[2025-06-17 06:57:12] Military Forces voting 35 images
[2025-06-17 06:57:15] Military Forces voting 35 images
[2025-06-17 06:57:16] Military Forces voted successfully
[2025-06-17 06:57:16] Processus supprimé pour bruno: military-forces23-vote-35-left-0H:2M - success
[2025-06-17 06:57:16] Processus mis à jour pour bruno: military-forces23-vote-35-left-0H:2M - success
[2025-06-17 06:57:16] Processus military-forces23-vote-35-left-0H:2M terminé avec succès (profil: bruno)
[2025-06-17 06:57:18] Military Forces voted successfully
[2025-06-17 06:57:22] Challenges fetching ...
[2025-06-17 06:57:22] Challenges fetched successfully for bruno!
[2025-06-17 06:57:22] Challenges fetching ...
[2025-06-17 06:57:22] Challenges fetched successfully for bruno!
[2025-06-17 06:58:12] Processus mis à jour pour bruno: military-forces23-vote-35-left-0H:1M - executing
[2025-06-17 06:58:12] Traitement de vote pour Military Forces
[2025-06-17 06:58:12] Military Forces get vote panel
[2025-06-17 06:58:12] Processus associé: military-forces23-vote-35-left-0H:1M
[2025-06-17 06:58:12] Récupération des données de vote pour Military Forces (URL: military-forces23, HEADER:{'User-Agent': 'Mozilla/5.0 (X11; Linux i686; rv:39.0) Gecko/20100101 Firefox/39.0', 'x-api-version': '8', 'x-env': 'WEB', 'X-requested-with': 'XMLHttpRequest', 'X-token': 'a1cad95a6d480c14f51dd0eba4914c8337b893c789ec6278bb440c7c9a673b162f042470c62684e6da2bd342ffea7777'})
[2025-06-17 06:58:13] Récupération réussie: 200 images pour Military Forces
[2025-06-17 06:58:13] Voting fetching ...
[2025-06-17 06:58:13] Military Forces voting 35 images
[2025-06-17 06:58:16] Military Forces voting 35 images
[2025-06-17 06:58:16] Military Forces voted successfully
[2025-06-17 06:58:16] Processus supprimé pour bruno: military-forces23-vote-35-left-0H:1M - success
[2025-06-17 06:58:16] Processus mis à jour pour bruno: military-forces23-vote-35-left-0H:1M - success
[2025-06-17 06:58:17] Processus military-forces23-vote-35-left-0H:1M terminé avec succès (profil: bruno)
[2025-06-17 06:58:19] Military Forces voted successfully
[2025-06-17 06:58:22] Challenges fetching ...
[2025-06-17 06:58:22] Challenges fetched successfully for bruno!
[2025-06-17 06:58:22] Challenges fetching ...
[2025-06-17 06:58:22] Challenges fetched successfully for bruno!
[2025-06-17 10:13:12] Désélection de tous les challenges

[2025-06-17 10:13:14] Refreshing challenges...
[2025-06-17 10:13:14] Fetching challenges...
[2025-06-17 10:13:15] Challenges fetching ...
[2025-06-17 10:13:15] Lancement automatique des stratégies de fin pour 4 nouveaux challenges...
[2025-06-17 10:13:15] Nouveau challenge détecté pour bruno: Very Romantic
[2025-06-17 10:13:15] Nouveau challenge détecté pour bruno: The Love of Sports
[2025-06-17 10:13:15] Nouveau challenge détecté pour bruno: Blue And Green
[2025-06-17 10:13:15] Nouveau challenge détecté pour bruno: Your Legacy
[2025-06-17 10:13:15] Challenges fetched successfully for bruno!
[2025-06-17 10:13:33] Blue And Green get vote panel
[2025-06-17 10:13:33] Blacks & Reds get vote panel
[2025-06-17 10:13:33] Your Legacy get vote panel
[2025-06-17 10:13:33] Filling challenges: {102563, 101676, 102551}
Filled Blue And Green with strategy end4
Filled Blacks & Reds with strategy end4
Filled Your Legacy with strategy end4

[2025-06-17 10:13:33] Récupération des données de vote pour Blue And Green (URL: blue-and-green6, HEADER:{'User-Agent': 'Mozilla/5.0 (X11; Linux i686; rv:39.0) Gecko/20100101 Firefox/39.0', 'x-api-version': '8', 'x-env': 'WEB', 'X-requested-with': 'XMLHttpRequest', 'X-token': 'a1cad95a6d480c14f51dd0eba4914c8337b893c789ec6278bb440c7c9a673b162f042470c62684e6da2bd342ffea7777'})
[2025-06-17 10:13:33] Récupération des données de vote pour Blacks & Reds (URL: blacks-reds2, HEADER:{'User-Agent': 'Mozilla/5.0 (X11; Linux i686; rv:39.0) Gecko/20100101 Firefox/39.0', 'x-api-version': '8', 'x-env': 'WEB', 'X-requested-with': 'XMLHttpRequest', 'X-token': 'a1cad95a6d480c14f51dd0eba4914c8337b893c789ec6278bb440c7c9a673b162f042470c62684e6da2bd342ffea7777'})
[2025-06-17 10:13:33] Récupération des données de vote pour Your Legacy (URL: your-legacy45, HEADER:{'User-Agent': 'Mozilla/5.0 (X11; Linux i686; rv:39.0) Gecko/20100101 Firefox/39.0', 'x-api-version': '8', 'x-env': 'WEB', 'X-requested-with': 'XMLHttpRequest', 'X-token': 'a1cad95a6d480c14f51dd0eba4914c8337b893c789ec6278bb440c7c9a673b162f042470c62684e6da2bd342ffea7777'})
[2025-06-17 10:13:34] Récupération réussie: 200 images pour Blacks & Reds
[2025-06-17 10:13:34] Voting fetching ...
[2025-06-17 10:13:34] Blacks & Reds voting 35 images
[2025-06-17 10:13:37] Blacks & Reds voting 35 images
[2025-06-17 10:13:37] Récupération réussie: 200 images pour Blue And Green
[2025-06-17 10:13:37] Voting fetching ...
[2025-06-17 10:13:37] Blue And Green voting 35 images
[2025-06-17 10:13:40] Blue And Green voting 35 images
[2025-06-17 10:13:40] Récupération réussie: 200 images pour Your Legacy
[2025-06-17 10:13:40] Voting fetching ...
[2025-06-17 10:13:40] Your Legacy voting 35 images
[2025-06-17 10:13:43] Your Legacy voting 35 images
[2025-06-17 10:13:43] Blacks & Reds voted successfully
[2025-06-17 10:13:45] Blacks & Reds voted successfully
[2025-06-17 10:13:47] Blue And Green voted successfully
[2025-06-17 10:13:49] Blue And Green voted successfully
[2025-06-17 10:13:51] Your Legacy voted successfully
[2025-06-17 10:13:53] Your Legacy voted successfully
[2025-06-17 10:13:56] Challenges fetching ...
[2025-06-17 10:13:56] Challenges fetched successfully for bruno!
[2025-06-17 10:13:56] Challenges fetching ...
[2025-06-17 10:13:56] Challenges fetched successfully for bruno!
[2025-06-17 10:13:56] Challenges fetching ...
[2025-06-17 10:13:57] Challenges fetched successfully for bruno!
[2025-06-17 10:13:57] Challenges fetching ...
[2025-06-17 10:13:57] Challenges fetched successfully for bruno!
[2025-06-17 10:13:57] Challenges fetching ...
[2025-06-17 10:13:57] Challenges fetched successfully for bruno!
[2025-06-17 10:13:57] Challenges fetching ...
[2025-06-17 10:13:57] Challenges fetched successfully for bruno!
[2025-06-17 10:14:05] Two wheels get vote panel
[2025-06-17 10:14:05] The Love of Sports get vote panel
[2025-06-17 10:14:05] 500 Guru's Picks get vote panel
[2025-06-17 10:14:05] Filling challenges: {101664, 102568, 102473}
Filled Two wheels with strategy end4
Filled The Love of Sports with strategy end4
Filled 500 Guru's Picks with strategy end4

[2025-06-17 10:14:05] Récupération des données de vote pour Two wheels (URL: two-wheels27, HEADER:{'User-Agent': 'Mozilla/5.0 (X11; Linux i686; rv:39.0) Gecko/20100101 Firefox/39.0', 'x-api-version': '8', 'x-env': 'WEB', 'X-requested-with': 'XMLHttpRequest', 'X-token': 'a1cad95a6d480c14f51dd0eba4914c8337b893c789ec6278bb440c7c9a673b162f042470c62684e6da2bd342ffea7777'})
[2025-06-17 10:14:05] Récupération des données de vote pour The Love of Sports (URL: the-love-of-sports, HEADER:{'User-Agent': 'Mozilla/5.0 (X11; Linux i686; rv:39.0) Gecko/20100101 Firefox/39.0', 'x-api-version': '8', 'x-env': 'WEB', 'X-requested-with': 'XMLHttpRequest', 'X-token': 'a1cad95a6d480c14f51dd0eba4914c8337b893c789ec6278bb440c7c9a673b162f042470c62684e6da2bd342ffea7777'})
[2025-06-17 10:14:05] Récupération des données de vote pour 500 Guru's Picks (URL: 500-guru-s-picks79, HEADER:{'User-Agent': 'Mozilla/5.0 (X11; Linux i686; rv:39.0) Gecko/20100101 Firefox/39.0', 'x-api-version': '8', 'x-env': 'WEB', 'X-requested-with': 'XMLHttpRequest', 'X-token': 'a1cad95a6d480c14f51dd0eba4914c8337b893c789ec6278bb440c7c9a673b162f042470c62684e6da2bd342ffea7777'})
[2025-06-17 10:14:06] Récupération réussie: 200 images pour The Love of Sports
[2025-06-17 10:14:06] Voting fetching ...
[2025-06-17 10:14:06] The Love of Sports voting 35 images
[2025-06-17 10:14:09] The Love of Sports voting 35 images
[2025-06-17 10:14:09] Récupération réussie: 200 images pour Two wheels
[2025-06-17 10:14:09] Voting fetching ...
[2025-06-17 10:14:09] Two wheels voting 35 images
[2025-06-17 10:14:12] Two wheels voting 35 images
[2025-06-17 10:14:12] Récupération réussie: 200 images pour 500 Guru's Picks
[2025-06-17 10:14:12] Voting fetching ...
[2025-06-17 10:14:12] 500 Guru's Picks voting 35 images
[2025-06-17 10:14:15] 500 Guru's Picks voting 35 images
[2025-06-17 10:14:16] The Love of Sports voted successfully
[2025-06-17 10:14:18] The Love of Sports voted successfully
[2025-06-17 10:14:20] 500 Guru's Picks voted successfully
[2025-06-17 10:14:22] Two wheels voted successfully
[2025-06-17 10:14:24] Two wheels voted successfully
[2025-06-17 10:14:26] 500 Guru's Picks voted successfully
[2025-06-17 10:14:29] Challenges fetching ...
[2025-06-17 10:14:29] Challenges fetched successfully for bruno!
[2025-06-17 10:14:29] Challenges fetching ...
[2025-06-17 10:14:29] Challenges fetched successfully for bruno!
[2025-06-17 10:14:29] Challenges fetching ...
[2025-06-17 10:14:29] Challenges fetched successfully for bruno!
[2025-06-17 10:14:29] Challenges fetching ...
[2025-06-17 10:14:29] Challenges fetched successfully for bruno!
[2025-06-17 10:14:29] Challenges fetching ...
[2025-06-17 10:14:29] Challenges fetched successfully for bruno!
[2025-06-17 10:14:29] Challenges fetching ...
[2025-06-17 10:14:29] Challenges fetched successfully for bruno!
[2025-06-17 10:14:39] Very Romantic get vote panel
[2025-06-17 10:14:39] Dramatic Lighting get vote panel
[2025-06-17 10:14:39] Filling challenges: {102565, 101789}
Filled Very Romantic with strategy end4
Filled Dramatic Lighting with strategy end4

[2025-06-17 10:14:39] Récupération des données de vote pour Very Romantic (URL: very-romantic, HEADER:{'User-Agent': 'Mozilla/5.0 (X11; Linux i686; rv:39.0) Gecko/20100101 Firefox/39.0', 'x-api-version': '8', 'x-env': 'WEB', 'X-requested-with': 'XMLHttpRequest', 'X-token': 'a1cad95a6d480c14f51dd0eba4914c8337b893c789ec6278bb440c7c9a673b162f042470c62684e6da2bd342ffea7777'})
[2025-06-17 10:14:39] Récupération des données de vote pour Dramatic Lighting (URL: dramatic-lighting11, HEADER:{'User-Agent': 'Mozilla/5.0 (X11; Linux i686; rv:39.0) Gecko/20100101 Firefox/39.0', 'x-api-version': '8', 'x-env': 'WEB', 'X-requested-with': 'XMLHttpRequest', 'X-token': 'a1cad95a6d480c14f51dd0eba4914c8337b893c789ec6278bb440c7c9a673b162f042470c62684e6da2bd342ffea7777'})
[2025-06-17 10:14:40] Récupération réussie: 200 images pour Very Romantic
[2025-06-17 10:14:40] Voting fetching ...
[2025-06-17 10:14:40] Very Romantic voting 35 images
[2025-06-17 10:14:43] Very Romantic voting 35 images
[2025-06-17 10:14:43] Récupération réussie: 200 images pour Dramatic Lighting
[2025-06-17 10:14:43] Voting fetching ...
[2025-06-17 10:14:43] Dramatic Lighting voting 35 images
[2025-06-17 10:14:46] Dramatic Lighting voting 35 images
[2025-06-17 10:14:47] Very Romantic voted successfully
[2025-06-17 10:14:49] Very Romantic voted successfully
[2025-06-17 10:14:51] Dramatic Lighting voted successfully
[2025-06-17 10:14:53] Dramatic Lighting voted successfully
[2025-06-17 10:14:56] Challenges fetching ...
[2025-06-17 10:14:56] Challenges fetched successfully for bruno!
[2025-06-17 10:14:56] Challenges fetching ...
[2025-06-17 10:14:56] Challenges fetched successfully for bruno!
[2025-06-17 10:14:56] Challenges fetching ...
[2025-06-17 10:14:56] Challenges fetched successfully for bruno!
[2025-06-17 10:14:56] Challenges fetching ...
[2025-06-17 10:14:56] Challenges fetched successfully for bruno!
[2025-06-17 12:03:42] Refreshing challenges...
[2025-06-17 12:03:42] Fetching challenges...
[2025-06-17 12:03:43] Challenges fetching ...
[2025-06-17 12:03:43] Lancement automatique des stratégies de fin pour 1 nouveaux challenges...
[2025-06-17 12:03:43] Nouveau challenge détecté pour pascale: Blue And Green
[2025-06-17 12:03:43] Challenges fetched successfully for pascale!
[2025-06-17 12:06:17] Lancement de la stratégie end4 pour You On GS Instagram
[2025-06-17 12:06:17] Nouveau processus ajouté pour pascale: you-on-gs-instagram74-vote-70-left-0H:4M - Statut: init
[2025-06-17 12:06:17] Traitement du challenge pour pascale: you-on-gs-instagram74
[2025-06-17 12:06:17] Nouveau processus ajouté pour pascale: you-on-gs-instagram74-vote-20-left-0H:3M - Statut: init
[2025-06-17 12:06:17] Traitement du challenge pour pascale: you-on-gs-instagram74
[2025-06-17 12:06:17] Nouveau processus ajouté pour pascale: you-on-gs-instagram74-vote-20-left-0H:2M - Statut: init
[2025-06-17 12:06:17] Traitement du challenge pour pascale: you-on-gs-instagram74
[2025-06-17 12:06:17] Processus mis à jour pour pascale: you-on-gs-instagram74-vote-70-left-0H:4M - waiting
[2025-06-17 12:06:17] Nouveau processus ajouté pour pascale: you-on-gs-instagram74-vote-20-left-0H:1M - Statut: init
[2025-06-17 12:06:17] Traitement du challenge pour pascale: you-on-gs-instagram74
[2025-06-17 12:06:17] Processus mis à jour pour pascale: you-on-gs-instagram74-vote-20-left-0H:3M - waiting
[2025-06-17 12:06:17] Processus mis à jour pour pascale: you-on-gs-instagram74-vote-20-left-0H:2M - waiting
[2025-06-17 12:06:17] Processus mis à jour pour pascale: you-on-gs-instagram74-vote-20-left-0H:1M - waiting
[2025-06-17 12:06:17] Application des stratégies pour les challenges sélectionnés:
- You On GS Instagram avec stratégie end4

[2025-06-17 12:06:20] Lancement de la stratégie end4 pour You On GS Instagram
[2025-06-17 12:06:20] Commande  --cha you-on-gs-instagram74 vote 70 --left 0:4 existe déjà pour pascale
[2025-06-17 12:06:20] Nouveau processus ajouté pour pascale: you-on-gs-instagram74-vote-70-left-0H:4M - Statut: init
[2025-06-17 12:06:20] Traitement du challenge pour pascale: you-on-gs-instagram74
[2025-06-17 12:06:20] Commande  --cha you-on-gs-instagram74 vote 20 --left 0:3 existe déjà pour pascale
[2025-06-17 12:06:20] Nouveau processus ajouté pour pascale: you-on-gs-instagram74-vote-20-left-0H:3M - Statut: init
[2025-06-17 12:06:20] Traitement du challenge pour pascale: you-on-gs-instagram74
[2025-06-17 12:06:20] Commande  --cha you-on-gs-instagram74 vote 20 --left 0:2 existe déjà pour pascale
[2025-06-17 12:06:20] Nouveau processus ajouté pour pascale: you-on-gs-instagram74-vote-20-left-0H:2M - Statut: init
[2025-06-17 12:06:20] Commande  --cha you-on-gs-instagram74 vote 20 --left 0:1 existe déjà pour pascale
[2025-06-17 12:06:20] Traitement du challenge pour pascale: you-on-gs-instagram74
[2025-06-17 12:06:20] Processus mis à jour pour pascale: you-on-gs-instagram74-vote-70-left-0H:4M - waiting
[2025-06-17 12:06:20] Nouveau processus ajouté pour pascale: you-on-gs-instagram74-vote-20-left-0H:1M - Statut: init
[2025-06-17 12:06:20] Traitement du challenge pour pascale: you-on-gs-instagram74
[2025-06-17 12:06:20] Processus mis à jour pour pascale: you-on-gs-instagram74-vote-20-left-0H:3M - waiting
[2025-06-17 12:06:20] Processus mis à jour pour pascale: you-on-gs-instagram74-vote-20-left-0H:2M - waiting
[2025-06-17 12:06:20] Processus mis à jour pour pascale: you-on-gs-instagram74-vote-20-left-0H:1M - waiting
[2025-06-17 12:06:20] Application des stratégies pour les challenges sélectionnés:
- You On GS Instagram avec stratégie end4

[2025-06-17 12:24:16] Désélection de tous les challenges

[2025-06-17 12:24:17] Refreshing challenges...
[2025-06-17 12:24:17] Fetching challenges...
[2025-06-17 12:24:18] Challenges fetching ...
[2025-06-17 12:24:18] Lancement automatique des stratégies de fin pour 1 nouveaux challenges...
[2025-06-17 12:24:18] Nouveau challenge détecté pour bruno: 6 Hours
[2025-06-17 12:24:18] Challenges fetched successfully for bruno!
[2025-06-17 12:24:23] 6 Hours get vote panel
[2025-06-17 12:24:23] Filling challenges: {103028}
Filled 6 Hours with strategy end4

[2025-06-17 12:24:23] Récupération des données de vote pour 6 Hours (URL: 6-hours65, HEADER:{'User-Agent': 'Mozilla/5.0 (X11; Linux i686; rv:39.0) Gecko/20100101 Firefox/39.0', 'x-api-version': '8', 'x-env': 'WEB', 'X-requested-with': 'XMLHttpRequest', 'X-token': 'a1cad95a6d480c14f51dd0eba4914c8337b893c789ec6278bb440c7c9a673b162f042470c62684e6da2bd342ffea7777'})
[2025-06-17 12:24:24] Récupération réussie: 200 images pour 6 Hours
[2025-06-17 12:24:24] Voting fetching ...
[2025-06-17 12:24:24] 6 Hours voting 35 images
[2025-06-17 12:24:27] 6 Hours voting 35 images
[2025-06-17 12:24:27] Lancement de la stratégie end4 pour 6 Hours
[2025-06-17 12:24:27] Nouveau processus ajouté pour bruno: 6-hours65-vote-35-left-0H:3M - Statut: init
[2025-06-17 12:24:27] Nouveau processus ajouté pour bruno: 6-hours65-vote-70-left-0H:4M - Statut: init
[2025-06-17 12:24:27] Traitement du challenge pour bruno: 6-hours65
[2025-06-17 12:24:27] Traitement du challenge pour bruno: 6-hours65
[2025-06-17 12:24:27] Nouveau processus ajouté pour bruno: 6-hours65-vote-35-left-0H:2M - Statut: init
[2025-06-17 12:24:27] Traitement du challenge pour bruno: 6-hours65
[2025-06-17 12:24:27] Processus mis à jour pour bruno: 6-hours65-vote-35-left-0H:3M - waiting
[2025-06-17 12:24:27] Nouveau processus ajouté pour bruno: 6-hours65-vote-35-left-0H:1M - Statut: init
[2025-06-17 12:24:27] Processus mis à jour pour bruno: 6-hours65-vote-70-left-0H:4M - waiting
[2025-06-17 12:24:27] Traitement du challenge pour bruno: 6-hours65
[2025-06-17 12:24:27] Processus mis à jour pour bruno: 6-hours65-vote-35-left-0H:2M - waiting
[2025-06-17 12:24:27] Processus mis à jour pour bruno: 6-hours65-vote-35-left-0H:1M - waiting
[2025-06-17 12:24:27] Application des stratégies pour les challenges sélectionnés:
- 6 Hours avec stratégie end4

[2025-06-17 12:24:27] 6 Hours voted successfully
[2025-06-17 12:24:29] 6 Hours voted successfully
[2025-06-17 12:24:32] Challenges fetching ...
[2025-06-17 12:24:32] Challenges fetched successfully for bruno!
[2025-06-17 12:24:33] Challenges fetching ...
[2025-06-17 12:24:33] Challenges fetched successfully for bruno!
[2025-06-17 12:24:38] Lancement de la stratégie end4 pour Your Legacy
[2025-06-17 12:24:38] Nouveau processus ajouté pour bruno: your-legacy45-vote-70-left-0H:4M - Statut: init
[2025-06-17 12:24:38] Traitement du challenge pour bruno: your-legacy45
[2025-06-17 12:24:38] Nouveau processus ajouté pour bruno: your-legacy45-vote-35-left-0H:3M - Statut: init
[2025-06-17 12:24:38] Traitement du challenge pour bruno: your-legacy45
[2025-06-17 12:24:38] Nouveau processus ajouté pour bruno: your-legacy45-vote-35-left-0H:2M - Statut: init
[2025-06-17 12:24:38] Traitement du challenge pour bruno: your-legacy45
[2025-06-17 12:24:38] Processus mis à jour pour bruno: your-legacy45-vote-70-left-0H:4M - waiting
[2025-06-17 12:24:38] Nouveau processus ajouté pour bruno: your-legacy45-vote-35-left-0H:1M - Statut: init
[2025-06-17 12:24:38] Traitement du challenge pour bruno: your-legacy45
[2025-06-17 12:24:38] Processus mis à jour pour bruno: your-legacy45-vote-35-left-0H:3M - waiting
[2025-06-17 12:24:38] Processus mis à jour pour bruno: your-legacy45-vote-35-left-0H:2M - waiting
[2025-06-17 12:24:38] Processus mis à jour pour bruno: your-legacy45-vote-35-left-0H:1M - waiting
[2025-06-17 12:24:38] Application des stratégies pour les challenges sélectionnés:
- Your Legacy avec stratégie end4

[2025-06-17 12:24:47] Lancement de la stratégie end4 pour Blacks & Reds
[2025-06-17 12:24:47] Nouveau processus ajouté pour bruno: blacks-reds2-vote-70-left-0H:4M - Statut: init
[2025-06-17 12:24:47] Traitement du challenge pour bruno: blacks-reds2
[2025-06-17 12:24:47] Nouveau processus ajouté pour bruno: blacks-reds2-vote-35-left-0H:3M - Statut: init
[2025-06-17 12:24:47] Nouveau processus ajouté pour bruno: blacks-reds2-vote-35-left-0H:2M - Statut: init
[2025-06-17 12:24:47] Traitement du challenge pour bruno: blacks-reds2
[2025-06-17 12:24:47] Traitement du challenge pour bruno: blacks-reds2
[2025-06-17 12:24:47] Processus mis à jour pour bruno: blacks-reds2-vote-70-left-0H:4M - waiting
[2025-06-17 12:24:47] Nouveau processus ajouté pour bruno: blacks-reds2-vote-35-left-0H:1M - Statut: init
[2025-06-17 12:24:47] Processus mis à jour pour bruno: blacks-reds2-vote-35-left-0H:2M - waiting
[2025-06-17 12:24:47] Processus mis à jour pour bruno: blacks-reds2-vote-35-left-0H:3M - waiting
[2025-06-17 12:24:47] Traitement du challenge pour bruno: blacks-reds2
[2025-06-17 12:24:47] Processus mis à jour pour bruno: blacks-reds2-vote-35-left-0H:1M - waiting
[2025-06-17 12:24:47] Application des stratégies pour les challenges sélectionnés:
- Blacks & Reds avec stratégie end4

[2025-06-17 15:00:05] Processus mis à jour pour pascale: you-on-gs-instagram74-vote-70-left-0H:4M - executing
[2025-06-17 15:00:06] Traitement de vote pour You On GS Instagram
[2025-06-17 15:00:06] You On GS Instagram get vote panel
[2025-06-17 15:00:06] Processus associé: you-on-gs-instagram74-vote-70-left-0H:4M
[2025-06-17 15:00:06] Récupération des données de vote pour You On GS Instagram (URL: you-on-gs-instagram74, HEADER:{'User-Agent': 'Mozilla/5.0 (X11; Linux i686; rv:39.0) Gecko/20100101 Firefox/39.0', 'x-api-version': '8', 'x-env': 'WEB', 'X-requested-with': 'XMLHttpRequest', 'X-token': 'f96bbe3a7e7f833329e7129767a69abbfa6dfce3152e3c2a311eb49d89b5c3bb2b12b66b402f03dce682b8b2b6a005cd'})
[2025-06-17 15:00:08] Récupération réussie: 200 images pour You On GS Instagram
[2025-06-17 15:00:08] Voting fetching ...
[2025-06-17 15:00:08] You On GS Instagram voting 70 images
[2025-06-17 15:00:09] Processus mis à jour pour pascale: you-on-gs-instagram74-vote-70-left-0H:4M - executing
[2025-06-17 15:00:09] Traitement de vote pour You On GS Instagram
[2025-06-17 15:00:12] You On GS Instagram voting 70 images
[2025-06-17 15:00:13] You On GS Instagram get vote panel
[2025-06-17 15:00:13] Processus associé: you-on-gs-instagram74-vote-70-left-0H:4M
[2025-06-17 15:00:13] Récupération des données de vote pour You On GS Instagram (URL: you-on-gs-instagram74, HEADER:{'User-Agent': 'Mozilla/5.0 (X11; Linux i686; rv:39.0) Gecko/20100101 Firefox/39.0', 'x-api-version': '8', 'x-env': 'WEB', 'X-requested-with': 'XMLHttpRequest', 'X-token': 'f96bbe3a7e7f833329e7129767a69abbfa6dfce3152e3c2a311eb49d89b5c3bb2b12b66b402f03dce682b8b2b6a005cd'})
[2025-06-17 15:00:14] You On GS Instagram voted successfully
[2025-06-17 15:00:14] Processus supprimé pour pascale: you-on-gs-instagram74-vote-70-left-0H:4M - success
[2025-06-17 15:00:14] Processus mis à jour pour pascale: you-on-gs-instagram74-vote-70-left-0H:4M - success
[2025-06-17 15:00:14] Processus you-on-gs-instagram74-vote-70-left-0H:4M terminé avec succès (profil: pascale)
[2025-06-17 15:00:16] You On GS Instagram voted successfully
[2025-06-17 15:00:18] Récupération réussie: 200 images pour You On GS Instagram
[2025-06-17 15:00:18] Voting fetching ...
[2025-06-17 15:00:18] You On GS Instagram voting 70 images
[2025-06-17 15:00:22] You On GS Instagram voting 70 images
[2025-06-17 15:00:23] You On GS Instagram voted successfully
[2025-06-17 15:00:25] You On GS Instagram voted successfully
[2025-06-17 15:00:28] Challenges fetching ...
[2025-06-17 15:00:28] Lancement automatique des stratégies de fin pour 1 nouveaux challenges...
[2025-06-17 15:00:28] Nouveau challenge détecté pour pascale: 6 Hours
[2025-06-17 15:00:28] Challenges fetched successfully for pascale!
[2025-06-17 15:00:28] Challenges fetching ...
[2025-06-17 15:00:29] Challenges fetched successfully for pascale!
[2025-06-17 15:00:31] Challenges fetching ...
[2025-06-17 15:00:31] Challenges fetched successfully for pascale!
[2025-06-17 15:00:31] Challenges fetching ...
[2025-06-17 15:00:32] Challenges fetched successfully for pascale!
[2025-06-17 15:01:10] Processus mis à jour pour pascale: you-on-gs-instagram74-vote-20-left-0H:3M - executing
[2025-06-17 15:01:10] Traitement de vote pour You On GS Instagram
[2025-06-17 15:01:10] You On GS Instagram get vote panel
[2025-06-17 15:01:10] Processus associé: you-on-gs-instagram74-vote-20-left-0H:3M
[2025-06-17 15:01:10] Récupération des données de vote pour You On GS Instagram (URL: you-on-gs-instagram74, HEADER:{'User-Agent': 'Mozilla/5.0 (X11; Linux i686; rv:39.0) Gecko/20100101 Firefox/39.0', 'x-api-version': '8', 'x-env': 'WEB', 'X-requested-with': 'XMLHttpRequest', 'X-token': 'f96bbe3a7e7f833329e7129767a69abbfa6dfce3152e3c2a311eb49d89b5c3bb2b12b66b402f03dce682b8b2b6a005cd'})
[2025-06-17 15:01:12] Récupération réussie: 200 images pour You On GS Instagram
[2025-06-17 15:01:12] Voting fetching ...
[2025-06-17 15:01:12] You On GS Instagram voting 20 images
[2025-06-17 15:01:16] Processus mis à jour pour pascale: you-on-gs-instagram74-vote-20-left-0H:3M - executing
[2025-06-17 15:01:16] Traitement de vote pour You On GS Instagram
[2025-06-17 15:01:17] You On GS Instagram voting 20 images
[2025-06-17 15:01:17] You On GS Instagram get vote panel
[2025-06-17 15:01:17] Processus associé: you-on-gs-instagram74-vote-20-left-0H:3M
[2025-06-17 15:01:18] Récupération des données de vote pour You On GS Instagram (URL: you-on-gs-instagram74, HEADER:{'User-Agent': 'Mozilla/5.0 (X11; Linux i686; rv:39.0) Gecko/20100101 Firefox/39.0', 'x-api-version': '8', 'x-env': 'WEB', 'X-requested-with': 'XMLHttpRequest', 'X-token': 'f96bbe3a7e7f833329e7129767a69abbfa6dfce3152e3c2a311eb49d89b5c3bb2b12b66b402f03dce682b8b2b6a005cd'})
[2025-06-17 15:01:18] You On GS Instagram voted successfully
[2025-06-17 15:01:18] Processus supprimé pour pascale: you-on-gs-instagram74-vote-20-left-0H:3M - success
[2025-06-17 15:01:18] Processus mis à jour pour pascale: you-on-gs-instagram74-vote-20-left-0H:3M - success
[2025-06-17 15:01:19] Processus you-on-gs-instagram74-vote-20-left-0H:3M terminé avec succès (profil: pascale)
[2025-06-17 15:01:23] You On GS Instagram voted successfully
[2025-06-17 15:01:25] Récupération réussie: 200 images pour You On GS Instagram
[2025-06-17 15:01:25] Voting fetching ...
[2025-06-17 15:01:25] You On GS Instagram voting 20 images
[2025-06-17 15:01:28] You On GS Instagram voting 20 images
[2025-06-17 15:01:30] You On GS Instagram voted successfully
[2025-06-17 15:01:33] You On GS Instagram voted successfully
[2025-06-17 15:01:35] Challenges fetching ...
[2025-06-17 15:01:35] Challenges fetched successfully for pascale!
[2025-06-17 15:01:36] Challenges fetching ...
[2025-06-17 15:01:36] Challenges fetched successfully for pascale!
[2025-06-17 15:01:38] Challenges fetching ...
[2025-06-17 15:01:38] Challenges fetched successfully for pascale!
[2025-06-17 15:01:38] Challenges fetching ...
[2025-06-17 15:01:39] Challenges fetched successfully for pascale!
[2025-06-17 15:02:02] Processus mis à jour pour pascale: you-on-gs-instagram74-vote-20-left-0H:2M - executing
[2025-06-17 15:02:02] Traitement de vote pour You On GS Instagram
[2025-06-17 15:02:02] You On GS Instagram get vote panel
[2025-06-17 15:02:02] Processus associé: you-on-gs-instagram74-vote-20-left-0H:2M
[2025-06-17 15:02:02] Récupération des données de vote pour You On GS Instagram (URL: you-on-gs-instagram74, HEADER:{'User-Agent': 'Mozilla/5.0 (X11; Linux i686; rv:39.0) Gecko/20100101 Firefox/39.0', 'x-api-version': '8', 'x-env': 'WEB', 'X-requested-with': 'XMLHttpRequest', 'X-token': 'f96bbe3a7e7f833329e7129767a69abbfa6dfce3152e3c2a311eb49d89b5c3bb2b12b66b402f03dce682b8b2b6a005cd'})
[2025-06-17 15:02:03] Récupération réussie: 200 images pour You On GS Instagram
[2025-06-17 15:02:03] Voting fetching ...
[2025-06-17 15:02:03] You On GS Instagram voting 20 images
[2025-06-17 15:02:06] You On GS Instagram voting 20 images
[2025-06-17 15:02:08] You On GS Instagram voted successfully
[2025-06-17 15:02:08] Processus supprimé pour pascale: you-on-gs-instagram74-vote-20-left-0H:2M - success
[2025-06-17 15:02:08] Processus mis à jour pour pascale: you-on-gs-instagram74-vote-20-left-0H:2M - success
[2025-06-17 15:02:08] Processus you-on-gs-instagram74-vote-20-left-0H:2M terminé avec succès (profil: pascale)
[2025-06-17 15:02:10] You On GS Instagram voted successfully
[2025-06-17 15:02:13] Challenges fetching ...
[2025-06-17 15:02:14] Challenges fetched successfully for pascale!
[2025-06-17 15:02:14] Challenges fetching ...
[2025-06-17 15:02:14] Challenges fetched successfully for pascale!
[2025-06-17 15:02:17] Processus mis à jour pour pascale: you-on-gs-instagram74-vote-20-left-0H:2M - executing
[2025-06-17 15:02:17] Traitement de vote pour You On GS Instagram
[2025-06-17 15:02:17] You On GS Instagram get vote panel
[2025-06-17 15:02:17] Processus associé: you-on-gs-instagram74-vote-20-left-0H:2M
[2025-06-17 15:02:17] Récupération des données de vote pour You On GS Instagram (URL: you-on-gs-instagram74, HEADER:{'User-Agent': 'Mozilla/5.0 (X11; Linux i686; rv:39.0) Gecko/20100101 Firefox/39.0', 'x-api-version': '8', 'x-env': 'WEB', 'X-requested-with': 'XMLHttpRequest', 'X-token': 'f96bbe3a7e7f833329e7129767a69abbfa6dfce3152e3c2a311eb49d89b5c3bb2b12b66b402f03dce682b8b2b6a005cd'})
[2025-06-17 15:02:18] Récupération réussie: 200 images pour You On GS Instagram
[2025-06-17 15:02:18] Voting fetching ...
[2025-06-17 15:02:18] You On GS Instagram voting 20 images
[2025-06-17 15:02:23] You On GS Instagram voting 20 images
[2025-06-17 15:02:24] You On GS Instagram voted successfully
[2025-06-17 15:02:24] Processus supprimé pour pascale: you-on-gs-instagram74-vote-20-left-0H:2M - success
[2025-06-17 15:02:24] Processus mis à jour pour pascale: you-on-gs-instagram74-vote-20-left-0H:2M - success
[2025-06-17 15:02:25] Processus you-on-gs-instagram74-vote-20-left-0H:2M terminé avec succès (profil: pascale)
[2025-06-17 15:02:27] You On GS Instagram voted successfully
[2025-06-17 15:02:31] Challenges fetching ...
[2025-06-17 15:02:31] Challenges fetched successfully for pascale!
[2025-06-17 15:02:31] Challenges fetching ...
[2025-06-17 15:02:31] Challenges fetched successfully for pascale!
[2025-06-17 15:03:04] Processus mis à jour pour pascale: you-on-gs-instagram74-vote-20-left-0H:1M - executing
[2025-06-17 15:03:04] Traitement de vote pour You On GS Instagram
[2025-06-17 15:03:04] You On GS Instagram get vote panel
[2025-06-17 15:03:04] Processus associé: you-on-gs-instagram74-vote-20-left-0H:1M
[2025-06-17 15:03:04] Récupération des données de vote pour You On GS Instagram (URL: you-on-gs-instagram74, HEADER:{'User-Agent': 'Mozilla/5.0 (X11; Linux i686; rv:39.0) Gecko/20100101 Firefox/39.0', 'x-api-version': '8', 'x-env': 'WEB', 'X-requested-with': 'XMLHttpRequest', 'X-token': 'f96bbe3a7e7f833329e7129767a69abbfa6dfce3152e3c2a311eb49d89b5c3bb2b12b66b402f03dce682b8b2b6a005cd'})
[2025-06-17 15:03:06] Récupération réussie: 200 images pour You On GS Instagram
[2025-06-17 15:03:06] Voting fetching ...
[2025-06-17 15:03:06] You On GS Instagram voting 20 images
[2025-06-17 15:03:08] Processus mis à jour pour pascale: you-on-gs-instagram74-vote-20-left-0H:1M - executing
[2025-06-17 15:03:08] Traitement de vote pour You On GS Instagram
[2025-06-17 15:03:09] You On GS Instagram voting 20 images
[2025-06-17 15:03:09] You On GS Instagram get vote panel
[2025-06-17 15:03:09] Processus associé: you-on-gs-instagram74-vote-20-left-0H:1M
[2025-06-17 15:03:09] Récupération des données de vote pour You On GS Instagram (URL: you-on-gs-instagram74, HEADER:{'User-Agent': 'Mozilla/5.0 (X11; Linux i686; rv:39.0) Gecko/20100101 Firefox/39.0', 'x-api-version': '8', 'x-env': 'WEB', 'X-requested-with': 'XMLHttpRequest', 'X-token': 'f96bbe3a7e7f833329e7129767a69abbfa6dfce3152e3c2a311eb49d89b5c3bb2b12b66b402f03dce682b8b2b6a005cd'})
[2025-06-17 15:03:10] You On GS Instagram voted successfully
[2025-06-17 15:03:10] Processus supprimé pour pascale: you-on-gs-instagram74-vote-20-left-0H:1M - success
[2025-06-17 15:03:10] Processus mis à jour pour pascale: you-on-gs-instagram74-vote-20-left-0H:1M - success
[2025-06-17 15:03:11] Processus you-on-gs-instagram74-vote-20-left-0H:1M terminé avec succès (profil: pascale)
[2025-06-17 15:03:13] You On GS Instagram voted successfully
[2025-06-17 15:03:15] Récupération réussie: 200 images pour You On GS Instagram
[2025-06-17 15:03:15] Voting fetching ...
[2025-06-17 15:03:15] You On GS Instagram voting 20 images
[2025-06-17 15:03:19] You On GS Instagram voting 20 images
[2025-06-17 15:03:20] You On GS Instagram voted successfully
[2025-06-17 15:03:23] You On GS Instagram voted successfully
[2025-06-17 15:03:25] Challenges fetching ...
[2025-06-17 15:03:25] Challenges fetched successfully for pascale!
[2025-06-17 15:03:26] Challenges fetching ...
[2025-06-17 15:03:26] Challenges fetched successfully for pascale!
[2025-06-17 15:03:28] Challenges fetching ...
[2025-06-17 15:03:28] Challenges fetched successfully for pascale!
[2025-06-17 15:03:28] Challenges fetching ...
[2025-06-17 15:03:28] Challenges fetched successfully for pascale!
[2025-06-17 16:30:09] Processus mis à jour pour bruno: 6-hours65-vote-70-left-0H:4M - executing
[2025-06-17 16:30:09] Traitement de vote pour 6 Hours
[2025-06-17 16:30:10] 6 Hours get vote panel
[2025-06-17 16:30:10] Processus associé: 6-hours65-vote-70-left-0H:4M
[2025-06-17 16:30:10] Récupération des données de vote pour 6 Hours (URL: 6-hours65, HEADER:{'User-Agent': 'Mozilla/5.0 (X11; Linux i686; rv:39.0) Gecko/20100101 Firefox/39.0', 'x-api-version': '8', 'x-env': 'WEB', 'X-requested-with': 'XMLHttpRequest', 'X-token': 'a1cad95a6d480c14f51dd0eba4914c8337b893c789ec6278bb440c7c9a673b162f042470c62684e6da2bd342ffea7777'})
[2025-06-17 16:30:11] Récupération réussie: 200 images pour 6 Hours
[2025-06-17 16:30:11] Voting fetching ...
[2025-06-17 16:30:11] 6 Hours voting 70 images
[2025-06-17 16:30:14] 6 Hours voting 70 images
[2025-06-17 16:30:15] 6 Hours voted successfully
[2025-06-17 16:30:15] Processus supprimé pour bruno: 6-hours65-vote-70-left-0H:4M - success
[2025-06-17 16:30:15] Processus mis à jour pour bruno: 6-hours65-vote-70-left-0H:4M - success
[2025-06-17 16:30:15] Processus 6-hours65-vote-70-left-0H:4M terminé avec succès (profil: bruno)
[2025-06-17 16:30:17] 6 Hours voted successfully
[2025-06-17 16:30:23] Challenges fetching ...
[2025-06-17 16:30:23] Challenges fetched successfully for bruno!
[2025-06-17 16:30:24] Challenges fetching ...
[2025-06-17 16:30:24] Challenges fetched successfully for bruno!
[2025-06-17 16:31:13] Processus mis à jour pour bruno: 6-hours65-vote-35-left-0H:3M - executing
[2025-06-17 16:31:13] Traitement de vote pour 6 Hours
[2025-06-17 16:31:13] 6 Hours get vote panel
[2025-06-17 16:31:13] Processus associé: 6-hours65-vote-35-left-0H:3M
[2025-06-17 16:31:13] Récupération des données de vote pour 6 Hours (URL: 6-hours65, HEADER:{'User-Agent': 'Mozilla/5.0 (X11; Linux i686; rv:39.0) Gecko/20100101 Firefox/39.0', 'x-api-version': '8', 'x-env': 'WEB', 'X-requested-with': 'XMLHttpRequest', 'X-token': 'a1cad95a6d480c14f51dd0eba4914c8337b893c789ec6278bb440c7c9a673b162f042470c62684e6da2bd342ffea7777'})
[2025-06-17 16:31:14] Récupération réussie: 200 images pour 6 Hours
[2025-06-17 16:31:14] Voting fetching ...
[2025-06-17 16:31:14] 6 Hours voting 35 images
[2025-06-17 16:31:17] 6 Hours voting 35 images
[2025-06-17 16:31:18] 6 Hours voted successfully
[2025-06-17 16:31:18] Processus supprimé pour bruno: 6-hours65-vote-35-left-0H:3M - success
[2025-06-17 16:31:18] Processus mis à jour pour bruno: 6-hours65-vote-35-left-0H:3M - success
[2025-06-17 16:31:18] Processus 6-hours65-vote-35-left-0H:3M terminé avec succès (profil: bruno)
[2025-06-17 16:31:20] 6 Hours voted successfully
[2025-06-17 16:31:23] Challenges fetching ...
[2025-06-17 16:31:23] Challenges fetched successfully for bruno!
[2025-06-17 16:31:23] Challenges fetching ...
[2025-06-17 16:31:23] Challenges fetched successfully for bruno!
[2025-06-17 16:32:08] Processus mis à jour pour bruno: 6-hours65-vote-35-left-0H:2M - executing
[2025-06-17 16:32:08] Traitement de vote pour 6 Hours
[2025-06-17 16:32:08] 6 Hours get vote panel
[2025-06-17 16:32:08] Processus associé: 6-hours65-vote-35-left-0H:2M
[2025-06-17 16:32:08] Récupération des données de vote pour 6 Hours (URL: 6-hours65, HEADER:{'User-Agent': 'Mozilla/5.0 (X11; Linux i686; rv:39.0) Gecko/20100101 Firefox/39.0', 'x-api-version': '8', 'x-env': 'WEB', 'X-requested-with': 'XMLHttpRequest', 'X-token': 'a1cad95a6d480c14f51dd0eba4914c8337b893c789ec6278bb440c7c9a673b162f042470c62684e6da2bd342ffea7777'})
[2025-06-17 16:32:09] Récupération réussie: 200 images pour 6 Hours
[2025-06-17 16:32:09] Voting fetching ...
[2025-06-17 16:32:09] 6 Hours voting 35 images
[2025-06-17 16:32:12] 6 Hours voting 35 images
[2025-06-17 16:32:13] 6 Hours voted successfully
[2025-06-17 16:32:13] Processus supprimé pour bruno: 6-hours65-vote-35-left-0H:2M - success
[2025-06-17 16:32:13] Processus mis à jour pour bruno: 6-hours65-vote-35-left-0H:2M - success
[2025-06-17 16:32:13] Processus 6-hours65-vote-35-left-0H:2M terminé avec succès (profil: bruno)
[2025-06-17 16:32:15] 6 Hours voted successfully
[2025-06-17 16:32:18] Challenges fetching ...
[2025-06-17 16:32:18] Challenges fetched successfully for bruno!
[2025-06-17 16:32:18] Challenges fetching ...
[2025-06-17 16:32:18] Challenges fetched successfully for bruno!
[2025-06-17 16:33:08] Processus mis à jour pour bruno: 6-hours65-vote-35-left-0H:1M - executing
[2025-06-17 16:33:08] Traitement de vote pour 6 Hours
[2025-06-17 16:33:08] 6 Hours get vote panel
[2025-06-17 16:33:08] Processus associé: 6-hours65-vote-35-left-0H:1M
[2025-06-17 16:33:08] Récupération des données de vote pour 6 Hours (URL: 6-hours65, HEADER:{'User-Agent': 'Mozilla/5.0 (X11; Linux i686; rv:39.0) Gecko/20100101 Firefox/39.0', 'x-api-version': '8', 'x-env': 'WEB', 'X-requested-with': 'XMLHttpRequest', 'X-token': 'a1cad95a6d480c14f51dd0eba4914c8337b893c789ec6278bb440c7c9a673b162f042470c62684e6da2bd342ffea7777'})
[2025-06-17 16:33:09] Récupération réussie: 200 images pour 6 Hours
[2025-06-17 16:33:09] Voting fetching ...
[2025-06-17 16:33:09] 6 Hours voting 35 images
[2025-06-17 16:33:12] 6 Hours voting 35 images
[2025-06-17 16:33:13] 6 Hours voted successfully
[2025-06-17 16:33:13] Processus supprimé pour bruno: 6-hours65-vote-35-left-0H:1M - success
[2025-06-17 16:33:13] Processus mis à jour pour bruno: 6-hours65-vote-35-left-0H:1M - success
[2025-06-17 16:33:13] Processus 6-hours65-vote-35-left-0H:1M terminé avec succès (profil: bruno)
[2025-06-17 16:33:15] 6 Hours voted successfully
[2025-06-17 16:33:18] Challenges fetching ...
[2025-06-17 16:33:19] Challenges fetched successfully for bruno!
[2025-06-17 16:33:19] Challenges fetching ...
[2025-06-17 16:33:19] Challenges fetched successfully for bruno!
[2025-06-17 16:47:30] Refreshing challenges...
[2025-06-17 16:47:30] Fetching challenges...
[2025-06-17 16:47:31] Challenges fetching ...
[2025-06-17 16:47:31] Challenges fetched successfully for pascale!
[2025-06-17 16:49:33] Refreshing challenges...
[2025-06-17 16:49:33] Fetching challenges...
[2025-06-17 16:49:34] Challenges fetching ...
[2025-06-17 16:49:34] Challenges fetched successfully for pascale!
[2025-06-17 16:50:41] Refreshing challenges...
[2025-06-17 16:50:41] Fetching challenges...
[2025-06-17 16:50:42] Challenges fetching ...
[2025-06-17 16:50:42] Challenges fetched successfully for bruno!
[2025-06-17 16:50:52] Lancement de la stratégie end4 pour Blue And Green
[2025-06-17 16:50:52] Nouveau processus ajouté pour bruno: blue-and-green6-vote-70-left-0H:4M - Statut: init
[2025-06-17 16:50:52] Traitement du challenge pour bruno: blue-and-green6
[2025-06-17 16:50:52] Nouveau processus ajouté pour bruno: blue-and-green6-vote-35-left-0H:3M - Statut: init
[2025-06-17 16:50:52] Nouveau processus ajouté pour bruno: blue-and-green6-vote-35-left-0H:2M - Statut: init
[2025-06-17 16:50:52] Traitement du challenge pour bruno: blue-and-green6
[2025-06-17 16:50:52] Traitement du challenge pour bruno: blue-and-green6
[2025-06-17 16:50:52] Processus mis à jour pour bruno: blue-and-green6-vote-70-left-0H:4M - waiting
[2025-06-17 16:50:52] Nouveau processus ajouté pour bruno: blue-and-green6-vote-35-left-0H:1M - Statut: init
[2025-06-17 16:50:52] Traitement du challenge pour bruno: blue-and-green6
[2025-06-17 16:50:52] Processus mis à jour pour bruno: blue-and-green6-vote-35-left-0H:3M - waiting
[2025-06-17 16:50:52] Processus mis à jour pour bruno: blue-and-green6-vote-35-left-0H:2M - waiting
[2025-06-17 16:50:52] Processus mis à jour pour bruno: blue-and-green6-vote-35-left-0H:1M - waiting
[2025-06-17 16:50:52] Lancement de la stratégie end4 pour Blacks & Reds
[2025-06-17 16:50:52] Commande  --cha blacks-reds2 vote 70 --left 0:4 existe déjà pour bruno
[2025-06-17 16:50:52] Nouveau processus ajouté pour bruno: blacks-reds2-vote-70-left-0H:4M - Statut: init
[2025-06-17 16:50:52] Commande  --cha blacks-reds2 vote 35 --left 0:3 existe déjà pour bruno
[2025-06-17 16:50:52] Traitement du challenge pour bruno: blacks-reds2
[2025-06-17 16:50:52] Nouveau processus ajouté pour bruno: blacks-reds2-vote-35-left-0H:3M - Statut: init
[2025-06-17 16:50:52] Commande  --cha blacks-reds2 vote 35 --left 0:2 existe déjà pour bruno
[2025-06-17 16:50:52] Traitement du challenge pour bruno: blacks-reds2
[2025-06-17 16:50:52] Nouveau processus ajouté pour bruno: blacks-reds2-vote-35-left-0H:2M - Statut: init
[2025-06-17 16:50:52] Processus mis à jour pour bruno: blacks-reds2-vote-70-left-0H:4M - waiting
[2025-06-17 16:50:52] Traitement du challenge pour bruno: blacks-reds2
[2025-06-17 16:50:52] Commande  --cha blacks-reds2 vote 35 --left 0:1 existe déjà pour bruno
[2025-06-17 16:50:52] Nouveau processus ajouté pour bruno: blacks-reds2-vote-35-left-0H:1M - Statut: init
[2025-06-17 16:50:52] Processus mis à jour pour bruno: blacks-reds2-vote-35-left-0H:3M - waiting
[2025-06-17 16:50:52] Traitement du challenge pour bruno: blacks-reds2
[2025-06-17 16:50:52] Processus mis à jour pour bruno: blacks-reds2-vote-35-left-0H:2M - waiting
[2025-06-17 16:50:52] Processus mis à jour pour bruno: blacks-reds2-vote-35-left-0H:1M - waiting
[2025-06-17 16:50:52] Lancement de la stratégie end4 pour Your Legacy
[2025-06-17 16:50:52] Commande  --cha your-legacy45 vote 70 --left 0:4 existe déjà pour bruno
[2025-06-17 16:50:52] Nouveau processus ajouté pour bruno: your-legacy45-vote-70-left-0H:4M - Statut: init
[2025-06-17 16:50:52] Traitement du challenge pour bruno: your-legacy45
[2025-06-17 16:50:52] Commande  --cha your-legacy45 vote 35 --left 0:3 existe déjà pour bruno
[2025-06-17 16:50:52] Nouveau processus ajouté pour bruno: your-legacy45-vote-35-left-0H:3M - Statut: init
[2025-06-17 16:50:52] Traitement du challenge pour bruno: your-legacy45
[2025-06-17 16:50:52] Commande  --cha your-legacy45 vote 35 --left 0:2 existe déjà pour bruno
[2025-06-17 16:50:52] Nouveau processus ajouté pour bruno: your-legacy45-vote-35-left-0H:2M - Statut: init
[2025-06-17 16:50:52] Commande  --cha your-legacy45 vote 35 --left 0:1 existe déjà pour bruno
[2025-06-17 16:50:52] Processus mis à jour pour bruno: your-legacy45-vote-70-left-0H:4M - waiting
[2025-06-17 16:50:52] Traitement du challenge pour bruno: your-legacy45
[2025-06-17 16:50:52] Nouveau processus ajouté pour bruno: your-legacy45-vote-35-left-0H:1M - Statut: init
[2025-06-17 16:50:52] Traitement du challenge pour bruno: your-legacy45
[2025-06-17 16:50:52] Processus mis à jour pour bruno: your-legacy45-vote-35-left-0H:3M - waiting
[2025-06-17 16:50:52] Processus mis à jour pour bruno: your-legacy45-vote-35-left-0H:2M - waiting
[2025-06-17 16:50:52] Processus mis à jour pour bruno: your-legacy45-vote-35-left-0H:1M - waiting
[2025-06-17 16:50:52] Application des stratégies pour les challenges sélectionnés:
- Blue And Green avec stratégie end4
- Blacks & Reds avec stratégie end4
- Your Legacy avec stratégie end4

[2025-06-17 17:46:05] Refreshing challenges...
[2025-06-17 17:46:05] Fetching challenges...
[2025-06-17 17:46:05] Challenges fetching ...
[2025-06-17 17:46:05] Challenges fetched successfully for bruno!
[2025-06-17 17:46:05] Challenge non trouvé: blacks-reds2
[2025-06-17 17:46:05] Processus mis à jour pour bruno: blacks-reds2-vote-35-left-0H:2M - executing
[2025-06-17 17:46:05] Objet challenge créé pour le thread de profil bruno: blacks-reds2
[2025-06-17 17:46:05] Traitement de vote pour Challenge blacks-reds2
[2025-06-17 17:46:05] Challenge blacks-reds2 get vote panel
[2025-06-17 17:46:05] Processus associé: blacks-reds2-vote-35-left-0H:2M
[2025-06-17 17:46:05] Récupération des données de vote pour Challenge blacks-reds2 (URL: blacks-reds2, HEADER:{'User-Agent': 'Mozilla/5.0 (X11; Linux i686; rv:39.0) Gecko/20100101 Firefox/39.0', 'x-api-version': '8', 'x-env': 'WEB', 'X-requested-with': 'XMLHttpRequest', 'X-token': 'a1cad95a6d480c14f51dd0eba4914c8337b893c789ec6278bb440c7c9a673b162f042470c62684e6da2bd342ffea7777'})
[2025-06-17 17:46:06] Challenge non trouvé: blue-and-green6
[2025-06-17 17:46:06] Processus mis à jour pour bruno: blue-and-green6-vote-35-left-0H:2M - executing
[2025-06-17 17:46:06] Objet challenge créé pour le thread de profil bruno: blue-and-green6
[2025-06-17 17:46:06] Traitement de vote pour Challenge blue-and-green6
[2025-06-17 17:46:06] Challenge blue-and-green6 get vote panel
[2025-06-17 17:46:06] Processus associé: blue-and-green6-vote-35-left-0H:2M
[2025-06-17 17:46:06] Récupération des données de vote pour Challenge blue-and-green6 (URL: blue-and-green6, HEADER:{'User-Agent': 'Mozilla/5.0 (X11; Linux i686; rv:39.0) Gecko/20100101 Firefox/39.0', 'x-api-version': '8', 'x-env': 'WEB', 'X-requested-with': 'XMLHttpRequest', 'X-token': 'a1cad95a6d480c14f51dd0eba4914c8337b893c789ec6278bb440c7c9a673b162f042470c62684e6da2bd342ffea7777'})
[2025-06-17 17:46:06] Erreur HTTP 403: <html>
<head><title>403 Forbidden</title></head>
<body>
<center><h1>403 Forbidden</h1></center>
...
[2025-06-17 17:46:06] Voting fetching ...
[2025-06-17 17:46:06] Erreur lors de la récupération des données de vote: {'success': False, 'message': 'HTTP 403: <html>\r\n<head><title>403 Forbidden</title></head>\r\n<body>\r\n<center><h1>403 Forbidden</h1></center>\r\n</body>\r\n</html>\r\n', 'challenge': {'close_time': 0}}
[2025-06-17 17:46:07] Challenge non trouvé: your-legacy45
[2025-06-17 17:46:07] Processus mis à jour pour bruno: your-legacy45-vote-35-left-0H:1M - executing
[2025-06-17 17:46:07] Objet challenge créé pour le thread de profil bruno: your-legacy45
[2025-06-17 17:46:07] Traitement de vote pour Challenge your-legacy45
[2025-06-17 17:46:09] Erreur lors de la récupération des données de vote: {'success': False, 'message': 'HTTP 403: <html>\r\n<head><title>403 Forbidden</title></head>\r\n<body>\r\n<center><h1>403 Forbidden</h1></center>\r\n</body>\r\n</html>\r\n', 'challenge': {'close_time': 0}}
[2025-06-17 17:46:09] Challenge your-legacy45 get vote panel
[2025-06-17 17:46:09] Processus associé: your-legacy45-vote-35-left-0H:1M
[2025-06-17 17:46:09] Récupération des données de vote pour Challenge your-legacy45 (URL: your-legacy45, HEADER:{'User-Agent': 'Mozilla/5.0 (X11; Linux i686; rv:39.0) Gecko/20100101 Firefox/39.0', 'x-api-version': '8', 'x-env': 'WEB', 'X-requested-with': 'XMLHttpRequest', 'X-token': 'a1cad95a6d480c14f51dd0eba4914c8337b893c789ec6278bb440c7c9a673b162f042470c62684e6da2bd342ffea7777'})
[2025-06-17 17:46:09] Erreur HTTP 403: <html>
<head><title>403 Forbidden</title></head>
<body>
<center><h1>403 Forbidden</h1></center>
...
[2025-06-17 17:46:09] Voting fetching ...
[2025-06-17 17:46:09] Erreur lors de la récupération des données de vote: {'success': False, 'message': 'HTTP 403: <html>\r\n<head><title>403 Forbidden</title></head>\r\n<body>\r\n<center><h1>403 Forbidden</h1></center>\r\n</body>\r\n</html>\r\n', 'challenge': {'close_time': 0}}
[2025-06-17 17:46:10] Challenge non trouvé: your-legacy45
[2025-06-17 17:46:10] Processus mis à jour pour bruno: your-legacy45-vote-70-left-0H:4M - executing
[2025-06-17 17:46:10] Objet challenge créé pour le thread de profil bruno: your-legacy45
[2025-06-17 17:46:10] Traitement de vote pour Challenge your-legacy45
[2025-06-17 17:46:12] Erreur lors de la récupération des données de vote: {'success': False, 'message': 'HTTP 403: <html>\r\n<head><title>403 Forbidden</title></head>\r\n<body>\r\n<center><h1>403 Forbidden</h1></center>\r\n</body>\r\n</html>\r\n', 'challenge': {'close_time': 0}}
[2025-06-17 17:46:12] Challenge your-legacy45 get vote panel
[2025-06-17 17:46:12] Processus associé: your-legacy45-vote-70-left-0H:4M
[2025-06-17 17:46:12] Récupération des données de vote pour Challenge your-legacy45 (URL: your-legacy45, HEADER:{'User-Agent': 'Mozilla/5.0 (X11; Linux i686; rv:39.0) Gecko/20100101 Firefox/39.0', 'x-api-version': '8', 'x-env': 'WEB', 'X-requested-with': 'XMLHttpRequest', 'X-token': 'a1cad95a6d480c14f51dd0eba4914c8337b893c789ec6278bb440c7c9a673b162f042470c62684e6da2bd342ffea7777'})
[2025-06-17 17:46:19] Refreshing challenges...
[2025-06-17 17:46:19] Fetching challenges...
[2025-06-17 17:46:19] Challenges fetching ...
[2025-06-17 17:46:19] Challenges fetched successfully for pascale!
[2025-06-17 17:46:27] Refreshing challenges...
[2025-06-17 17:46:27] Fetching challenges...
[2025-06-17 17:46:27] Challenges fetching ...
[2025-06-17 17:46:27] Challenges fetched successfully for pascale!
[2025-06-17 19:13:32] Refreshing challenges...
[2025-06-17 19:13:32] Fetching challenges...
[2025-06-17 19:13:34] Challenges fetching ...
[2025-06-17 19:13:34] Lancement automatique des stratégies de fin pour 16 nouveaux challenges...
[2025-06-17 19:13:34] Nouveau challenge détecté pour pascale: Your Favorite Nature Shot
[2025-06-17 19:13:34] Nouveau challenge détecté pour pascale: Your Guilty Pleasures
[2025-06-17 19:13:34] Nouveau challenge détecté pour pascale: Photographer of the Week
[2025-06-17 19:13:34] Nouveau challenge détecté pour pascale: Blue And Green
[2025-06-17 19:13:34] Nouveau challenge détecté pour pascale: Your Legacy
[2025-06-17 19:13:34] Nouveau challenge détecté pour pascale: Dramatic Lighting
[2025-06-17 19:13:34] Nouveau challenge détecté pour pascale: Mostly Black
[2025-06-17 19:13:34] Nouveau challenge détecté pour pascale: Facebook Limelight
[2025-06-17 19:13:34] Nouveau challenge détecté pour pascale: Two wheels
[2025-06-17 19:13:34] Nouveau challenge détecté pour pascale: Solo - Single Subject
[2025-06-17 19:13:34] Nouveau challenge détecté pour pascale: Macro Wonders
[2025-06-17 19:13:34] Nouveau challenge détecté pour pascale: Photo of the Week!
[2025-06-17 19:13:34] Nouveau challenge détecté pour pascale: Obstructed View
[2025-06-17 19:13:34] Nouveau challenge détecté pour pascale: Guru of The Week
[2025-06-17 19:13:34] Nouveau challenge détecté pour pascale: All Crowds
[2025-06-17 19:13:34] Nouveau challenge détecté pour pascale: 500 Guru's Picks
[2025-06-17 19:13:34] Challenges fetched successfully for pascale!
[2025-06-17 21:34:35] Refreshing challenges...
[2025-06-17 21:34:35] Fetching challenges...
[2025-06-17 21:34:36] Challenges fetching ...
[2025-06-17 21:34:36] Challenges fetched successfully for pascale!
[2025-06-17 22:21:29] Refreshing challenges...
[2025-06-17 22:21:29] Fetching challenges...
[2025-06-17 22:21:31] Challenges fetching ...
[2025-06-17 22:21:31] Challenges fetched successfully for pascale!
[2025-06-17 22:21:52] Two wheels get vote panel
[2025-06-17 22:21:52] 500 Guru's Picks get vote panel
[2025-06-17 22:21:52] Obstructed View get vote panel
[2025-06-17 22:21:52] Filling challenges: {101664, 102473, 102553, 102470}
Filled Two wheels with strategy end4
Filled 500 Guru's Picks with strategy end4
Filled Obstructed View with strategy end4

[2025-06-17 22:21:52] Récupération des données de vote pour Two wheels (URL: two-wheels27, HEADER:{'User-Agent': 'Mozilla/5.0 (X11; Linux i686; rv:39.0) Gecko/20100101 Firefox/39.0', 'x-api-version': '8', 'x-env': 'WEB', 'X-requested-with': 'XMLHttpRequest', 'X-token': 'f96bbe3a7e7f833329e7129767a69abbfa6dfce3152e3c2a311eb49d89b5c3bb2b12b66b402f03dce682b8b2b6a005cd'})
[2025-06-17 22:21:52] Récupération des données de vote pour 500 Guru's Picks (URL: 500-guru-s-picks79, HEADER:{'User-Agent': 'Mozilla/5.0 (X11; Linux i686; rv:39.0) Gecko/20100101 Firefox/39.0', 'x-api-version': '8', 'x-env': 'WEB', 'X-requested-with': 'XMLHttpRequest', 'X-token': 'f96bbe3a7e7f833329e7129767a69abbfa6dfce3152e3c2a311eb49d89b5c3bb2b12b66b402f03dce682b8b2b6a005cd'})
[2025-06-17 22:21:52] Récupération des données de vote pour Obstructed View (URL: obstructed-view29, HEADER:{'User-Agent': 'Mozilla/5.0 (X11; Linux i686; rv:39.0) Gecko/20100101 Firefox/39.0', 'x-api-version': '8', 'x-env': 'WEB', 'X-requested-with': 'XMLHttpRequest', 'X-token': 'f96bbe3a7e7f833329e7129767a69abbfa6dfce3152e3c2a311eb49d89b5c3bb2b12b66b402f03dce682b8b2b6a005cd'})
[2025-06-17 22:21:53] Récupération réussie: 200 images pour Two wheels
[2025-06-17 22:21:53] Voting fetching ...
[2025-06-17 22:21:53] Two wheels voting 35 images
[2025-06-17 22:21:56] Two wheels voting 35 images
[2025-06-17 22:21:56] Récupération réussie: 200 images pour Obstructed View
[2025-06-17 22:21:56] Voting fetching ...
[2025-06-17 22:21:56] Obstructed View voting 35 images
[2025-06-17 22:21:59] Obstructed View voting 35 images
[2025-06-17 22:21:59] Récupération réussie: 200 images pour 500 Guru's Picks
[2025-06-17 22:21:59] Voting fetching ...
[2025-06-17 22:21:59] 500 Guru's Picks voting 35 images
[2025-06-17 22:22:02] 500 Guru's Picks voting 35 images
[2025-06-17 22:22:03] Two wheels voted successfully
[2025-06-17 22:22:05] Two wheels voted successfully
[2025-06-17 22:22:07] 500 Guru's Picks voted successfully
[2025-06-17 22:22:09] Obstructed View voted successfully
[2025-06-17 22:22:11] Obstructed View voted successfully
[2025-06-17 22:22:13] 500 Guru's Picks voted successfully
[2025-06-17 22:22:16] Challenges fetching ...
[2025-06-17 22:22:16] Challenges fetched successfully for pascale!
[2025-06-17 22:22:16] Challenges fetching ...
[2025-06-17 22:22:16] Challenges fetched successfully for pascale!
[2025-06-17 22:22:16] Challenges fetching ...
[2025-06-17 22:22:16] Challenges fetched successfully for pascale!
[2025-06-17 22:22:17] Challenges fetching ...
[2025-06-17 22:22:17] Challenges fetched successfully for pascale!
[2025-06-17 22:22:17] Challenges fetching ...
[2025-06-17 22:22:17] Challenges fetched successfully for pascale!
[2025-06-17 22:22:17] Challenges fetching ...
[2025-06-17 22:22:17] Challenges fetched successfully for pascale!
[2025-06-17 22:22:34] Désélection de tous les challenges

[2025-06-17 22:22:39] Photographer of the Week get vote panel
[2025-06-17 22:22:39] Your Guilty Pleasures get vote panel
[2025-06-17 22:22:39] Dramatic Lighting get vote panel
[2025-06-17 22:22:39] Filling challenges: {102531, 102564, 101789}
Filled Photographer of the Week with strategy end4
Filled Your Guilty Pleasures with strategy end4
Filled Dramatic Lighting with strategy end4

[2025-06-17 22:22:40] Récupération des données de vote pour Photographer of the Week (URL: photographer-of-the-week212, HEADER:{'User-Agent': 'Mozilla/5.0 (X11; Linux i686; rv:39.0) Gecko/20100101 Firefox/39.0', 'x-api-version': '8', 'x-env': 'WEB', 'X-requested-with': 'XMLHttpRequest', 'X-token': 'f96bbe3a7e7f833329e7129767a69abbfa6dfce3152e3c2a311eb49d89b5c3bb2b12b66b402f03dce682b8b2b6a005cd'})
[2025-06-17 22:22:40] Récupération des données de vote pour Your Guilty Pleasures (URL: your-guilty-pleasures2, HEADER:{'User-Agent': 'Mozilla/5.0 (X11; Linux i686; rv:39.0) Gecko/20100101 Firefox/39.0', 'x-api-version': '8', 'x-env': 'WEB', 'X-requested-with': 'XMLHttpRequest', 'X-token': 'f96bbe3a7e7f833329e7129767a69abbfa6dfce3152e3c2a311eb49d89b5c3bb2b12b66b402f03dce682b8b2b6a005cd'})
[2025-06-17 22:22:40] Récupération des données de vote pour Dramatic Lighting (URL: dramatic-lighting11, HEADER:{'User-Agent': 'Mozilla/5.0 (X11; Linux i686; rv:39.0) Gecko/20100101 Firefox/39.0', 'x-api-version': '8', 'x-env': 'WEB', 'X-requested-with': 'XMLHttpRequest', 'X-token': 'f96bbe3a7e7f833329e7129767a69abbfa6dfce3152e3c2a311eb49d89b5c3bb2b12b66b402f03dce682b8b2b6a005cd'})
[2025-06-17 22:22:40] Récupération réussie: 200 images pour Your Guilty Pleasures
[2025-06-17 22:22:40] Voting fetching ...
[2025-06-17 22:22:40] Your Guilty Pleasures voting 35 images
[2025-06-17 22:22:43] Your Guilty Pleasures voting 35 images
[2025-06-17 22:22:43] Récupération réussie: 200 images pour Photographer of the Week
[2025-06-17 22:22:43] Voting fetching ...
[2025-06-17 22:22:43] Photographer of the Week voting 35 images
[2025-06-17 22:22:46] Photographer of the Week voting 35 images
[2025-06-17 22:22:47] Récupération réussie: 200 images pour Dramatic Lighting
[2025-06-17 22:22:47] Voting fetching ...
[2025-06-17 22:22:47] Dramatic Lighting voting 35 images
[2025-06-17 22:22:50] Dramatic Lighting voting 35 images
[2025-06-17 22:22:50] Your Guilty Pleasures voted successfully
[2025-06-17 22:22:52] Photographer of the Week voted successfully
[2025-06-17 22:22:54] Dramatic Lighting voted successfully
[2025-06-17 22:22:56] Your Guilty Pleasures voted successfully
[2025-06-17 22:22:58] Photographer of the Week voted successfully
[2025-06-17 22:23:00] Dramatic Lighting voted successfully
[2025-06-17 22:23:03] Challenges fetching ...
[2025-06-17 22:23:03] Challenges fetched successfully for pascale!
[2025-06-17 22:23:03] Challenges fetching ...
[2025-06-17 22:23:03] Challenges fetched successfully for pascale!
[2025-06-17 22:23:03] Challenges fetching ...
[2025-06-17 22:23:03] Challenges fetched successfully for pascale!
[2025-06-17 22:23:03] Challenges fetching ...
[2025-06-17 22:23:03] Challenges fetched successfully for pascale!
[2025-06-17 22:23:04] Challenges fetching ...
[2025-06-17 22:23:04] Challenges fetched successfully for pascale!
[2025-06-17 22:23:04] Challenges fetching ...
[2025-06-17 22:23:04] Challenges fetched successfully for pascale!
[2025-06-17 22:23:13] Your Guilty Pleasures get vote panel
[2025-06-17 22:23:13] Filling challenges: {102564}
Filled Your Guilty Pleasures with strategy end4

[2025-06-17 22:23:13] Récupération des données de vote pour Your Guilty Pleasures (URL: your-guilty-pleasures2, HEADER:{'User-Agent': 'Mozilla/5.0 (X11; Linux i686; rv:39.0) Gecko/20100101 Firefox/39.0', 'x-api-version': '8', 'x-env': 'WEB', 'X-requested-with': 'XMLHttpRequest', 'X-token': 'f96bbe3a7e7f833329e7129767a69abbfa6dfce3152e3c2a311eb49d89b5c3bb2b12b66b402f03dce682b8b2b6a005cd'})
[2025-06-17 22:23:14] Récupération réussie: 200 images pour Your Guilty Pleasures
[2025-06-17 22:23:14] Voting fetching ...
[2025-06-17 22:23:14] Your Guilty Pleasures voting 35 images
[2025-06-17 22:23:17] Your Guilty Pleasures voting 35 images
[2025-06-17 22:23:17] Your Guilty Pleasures voted successfully
[2025-06-17 22:23:19] Your Guilty Pleasures voted successfully
[2025-06-17 22:23:22] Challenges fetching ...
[2025-06-17 22:23:22] Challenges fetched successfully for pascale!
[2025-06-17 22:23:23] Challenges fetching ...
[2025-06-17 22:23:23] Challenges fetched successfully for pascale!
[2025-06-17 22:23:32] Photo of the Week! get vote panel
[2025-06-17 22:23:32] Guru of The Week get vote panel
[2025-06-17 22:23:32] Facebook Limelight get vote panel
[2025-06-17 22:23:32] Filling challenges: {103027, 102539, 102853}
Filled Photo of the Week! with strategy end4
Filled Guru of The Week with strategy end4
Filled Facebook Limelight with strategy end4

[2025-06-17 22:23:32] Récupération des données de vote pour Photo of the Week! (URL: photo-of-the-week-301, HEADER:{'User-Agent': 'Mozilla/5.0 (X11; Linux i686; rv:39.0) Gecko/20100101 Firefox/39.0', 'x-api-version': '8', 'x-env': 'WEB', 'X-requested-with': 'XMLHttpRequest', 'X-token': 'f96bbe3a7e7f833329e7129767a69abbfa6dfce3152e3c2a311eb49d89b5c3bb2b12b66b402f03dce682b8b2b6a005cd'})
[2025-06-17 22:23:32] Récupération des données de vote pour Guru of The Week (URL: guru-of-the-week38, HEADER:{'User-Agent': 'Mozilla/5.0 (X11; Linux i686; rv:39.0) Gecko/20100101 Firefox/39.0', 'x-api-version': '8', 'x-env': 'WEB', 'X-requested-with': 'XMLHttpRequest', 'X-token': 'f96bbe3a7e7f833329e7129767a69abbfa6dfce3152e3c2a311eb49d89b5c3bb2b12b66b402f03dce682b8b2b6a005cd'})
[2025-06-17 22:23:32] Récupération des données de vote pour Facebook Limelight (URL: facebook-limelight71, HEADER:{'User-Agent': 'Mozilla/5.0 (X11; Linux i686; rv:39.0) Gecko/20100101 Firefox/39.0', 'x-api-version': '8', 'x-env': 'WEB', 'X-requested-with': 'XMLHttpRequest', 'X-token': 'f96bbe3a7e7f833329e7129767a69abbfa6dfce3152e3c2a311eb49d89b5c3bb2b12b66b402f03dce682b8b2b6a005cd'})
[2025-06-17 22:23:33] Récupération réussie: 200 images pour Photo of the Week!
[2025-06-17 22:23:33] Voting fetching ...
[2025-06-17 22:23:33] Photo of the Week! voting 35 images
[2025-06-17 22:23:36] Photo of the Week! voting 35 images
[2025-06-17 22:23:36] Récupération réussie: 200 images pour Guru of The Week
[2025-06-17 22:23:36] Voting fetching ...
[2025-06-17 22:23:36] Guru of The Week voting 35 images
[2025-06-17 22:23:39] Guru of The Week voting 35 images
[2025-06-17 22:23:39] Récupération réussie: 200 images pour Facebook Limelight
[2025-06-17 22:23:39] Voting fetching ...
[2025-06-17 22:23:39] Facebook Limelight voting 35 images
[2025-06-17 22:23:42] Facebook Limelight voting 35 images
[2025-06-17 22:23:43] Photo of the Week! voted successfully
[2025-06-17 22:23:45] Guru of The Week voted successfully
[2025-06-17 22:23:47] Guru of The Week voted successfully
[2025-06-17 22:23:49] Facebook Limelight voted successfully
[2025-06-17 22:23:51] Photo of the Week! voted successfully
[2025-06-17 22:23:53] Facebook Limelight voted successfully
[2025-06-17 22:23:56] Challenges fetching ...
[2025-06-17 22:23:56] Challenges fetched successfully for pascale!
[2025-06-17 22:23:56] Challenges fetching ...
[2025-06-17 22:23:56] Challenges fetched successfully for pascale!
[2025-06-17 22:23:56] Challenges fetching ...
[2025-06-17 22:23:56] Challenges fetched successfully for pascale!
[2025-06-17 22:23:56] Challenges fetching ...
[2025-06-17 22:23:56] Challenges fetched successfully for pascale!
[2025-06-17 22:23:56] Challenges fetching ...
[2025-06-17 22:23:56] Challenges fetched successfully for pascale!
[2025-06-17 22:23:56] Challenges fetching ...
[2025-06-17 22:23:56] Challenges fetched successfully for pascale!
[2025-06-17 22:24:12] Désélection de tous les challenges

[2025-06-17 22:24:19] Mostly Black get vote panel
[2025-06-17 22:24:19] Macro Wonders get vote panel
[2025-06-17 22:24:19] Solo - Single Subject get vote panel
[2025-06-17 22:24:19] Your Favorite Nature Shot get vote panel
[2025-06-17 22:24:19] Filling challenges: {103019, 102467, 102164, 102780}
Filled Mostly Black with strategy end4
Filled Macro Wonders with strategy end4
Filled Solo - Single Subject with strategy end4
Filled Your Favorite Nature Shot with strategy end4

[2025-06-17 22:24:19] Récupération des données de vote pour Mostly Black (URL: mostly-black16, HEADER:{'User-Agent': 'Mozilla/5.0 (X11; Linux i686; rv:39.0) Gecko/20100101 Firefox/39.0', 'x-api-version': '8', 'x-env': 'WEB', 'X-requested-with': 'XMLHttpRequest', 'X-token': 'f96bbe3a7e7f833329e7129767a69abbfa6dfce3152e3c2a311eb49d89b5c3bb2b12b66b402f03dce682b8b2b6a005cd'})
[2025-06-17 22:24:19] Récupération des données de vote pour Macro Wonders (URL: macro5, HEADER:{'User-Agent': 'Mozilla/5.0 (X11; Linux i686; rv:39.0) Gecko/20100101 Firefox/39.0', 'x-api-version': '8', 'x-env': 'WEB', 'X-requested-with': 'XMLHttpRequest', 'X-token': 'f96bbe3a7e7f833329e7129767a69abbfa6dfce3152e3c2a311eb49d89b5c3bb2b12b66b402f03dce682b8b2b6a005cd'})
[2025-06-17 22:24:19] Récupération des données de vote pour Solo - Single Subject (URL: solo-single-subject32, HEADER:{'User-Agent': 'Mozilla/5.0 (X11; Linux i686; rv:39.0) Gecko/20100101 Firefox/39.0', 'x-api-version': '8', 'x-env': 'WEB', 'X-requested-with': 'XMLHttpRequest', 'X-token': 'f96bbe3a7e7f833329e7129767a69abbfa6dfce3152e3c2a311eb49d89b5c3bb2b12b66b402f03dce682b8b2b6a005cd'})
[2025-06-17 22:24:19] Récupération des données de vote pour Your Favorite Nature Shot (URL: your-favorite-nature-shot3, HEADER:{'User-Agent': 'Mozilla/5.0 (X11; Linux i686; rv:39.0) Gecko/20100101 Firefox/39.0', 'x-api-version': '8', 'x-env': 'WEB', 'X-requested-with': 'XMLHttpRequest', 'X-token': 'f96bbe3a7e7f833329e7129767a69abbfa6dfce3152e3c2a311eb49d89b5c3bb2b12b66b402f03dce682b8b2b6a005cd'})
[2025-06-17 22:24:20] Récupération réussie: 200 images pour Mostly Black
[2025-06-17 22:24:20] Voting fetching ...
[2025-06-17 22:24:20] Mostly Black voting 35 images
[2025-06-17 22:24:23] Mostly Black voting 35 images
[2025-06-17 22:24:23] Récupération réussie: 200 images pour Solo - Single Subject
[2025-06-17 22:24:23] Voting fetching ...
[2025-06-17 22:24:23] Solo - Single Subject voting 35 images
[2025-06-17 22:24:26] Solo - Single Subject voting 35 images
[2025-06-17 22:24:26] Récupération réussie: 200 images pour Your Favorite Nature Shot
[2025-06-17 22:24:26] Voting fetching ...
[2025-06-17 22:24:26] Your Favorite Nature Shot voting 35 images
[2025-06-17 22:24:29] Your Favorite Nature Shot voting 35 images
[2025-06-17 22:24:29] Récupération réussie: 200 images pour Macro Wonders
[2025-06-17 22:24:29] Voting fetching ...
[2025-06-17 22:24:29] Macro Wonders voting 35 images
[2025-06-17 22:24:32] Macro Wonders voting 35 images
[2025-06-17 22:24:33] Mostly Black voted successfully
[2025-06-17 22:24:35] Macro Wonders voted successfully
[2025-06-17 22:24:37] Your Favorite Nature Shot voted successfully
[2025-06-17 22:24:39] Mostly Black voted successfully
[2025-06-17 22:24:41] Solo - Single Subject voted successfully
[2025-06-17 22:24:43] Your Favorite Nature Shot voted successfully
[2025-06-17 22:24:45] Solo - Single Subject voted successfully
[2025-06-17 22:24:47] Macro Wonders voted successfully
[2025-06-17 22:24:50] Challenges fetching ...
[2025-06-17 22:24:50] Challenges fetched successfully for pascale!
[2025-06-17 22:24:50] Challenges fetching ...
[2025-06-17 22:24:50] Challenges fetched successfully for pascale!
[2025-06-17 22:24:50] Challenges fetching ...
[2025-06-17 22:24:50] Challenges fetched successfully for pascale!
[2025-06-17 22:24:50] Challenges fetching ...
[2025-06-17 22:24:50] Challenges fetched successfully for pascale!
[2025-06-17 22:24:50] Challenges fetching ...
[2025-06-17 22:24:50] Challenges fetched successfully for pascale!
[2025-06-17 22:24:51] Challenges fetching ...
[2025-06-17 22:24:51] Challenges fetched successfully for pascale!
[2025-06-17 22:24:51] Challenges fetching ...
[2025-06-17 22:24:51] Challenges fetched successfully for pascale!
[2025-06-17 22:24:51] Challenges fetching ...
[2025-06-17 22:24:51] Challenges fetched successfully for pascale!
[2025-06-17 22:25:28] Fetching challenges...
[2025-06-17 22:25:29] Challenges fetching ...
[2025-06-17 22:25:29] Lancement automatique des stratégies de fin pour 6 nouveaux challenges...
[2025-06-17 22:25:29] Nouveau challenge détecté pour bruno: The Love of Sports
[2025-06-17 22:25:29] Nouveau challenge détecté pour bruno: 500 Guru's Picks
[2025-06-17 22:25:29] Nouveau challenge détecté pour bruno: Very Romantic
[2025-06-17 22:25:29] Nouveau challenge détecté pour bruno: Two wheels
[2025-06-17 22:25:29] Nouveau challenge détecté pour bruno: Blue And Green
[2025-06-17 22:25:29] Nouveau challenge détecté pour bruno: Dramatic Lighting
[2025-06-17 22:25:29] Challenges fetched successfully for bruno!
[2025-06-17 22:25:38] Two wheels get vote panel
[2025-06-17 22:25:38] 500 Guru's Picks get vote panel
[2025-06-17 22:25:38] The Love of Sports get vote panel
[2025-06-17 22:25:38] Filling challenges: {101664, 102473, 102568}
Filled Two wheels with strategy end4
Filled 500 Guru's Picks with strategy end4
Filled The Love of Sports with strategy end4

[2025-06-17 22:25:38] Récupération des données de vote pour Two wheels (URL: two-wheels27, HEADER:{'User-Agent': 'Mozilla/5.0 (X11; Linux i686; rv:39.0) Gecko/20100101 Firefox/39.0', 'x-api-version': '8', 'x-env': 'WEB', 'X-requested-with': 'XMLHttpRequest', 'X-token': 'a1cad95a6d480c14f51dd0eba4914c8337b893c789ec6278bb440c7c9a673b162f042470c62684e6da2bd342ffea7777'})
[2025-06-17 22:25:38] Récupération des données de vote pour 500 Guru's Picks (URL: 500-guru-s-picks79, HEADER:{'User-Agent': 'Mozilla/5.0 (X11; Linux i686; rv:39.0) Gecko/20100101 Firefox/39.0', 'x-api-version': '8', 'x-env': 'WEB', 'X-requested-with': 'XMLHttpRequest', 'X-token': 'a1cad95a6d480c14f51dd0eba4914c8337b893c789ec6278bb440c7c9a673b162f042470c62684e6da2bd342ffea7777'})
[2025-06-17 22:25:38] Récupération des données de vote pour The Love of Sports (URL: the-love-of-sports, HEADER:{'User-Agent': 'Mozilla/5.0 (X11; Linux i686; rv:39.0) Gecko/20100101 Firefox/39.0', 'x-api-version': '8', 'x-env': 'WEB', 'X-requested-with': 'XMLHttpRequest', 'X-token': 'a1cad95a6d480c14f51dd0eba4914c8337b893c789ec6278bb440c7c9a673b162f042470c62684e6da2bd342ffea7777'})
[2025-06-17 22:25:39] Récupération réussie: 200 images pour The Love of Sports
[2025-06-17 22:25:39] Voting fetching ...
[2025-06-17 22:25:39] The Love of Sports voting 35 images
[2025-06-17 22:25:42] The Love of Sports voting 35 images
[2025-06-17 22:25:42] Récupération réussie: 200 images pour Two wheels
[2025-06-17 22:25:42] Voting fetching ...
[2025-06-17 22:25:42] Two wheels voting 35 images
[2025-06-17 22:25:45] Two wheels voting 35 images
[2025-06-17 22:25:45] Récupération réussie: 200 images pour 500 Guru's Picks
[2025-06-17 22:25:45] Voting fetching ...
[2025-06-17 22:25:45] 500 Guru's Picks voting 35 images
[2025-06-17 22:25:48] 500 Guru's Picks voting 35 images
[2025-06-17 22:25:49] Two wheels voted successfully
[2025-06-17 22:25:51] The Love of Sports voted successfully
[2025-06-17 22:25:53] 500 Guru's Picks voted successfully
[2025-06-17 22:25:55] 500 Guru's Picks voted successfully
[2025-06-17 22:25:57] The Love of Sports voted successfully
[2025-06-17 22:25:59] Two wheels voted successfully
[2025-06-17 22:26:02] Challenges fetching ...
[2025-06-17 22:26:02] Challenges fetched successfully for bruno!
[2025-06-17 22:26:02] Challenges fetching ...
[2025-06-17 22:26:02] Challenges fetched successfully for bruno!
[2025-06-17 22:26:02] Challenges fetching ...
[2025-06-17 22:26:02] Challenges fetched successfully for bruno!
[2025-06-17 22:26:02] Challenges fetching ...
[2025-06-17 22:26:02] Challenges fetched successfully for bruno!
[2025-06-17 22:26:02] Challenges fetching ...
[2025-06-17 22:26:02] Challenges fetched successfully for bruno!
[2025-06-17 22:26:02] Challenges fetching ...
[2025-06-17 22:26:02] Challenges fetched successfully for bruno!
[2025-06-17 22:26:11] Very Romantic get vote panel
[2025-06-17 22:26:11] Dramatic Lighting get vote panel
[2025-06-17 22:26:11] Filling challenges: {102565, 101789}
Filled Very Romantic with strategy end4
Filled Dramatic Lighting with strategy end4

[2025-06-17 22:26:12] Récupération des données de vote pour Very Romantic (URL: very-romantic, HEADER:{'User-Agent': 'Mozilla/5.0 (X11; Linux i686; rv:39.0) Gecko/20100101 Firefox/39.0', 'x-api-version': '8', 'x-env': 'WEB', 'X-requested-with': 'XMLHttpRequest', 'X-token': 'a1cad95a6d480c14f51dd0eba4914c8337b893c789ec6278bb440c7c9a673b162f042470c62684e6da2bd342ffea7777'})
[2025-06-17 22:26:12] Récupération des données de vote pour Dramatic Lighting (URL: dramatic-lighting11, HEADER:{'User-Agent': 'Mozilla/5.0 (X11; Linux i686; rv:39.0) Gecko/20100101 Firefox/39.0', 'x-api-version': '8', 'x-env': 'WEB', 'X-requested-with': 'XMLHttpRequest', 'X-token': 'a1cad95a6d480c14f51dd0eba4914c8337b893c789ec6278bb440c7c9a673b162f042470c62684e6da2bd342ffea7777'})
[2025-06-17 22:26:12] Récupération réussie: 200 images pour Very Romantic
[2025-06-17 22:26:12] Voting fetching ...
[2025-06-17 22:26:12] Very Romantic voting 35 images
[2025-06-17 22:26:15] Very Romantic voting 35 images
[2025-06-17 22:26:15] Récupération réussie: 200 images pour Dramatic Lighting
[2025-06-17 22:26:15] Voting fetching ...
[2025-06-17 22:26:15] Dramatic Lighting voting 35 images
[2025-06-17 22:26:18] Dramatic Lighting voting 35 images
[2025-06-17 22:26:19] Very Romantic voted successfully
[2025-06-17 22:26:21] Dramatic Lighting voted successfully
[2025-06-17 22:26:23] Very Romantic voted successfully
[2025-06-17 22:26:25] Dramatic Lighting voted successfully
[2025-06-17 22:26:28] Challenges fetching ...
[2025-06-17 22:26:28] Challenges fetched successfully for bruno!
[2025-06-17 22:26:28] Challenges fetching ...
[2025-06-17 22:26:28] Challenges fetched successfully for bruno!
[2025-06-17 22:26:28] Challenges fetching ...
[2025-06-17 22:26:28] Challenges fetched successfully for bruno!
[2025-06-17 22:26:28] Challenges fetching ...
[2025-06-17 22:26:28] Challenges fetched successfully for bruno!
[2025-06-17 22:26:28] Processus suspect (format de date invalide): your-legacy45-vote-70-left-0H:4M (profil: bruno)
[2025-06-17 22:26:28] Processus supprimé pour bruno: your-legacy45-vote-70-left-0H:4M - zombie
[2025-06-17 22:26:28] Processus mis à jour pour bruno: your-legacy45-vote-70-left-0H:4M - zombie
[2025-06-17 22:26:28] Processus suspect (format de date invalide): your-legacy45-vote-35-left-0H:1M (profil: bruno)
[2025-06-17 22:26:28] Processus supprimé pour bruno: your-legacy45-vote-35-left-0H:1M - zombie
[2025-06-17 22:26:28] Processus mis à jour pour bruno: your-legacy45-vote-35-left-0H:1M - zombie
[2025-06-17 22:26:28] Processus suspect (format de date invalide): blacks-reds2-vote-35-left-0H:2M (profil: bruno)
[2025-06-17 22:26:28] Processus supprimé pour bruno: blacks-reds2-vote-35-left-0H:2M - zombie
[2025-06-17 22:26:28] Processus mis à jour pour bruno: blacks-reds2-vote-35-left-0H:2M - zombie
[2025-06-17 22:26:28] Processus suspect (format de date invalide): blue-and-green6-vote-35-left-0H:2M (profil: bruno)
[2025-06-17 22:26:28] Processus supprimé pour bruno: blue-and-green6-vote-35-left-0H:2M - zombie
[2025-06-17 22:26:28] Processus mis à jour pour bruno: blue-and-green6-vote-35-left-0H:2M - zombie
[2025-06-17 22:36:06] Refreshing challenges...
[2025-06-17 22:36:06] Fetching challenges...
[2025-06-17 22:36:07] Challenges fetching ...
[2025-06-17 22:36:07] Lancement automatique des stratégies de fin pour 7 nouveaux challenges...
[2025-06-17 22:36:07] Nouveau challenge détecté pour pascale: The Love of Sports
[2025-06-17 22:36:07] Nouveau challenge détecté pour pascale: Enormous
[2025-06-17 22:36:07] Nouveau challenge détecté pour pascale: Most Memorable
[2025-06-17 22:36:07] Nouveau challenge détecté pour pascale: In Flight
[2025-06-17 22:36:07] Nouveau challenge détecté pour pascale: Women In Portraits
[2025-06-17 22:36:07] Nouveau challenge détecté pour pascale: Very Romantic
[2025-06-17 22:36:07] Nouveau challenge détecté pour pascale: Splash
[2025-06-17 22:36:07] Challenges fetched successfully for pascale!
[2025-06-17 22:36:25] Very Romantic get vote panel
[2025-06-17 22:36:25] Women In Portraits get vote panel
[2025-06-17 22:36:25] The Love of Sports get vote panel
[2025-06-17 22:36:25] Most Memorable get vote panel
[2025-06-17 22:36:25] Enormous get vote panel
[2025-06-17 22:36:25] Filling challenges: {102565, 102566, 102568, 102572, 102576}
Filled Very Romantic with strategy end4
Filled Women In Portraits with strategy end4
Filled The Love of Sports with strategy end4
Filled Most Memorable with strategy end4
Filled Enormous with strategy end4

[2025-06-17 22:36:25] Récupération des données de vote pour Very Romantic (URL: very-romantic, HEADER:{'User-Agent': 'Mozilla/5.0 (X11; Linux i686; rv:39.0) Gecko/20100101 Firefox/39.0', 'x-api-version': '8', 'x-env': 'WEB', 'X-requested-with': 'XMLHttpRequest', 'X-token': 'f96bbe3a7e7f833329e7129767a69abbfa6dfce3152e3c2a311eb49d89b5c3bb2b12b66b402f03dce682b8b2b6a005cd'})
[2025-06-17 22:36:25] Récupération des données de vote pour Women In Portraits (URL: women-in-portraits1, HEADER:{'User-Agent': 'Mozilla/5.0 (X11; Linux i686; rv:39.0) Gecko/20100101 Firefox/39.0', 'x-api-version': '8', 'x-env': 'WEB', 'X-requested-with': 'XMLHttpRequest', 'X-token': 'f96bbe3a7e7f833329e7129767a69abbfa6dfce3152e3c2a311eb49d89b5c3bb2b12b66b402f03dce682b8b2b6a005cd'})
[2025-06-17 22:36:25] Récupération des données de vote pour The Love of Sports (URL: the-love-of-sports, HEADER:{'User-Agent': 'Mozilla/5.0 (X11; Linux i686; rv:39.0) Gecko/20100101 Firefox/39.0', 'x-api-version': '8', 'x-env': 'WEB', 'X-requested-with': 'XMLHttpRequest', 'X-token': 'f96bbe3a7e7f833329e7129767a69abbfa6dfce3152e3c2a311eb49d89b5c3bb2b12b66b402f03dce682b8b2b6a005cd'})
[2025-06-17 22:36:25] Récupération des données de vote pour Most Memorable (URL: most-memorable968, HEADER:{'User-Agent': 'Mozilla/5.0 (X11; Linux i686; rv:39.0) Gecko/20100101 Firefox/39.0', 'x-api-version': '8', 'x-env': 'WEB', 'X-requested-with': 'XMLHttpRequest', 'X-token': 'f96bbe3a7e7f833329e7129767a69abbfa6dfce3152e3c2a311eb49d89b5c3bb2b12b66b402f03dce682b8b2b6a005cd'})
[2025-06-17 22:36:25] Récupération des données de vote pour Enormous (URL: enormous24, HEADER:{'User-Agent': 'Mozilla/5.0 (X11; Linux i686; rv:39.0) Gecko/20100101 Firefox/39.0', 'x-api-version': '8', 'x-env': 'WEB', 'X-requested-with': 'XMLHttpRequest', 'X-token': 'f96bbe3a7e7f833329e7129767a69abbfa6dfce3152e3c2a311eb49d89b5c3bb2b12b66b402f03dce682b8b2b6a005cd'})
[2025-06-17 22:36:26] Récupération réussie: 200 images pour Very Romantic
[2025-06-17 22:36:26] Voting fetching ...
[2025-06-17 22:36:26] Very Romantic voting 35 images
[2025-06-17 22:36:29] Very Romantic voting 35 images
[2025-06-17 22:36:29] Récupération réussie: 200 images pour The Love of Sports
[2025-06-17 22:36:29] Voting fetching ...
[2025-06-17 22:36:29] The Love of Sports voting 35 images
[2025-06-17 22:36:32] The Love of Sports voting 35 images
[2025-06-17 22:36:32] Récupération réussie: 200 images pour Enormous
[2025-06-17 22:36:32] Voting fetching ...
[2025-06-17 22:36:32] Enormous voting 35 images
[2025-06-17 22:36:35] Enormous voting 35 images
[2025-06-17 22:36:35] Récupération réussie: 200 images pour Most Memorable
[2025-06-17 22:36:35] Voting fetching ...
[2025-06-17 22:36:35] Most Memorable voting 35 images
[2025-06-17 22:36:38] Most Memorable voting 35 images
[2025-06-17 22:36:38] Récupération réussie: 200 images pour Women In Portraits
[2025-06-17 22:36:38] Voting fetching ...
[2025-06-17 22:36:38] Women In Portraits voting 35 images
[2025-06-17 22:36:41] Women In Portraits voting 35 images
[2025-06-17 22:36:42] Very Romantic voted successfully
[2025-06-17 22:36:44] The Love of Sports voted successfully
[2025-06-17 22:36:46] Very Romantic voted successfully
[2025-06-17 22:36:48] Women In Portraits voted successfully
[2025-06-17 22:36:50] Women In Portraits voted successfully
[2025-06-17 22:36:52] The Love of Sports voted successfully
[2025-06-17 22:36:54] Enormous voted successfully
[2025-06-17 22:36:56] Most Memorable voted successfully
[2025-06-17 22:36:58] Enormous voted successfully
[2025-06-17 22:37:00] Most Memorable voted successfully
[2025-06-17 22:37:03] Challenges fetching ...
[2025-06-17 22:37:03] Challenges fetched successfully for pascale!
[2025-06-17 22:37:03] Challenges fetching ...
[2025-06-17 22:37:03] Challenges fetched successfully for pascale!
[2025-06-17 22:37:03] Challenges fetching ...
[2025-06-17 22:37:03] Challenges fetched successfully for pascale!
[2025-06-17 22:37:04] Challenges fetching ...
[2025-06-17 22:37:04] Challenges fetched successfully for pascale!
[2025-06-17 22:37:04] Challenges fetching ...
[2025-06-17 22:37:04] Challenges fetched successfully for pascale!
[2025-06-17 22:37:04] Challenges fetching ...
[2025-06-17 22:37:04] Challenges fetched successfully for pascale!
[2025-06-17 22:37:04] Challenges fetching ...
[2025-06-17 22:37:04] Challenges fetched successfully for pascale!
[2025-06-17 22:37:04] Challenges fetching ...
[2025-06-17 22:37:04] Challenges fetched successfully for pascale!
[2025-06-17 22:37:04] Challenges fetching ...
[2025-06-17 22:37:04] Challenges fetched successfully for pascale!
[2025-06-17 22:37:06] Challenges fetching ...
[2025-06-17 22:37:06] Challenges fetched successfully for pascale!
[2025-06-17 22:37:20] Women In Portraits get vote panel
[2025-06-17 22:37:20] Most Memorable get vote panel
[2025-06-17 22:37:20] Enormous get vote panel
[2025-06-17 22:37:20] Filling challenges: {102566, 102572, 102576}
Filled Women In Portraits with strategy end4
Filled Most Memorable with strategy end4
Filled Enormous with strategy end4

[2025-06-17 22:37:20] Récupération des données de vote pour Women In Portraits (URL: women-in-portraits1, HEADER:{'User-Agent': 'Mozilla/5.0 (X11; Linux i686; rv:39.0) Gecko/20100101 Firefox/39.0', 'x-api-version': '8', 'x-env': 'WEB', 'X-requested-with': 'XMLHttpRequest', 'X-token': 'f96bbe3a7e7f833329e7129767a69abbfa6dfce3152e3c2a311eb49d89b5c3bb2b12b66b402f03dce682b8b2b6a005cd'})
[2025-06-17 22:37:20] Récupération des données de vote pour Most Memorable (URL: most-memorable968, HEADER:{'User-Agent': 'Mozilla/5.0 (X11; Linux i686; rv:39.0) Gecko/20100101 Firefox/39.0', 'x-api-version': '8', 'x-env': 'WEB', 'X-requested-with': 'XMLHttpRequest', 'X-token': 'f96bbe3a7e7f833329e7129767a69abbfa6dfce3152e3c2a311eb49d89b5c3bb2b12b66b402f03dce682b8b2b6a005cd'})
[2025-06-17 22:37:20] Récupération des données de vote pour Enormous (URL: enormous24, HEADER:{'User-Agent': 'Mozilla/5.0 (X11; Linux i686; rv:39.0) Gecko/20100101 Firefox/39.0', 'x-api-version': '8', 'x-env': 'WEB', 'X-requested-with': 'XMLHttpRequest', 'X-token': 'f96bbe3a7e7f833329e7129767a69abbfa6dfce3152e3c2a311eb49d89b5c3bb2b12b66b402f03dce682b8b2b6a005cd'})
[2025-06-17 22:37:21] Récupération réussie: 200 images pour Enormous
[2025-06-17 22:37:21] Voting fetching ...
[2025-06-17 22:37:21] Enormous voting 35 images
[2025-06-17 22:37:24] Enormous voting 35 images
[2025-06-17 22:37:24] Récupération réussie: 200 images pour Most Memorable
[2025-06-17 22:37:24] Voting fetching ...
[2025-06-17 22:37:24] Most Memorable voting 35 images
[2025-06-17 22:37:27] Most Memorable voting 35 images
[2025-06-17 22:37:27] Récupération réussie: 200 images pour Women In Portraits
[2025-06-17 22:37:27] Voting fetching ...
[2025-06-17 22:37:27] Women In Portraits voting 35 images
[2025-06-17 22:37:30] Women In Portraits voting 35 images
[2025-06-17 22:37:31] Most Memorable voted successfully
[2025-06-17 22:37:33] Women In Portraits voted successfully
[2025-06-17 22:37:35] Most Memorable voted successfully
[2025-06-17 22:37:37] Enormous voted successfully
[2025-06-17 22:37:39] Women In Portraits voted successfully
[2025-06-17 22:37:41] Enormous voted successfully
[2025-06-17 22:37:44] Challenges fetching ...
[2025-06-17 22:37:44] Challenges fetched successfully for pascale!
[2025-06-17 22:37:44] Challenges fetching ...
[2025-06-17 22:37:44] Challenges fetched successfully for pascale!
[2025-06-17 22:37:44] Challenges fetching ...
[2025-06-17 22:37:45] Challenges fetched successfully for pascale!
[2025-06-17 22:37:45] Challenges fetching ...
[2025-06-17 22:37:45] Challenges fetched successfully for pascale!
[2025-06-17 22:37:45] Challenges fetching ...
[2025-06-17 22:37:45] Challenges fetched successfully for pascale!
[2025-06-17 22:37:45] Challenges fetching ...
[2025-06-17 22:37:45] Challenges fetched successfully for pascale!
[2025-06-17 22:38:04] Women In Portraits get vote panel
[2025-06-17 22:38:04] Splash get vote panel
[2025-06-17 22:38:04] In Flight get vote panel
[2025-06-17 22:38:04] Obstructed View get vote panel
[2025-06-17 22:38:04] Filling challenges: {102566, 102570, 102583, 102553}
Filled Women In Portraits with strategy end4
Filled Splash with strategy end4
Filled In Flight with strategy end4
Filled Obstructed View with strategy end4

[2025-06-17 22:38:04] Récupération des données de vote pour Women In Portraits (URL: women-in-portraits1, HEADER:{'User-Agent': 'Mozilla/5.0 (X11; Linux i686; rv:39.0) Gecko/20100101 Firefox/39.0', 'x-api-version': '8', 'x-env': 'WEB', 'X-requested-with': 'XMLHttpRequest', 'X-token': 'f96bbe3a7e7f833329e7129767a69abbfa6dfce3152e3c2a311eb49d89b5c3bb2b12b66b402f03dce682b8b2b6a005cd'})
[2025-06-17 22:38:04] Récupération des données de vote pour Splash (URL: splash26, HEADER:{'User-Agent': 'Mozilla/5.0 (X11; Linux i686; rv:39.0) Gecko/20100101 Firefox/39.0', 'x-api-version': '8', 'x-env': 'WEB', 'X-requested-with': 'XMLHttpRequest', 'X-token': 'f96bbe3a7e7f833329e7129767a69abbfa6dfce3152e3c2a311eb49d89b5c3bb2b12b66b402f03dce682b8b2b6a005cd'})
[2025-06-17 22:38:04] Récupération des données de vote pour In Flight (URL: in-flight27, HEADER:{'User-Agent': 'Mozilla/5.0 (X11; Linux i686; rv:39.0) Gecko/20100101 Firefox/39.0', 'x-api-version': '8', 'x-env': 'WEB', 'X-requested-with': 'XMLHttpRequest', 'X-token': 'f96bbe3a7e7f833329e7129767a69abbfa6dfce3152e3c2a311eb49d89b5c3bb2b12b66b402f03dce682b8b2b6a005cd'})
[2025-06-17 22:38:04] Récupération des données de vote pour Obstructed View (URL: obstructed-view29, HEADER:{'User-Agent': 'Mozilla/5.0 (X11; Linux i686; rv:39.0) Gecko/20100101 Firefox/39.0', 'x-api-version': '8', 'x-env': 'WEB', 'X-requested-with': 'XMLHttpRequest', 'X-token': 'f96bbe3a7e7f833329e7129767a69abbfa6dfce3152e3c2a311eb49d89b5c3bb2b12b66b402f03dce682b8b2b6a005cd'})
[2025-06-17 22:38:05] Récupération réussie: 200 images pour Splash
[2025-06-17 22:38:05] Voting fetching ...
[2025-06-17 22:38:05] Splash voting 35 images
[2025-06-17 22:38:08] Splash voting 35 images
[2025-06-17 22:38:08] Récupération réussie: 200 images pour Obstructed View
[2025-06-17 22:38:08] Voting fetching ...
[2025-06-17 22:38:08] Obstructed View voting 35 images
[2025-06-17 22:38:11] Obstructed View voting 35 images
[2025-06-17 22:38:11] Récupération réussie: 200 images pour Women In Portraits
[2025-06-17 22:38:11] Voting fetching ...
[2025-06-17 22:38:11] Women In Portraits voting 35 images
[2025-06-17 22:38:14] Women In Portraits voting 35 images
[2025-06-17 22:38:14] Récupération réussie: 200 images pour In Flight
[2025-06-17 22:38:14] Voting fetching ...
[2025-06-17 22:38:14] In Flight voting 35 images
[2025-06-17 22:38:17] In Flight voting 35 images
[2025-06-17 22:38:18] Splash voted successfully
[2025-06-17 22:38:20] Splash voted successfully
[2025-06-17 22:38:22] Women In Portraits voted successfully
[2025-06-17 22:38:24] In Flight voted successfully
[2025-06-17 22:38:26] Obstructed View voted successfully
[2025-06-17 22:38:28] In Flight voted successfully
[2025-06-17 22:38:30] Women In Portraits voted successfully
[2025-06-17 22:38:32] Obstructed View voted successfully
[2025-06-17 22:38:35] Challenges fetching ...
[2025-06-17 22:38:35] Challenges fetched successfully for pascale!
[2025-06-17 22:38:35] Challenges fetching ...
[2025-06-17 22:38:35] Challenges fetched successfully for pascale!
[2025-06-17 22:38:36] Challenges fetching ...
[2025-06-17 22:38:36] Challenges fetched successfully for pascale!
[2025-06-17 22:38:36] Challenges fetching ...
[2025-06-17 22:38:36] Challenges fetched successfully for pascale!
[2025-06-17 22:38:36] Challenges fetching ...
[2025-06-17 22:38:36] Challenges fetched successfully for pascale!
[2025-06-17 22:38:36] Challenges fetching ...
[2025-06-17 22:38:36] Challenges fetched successfully for pascale!
[2025-06-17 22:38:36] Challenges fetching ...
[2025-06-17 22:38:36] Challenges fetched successfully for pascale!
[2025-06-17 22:38:36] Challenges fetching ...
[2025-06-17 22:38:36] Challenges fetched successfully for pascale!
