[2025-06-11 09:59:08] Stratégie chargée depuis gsgui.ini pour bruno/Best of Black & White: end4
[2025-06-11 09:59:08] Désélection de tous les challenges

[2025-06-11 09:59:10] Refreshing challenges...
[2025-06-11 09:59:10] Fetching challenges...
[2025-06-11 09:59:11] Challenges fetching ...
[2025-06-11 09:59:11] Stratégie chargée depuis gsgui.ini pour bruno/Best of Black & White: end4
[2025-06-11 09:59:11] Lancement automatique des stratégies de fin pour 1 nouveaux challenges...
[2025-06-11 09:59:11] Nouveau challenge détecté pour bruno: Starting with C
[2025-06-11 09:59:11] Challenges fetched successfully for bruno!
[2025-06-11 09:59:11] Stratégie chargée depuis gsgui.ini pour bruno/Best of Black & White: end4
[2025-06-11 09:59:17] Starting with C get vote panel
[2025-06-11 09:59:17] Filling challenges: {102787}
Filled Starting with C with strategy end4

[2025-06-11 09:59:17] Stratégie chargée depuis gsgui.ini pour bruno/Best of Black & White: end4
[2025-06-11 09:59:17] Récupération des données de vote pour Starting with C (URL: starting-with-c193, HEADER:{'User-Agent': 'Mozilla/5.0 (X11; Linux i686; rv:39.0) Gecko/20100101 Firefox/39.0', 'x-api-version': '8', 'x-env': 'WEB', 'X-requested-with': 'XMLHttpRequest', 'X-token': 'a1cad95a6d480c14f51dd0eba4914c8337b893c789ec6278bb440c7c9a673b162f042470c62684e6da2bd342ffea7777'})
[2025-06-11 09:59:17] Récupération réussie: 20 images pour Starting with C
[2025-06-11 09:59:17] Voting fetching ...
[2025-06-11 09:59:17] Starting with C voting 20 images
[2025-06-11 09:59:18] Stratégie chargée depuis gsgui.ini pour bruno/Best of Black & White: end4
[2025-06-11 09:59:21] Starting with C voting 20 images
[2025-06-11 09:59:21] Stratégie chargée depuis gsgui.ini pour bruno/Best of Black & White: end4
[2025-06-11 09:59:21] Starting with C voted successfully
[2025-06-11 09:59:23] Starting with C voted successfully
[2025-06-11 09:59:26] Challenges fetching ...
[2025-06-11 09:59:26] Stratégie chargée depuis gsgui.ini pour bruno/Best of Black & White: end4
[2025-06-11 09:59:26] Challenges fetched successfully for bruno!
[2025-06-11 09:59:26] Stratégie chargée depuis gsgui.ini pour bruno/Best of Black & White: end4
[2025-06-11 09:59:26] Challenges fetching ...
[2025-06-11 09:59:26] Stratégie chargée depuis gsgui.ini pour bruno/Best of Black & White: end4
[2025-06-11 09:59:26] Challenges fetched successfully for bruno!
[2025-06-11 09:59:26] Stratégie chargée depuis gsgui.ini pour bruno/Best of Black & White: end4
[2025-06-11 09:59:42] Stratégie chargée depuis gsgui.ini pour bruno/Best of Black & White: end4
[2025-06-11 09:59:42] Sélection de tous les challenges

[2025-06-11 09:59:47] Stratégie chargée depuis gsgui.ini pour bruno/Best of Black & White: end4
[2025-06-11 09:59:47] Désélection de tous les challenges

[2025-06-11 10:00:05] Starting with C get vote panel
[2025-06-11 10:00:05] Filling challenges: {102787}
Filled Starting with C with strategy end4

[2025-06-11 10:00:05] Stratégie chargée depuis gsgui.ini pour bruno/Best of Black & White: end4
[2025-06-11 10:00:05] Récupération des données de vote pour Starting with C (URL: starting-with-c193, HEADER:{'User-Agent': 'Mozilla/5.0 (X11; Linux i686; rv:39.0) Gecko/20100101 Firefox/39.0', 'x-api-version': '8', 'x-env': 'WEB', 'X-requested-with': 'XMLHttpRequest', 'X-token': 'a1cad95a6d480c14f51dd0eba4914c8337b893c789ec6278bb440c7c9a673b162f042470c62684e6da2bd342ffea7777'})
[2025-06-11 10:00:06] Récupération réussie: 20 images pour Starting with C
[2025-06-11 10:00:06] Voting fetching ...
[2025-06-11 10:00:06] Starting with C voting 20 images
[2025-06-11 10:00:06] Stratégie chargée depuis gsgui.ini pour bruno/Best of Black & White: end4
[2025-06-11 10:00:09] Starting with C voting 20 images
[2025-06-11 10:00:09] Stratégie chargée depuis gsgui.ini pour bruno/Best of Black & White: end4
[2025-06-11 10:00:09] Starting with C voted successfully
[2025-06-11 10:00:11] Starting with C voted successfully
[2025-06-11 10:00:14] Challenges fetching ...
[2025-06-11 10:00:14] Stratégie chargée depuis gsgui.ini pour bruno/Best of Black & White: end4
[2025-06-11 10:00:14] Challenges fetched successfully for bruno!
[2025-06-11 10:00:14] Stratégie chargée depuis gsgui.ini pour bruno/Best of Black & White: end4
[2025-06-11 10:00:14] Challenges fetching ...
[2025-06-11 10:00:14] Stratégie chargée depuis gsgui.ini pour bruno/Best of Black & White: end4
[2025-06-11 10:00:14] Challenges fetched successfully for bruno!
[2025-06-11 10:00:14] Stratégie chargée depuis gsgui.ini pour bruno/Best of Black & White: end4
[2025-06-11 10:09:25] Refreshing challenges...
[2025-06-11 10:09:25] Fetching challenges...
[2025-06-11 10:09:26] Challenges fetching ...
[2025-06-11 10:09:26] Stratégie chargée depuis gsgui.ini pour bruno/Best of Black & White: end4
[2025-06-11 10:09:26] Lancement automatique des stratégies de fin pour 6 nouveaux challenges...
[2025-06-11 10:09:26] Nouveau challenge détecté pour bruno: Puppies
[2025-06-11 10:09:26] Nouveau challenge détecté pour bruno: Perfectly Symmetrical
[2025-06-11 10:09:26] Nouveau challenge détecté pour bruno: Architectural Curves
[2025-06-11 10:09:26] Nouveau challenge détecté pour bruno: Mud, Dust and Dirt!
[2025-06-11 10:09:26] Nouveau challenge détecté pour bruno: Green Everywhere
[2025-06-11 10:09:26] Nouveau challenge détecté pour bruno: To Be Young
[2025-06-11 10:09:26] Challenges fetched successfully for bruno!
[2025-06-11 10:09:26] Stratégie chargée depuis gsgui.ini pour bruno/Best of Black & White: end4
[2025-06-11 10:10:26] To Be Young get vote panel
[2025-06-11 10:10:26] Starting with C get vote panel
[2025-06-11 10:10:26] Mud, Dust and Dirt! get vote panel
[2025-06-11 10:10:26] Best of Black & White get vote panel
[2025-06-11 10:10:26] Green Everywhere get vote panel
[2025-06-11 10:10:26] Things Starting With ‘W’ get vote panel
[2025-06-11 10:10:26] Your Photography Goal get vote panel
[2025-06-11 10:10:26] Perfectly Symmetrical get vote panel
[2025-06-11 10:10:26] Puppies get vote panel
[2025-06-11 10:10:26] Filling challenges: {101600, 102787, 101669, 101222, 101639, 101645, 101650, 101651, 101656}
Filled To Be Young with strategy end4
Filled Starting with C with strategy end4
Filled Mud, Dust and Dirt! with strategy end4
Filled Best of Black & White with strategy end4
Filled Green Everywhere with strategy end4
Filled Things Starting With ‘W’ with strategy end4
Filled Your Photography Goal with strategy end4
Filled Perfectly Symmetrical with strategy end4
Filled Puppies with strategy end4

[2025-06-11 10:10:26] Stratégie chargée depuis gsgui.ini pour bruno/Best of Black & White: end4
[2025-06-11 10:10:26] Récupération des données de vote pour To Be Young (URL: blooming-youth, HEADER:{'User-Agent': 'Mozilla/5.0 (X11; Linux i686; rv:39.0) Gecko/20100101 Firefox/39.0', 'x-api-version': '8', 'x-env': 'WEB', 'X-requested-with': 'XMLHttpRequest', 'X-token': 'a1cad95a6d480c14f51dd0eba4914c8337b893c789ec6278bb440c7c9a673b162f042470c62684e6da2bd342ffea7777'})
[2025-06-11 10:10:26] Récupération des données de vote pour Starting with C (URL: starting-with-c193, HEADER:{'User-Agent': 'Mozilla/5.0 (X11; Linux i686; rv:39.0) Gecko/20100101 Firefox/39.0', 'x-api-version': '8', 'x-env': 'WEB', 'X-requested-with': 'XMLHttpRequest', 'X-token': 'a1cad95a6d480c14f51dd0eba4914c8337b893c789ec6278bb440c7c9a673b162f042470c62684e6da2bd342ffea7777'})
[2025-06-11 10:10:26] Récupération des données de vote pour Mud, Dust and Dirt! (URL: mud-dust-and-dirt-23, HEADER:{'User-Agent': 'Mozilla/5.0 (X11; Linux i686; rv:39.0) Gecko/20100101 Firefox/39.0', 'x-api-version': '8', 'x-env': 'WEB', 'X-requested-with': 'XMLHttpRequest', 'X-token': 'a1cad95a6d480c14f51dd0eba4914c8337b893c789ec6278bb440c7c9a673b162f042470c62684e6da2bd342ffea7777'})
[2025-06-11 10:10:26] Récupération des données de vote pour Best of Black & White (URL: best-of-black-white29, HEADER:{'User-Agent': 'Mozilla/5.0 (X11; Linux i686; rv:39.0) Gecko/20100101 Firefox/39.0', 'x-api-version': '8', 'x-env': 'WEB', 'X-requested-with': 'XMLHttpRequest', 'X-token': 'a1cad95a6d480c14f51dd0eba4914c8337b893c789ec6278bb440c7c9a673b162f042470c62684e6da2bd342ffea7777'})
[2025-06-11 10:10:26] Récupération des données de vote pour Green Everywhere (URL: green-everywhere, HEADER:{'User-Agent': 'Mozilla/5.0 (X11; Linux i686; rv:39.0) Gecko/20100101 Firefox/39.0', 'x-api-version': '8', 'x-env': 'WEB', 'X-requested-with': 'XMLHttpRequest', 'X-token': 'a1cad95a6d480c14f51dd0eba4914c8337b893c789ec6278bb440c7c9a673b162f042470c62684e6da2bd342ffea7777'})
[2025-06-11 10:10:26] Récupération des données de vote pour Things Starting With ‘W’ (URL: things-starting-with-w-, HEADER:{'User-Agent': 'Mozilla/5.0 (X11; Linux i686; rv:39.0) Gecko/20100101 Firefox/39.0', 'x-api-version': '8', 'x-env': 'WEB', 'X-requested-with': 'XMLHttpRequest', 'X-token': 'a1cad95a6d480c14f51dd0eba4914c8337b893c789ec6278bb440c7c9a673b162f042470c62684e6da2bd342ffea7777'})
[2025-06-11 10:10:26] Récupération des données de vote pour Your Photography Goal (URL: your-photography-goal32, HEADER:{'User-Agent': 'Mozilla/5.0 (X11; Linux i686; rv:39.0) Gecko/20100101 Firefox/39.0', 'x-api-version': '8', 'x-env': 'WEB', 'X-requested-with': 'XMLHttpRequest', 'X-token': 'a1cad95a6d480c14f51dd0eba4914c8337b893c789ec6278bb440c7c9a673b162f042470c62684e6da2bd342ffea7777'})
[2025-06-11 10:10:26] Récupération des données de vote pour Perfectly Symmetrical (URL: perfectly-symmetrical, HEADER:{'User-Agent': 'Mozilla/5.0 (X11; Linux i686; rv:39.0) Gecko/20100101 Firefox/39.0', 'x-api-version': '8', 'x-env': 'WEB', 'X-requested-with': 'XMLHttpRequest', 'X-token': 'a1cad95a6d480c14f51dd0eba4914c8337b893c789ec6278bb440c7c9a673b162f042470c62684e6da2bd342ffea7777'})
[2025-06-11 10:10:26] Récupération des données de vote pour Puppies (URL: puppies8, HEADER:{'User-Agent': 'Mozilla/5.0 (X11; Linux i686; rv:39.0) Gecko/20100101 Firefox/39.0', 'x-api-version': '8', 'x-env': 'WEB', 'X-requested-with': 'XMLHttpRequest', 'X-token': 'a1cad95a6d480c14f51dd0eba4914c8337b893c789ec6278bb440c7c9a673b162f042470c62684e6da2bd342ffea7777'})
[2025-06-11 10:10:27] Récupération réussie: 20 images pour Starting with C
[2025-06-11 10:10:27] Voting fetching ...
[2025-06-11 10:10:27] Starting with C voting 20 images
[2025-06-11 10:10:27] Stratégie chargée depuis gsgui.ini pour bruno/Best of Black & White: end4
[2025-06-11 10:10:30] Starting with C voting 20 images
[2025-06-11 10:10:30] Stratégie chargée depuis gsgui.ini pour bruno/Best of Black & White: end4
[2025-06-11 10:10:30] Récupération réussie: 200 images pour Mud, Dust and Dirt!
[2025-06-11 10:10:30] Voting fetching ...
[2025-06-11 10:10:30] Mud, Dust and Dirt! voting 35 images
[2025-06-11 10:10:30] Stratégie chargée depuis gsgui.ini pour bruno/Best of Black & White: end4
[2025-06-11 10:10:33] Mud, Dust and Dirt! voting 35 images
[2025-06-11 10:10:33] Stratégie chargée depuis gsgui.ini pour bruno/Best of Black & White: end4
[2025-06-11 10:10:33] Récupération réussie: 200 images pour Green Everywhere
[2025-06-11 10:10:33] Voting fetching ...
[2025-06-11 10:10:33] Green Everywhere voting 35 images
[2025-06-11 10:10:33] Stratégie chargée depuis gsgui.ini pour bruno/Best of Black & White: end4
[2025-06-11 10:10:36] Green Everywhere voting 35 images
[2025-06-11 10:10:36] Stratégie chargée depuis gsgui.ini pour bruno/Best of Black & White: end4
[2025-06-11 10:10:36] Récupération réussie: 200 images pour To Be Young
[2025-06-11 10:10:36] Voting fetching ...
[2025-06-11 10:10:36] To Be Young voting 35 images
[2025-06-11 10:10:36] Stratégie chargée depuis gsgui.ini pour bruno/Best of Black & White: end4
[2025-06-11 10:10:39] To Be Young voting 35 images
[2025-06-11 10:10:39] Stratégie chargée depuis gsgui.ini pour bruno/Best of Black & White: end4
[2025-06-11 10:10:39] Récupération réussie: 200 images pour Puppies
[2025-06-11 10:10:39] Voting fetching ...
[2025-06-11 10:10:39] Puppies voting 35 images
[2025-06-11 10:10:39] Stratégie chargée depuis gsgui.ini pour bruno/Best of Black & White: end4
[2025-06-11 10:10:42] Puppies voting 35 images
[2025-06-11 10:10:42] Stratégie chargée depuis gsgui.ini pour bruno/Best of Black & White: end4
[2025-06-11 10:10:42] Récupération réussie: 200 images pour Perfectly Symmetrical
[2025-06-11 10:10:42] Voting fetching ...
[2025-06-11 10:10:42] Perfectly Symmetrical voting 35 images
[2025-06-11 10:10:42] Stratégie chargée depuis gsgui.ini pour bruno/Best of Black & White: end4
[2025-06-11 10:10:45] Perfectly Symmetrical voting 35 images
[2025-06-11 10:10:45] Stratégie chargée depuis gsgui.ini pour bruno/Best of Black & White: end4
[2025-06-11 10:10:45] Récupération réussie: 200 images pour Things Starting With ‘W’
[2025-06-11 10:10:45] Voting fetching ...
[2025-06-11 10:10:45] Things Starting With ‘W’ voting 35 images
[2025-06-11 10:10:45] Stratégie chargée depuis gsgui.ini pour bruno/Best of Black & White: end4
[2025-06-11 10:10:48] Things Starting With ‘W’ voting 35 images
[2025-06-11 10:10:48] Stratégie chargée depuis gsgui.ini pour bruno/Best of Black & White: end4
[2025-06-11 10:10:48] Récupération réussie: 200 images pour Your Photography Goal
[2025-06-11 10:10:48] Voting fetching ...
[2025-06-11 10:10:48] Your Photography Goal voting 35 images
[2025-06-11 10:10:48] Stratégie chargée depuis gsgui.ini pour bruno/Best of Black & White: end4
[2025-06-11 10:10:52] Your Photography Goal voting 35 images
[2025-06-11 10:10:52] Stratégie chargée depuis gsgui.ini pour bruno/Best of Black & White: end4
[2025-06-11 10:10:52] Récupération réussie: 200 images pour Best of Black & White
[2025-06-11 10:10:52] Voting fetching ...
[2025-06-11 10:10:52] Best of Black & White voting 35 images
[2025-06-11 10:10:52] Stratégie chargée depuis gsgui.ini pour bruno/Best of Black & White: end4
[2025-06-11 10:10:55] Best of Black & White voting 35 images
[2025-06-11 10:10:55] Stratégie chargée depuis gsgui.ini pour bruno/Best of Black & White: end4
[2025-06-11 10:10:55] Starting with C voted successfully
[2025-06-11 10:10:57] Starting with C voted successfully
[2025-06-11 10:10:59] To Be Young voted successfully
[2025-06-11 10:11:01] Mud, Dust and Dirt! voted successfully
[2025-06-11 10:11:03] Mud, Dust and Dirt! voted successfully
[2025-06-11 10:11:05] To Be Young voted successfully
[2025-06-11 10:11:07] Best of Black & White voted successfully
[2025-06-11 10:11:09] Best of Black & White voted successfully
[2025-06-11 10:11:11] Things Starting With ‘W’ voted successfully
[2025-06-11 10:11:13] Perfectly Symmetrical voted successfully
[2025-06-11 10:11:15] Puppies voted successfully
[2025-06-11 10:11:17] Green Everywhere voted successfully
[2025-06-11 10:11:19] Things Starting With ‘W’ voted successfully
[2025-06-11 10:11:21] Puppies voted successfully
[2025-06-11 10:11:23] Perfectly Symmetrical voted successfully
[2025-06-11 10:11:25] Your Photography Goal voted successfully
[2025-06-11 10:11:27] Your Photography Goal voted successfully
[2025-06-11 10:11:29] Green Everywhere voted successfully
[2025-06-11 10:11:33] Challenges fetching ...
[2025-06-11 10:11:33] Stratégie chargée depuis gsgui.ini pour bruno/Best of Black & White: end4
[2025-06-11 10:11:33] Challenges fetched successfully for bruno!
[2025-06-11 10:11:33] Stratégie chargée depuis gsgui.ini pour bruno/Best of Black & White: end4
[2025-06-11 10:11:33] Challenges fetching ...
[2025-06-11 10:11:33] Stratégie chargée depuis gsgui.ini pour bruno/Best of Black & White: end4
[2025-06-11 10:11:33] Challenges fetched successfully for bruno!
[2025-06-11 10:11:33] Stratégie chargée depuis gsgui.ini pour bruno/Best of Black & White: end4
[2025-06-11 10:11:33] Challenges fetching ...
[2025-06-11 10:11:33] Stratégie chargée depuis gsgui.ini pour bruno/Best of Black & White: end4
[2025-06-11 10:11:33] Challenges fetched successfully for bruno!
[2025-06-11 10:11:33] Stratégie chargée depuis gsgui.ini pour bruno/Best of Black & White: end4
[2025-06-11 10:11:33] Challenges fetching ...
[2025-06-11 10:11:33] Stratégie chargée depuis gsgui.ini pour bruno/Best of Black & White: end4
[2025-06-11 10:11:33] Challenges fetched successfully for bruno!
[2025-06-11 10:11:33] Stratégie chargée depuis gsgui.ini pour bruno/Best of Black & White: end4
[2025-06-11 10:11:33] Challenges fetching ...
[2025-06-11 10:11:33] Stratégie chargée depuis gsgui.ini pour bruno/Best of Black & White: end4
[2025-06-11 10:11:33] Challenges fetched successfully for bruno!
[2025-06-11 10:11:33] Stratégie chargée depuis gsgui.ini pour bruno/Best of Black & White: end4
[2025-06-11 10:11:33] Challenges fetching ...
[2025-06-11 10:11:33] Stratégie chargée depuis gsgui.ini pour bruno/Best of Black & White: end4
[2025-06-11 10:11:33] Challenges fetched successfully for bruno!
[2025-06-11 10:11:33] Stratégie chargée depuis gsgui.ini pour bruno/Best of Black & White: end4
[2025-06-11 10:11:33] Challenges fetching ...
[2025-06-11 10:11:33] Stratégie chargée depuis gsgui.ini pour bruno/Best of Black & White: end4
[2025-06-11 10:11:33] Challenges fetched successfully for bruno!
[2025-06-11 10:11:33] Stratégie chargée depuis gsgui.ini pour bruno/Best of Black & White: end4
[2025-06-11 10:11:33] Challenges fetching ...
[2025-06-11 10:11:33] Stratégie chargée depuis gsgui.ini pour bruno/Best of Black & White: end4
[2025-06-11 10:11:33] Challenges fetched successfully for bruno!
[2025-06-11 10:11:33] Stratégie chargée depuis gsgui.ini pour bruno/Best of Black & White: end4
[2025-06-11 10:11:33] Challenges fetching ...
[2025-06-11 10:11:33] Stratégie chargée depuis gsgui.ini pour bruno/Best of Black & White: end4
[2025-06-11 10:11:33] Challenges fetched successfully for bruno!
[2025-06-11 10:11:33] Stratégie chargée depuis gsgui.ini pour bruno/Best of Black & White: end4
[2025-06-11 10:11:33] Challenges fetching ...
[2025-06-11 10:11:33] Stratégie chargée depuis gsgui.ini pour bruno/Best of Black & White: end4
[2025-06-11 10:11:33] Challenges fetched successfully for bruno!
[2025-06-11 10:11:33] Stratégie chargée depuis gsgui.ini pour bruno/Best of Black & White: end4
[2025-06-11 10:11:33] Challenges fetching ...
[2025-06-11 10:11:33] Stratégie chargée depuis gsgui.ini pour bruno/Best of Black & White: end4
[2025-06-11 10:11:33] Challenges fetched successfully for bruno!
[2025-06-11 10:11:33] Stratégie chargée depuis gsgui.ini pour bruno/Best of Black & White: end4
[2025-06-11 10:11:33] Challenges fetching ...
[2025-06-11 10:11:33] Stratégie chargée depuis gsgui.ini pour bruno/Best of Black & White: end4
[2025-06-11 10:11:33] Challenges fetched successfully for bruno!
[2025-06-11 10:11:33] Stratégie chargée depuis gsgui.ini pour bruno/Best of Black & White: end4
[2025-06-11 10:11:33] Challenges fetching ...
[2025-06-11 10:11:33] Stratégie chargée depuis gsgui.ini pour bruno/Best of Black & White: end4
[2025-06-11 10:11:33] Challenges fetched successfully for bruno!
[2025-06-11 10:11:33] Stratégie chargée depuis gsgui.ini pour bruno/Best of Black & White: end4
[2025-06-11 10:11:33] Challenges fetching ...
[2025-06-11 10:11:33] Stratégie chargée depuis gsgui.ini pour bruno/Best of Black & White: end4
[2025-06-11 10:11:33] Challenges fetched successfully for bruno!
[2025-06-11 10:11:33] Stratégie chargée depuis gsgui.ini pour bruno/Best of Black & White: end4
[2025-06-11 10:11:33] Challenges fetching ...
[2025-06-11 10:11:33] Stratégie chargée depuis gsgui.ini pour bruno/Best of Black & White: end4
[2025-06-11 10:11:33] Challenges fetched successfully for bruno!
[2025-06-11 10:11:33] Stratégie chargée depuis gsgui.ini pour bruno/Best of Black & White: end4
[2025-06-11 10:11:33] Challenges fetching ...
[2025-06-11 10:11:34] Stratégie chargée depuis gsgui.ini pour bruno/Best of Black & White: end4
[2025-06-11 10:11:34] Challenges fetched successfully for bruno!
[2025-06-11 10:11:34] Stratégie chargée depuis gsgui.ini pour bruno/Best of Black & White: end4
[2025-06-11 10:11:34] Challenges fetching ...
[2025-06-11 10:11:34] Stratégie chargée depuis gsgui.ini pour bruno/Best of Black & White: end4
[2025-06-11 10:11:34] Challenges fetched successfully for bruno!
[2025-06-11 10:11:34] Stratégie chargée depuis gsgui.ini pour bruno/Best of Black & White: end4
[2025-06-11 10:11:34] Challenges fetching ...
[2025-06-11 10:11:34] Stratégie chargée depuis gsgui.ini pour bruno/Best of Black & White: end4
[2025-06-11 10:11:34] Challenges fetched successfully for bruno!
[2025-06-11 10:11:34] Stratégie chargée depuis gsgui.ini pour bruno/Best of Black & White: end4
[2025-06-11 10:44:40] Refreshing challenges...
[2025-06-11 10:44:40] Fetching challenges...
[2025-06-11 10:44:42] Challenges fetching ...
[2025-06-11 10:44:42] Challenges fetched successfully for pascale!
[2025-06-11 10:44:52] At The Railroad get vote panel
[2025-06-11 10:44:52] Filling challenges: {101622}
Filled At The Railroad with strategy end4

[2025-06-11 10:44:52] Récupération des données de vote pour At The Railroad (URL: at-the-railroad, HEADER:{'User-Agent': 'Mozilla/5.0 (X11; Linux i686; rv:39.0) Gecko/20100101 Firefox/39.0', 'x-api-version': '8', 'x-env': 'WEB', 'X-requested-with': 'XMLHttpRequest', 'X-token': 'f96bbe3a7e7f833329e7129767a69abbfa6dfce3152e3c2a311eb49d89b5c3bb2b12b66b402f03dce682b8b2b6a005cd'})
[2025-06-11 10:44:52] Récupération réussie: 200 images pour At The Railroad
[2025-06-11 10:44:52] Voting fetching ...
[2025-06-11 10:44:52] At The Railroad voting 35 images
[2025-06-11 10:44:55] At The Railroad voting 35 images
[2025-06-11 10:44:56] At The Railroad voted successfully
[2025-06-11 10:44:58] At The Railroad voted successfully
[2025-06-11 10:45:01] Challenges fetching ...
[2025-06-11 10:45:01] Challenges fetched successfully for pascale!
[2025-06-11 10:45:02] Challenges fetching ...
[2025-06-11 10:45:02] Challenges fetched successfully for pascale!
[2025-06-11 12:38:09] Stratégie chargée depuis gsgui.ini pour bruno/Best of Black & White: end4
[2025-06-11 12:38:10] Désélection de tous les challenges

[2025-06-11 12:38:11] Stratégie chargée depuis gsgui.ini pour bruno/Best of Black & White: end4
[2025-06-11 12:38:11] Désélection de tous les challenges

[2025-06-11 12:38:12] Stratégie chargée depuis gsgui.ini pour bruno/Best of Black & White: end4
[2025-06-11 12:38:12] Sélection de tous les challenges

[2025-06-11 12:38:17] To Be Young get vote panel
[2025-06-11 12:38:17] Architectural Curves get vote panel
[2025-06-11 12:38:17] Starting with C get vote panel
[2025-06-11 12:38:17] Photography Sessions get vote panel
[2025-06-11 12:38:17] Best of Black & White get vote panel
[2025-06-11 12:38:17] Green Everywhere get vote panel
[2025-06-11 12:38:17] Mud, Dust and Dirt! get vote panel
[2025-06-11 12:38:17] Things Starting With ‘W’ get vote panel
[2025-06-11 12:38:17] Your Photography Goal get vote panel
[2025-06-11 12:38:17] Perfectly Symmetrical get vote panel
[2025-06-11 12:38:17] At The Railroad get vote panel
[2025-06-11 12:38:17] Puppies get vote panel
[2025-06-11 12:38:17] Dramatic Lighting get vote panel
[2025-06-11 12:38:17] Filling challenges: {101600, 101633, 102787, 101637, 101222, 101639, 101669, 101645, 101650, 101651, 101622, 101656, 101789}
Filled To Be Young with strategy end4
Filled Architectural Curves with strategy end4
Filled Starting with C with strategy end4
Filled Photography Sessions with strategy end4
Filled Best of Black & White with strategy end4
Filled Green Everywhere with strategy end4
Filled Mud, Dust and Dirt! with strategy end4
Filled Things Starting With ‘W’ with strategy end4
Filled Your Photography Goal with strategy end4
Filled Perfectly Symmetrical with strategy end4
Filled At The Railroad with strategy end4
Filled Puppies with strategy end4
Filled Dramatic Lighting with strategy end4

[2025-06-11 12:38:17] Stratégie chargée depuis gsgui.ini pour bruno/Best of Black & White: end4
[2025-06-11 12:38:18] Récupération des données de vote pour To Be Young (URL: blooming-youth, HEADER:{'User-Agent': 'Mozilla/5.0 (X11; Linux i686; rv:39.0) Gecko/20100101 Firefox/39.0', 'x-api-version': '8', 'x-env': 'WEB', 'X-requested-with': 'XMLHttpRequest', 'X-token': 'a1cad95a6d480c14f51dd0eba4914c8337b893c789ec6278bb440c7c9a673b162f042470c62684e6da2bd342ffea7777'})
[2025-06-11 12:38:18] Récupération des données de vote pour Architectural Curves (URL: architectural-curves, HEADER:{'User-Agent': 'Mozilla/5.0 (X11; Linux i686; rv:39.0) Gecko/20100101 Firefox/39.0', 'x-api-version': '8', 'x-env': 'WEB', 'X-requested-with': 'XMLHttpRequest', 'X-token': 'a1cad95a6d480c14f51dd0eba4914c8337b893c789ec6278bb440c7c9a673b162f042470c62684e6da2bd342ffea7777'})
[2025-06-11 12:38:18] Récupération des données de vote pour Starting with C (URL: starting-with-c193, HEADER:{'User-Agent': 'Mozilla/5.0 (X11; Linux i686; rv:39.0) Gecko/20100101 Firefox/39.0', 'x-api-version': '8', 'x-env': 'WEB', 'X-requested-with': 'XMLHttpRequest', 'X-token': 'a1cad95a6d480c14f51dd0eba4914c8337b893c789ec6278bb440c7c9a673b162f042470c62684e6da2bd342ffea7777'})
[2025-06-11 12:38:18] Récupération des données de vote pour Photography Sessions (URL: photography-sessions, HEADER:{'User-Agent': 'Mozilla/5.0 (X11; Linux i686; rv:39.0) Gecko/20100101 Firefox/39.0', 'x-api-version': '8', 'x-env': 'WEB', 'X-requested-with': 'XMLHttpRequest', 'X-token': 'a1cad95a6d480c14f51dd0eba4914c8337b893c789ec6278bb440c7c9a673b162f042470c62684e6da2bd342ffea7777'})
[2025-06-11 12:38:18] Récupération des données de vote pour Best of Black & White (URL: best-of-black-white29, HEADER:{'User-Agent': 'Mozilla/5.0 (X11; Linux i686; rv:39.0) Gecko/20100101 Firefox/39.0', 'x-api-version': '8', 'x-env': 'WEB', 'X-requested-with': 'XMLHttpRequest', 'X-token': 'a1cad95a6d480c14f51dd0eba4914c8337b893c789ec6278bb440c7c9a673b162f042470c62684e6da2bd342ffea7777'})
[2025-06-11 12:38:18] Récupération des données de vote pour Green Everywhere (URL: green-everywhere, HEADER:{'User-Agent': 'Mozilla/5.0 (X11; Linux i686; rv:39.0) Gecko/20100101 Firefox/39.0', 'x-api-version': '8', 'x-env': 'WEB', 'X-requested-with': 'XMLHttpRequest', 'X-token': 'a1cad95a6d480c14f51dd0eba4914c8337b893c789ec6278bb440c7c9a673b162f042470c62684e6da2bd342ffea7777'})
[2025-06-11 12:38:18] Récupération des données de vote pour Mud, Dust and Dirt! (URL: mud-dust-and-dirt-23, HEADER:{'User-Agent': 'Mozilla/5.0 (X11; Linux i686; rv:39.0) Gecko/20100101 Firefox/39.0', 'x-api-version': '8', 'x-env': 'WEB', 'X-requested-with': 'XMLHttpRequest', 'X-token': 'a1cad95a6d480c14f51dd0eba4914c8337b893c789ec6278bb440c7c9a673b162f042470c62684e6da2bd342ffea7777'})
[2025-06-11 12:38:18] Récupération des données de vote pour Things Starting With ‘W’ (URL: things-starting-with-w-, HEADER:{'User-Agent': 'Mozilla/5.0 (X11; Linux i686; rv:39.0) Gecko/20100101 Firefox/39.0', 'x-api-version': '8', 'x-env': 'WEB', 'X-requested-with': 'XMLHttpRequest', 'X-token': 'a1cad95a6d480c14f51dd0eba4914c8337b893c789ec6278bb440c7c9a673b162f042470c62684e6da2bd342ffea7777'})
[2025-06-11 12:38:18] Récupération des données de vote pour Your Photography Goal (URL: your-photography-goal32, HEADER:{'User-Agent': 'Mozilla/5.0 (X11; Linux i686; rv:39.0) Gecko/20100101 Firefox/39.0', 'x-api-version': '8', 'x-env': 'WEB', 'X-requested-with': 'XMLHttpRequest', 'X-token': 'a1cad95a6d480c14f51dd0eba4914c8337b893c789ec6278bb440c7c9a673b162f042470c62684e6da2bd342ffea7777'})
[2025-06-11 12:38:18] Récupération des données de vote pour Perfectly Symmetrical (URL: perfectly-symmetrical, HEADER:{'User-Agent': 'Mozilla/5.0 (X11; Linux i686; rv:39.0) Gecko/20100101 Firefox/39.0', 'x-api-version': '8', 'x-env': 'WEB', 'X-requested-with': 'XMLHttpRequest', 'X-token': 'a1cad95a6d480c14f51dd0eba4914c8337b893c789ec6278bb440c7c9a673b162f042470c62684e6da2bd342ffea7777'})
[2025-06-11 12:38:18] Récupération des données de vote pour At The Railroad (URL: at-the-railroad, HEADER:{'User-Agent': 'Mozilla/5.0 (X11; Linux i686; rv:39.0) Gecko/20100101 Firefox/39.0', 'x-api-version': '8', 'x-env': 'WEB', 'X-requested-with': 'XMLHttpRequest', 'X-token': 'a1cad95a6d480c14f51dd0eba4914c8337b893c789ec6278bb440c7c9a673b162f042470c62684e6da2bd342ffea7777'})
[2025-06-11 12:38:18] Récupération des données de vote pour Puppies (URL: puppies8, HEADER:{'User-Agent': 'Mozilla/5.0 (X11; Linux i686; rv:39.0) Gecko/20100101 Firefox/39.0', 'x-api-version': '8', 'x-env': 'WEB', 'X-requested-with': 'XMLHttpRequest', 'X-token': 'a1cad95a6d480c14f51dd0eba4914c8337b893c789ec6278bb440c7c9a673b162f042470c62684e6da2bd342ffea7777'})
[2025-06-11 12:38:18] Récupération des données de vote pour Dramatic Lighting (URL: dramatic-lighting11, HEADER:{'User-Agent': 'Mozilla/5.0 (X11; Linux i686; rv:39.0) Gecko/20100101 Firefox/39.0', 'x-api-version': '8', 'x-env': 'WEB', 'X-requested-with': 'XMLHttpRequest', 'X-token': 'a1cad95a6d480c14f51dd0eba4914c8337b893c789ec6278bb440c7c9a673b162f042470c62684e6da2bd342ffea7777'})
[2025-06-11 12:38:19] Pas d'images disponibles pour Starting with C, {'success': False, 'error_code': 2027, 'message': 'Challenge is closed for voting'}
[2025-06-11 12:38:19] Voting fetching ...
[2025-06-11 12:38:19] Erreur lors de la récupération des données de vote: {'success': False, 'message': 'No images available', 'challenge': {'close_time': 0}}
[2025-06-11 12:38:22] Erreur lors de la récupération des données de vote: {'success': False, 'message': 'No images available', 'challenge': {'close_time': 0}}
[2025-06-11 12:38:23] Récupération réussie: 200 images pour To Be Young
[2025-06-11 12:38:23] Voting fetching ...
[2025-06-11 12:38:23] To Be Young voting 35 images
[2025-06-11 12:38:23] Stratégie chargée depuis gsgui.ini pour bruno/Best of Black & White: end4
[2025-06-11 12:38:26] To Be Young voting 35 images
[2025-06-11 12:38:26] Stratégie chargée depuis gsgui.ini pour bruno/Best of Black & White: end4
[2025-06-11 12:38:26] Récupération réussie: 200 images pour Mud, Dust and Dirt!
[2025-06-11 12:38:26] Voting fetching ...
[2025-06-11 12:38:26] Mud, Dust and Dirt! voting 35 images
[2025-06-11 12:38:26] Stratégie chargée depuis gsgui.ini pour bruno/Best of Black & White: end4
[2025-06-11 12:38:29] Mud, Dust and Dirt! voting 35 images
[2025-06-11 12:38:30] Stratégie chargée depuis gsgui.ini pour bruno/Best of Black & White: end4
[2025-06-11 12:38:30] Récupération réussie: 200 images pour Green Everywhere
[2025-06-11 12:38:30] Voting fetching ...
[2025-06-11 12:38:30] Green Everywhere voting 35 images
[2025-06-11 12:38:30] Stratégie chargée depuis gsgui.ini pour bruno/Best of Black & White: end4
[2025-06-11 12:38:33] Green Everywhere voting 35 images
[2025-06-11 12:38:33] Stratégie chargée depuis gsgui.ini pour bruno/Best of Black & White: end4
[2025-06-11 12:38:33] Récupération réussie: 200 images pour Puppies
[2025-06-11 12:38:33] Voting fetching ...
[2025-06-11 12:38:33] Puppies voting 35 images
[2025-06-11 12:38:33] Stratégie chargée depuis gsgui.ini pour bruno/Best of Black & White: end4
[2025-06-11 12:38:37] Puppies voting 35 images
[2025-06-11 12:38:37] Stratégie chargée depuis gsgui.ini pour bruno/Best of Black & White: end4
[2025-06-11 12:38:37] Récupération réussie: 200 images pour Architectural Curves
[2025-06-11 12:38:37] Voting fetching ...
[2025-06-11 12:38:37] Architectural Curves voting 35 images
[2025-06-11 12:38:37] Stratégie chargée depuis gsgui.ini pour bruno/Best of Black & White: end4
[2025-06-11 12:38:40] Architectural Curves voting 35 images
[2025-06-11 12:38:40] Stratégie chargée depuis gsgui.ini pour bruno/Best of Black & White: end4
[2025-06-11 12:38:41] Récupération réussie: 200 images pour Photography Sessions
[2025-06-11 12:38:41] Voting fetching ...
[2025-06-11 12:38:41] Photography Sessions voting 35 images
[2025-06-11 12:38:41] Stratégie chargée depuis gsgui.ini pour bruno/Best of Black & White: end4
[2025-06-11 12:38:44] Photography Sessions voting 35 images
[2025-06-11 12:38:44] Stratégie chargée depuis gsgui.ini pour bruno/Best of Black & White: end4
[2025-06-11 12:38:44] Récupération réussie: 200 images pour Perfectly Symmetrical
[2025-06-11 12:38:44] Voting fetching ...
[2025-06-11 12:38:44] Perfectly Symmetrical voting 35 images
[2025-06-11 12:38:45] Stratégie chargée depuis gsgui.ini pour bruno/Best of Black & White: end4
[2025-06-11 12:38:48] Perfectly Symmetrical voting 35 images
[2025-06-11 12:38:48] Stratégie chargée depuis gsgui.ini pour bruno/Best of Black & White: end4
[2025-06-11 12:38:48] Récupération réussie: 200 images pour At The Railroad
[2025-06-11 12:38:48] Voting fetching ...
[2025-06-11 12:38:48] At The Railroad voting 35 images
[2025-06-11 12:38:48] Stratégie chargée depuis gsgui.ini pour bruno/Best of Black & White: end4
[2025-06-11 12:38:51] At The Railroad voting 35 images
[2025-06-11 12:38:52] Stratégie chargée depuis gsgui.ini pour bruno/Best of Black & White: end4
[2025-06-11 12:38:52] Récupération réussie: 200 images pour Your Photography Goal
[2025-06-11 12:38:52] Voting fetching ...
[2025-06-11 12:38:52] Your Photography Goal voting 35 images
[2025-06-11 12:38:52] Stratégie chargée depuis gsgui.ini pour bruno/Best of Black & White: end4
[2025-06-11 12:38:55] Your Photography Goal voting 35 images
[2025-06-11 12:38:55] Stratégie chargée depuis gsgui.ini pour bruno/Best of Black & White: end4
[2025-06-11 12:38:55] Récupération réussie: 200 images pour Things Starting With ‘W’
[2025-06-11 12:38:55] Voting fetching ...
[2025-06-11 12:38:55] Things Starting With ‘W’ voting 35 images
[2025-06-11 12:38:55] Stratégie chargée depuis gsgui.ini pour bruno/Best of Black & White: end4
[2025-06-11 12:38:58] Things Starting With ‘W’ voting 35 images
[2025-06-11 12:38:59] Stratégie chargée depuis gsgui.ini pour bruno/Best of Black & White: end4
[2025-06-11 12:38:59] Récupération réussie: 200 images pour Dramatic Lighting
[2025-06-11 12:38:59] Voting fetching ...
[2025-06-11 12:38:59] Dramatic Lighting voting 35 images
[2025-06-11 12:38:59] Stratégie chargée depuis gsgui.ini pour bruno/Best of Black & White: end4
[2025-06-11 12:39:02] Dramatic Lighting voting 35 images
[2025-06-11 12:39:02] Stratégie chargée depuis gsgui.ini pour bruno/Best of Black & White: end4
[2025-06-11 12:39:02] Récupération réussie: 200 images pour Best of Black & White
[2025-06-11 12:39:02] Voting fetching ...
[2025-06-11 12:39:02] Best of Black & White voting 35 images
[2025-06-11 12:39:02] Stratégie chargée depuis gsgui.ini pour bruno/Best of Black & White: end4
[2025-06-11 12:39:05] Best of Black & White voting 35 images
[2025-06-11 12:39:06] Stratégie chargée depuis gsgui.ini pour bruno/Best of Black & White: end4
[2025-06-11 12:39:09] Green Everywhere voted successfully
[2025-06-11 12:39:11] Puppies voted successfully
[2025-06-11 12:39:13] To Be Young voted successfully
[2025-06-11 12:39:15] Architectural Curves voted successfully
[2025-06-11 12:39:17] Mud, Dust and Dirt! voted successfully
[2025-06-11 12:39:19] Architectural Curves voted successfully
[2025-06-11 12:39:21] Puppies voted successfully
[2025-06-11 12:39:23] To Be Young voted successfully
[2025-06-11 12:39:25] Mud, Dust and Dirt! voted successfully
[2025-06-11 12:39:27] Photography Sessions voted successfully
[2025-06-11 12:39:29] Perfectly Symmetrical voted successfully
[2025-06-11 12:39:31] Dramatic Lighting voted successfully
[2025-06-11 12:39:33] Photography Sessions voted successfully
[2025-06-11 12:39:35] Green Everywhere voted successfully
[2025-06-11 12:39:37] At The Railroad voted successfully
[2025-06-11 12:39:39] Perfectly Symmetrical voted successfully
[2025-06-11 12:39:41] At The Railroad voted successfully
[2025-06-11 12:39:43] Dramatic Lighting voted successfully
[2025-06-11 12:39:45] Best of Black & White voted successfully
[2025-06-11 12:39:47] Best of Black & White voted successfully
[2025-06-11 12:39:49] Things Starting With ‘W’ voted successfully
[2025-06-11 12:39:51] Your Photography Goal voted successfully
[2025-06-11 12:39:53] Your Photography Goal voted successfully
[2025-06-11 12:39:55] Things Starting With ‘W’ voted successfully
[2025-06-11 12:39:59] Challenges fetching ...
[2025-06-11 12:39:59] Stratégie chargée depuis gsgui.ini pour bruno/Best of Black & White: end4
[2025-06-11 12:39:59] Challenges fetched successfully for bruno!
[2025-06-11 12:39:59] Stratégie chargée depuis gsgui.ini pour bruno/Best of Black & White: end4
[2025-06-11 12:40:00] Challenges fetching ...
[2025-06-11 12:40:00] Stratégie chargée depuis gsgui.ini pour bruno/Best of Black & White: end4
[2025-06-11 12:40:00] Challenges fetched successfully for bruno!
[2025-06-11 12:40:00] Stratégie chargée depuis gsgui.ini pour bruno/Best of Black & White: end4
[2025-06-11 12:40:00] Challenges fetching ...
[2025-06-11 12:40:00] Stratégie chargée depuis gsgui.ini pour bruno/Best of Black & White: end4
[2025-06-11 12:40:00] Challenges fetched successfully for bruno!
[2025-06-11 12:40:00] Stratégie chargée depuis gsgui.ini pour bruno/Best of Black & White: end4
[2025-06-11 12:40:01] Challenges fetching ...
[2025-06-11 12:40:01] Stratégie chargée depuis gsgui.ini pour bruno/Best of Black & White: end4
[2025-06-11 12:40:01] Challenges fetched successfully for bruno!
[2025-06-11 12:40:01] Stratégie chargée depuis gsgui.ini pour bruno/Best of Black & White: end4
[2025-06-11 12:40:01] Challenges fetching ...
[2025-06-11 12:40:01] Stratégie chargée depuis gsgui.ini pour bruno/Best of Black & White: end4
[2025-06-11 12:40:01] Challenges fetched successfully for bruno!
[2025-06-11 12:40:01] Stratégie chargée depuis gsgui.ini pour bruno/Best of Black & White: end4
[2025-06-11 12:40:01] Challenges fetching ...
[2025-06-11 12:40:01] Stratégie chargée depuis gsgui.ini pour bruno/Best of Black & White: end4
[2025-06-11 12:40:01] Challenges fetched successfully for bruno!
[2025-06-11 12:40:01] Stratégie chargée depuis gsgui.ini pour bruno/Best of Black & White: end4
[2025-06-11 12:40:01] Challenges fetching ...
[2025-06-11 12:40:02] Stratégie chargée depuis gsgui.ini pour bruno/Best of Black & White: end4
[2025-06-11 12:40:02] Challenges fetched successfully for bruno!
[2025-06-11 12:40:02] Stratégie chargée depuis gsgui.ini pour bruno/Best of Black & White: end4
[2025-06-11 12:40:02] Challenges fetching ...
[2025-06-11 12:40:02] Stratégie chargée depuis gsgui.ini pour bruno/Best of Black & White: end4
[2025-06-11 12:40:02] Challenges fetched successfully for bruno!
[2025-06-11 12:40:02] Stratégie chargée depuis gsgui.ini pour bruno/Best of Black & White: end4
[2025-06-11 12:40:02] Challenges fetching ...
[2025-06-11 12:40:02] Stratégie chargée depuis gsgui.ini pour bruno/Best of Black & White: end4
[2025-06-11 12:40:02] Challenges fetched successfully for bruno!
[2025-06-11 12:40:02] Stratégie chargée depuis gsgui.ini pour bruno/Best of Black & White: end4
[2025-06-11 12:40:02] Challenges fetching ...
[2025-06-11 12:40:02] Stratégie chargée depuis gsgui.ini pour bruno/Best of Black & White: end4
[2025-06-11 12:40:03] Challenges fetched successfully for bruno!
[2025-06-11 12:40:03] Stratégie chargée depuis gsgui.ini pour bruno/Best of Black & White: end4
[2025-06-11 12:40:03] Challenges fetching ...
[2025-06-11 12:40:03] Stratégie chargée depuis gsgui.ini pour bruno/Best of Black & White: end4
[2025-06-11 12:40:03] Challenges fetched successfully for bruno!
[2025-06-11 12:40:03] Stratégie chargée depuis gsgui.ini pour bruno/Best of Black & White: end4
[2025-06-11 12:40:03] Challenges fetching ...
[2025-06-11 12:40:03] Stratégie chargée depuis gsgui.ini pour bruno/Best of Black & White: end4
[2025-06-11 12:40:03] Challenges fetched successfully for bruno!
[2025-06-11 12:40:03] Stratégie chargée depuis gsgui.ini pour bruno/Best of Black & White: end4
[2025-06-11 12:40:03] Challenges fetching ...
[2025-06-11 12:40:03] Stratégie chargée depuis gsgui.ini pour bruno/Best of Black & White: end4
[2025-06-11 12:40:03] Challenges fetched successfully for bruno!
[2025-06-11 12:40:03] Stratégie chargée depuis gsgui.ini pour bruno/Best of Black & White: end4
[2025-06-11 12:40:04] Challenges fetching ...
[2025-06-11 12:40:04] Stratégie chargée depuis gsgui.ini pour bruno/Best of Black & White: end4
[2025-06-11 12:40:04] Challenges fetched successfully for bruno!
[2025-06-11 12:40:04] Stratégie chargée depuis gsgui.ini pour bruno/Best of Black & White: end4
[2025-06-11 12:40:04] Challenges fetching ...
[2025-06-11 12:40:04] Stratégie chargée depuis gsgui.ini pour bruno/Best of Black & White: end4
[2025-06-11 12:40:04] Challenges fetched successfully for bruno!
[2025-06-11 12:40:04] Stratégie chargée depuis gsgui.ini pour bruno/Best of Black & White: end4
[2025-06-11 12:40:04] Challenges fetching ...
[2025-06-11 12:40:04] Stratégie chargée depuis gsgui.ini pour bruno/Best of Black & White: end4
[2025-06-11 12:40:04] Challenges fetched successfully for bruno!
[2025-06-11 12:40:04] Stratégie chargée depuis gsgui.ini pour bruno/Best of Black & White: end4
[2025-06-11 12:40:04] Challenges fetching ...
[2025-06-11 12:40:04] Stratégie chargée depuis gsgui.ini pour bruno/Best of Black & White: end4
[2025-06-11 12:40:05] Challenges fetched successfully for bruno!
[2025-06-11 12:40:05] Stratégie chargée depuis gsgui.ini pour bruno/Best of Black & White: end4
[2025-06-11 12:40:05] Challenges fetching ...
[2025-06-11 12:40:05] Stratégie chargée depuis gsgui.ini pour bruno/Best of Black & White: end4
[2025-06-11 12:40:05] Challenges fetched successfully for bruno!
[2025-06-11 12:40:05] Stratégie chargée depuis gsgui.ini pour bruno/Best of Black & White: end4
[2025-06-11 12:40:05] Challenges fetching ...
[2025-06-11 12:40:05] Stratégie chargée depuis gsgui.ini pour bruno/Best of Black & White: end4
[2025-06-11 12:40:05] Challenges fetched successfully for bruno!
[2025-06-11 12:40:05] Stratégie chargée depuis gsgui.ini pour bruno/Best of Black & White: end4
[2025-06-11 12:40:05] Challenges fetching ...
[2025-06-11 12:40:05] Stratégie chargée depuis gsgui.ini pour bruno/Best of Black & White: end4
[2025-06-11 12:40:06] Challenges fetched successfully for bruno!
[2025-06-11 12:40:06] Stratégie chargée depuis gsgui.ini pour bruno/Best of Black & White: end4
[2025-06-11 12:40:06] Challenges fetching ...
[2025-06-11 12:40:06] Stratégie chargée depuis gsgui.ini pour bruno/Best of Black & White: end4
[2025-06-11 12:40:06] Challenges fetched successfully for bruno!
[2025-06-11 12:40:06] Stratégie chargée depuis gsgui.ini pour bruno/Best of Black & White: end4
[2025-06-11 12:40:06] Challenges fetching ...
[2025-06-11 12:40:07] Stratégie chargée depuis gsgui.ini pour bruno/Best of Black & White: end4
[2025-06-11 12:40:07] Challenges fetched successfully for bruno!
[2025-06-11 12:40:07] Stratégie chargée depuis gsgui.ini pour bruno/Best of Black & White: end4
[2025-06-11 12:40:07] Challenges fetching ...
[2025-06-11 12:40:07] Stratégie chargée depuis gsgui.ini pour bruno/Best of Black & White: end4
[2025-06-11 12:40:07] Challenges fetched successfully for bruno!
[2025-06-11 12:40:07] Stratégie chargée depuis gsgui.ini pour bruno/Best of Black & White: end4
[2025-06-11 12:40:08] Challenges fetching ...
[2025-06-11 12:40:08] Stratégie chargée depuis gsgui.ini pour bruno/Best of Black & White: end4
[2025-06-11 12:40:08] Challenges fetched successfully for bruno!
[2025-06-11 12:40:08] Stratégie chargée depuis gsgui.ini pour bruno/Best of Black & White: end4
[2025-06-11 22:00:36] Stratégie chargée depuis gsgui.ini pour bruno/Best of Black & White: end4
[2025-06-11 22:00:36] Désélection de tous les challenges

[2025-06-11 22:00:37] Refreshing challenges...
[2025-06-11 22:00:37] Fetching challenges...
[2025-06-11 22:00:39] Challenges fetching ...
[2025-06-11 22:00:39] Stratégie chargée depuis gsgui.ini pour bruno/Best of Black & White: end4
[2025-06-11 22:00:39] Lancement automatique des stratégies de fin pour 7 nouveaux challenges...
[2025-06-11 22:00:39] Nouveau challenge détecté pour bruno: 3 Forms of Water
[2025-06-11 22:00:39] Nouveau challenge détecté pour bruno: Top Photographer
[2025-06-11 22:00:39] Nouveau challenge détecté pour bruno: Unforgettable Moments
[2025-06-11 22:00:39] Nouveau challenge détecté pour bruno: 500 Guru's Picks
[2025-06-11 22:00:39] Nouveau challenge détecté pour bruno: Photo of the Week!
[2025-06-11 22:00:39] Nouveau challenge détecté pour bruno: Closed
[2025-06-11 22:00:39] Nouveau challenge détecté pour bruno: City Creatures
[2025-06-11 22:00:39] Challenges fetched successfully for bruno!
[2025-06-11 22:00:39] Stratégie chargée depuis gsgui.ini pour bruno/Best of Black & White: end4
[2025-06-11 22:00:52] Perfectly Symmetrical get vote panel
[2025-06-11 22:00:52] Filling challenges: {101651}
Filled Perfectly Symmetrical with strategy end4

[2025-06-11 22:00:52] Stratégie chargée depuis gsgui.ini pour bruno/Best of Black & White: end4
[2025-06-11 22:00:52] Récupération des données de vote pour Perfectly Symmetrical (URL: perfectly-symmetrical, HEADER:{'User-Agent': 'Mozilla/5.0 (X11; Linux i686; rv:39.0) Gecko/20100101 Firefox/39.0', 'x-api-version': '8', 'x-env': 'WEB', 'X-requested-with': 'XMLHttpRequest', 'X-token': 'a1cad95a6d480c14f51dd0eba4914c8337b893c789ec6278bb440c7c9a673b162f042470c62684e6da2bd342ffea7777'})
[2025-06-11 22:00:53] Récupération réussie: 200 images pour Perfectly Symmetrical
[2025-06-11 22:00:53] Voting fetching ...
[2025-06-11 22:00:53] Perfectly Symmetrical voting 35 images
[2025-06-11 22:00:53] Stratégie chargée depuis gsgui.ini pour bruno/Best of Black & White: end4
[2025-06-11 22:00:56] Perfectly Symmetrical voting 35 images
[2025-06-11 22:00:56] Stratégie chargée depuis gsgui.ini pour bruno/Best of Black & White: end4
[2025-06-11 22:00:58] Perfectly Symmetrical voted successfully
[2025-06-11 22:01:00] Perfectly Symmetrical voted successfully
[2025-06-11 22:01:03] Challenges fetching ...
[2025-06-11 22:01:03] Stratégie chargée depuis gsgui.ini pour bruno/Best of Black & White: end4
[2025-06-11 22:01:03] Challenges fetched successfully for bruno!
[2025-06-11 22:01:03] Stratégie chargée depuis gsgui.ini pour bruno/Best of Black & White: end4
[2025-06-11 22:01:04] Challenges fetching ...
[2025-06-11 22:01:04] Stratégie chargée depuis gsgui.ini pour bruno/Best of Black & White: end4
[2025-06-11 22:01:04] Challenges fetched successfully for bruno!
[2025-06-11 22:01:04] Stratégie chargée depuis gsgui.ini pour bruno/Best of Black & White: end4
[2025-06-11 22:03:21] Stratégie chargée depuis gsgui.ini pour bruno/Best of Black & White: end4
[2025-06-11 22:03:21] Sélection de tous les challenges

[2025-06-11 22:03:23] Refreshing challenges...
[2025-06-11 22:03:23] Fetching challenges...
[2025-06-11 22:03:24] Challenges fetching ...
[2025-06-11 22:03:24] Stratégie chargée depuis gsgui.ini pour bruno/Best of Black & White: end4
[2025-06-11 22:03:25] Challenges fetched successfully for bruno!
[2025-06-11 22:03:25] Stratégie chargée depuis gsgui.ini pour bruno/Best of Black & White: end4
[2025-06-11 22:03:28] To Be Young get vote panel
[2025-06-11 22:03:28] Architectural Curves get vote panel
[2025-06-11 22:03:28] Unforgettable Moments get vote panel
[2025-06-11 22:03:28] Photography Sessions get vote panel
[2025-06-11 22:03:28] Best of Black & White get vote panel
[2025-06-11 22:03:28] City Creatures get vote panel
[2025-06-11 22:03:28] Mud, Dust and Dirt! get vote panel
[2025-06-11 22:03:28] 500 Guru's Picks get vote panel
[2025-06-11 22:03:28] Green Everywhere get vote panel
[2025-06-11 22:03:28] Closed get vote panel
[2025-06-11 22:03:28] Perfectly Symmetrical get vote panel
[2025-06-11 22:03:28] Top Photographer get vote panel
[2025-06-11 22:03:28] Puppies get vote panel
[2025-06-11 22:03:28] Dramatic Lighting get vote panel
[2025-06-11 22:03:28] Photo of the Week! get vote panel
[2025-06-11 22:03:28] 3 Forms of Water get vote panel
[2025-06-11 22:03:28] Filling challenges: {101600, 101633, 101636, 101637, 101222, 101605, 101669, 102473, 101639, 101643, 101651, 101653, 101656, 101789, 102238, 101663}
Filled To Be Young with strategy end4
Filled Architectural Curves with strategy end4
Filled Unforgettable Moments with strategy end4
Filled Photography Sessions with strategy end4
Filled Best of Black & White with strategy end4
Filled City Creatures with strategy end4
Filled Mud, Dust and Dirt! with strategy end4
Filled 500 Guru's Picks with strategy end4
Filled Green Everywhere with strategy end4
Filled Closed with strategy end4
Filled Perfectly Symmetrical with strategy end4
Filled Top Photographer with strategy end4
Filled Puppies with strategy end4
Filled Dramatic Lighting with strategy end4
Filled Photo of the Week! with strategy end4
Filled 3 Forms of Water with strategy end4

[2025-06-11 22:03:28] Stratégie chargée depuis gsgui.ini pour bruno/Best of Black & White: end4
[2025-06-11 22:03:29] Récupération des données de vote pour To Be Young (URL: blooming-youth, HEADER:{'User-Agent': 'Mozilla/5.0 (X11; Linux i686; rv:39.0) Gecko/20100101 Firefox/39.0', 'x-api-version': '8', 'x-env': 'WEB', 'X-requested-with': 'XMLHttpRequest', 'X-token': 'a1cad95a6d480c14f51dd0eba4914c8337b893c789ec6278bb440c7c9a673b162f042470c62684e6da2bd342ffea7777'})
[2025-06-11 22:03:29] Récupération des données de vote pour Architectural Curves (URL: architectural-curves, HEADER:{'User-Agent': 'Mozilla/5.0 (X11; Linux i686; rv:39.0) Gecko/20100101 Firefox/39.0', 'x-api-version': '8', 'x-env': 'WEB', 'X-requested-with': 'XMLHttpRequest', 'X-token': 'a1cad95a6d480c14f51dd0eba4914c8337b893c789ec6278bb440c7c9a673b162f042470c62684e6da2bd342ffea7777'})
[2025-06-11 22:03:29] Récupération des données de vote pour Unforgettable Moments (URL: unforgettable-moments2, HEADER:{'User-Agent': 'Mozilla/5.0 (X11; Linux i686; rv:39.0) Gecko/20100101 Firefox/39.0', 'x-api-version': '8', 'x-env': 'WEB', 'X-requested-with': 'XMLHttpRequest', 'X-token': 'a1cad95a6d480c14f51dd0eba4914c8337b893c789ec6278bb440c7c9a673b162f042470c62684e6da2bd342ffea7777'})
[2025-06-11 22:03:29] Récupération des données de vote pour Photography Sessions (URL: photography-sessions, HEADER:{'User-Agent': 'Mozilla/5.0 (X11; Linux i686; rv:39.0) Gecko/20100101 Firefox/39.0', 'x-api-version': '8', 'x-env': 'WEB', 'X-requested-with': 'XMLHttpRequest', 'X-token': 'a1cad95a6d480c14f51dd0eba4914c8337b893c789ec6278bb440c7c9a673b162f042470c62684e6da2bd342ffea7777'})
[2025-06-11 22:03:29] Récupération des données de vote pour Best of Black & White (URL: best-of-black-white29, HEADER:{'User-Agent': 'Mozilla/5.0 (X11; Linux i686; rv:39.0) Gecko/20100101 Firefox/39.0', 'x-api-version': '8', 'x-env': 'WEB', 'X-requested-with': 'XMLHttpRequest', 'X-token': 'a1cad95a6d480c14f51dd0eba4914c8337b893c789ec6278bb440c7c9a673b162f042470c62684e6da2bd342ffea7777'})
[2025-06-11 22:03:29] Récupération des données de vote pour City Creatures (URL: city-creatures2, HEADER:{'User-Agent': 'Mozilla/5.0 (X11; Linux i686; rv:39.0) Gecko/20100101 Firefox/39.0', 'x-api-version': '8', 'x-env': 'WEB', 'X-requested-with': 'XMLHttpRequest', 'X-token': 'a1cad95a6d480c14f51dd0eba4914c8337b893c789ec6278bb440c7c9a673b162f042470c62684e6da2bd342ffea7777'})
[2025-06-11 22:03:29] Récupération des données de vote pour Mud, Dust and Dirt! (URL: mud-dust-and-dirt-23, HEADER:{'User-Agent': 'Mozilla/5.0 (X11; Linux i686; rv:39.0) Gecko/20100101 Firefox/39.0', 'x-api-version': '8', 'x-env': 'WEB', 'X-requested-with': 'XMLHttpRequest', 'X-token': 'a1cad95a6d480c14f51dd0eba4914c8337b893c789ec6278bb440c7c9a673b162f042470c62684e6da2bd342ffea7777'})
[2025-06-11 22:03:29] Récupération des données de vote pour 500 Guru's Picks (URL: 500-guru-s-picks79, HEADER:{'User-Agent': 'Mozilla/5.0 (X11; Linux i686; rv:39.0) Gecko/20100101 Firefox/39.0', 'x-api-version': '8', 'x-env': 'WEB', 'X-requested-with': 'XMLHttpRequest', 'X-token': 'a1cad95a6d480c14f51dd0eba4914c8337b893c789ec6278bb440c7c9a673b162f042470c62684e6da2bd342ffea7777'})
[2025-06-11 22:03:29] Récupération des données de vote pour Green Everywhere (URL: green-everywhere, HEADER:{'User-Agent': 'Mozilla/5.0 (X11; Linux i686; rv:39.0) Gecko/20100101 Firefox/39.0', 'x-api-version': '8', 'x-env': 'WEB', 'X-requested-with': 'XMLHttpRequest', 'X-token': 'a1cad95a6d480c14f51dd0eba4914c8337b893c789ec6278bb440c7c9a673b162f042470c62684e6da2bd342ffea7777'})
[2025-06-11 22:03:29] Récupération des données de vote pour Closed (URL: closed27, HEADER:{'User-Agent': 'Mozilla/5.0 (X11; Linux i686; rv:39.0) Gecko/20100101 Firefox/39.0', 'x-api-version': '8', 'x-env': 'WEB', 'X-requested-with': 'XMLHttpRequest', 'X-token': 'a1cad95a6d480c14f51dd0eba4914c8337b893c789ec6278bb440c7c9a673b162f042470c62684e6da2bd342ffea7777'})
[2025-06-11 22:03:29] Récupération des données de vote pour Perfectly Symmetrical (URL: perfectly-symmetrical, HEADER:{'User-Agent': 'Mozilla/5.0 (X11; Linux i686; rv:39.0) Gecko/20100101 Firefox/39.0', 'x-api-version': '8', 'x-env': 'WEB', 'X-requested-with': 'XMLHttpRequest', 'X-token': 'a1cad95a6d480c14f51dd0eba4914c8337b893c789ec6278bb440c7c9a673b162f042470c62684e6da2bd342ffea7777'})
[2025-06-11 22:03:29] Récupération des données de vote pour Top Photographer (URL: top-photographer33, HEADER:{'User-Agent': 'Mozilla/5.0 (X11; Linux i686; rv:39.0) Gecko/20100101 Firefox/39.0', 'x-api-version': '8', 'x-env': 'WEB', 'X-requested-with': 'XMLHttpRequest', 'X-token': 'a1cad95a6d480c14f51dd0eba4914c8337b893c789ec6278bb440c7c9a673b162f042470c62684e6da2bd342ffea7777'})
[2025-06-11 22:03:29] Récupération des données de vote pour Puppies (URL: puppies8, HEADER:{'User-Agent': 'Mozilla/5.0 (X11; Linux i686; rv:39.0) Gecko/20100101 Firefox/39.0', 'x-api-version': '8', 'x-env': 'WEB', 'X-requested-with': 'XMLHttpRequest', 'X-token': 'a1cad95a6d480c14f51dd0eba4914c8337b893c789ec6278bb440c7c9a673b162f042470c62684e6da2bd342ffea7777'})
[2025-06-11 22:03:29] Récupération des données de vote pour Dramatic Lighting (URL: dramatic-lighting11, HEADER:{'User-Agent': 'Mozilla/5.0 (X11; Linux i686; rv:39.0) Gecko/20100101 Firefox/39.0', 'x-api-version': '8', 'x-env': 'WEB', 'X-requested-with': 'XMLHttpRequest', 'X-token': 'a1cad95a6d480c14f51dd0eba4914c8337b893c789ec6278bb440c7c9a673b162f042470c62684e6da2bd342ffea7777'})
[2025-06-11 22:03:29] Récupération des données de vote pour Photo of the Week! (URL: photo-of-the-week-300, HEADER:{'User-Agent': 'Mozilla/5.0 (X11; Linux i686; rv:39.0) Gecko/20100101 Firefox/39.0', 'x-api-version': '8', 'x-env': 'WEB', 'X-requested-with': 'XMLHttpRequest', 'X-token': 'a1cad95a6d480c14f51dd0eba4914c8337b893c789ec6278bb440c7c9a673b162f042470c62684e6da2bd342ffea7777'})
[2025-06-11 22:03:29] Récupération des données de vote pour 3 Forms of Water (URL: liquid-gas-or-ice, HEADER:{'User-Agent': 'Mozilla/5.0 (X11; Linux i686; rv:39.0) Gecko/20100101 Firefox/39.0', 'x-api-version': '8', 'x-env': 'WEB', 'X-requested-with': 'XMLHttpRequest', 'X-token': 'a1cad95a6d480c14f51dd0eba4914c8337b893c789ec6278bb440c7c9a673b162f042470c62684e6da2bd342ffea7777'})
[2025-06-11 22:03:29] Récupération réussie: 200 images pour City Creatures
[2025-06-11 22:03:29] Voting fetching ...
[2025-06-11 22:03:29] City Creatures voting 35 images
[2025-06-11 22:03:29] Stratégie chargée depuis gsgui.ini pour bruno/Best of Black & White: end4
[2025-06-11 22:03:33] City Creatures voting 35 images
[2025-06-11 22:03:33] Stratégie chargée depuis gsgui.ini pour bruno/Best of Black & White: end4
[2025-06-11 22:03:33] Récupération réussie: 200 images pour Unforgettable Moments
[2025-06-11 22:03:33] Voting fetching ...
[2025-06-11 22:03:33] Unforgettable Moments voting 35 images
[2025-06-11 22:03:33] Stratégie chargée depuis gsgui.ini pour bruno/Best of Black & White: end4
[2025-06-11 22:03:36] Unforgettable Moments voting 35 images
[2025-06-11 22:03:36] Stratégie chargée depuis gsgui.ini pour bruno/Best of Black & White: end4
[2025-06-11 22:03:36] Récupération réussie: 200 images pour Mud, Dust and Dirt!
[2025-06-11 22:03:36] Voting fetching ...
[2025-06-11 22:03:36] Mud, Dust and Dirt! voting 35 images
[2025-06-11 22:03:36] Stratégie chargée depuis gsgui.ini pour bruno/Best of Black & White: end4
[2025-06-11 22:03:39] Mud, Dust and Dirt! voting 35 images
[2025-06-11 22:03:39] Stratégie chargée depuis gsgui.ini pour bruno/Best of Black & White: end4
[2025-06-11 22:03:40] Récupération réussie: 200 images pour Closed
[2025-06-11 22:03:40] Voting fetching ...
[2025-06-11 22:03:40] Closed voting 35 images
[2025-06-11 22:03:40] Stratégie chargée depuis gsgui.ini pour bruno/Best of Black & White: end4
[2025-06-11 22:03:43] Closed voting 35 images
[2025-06-11 22:03:43] Stratégie chargée depuis gsgui.ini pour bruno/Best of Black & White: end4
[2025-06-11 22:03:43] Récupération réussie: 200 images pour Top Photographer
[2025-06-11 22:03:43] Voting fetching ...
[2025-06-11 22:03:43] Top Photographer voting 35 images
[2025-06-11 22:03:43] Stratégie chargée depuis gsgui.ini pour bruno/Best of Black & White: end4
[2025-06-11 22:03:46] Top Photographer voting 35 images
[2025-06-11 22:03:46] Stratégie chargée depuis gsgui.ini pour bruno/Best of Black & White: end4
[2025-06-11 22:03:46] Récupération réussie: 200 images pour 3 Forms of Water
[2025-06-11 22:03:46] Voting fetching ...
[2025-06-11 22:03:46] 3 Forms of Water voting 35 images
[2025-06-11 22:03:46] Stratégie chargée depuis gsgui.ini pour bruno/Best of Black & White: end4
[2025-06-11 22:03:49] 3 Forms of Water voting 35 images
[2025-06-11 22:03:49] Stratégie chargée depuis gsgui.ini pour bruno/Best of Black & White: end4
[2025-06-11 22:03:49] Récupération réussie: 200 images pour Puppies
[2025-06-11 22:03:49] Voting fetching ...
[2025-06-11 22:03:49] Puppies voting 35 images
[2025-06-11 22:03:49] Stratégie chargée depuis gsgui.ini pour bruno/Best of Black & White: end4
[2025-06-11 22:03:52] Puppies voting 35 images
[2025-06-11 22:03:53] Stratégie chargée depuis gsgui.ini pour bruno/Best of Black & White: end4
[2025-06-11 22:03:53] Récupération réussie: 200 images pour Photo of the Week!
[2025-06-11 22:03:53] Voting fetching ...
[2025-06-11 22:03:53] Photo of the Week! voting 35 images
[2025-06-11 22:03:53] Stratégie chargée depuis gsgui.ini pour bruno/Best of Black & White: end4
[2025-06-11 22:03:56] Photo of the Week! voting 35 images
[2025-06-11 22:03:56] Stratégie chargée depuis gsgui.ini pour bruno/Best of Black & White: end4
[2025-06-11 22:03:56] Récupération réussie: 200 images pour To Be Young
[2025-06-11 22:03:56] Voting fetching ...
[2025-06-11 22:03:56] To Be Young voting 35 images
[2025-06-11 22:03:56] Stratégie chargée depuis gsgui.ini pour bruno/Best of Black & White: end4
[2025-06-11 22:03:59] To Be Young voting 35 images
[2025-06-11 22:03:59] Stratégie chargée depuis gsgui.ini pour bruno/Best of Black & White: end4
[2025-06-11 22:03:59] Récupération réussie: 200 images pour Architectural Curves
[2025-06-11 22:03:59] Voting fetching ...
[2025-06-11 22:03:59] Architectural Curves voting 35 images
[2025-06-11 22:03:59] Stratégie chargée depuis gsgui.ini pour bruno/Best of Black & White: end4
[2025-06-11 22:04:02] Architectural Curves voting 35 images
[2025-06-11 22:04:02] Stratégie chargée depuis gsgui.ini pour bruno/Best of Black & White: end4
[2025-06-11 22:04:02] Récupération réussie: 200 images pour Photography Sessions
[2025-06-11 22:04:02] Voting fetching ...
[2025-06-11 22:04:02] Photography Sessions voting 35 images
[2025-06-11 22:04:02] Stratégie chargée depuis gsgui.ini pour bruno/Best of Black & White: end4
[2025-06-11 22:04:05] Photography Sessions voting 35 images
[2025-06-11 22:04:05] Stratégie chargée depuis gsgui.ini pour bruno/Best of Black & White: end4
[2025-06-11 22:04:05] Récupération réussie: 200 images pour 500 Guru's Picks
[2025-06-11 22:04:05] Voting fetching ...
[2025-06-11 22:04:05] 500 Guru's Picks voting 35 images
[2025-06-11 22:04:05] Stratégie chargée depuis gsgui.ini pour bruno/Best of Black & White: end4
[2025-06-11 22:04:09] 500 Guru's Picks voting 35 images
[2025-06-11 22:04:09] Stratégie chargée depuis gsgui.ini pour bruno/Best of Black & White: end4
[2025-06-11 22:04:09] Récupération réussie: 200 images pour Perfectly Symmetrical
[2025-06-11 22:04:09] Voting fetching ...
[2025-06-11 22:04:09] Perfectly Symmetrical voting 35 images
[2025-06-11 22:04:09] Stratégie chargée depuis gsgui.ini pour bruno/Best of Black & White: end4
[2025-06-11 22:04:12] Perfectly Symmetrical voting 35 images
[2025-06-11 22:04:12] Stratégie chargée depuis gsgui.ini pour bruno/Best of Black & White: end4
[2025-06-11 22:04:12] Récupération réussie: 200 images pour Green Everywhere
[2025-06-11 22:04:12] Voting fetching ...
[2025-06-11 22:04:12] Green Everywhere voting 35 images
[2025-06-11 22:04:12] Stratégie chargée depuis gsgui.ini pour bruno/Best of Black & White: end4
[2025-06-11 22:04:15] Green Everywhere voting 35 images
[2025-06-11 22:04:15] Stratégie chargée depuis gsgui.ini pour bruno/Best of Black & White: end4
[2025-06-11 22:04:15] Récupération réussie: 200 images pour Best of Black & White
[2025-06-11 22:04:15] Voting fetching ...
[2025-06-11 22:04:15] Best of Black & White voting 35 images
[2025-06-11 22:04:15] Stratégie chargée depuis gsgui.ini pour bruno/Best of Black & White: end4
[2025-06-11 22:04:18] Best of Black & White voting 35 images
[2025-06-11 22:04:18] Stratégie chargée depuis gsgui.ini pour bruno/Best of Black & White: end4
[2025-06-11 22:04:18] Récupération réussie: 200 images pour Dramatic Lighting
[2025-06-11 22:04:18] Voting fetching ...
[2025-06-11 22:04:18] Dramatic Lighting voting 35 images
[2025-06-11 22:04:18] Stratégie chargée depuis gsgui.ini pour bruno/Best of Black & White: end4
[2025-06-11 22:04:21] Dramatic Lighting voting 35 images
[2025-06-11 22:04:21] Stratégie chargée depuis gsgui.ini pour bruno/Best of Black & White: end4
[2025-06-11 22:04:23] 3 Forms of Water voted successfully
[2025-06-11 22:04:25] City Creatures voted successfully
[2025-06-11 22:04:27] Mud, Dust and Dirt! voted successfully
[2025-06-11 22:04:29] Closed voted successfully
[2025-06-11 22:04:31] Closed voted successfully
[2025-06-11 22:04:33] City Creatures voted successfully
[2025-06-11 22:04:35] Mud, Dust and Dirt! voted successfully
[2025-06-11 22:04:37] To Be Young voted successfully
[2025-06-11 22:04:39] Top Photographer voted successfully
[2025-06-11 22:04:41] Top Photographer voted successfully
[2025-06-11 22:04:43] Unforgettable Moments voted successfully
[2025-06-11 22:04:45] 3 Forms of Water voted successfully
[2025-06-11 22:04:47] Puppies voted successfully
[2025-06-11 22:04:49] Photography Sessions voted successfully
[2025-06-11 22:04:51] Photo of the Week! voted successfully
[2025-06-11 22:04:53] Architectural Curves voted successfully
[2025-06-11 22:04:55] 500 Guru's Picks voted successfully
[2025-06-11 22:04:57] Architectural Curves voted successfully
[2025-06-11 22:04:59] 500 Guru's Picks voted successfully
[2025-06-11 22:05:01] Perfectly Symmetrical voted successfully
[2025-06-11 22:05:03] Photography Sessions voted successfully
[2025-06-11 22:05:05] Best of Black & White voted successfully
[2025-06-11 22:05:07] Best of Black & White voted successfully
[2025-06-11 22:05:09] Unforgettable Moments voted successfully
[2025-06-11 22:05:11] Dramatic Lighting voted successfully
[2025-06-11 22:05:13] Perfectly Symmetrical voted successfully
[2025-06-11 22:05:15] Photo of the Week! voted successfully
[2025-06-11 22:05:17] To Be Young voted successfully
[2025-06-11 22:05:19] Dramatic Lighting voted successfully
[2025-06-11 22:05:21] Puppies voted successfully
[2025-06-11 22:05:23] Green Everywhere voted successfully
[2025-06-11 22:05:25] Green Everywhere voted successfully
[2025-06-11 22:05:29] Challenges fetching ...
[2025-06-11 22:05:29] Stratégie chargée depuis gsgui.ini pour bruno/Best of Black & White: end4
[2025-06-11 22:05:29] Challenges fetched successfully for bruno!
[2025-06-11 22:05:29] Stratégie chargée depuis gsgui.ini pour bruno/Best of Black & White: end4
[2025-06-11 22:05:29] Challenges fetching ...
[2025-06-11 22:05:30] Stratégie chargée depuis gsgui.ini pour bruno/Best of Black & White: end4
[2025-06-11 22:05:30] Challenges fetched successfully for bruno!
[2025-06-11 22:05:30] Stratégie chargée depuis gsgui.ini pour bruno/Best of Black & White: end4
[2025-06-11 22:05:30] Challenges fetching ...
[2025-06-11 22:05:30] Stratégie chargée depuis gsgui.ini pour bruno/Best of Black & White: end4
[2025-06-11 22:05:30] Challenges fetched successfully for bruno!
[2025-06-11 22:05:30] Stratégie chargée depuis gsgui.ini pour bruno/Best of Black & White: end4
[2025-06-11 22:05:30] Challenges fetching ...
[2025-06-11 22:05:30] Stratégie chargée depuis gsgui.ini pour bruno/Best of Black & White: end4
[2025-06-11 22:05:30] Challenges fetched successfully for bruno!
[2025-06-11 22:05:30] Stratégie chargée depuis gsgui.ini pour bruno/Best of Black & White: end4
[2025-06-11 22:05:30] Challenges fetching ...
[2025-06-11 22:05:30] Stratégie chargée depuis gsgui.ini pour bruno/Best of Black & White: end4
[2025-06-11 22:05:30] Challenges fetched successfully for bruno!
[2025-06-11 22:05:30] Stratégie chargée depuis gsgui.ini pour bruno/Best of Black & White: end4
[2025-06-11 22:05:30] Challenges fetching ...
[2025-06-11 22:05:30] Stratégie chargée depuis gsgui.ini pour bruno/Best of Black & White: end4
[2025-06-11 22:05:30] Challenges fetched successfully for bruno!
[2025-06-11 22:05:30] Stratégie chargée depuis gsgui.ini pour bruno/Best of Black & White: end4
[2025-06-11 22:05:30] Challenges fetching ...
[2025-06-11 22:05:30] Stratégie chargée depuis gsgui.ini pour bruno/Best of Black & White: end4
[2025-06-11 22:05:30] Challenges fetched successfully for bruno!
[2025-06-11 22:05:30] Stratégie chargée depuis gsgui.ini pour bruno/Best of Black & White: end4
[2025-06-11 22:05:30] Challenges fetching ...
[2025-06-11 22:05:30] Stratégie chargée depuis gsgui.ini pour bruno/Best of Black & White: end4
[2025-06-11 22:05:30] Challenges fetched successfully for bruno!
[2025-06-11 22:05:30] Stratégie chargée depuis gsgui.ini pour bruno/Best of Black & White: end4
[2025-06-11 22:05:30] Challenges fetching ...
[2025-06-11 22:05:30] Stratégie chargée depuis gsgui.ini pour bruno/Best of Black & White: end4
[2025-06-11 22:05:30] Challenges fetched successfully for bruno!
[2025-06-11 22:05:30] Stratégie chargée depuis gsgui.ini pour bruno/Best of Black & White: end4
[2025-06-11 22:05:30] Challenges fetching ...
[2025-06-11 22:05:30] Stratégie chargée depuis gsgui.ini pour bruno/Best of Black & White: end4
[2025-06-11 22:05:30] Challenges fetched successfully for bruno!
[2025-06-11 22:05:31] Stratégie chargée depuis gsgui.ini pour bruno/Best of Black & White: end4
[2025-06-11 22:05:31] Challenges fetching ...
[2025-06-11 22:05:31] Stratégie chargée depuis gsgui.ini pour bruno/Best of Black & White: end4
[2025-06-11 22:05:31] Challenges fetched successfully for bruno!
[2025-06-11 22:05:31] Stratégie chargée depuis gsgui.ini pour bruno/Best of Black & White: end4
[2025-06-11 22:05:31] Challenges fetching ...
[2025-06-11 22:05:31] Stratégie chargée depuis gsgui.ini pour bruno/Best of Black & White: end4
[2025-06-11 22:05:31] Challenges fetched successfully for bruno!
[2025-06-11 22:05:31] Stratégie chargée depuis gsgui.ini pour bruno/Best of Black & White: end4
[2025-06-11 22:05:31] Challenges fetching ...
[2025-06-11 22:05:31] Stratégie chargée depuis gsgui.ini pour bruno/Best of Black & White: end4
[2025-06-11 22:05:31] Challenges fetched successfully for bruno!
[2025-06-11 22:05:31] Stratégie chargée depuis gsgui.ini pour bruno/Best of Black & White: end4
[2025-06-11 22:05:31] Challenges fetching ...
[2025-06-11 22:05:31] Stratégie chargée depuis gsgui.ini pour bruno/Best of Black & White: end4
[2025-06-11 22:05:31] Challenges fetched successfully for bruno!
[2025-06-11 22:05:31] Stratégie chargée depuis gsgui.ini pour bruno/Best of Black & White: end4
[2025-06-11 22:05:31] Challenges fetching ...
[2025-06-11 22:05:31] Stratégie chargée depuis gsgui.ini pour bruno/Best of Black & White: end4
[2025-06-11 22:05:31] Challenges fetched successfully for bruno!
[2025-06-11 22:05:31] Stratégie chargée depuis gsgui.ini pour bruno/Best of Black & White: end4
[2025-06-11 22:05:31] Challenges fetching ...
[2025-06-11 22:05:31] Stratégie chargée depuis gsgui.ini pour bruno/Best of Black & White: end4
[2025-06-11 22:05:31] Challenges fetched successfully for bruno!
[2025-06-11 22:05:31] Stratégie chargée depuis gsgui.ini pour bruno/Best of Black & White: end4
[2025-06-11 22:05:31] Challenges fetching ...
[2025-06-11 22:05:31] Stratégie chargée depuis gsgui.ini pour bruno/Best of Black & White: end4
[2025-06-11 22:05:31] Challenges fetched successfully for bruno!
[2025-06-11 22:05:31] Stratégie chargée depuis gsgui.ini pour bruno/Best of Black & White: end4
[2025-06-11 22:05:31] Challenges fetching ...
[2025-06-11 22:05:31] Stratégie chargée depuis gsgui.ini pour bruno/Best of Black & White: end4
[2025-06-11 22:05:32] Challenges fetched successfully for bruno!
[2025-06-11 22:05:32] Stratégie chargée depuis gsgui.ini pour bruno/Best of Black & White: end4
[2025-06-11 22:05:32] Challenges fetching ...
[2025-06-11 22:05:32] Stratégie chargée depuis gsgui.ini pour bruno/Best of Black & White: end4
[2025-06-11 22:05:32] Challenges fetched successfully for bruno!
[2025-06-11 22:05:32] Stratégie chargée depuis gsgui.ini pour bruno/Best of Black & White: end4
[2025-06-11 22:05:32] Challenges fetching ...
[2025-06-11 22:05:32] Stratégie chargée depuis gsgui.ini pour bruno/Best of Black & White: end4
[2025-06-11 22:05:32] Challenges fetched successfully for bruno!
[2025-06-11 22:05:32] Stratégie chargée depuis gsgui.ini pour bruno/Best of Black & White: end4
[2025-06-11 22:05:32] Challenges fetching ...
[2025-06-11 22:05:32] Stratégie chargée depuis gsgui.ini pour bruno/Best of Black & White: end4
[2025-06-11 22:05:32] Challenges fetched successfully for bruno!
[2025-06-11 22:05:32] Stratégie chargée depuis gsgui.ini pour bruno/Best of Black & White: end4
[2025-06-11 22:05:32] Challenges fetching ...
[2025-06-11 22:05:32] Stratégie chargée depuis gsgui.ini pour bruno/Best of Black & White: end4
[2025-06-11 22:05:32] Challenges fetched successfully for bruno!
[2025-06-11 22:05:32] Stratégie chargée depuis gsgui.ini pour bruno/Best of Black & White: end4
[2025-06-11 22:05:32] Challenges fetching ...
[2025-06-11 22:05:32] Stratégie chargée depuis gsgui.ini pour bruno/Best of Black & White: end4
[2025-06-11 22:05:32] Challenges fetched successfully for bruno!
[2025-06-11 22:05:32] Stratégie chargée depuis gsgui.ini pour bruno/Best of Black & White: end4
[2025-06-11 22:05:32] Challenges fetching ...
[2025-06-11 22:05:32] Stratégie chargée depuis gsgui.ini pour bruno/Best of Black & White: end4
[2025-06-11 22:05:32] Challenges fetched successfully for bruno!
[2025-06-11 22:05:32] Stratégie chargée depuis gsgui.ini pour bruno/Best of Black & White: end4
[2025-06-11 22:05:32] Challenges fetching ...
[2025-06-11 22:05:32] Stratégie chargée depuis gsgui.ini pour bruno/Best of Black & White: end4
[2025-06-11 22:05:32] Challenges fetched successfully for bruno!
[2025-06-11 22:05:33] Stratégie chargée depuis gsgui.ini pour bruno/Best of Black & White: end4
[2025-06-11 22:05:33] Challenges fetching ...
[2025-06-11 22:05:33] Stratégie chargée depuis gsgui.ini pour bruno/Best of Black & White: end4
[2025-06-11 22:05:33] Challenges fetched successfully for bruno!
[2025-06-11 22:05:33] Stratégie chargée depuis gsgui.ini pour bruno/Best of Black & White: end4
[2025-06-11 22:05:33] Challenges fetching ...
[2025-06-11 22:05:33] Stratégie chargée depuis gsgui.ini pour bruno/Best of Black & White: end4
[2025-06-11 22:05:33] Challenges fetched successfully for bruno!
[2025-06-11 22:05:33] Stratégie chargée depuis gsgui.ini pour bruno/Best of Black & White: end4
[2025-06-11 22:05:33] Challenges fetching ...
[2025-06-11 22:05:33] Stratégie chargée depuis gsgui.ini pour bruno/Best of Black & White: end4
[2025-06-11 22:05:33] Challenges fetched successfully for bruno!
[2025-06-11 22:05:33] Stratégie chargée depuis gsgui.ini pour bruno/Best of Black & White: end4
[2025-06-11 22:05:33] Challenges fetching ...
[2025-06-11 22:05:33] Stratégie chargée depuis gsgui.ini pour bruno/Best of Black & White: end4
[2025-06-11 22:05:33] Challenges fetched successfully for bruno!
[2025-06-11 22:05:33] Stratégie chargée depuis gsgui.ini pour bruno/Best of Black & White: end4
[2025-06-11 22:05:33] Challenges fetching ...
[2025-06-11 22:05:33] Stratégie chargée depuis gsgui.ini pour bruno/Best of Black & White: end4
[2025-06-11 22:05:33] Challenges fetched successfully for bruno!
[2025-06-11 22:05:33] Stratégie chargée depuis gsgui.ini pour bruno/Best of Black & White: end4
[2025-06-11 22:05:34] Challenges fetching ...
[2025-06-11 22:05:34] Stratégie chargée depuis gsgui.ini pour bruno/Best of Black & White: end4
[2025-06-11 22:05:34] Challenges fetched successfully for bruno!
[2025-06-11 22:05:34] Stratégie chargée depuis gsgui.ini pour bruno/Best of Black & White: end4
[2025-06-11 22:05:34] Challenges fetching ...
[2025-06-11 22:05:34] Stratégie chargée depuis gsgui.ini pour bruno/Best of Black & White: end4
[2025-06-11 22:05:34] Challenges fetched successfully for bruno!
[2025-06-11 22:05:34] Stratégie chargée depuis gsgui.ini pour bruno/Best of Black & White: end4
