[2025-05-29 17:13:18] Fetching challenges...
[2025-05-29 17:13:19] Challenges fetching ...
[2025-05-29 17:13:19] Stratégie chargée depuis gsgui.ini pour bruno/Green Grass: fills
[2025-05-29 17:13:19] Lancement automatique des stratégies de fin pour 3 nouveaux challenges...
[2025-05-29 17:13:19] Nouveau challenge détecté pour bruno: 12 Hours
[2025-05-29 17:13:19] Nouveau challenge détecté pour bruno: Green Grass
[2025-05-29 17:13:19] Nouveau challenge détecté pour bruno: Beginning with ‘L’
[2025-05-29 17:13:19] Challenges fetched successfully for bruno!
[2025-05-29 17:13:19] Stratégie chargée depuis gsgui.ini pour bruno/Green Grass: fills
[2025-05-29 17:13:27] Lancement de la stratégie fills pour Green Grass
[2025-05-29 17:13:27] Nouveau processus ajouté pour bruno: green-grass-vote-1-left-15H:50M - Statut: init
[2025-05-29 17:13:27] Application des stratégies pour les challenges sélectionnés:
- Green Grass avec stratégie fills

[2025-05-29 17:13:27] Traitement du challenge pour bruno: green-grass
[2025-05-29 17:13:27] Processus mis à jour pour bruno: green-grass-vote-1-left-15H:50M - waiting
[2025-05-29 17:13:27] Stratégie chargée depuis gsgui.ini pour bruno/Green Grass: fills
[2025-05-29 17:13:35] Processus supprimé pour bruno: green-grass-vote-100-left-0H:4M - stopped
[2025-05-29 17:13:35] Processus mis à jour pour bruno: green-grass-vote-100-left-0H:4M - stopped
[2025-05-29 17:13:35] Processus supprimé pour bruno: green-grass-vote-50-left-0H:3M - stopped
[2025-05-29 17:13:35] Processus mis à jour pour bruno: green-grass-vote-50-left-0H:3M - stopped
[2025-05-29 17:13:35] Processus supprimé pour bruno: green-grass-vote-50-left-0H:2M - stopped
[2025-05-29 17:13:35] Processus mis à jour pour bruno: green-grass-vote-50-left-0H:2M - stopped
[2025-05-29 17:13:35] Processus supprimé pour bruno: green-grass-vote-50-left-0H:1M - stopped
[2025-05-29 17:13:35] Processus mis à jour pour bruno: green-grass-vote-50-left-0H:1M - stopped
[2025-05-29 17:13:35] Processus supprimé pour bruno: green-grass-vote-1-left-15H:50M - stopped
[2025-05-29 17:13:35] Processus mis à jour pour bruno: green-grass-vote-1-left-15H:50M - stopped
[2025-05-29 17:13:35] Arrêt des stratégies pour les challenges sélectionnés:
- Arrêt et suppression du processus pour Green Grass
- Arrêt et suppression du processus pour Green Grass
- Arrêt et suppression du processus pour Green Grass
- Arrêt et suppression du processus pour Green Grass
- Arrêt et suppression du processus pour Green Grass

[2025-05-29 17:13:35] Stratégie chargée depuis gsgui.ini pour bruno/Green Grass: fills
[2025-05-29 17:13:35] Stratégie chargée depuis gsgui.ini pour bruno/Green Grass: fills
[2025-05-29 17:13:35] Stratégie chargée depuis gsgui.ini pour bruno/Green Grass: fills
[2025-05-29 17:13:35] Stratégie chargée depuis gsgui.ini pour bruno/Green Grass: fills
[2025-05-29 17:13:35] Stratégie chargée depuis gsgui.ini pour bruno/Green Grass: fills
[2025-05-29 17:13:35] Stratégie chargée depuis gsgui.ini pour bruno/Green Grass: fills
[2025-05-29 17:13:42] Arrêt du processus green-grass-vote-1-left-15H:50M: profil bruno ou processus non disponible
[2025-05-29 17:13:44] Lancement de la stratégie fills pour Green Grass
[2025-05-29 17:13:44] Application des stratégies pour les challenges sélectionnés:
- Green Grass avec stratégie fills

[2025-05-29 17:13:44] Nouveau processus ajouté pour bruno: green-grass-vote-1-left-15H:50M - Statut: init
[2025-05-29 17:13:44] Traitement du challenge pour bruno: green-grass
[2025-05-29 17:13:44] Processus mis à jour pour bruno: green-grass-vote-1-left-15H:50M - waiting
[2025-05-29 17:13:44] Stratégie chargée depuis gsgui.ini pour bruno/Green Grass: fills
[2025-05-29 17:13:54] Challenges en cours de traitement:
- Processus: a-house-all-alone1-vote-100-left-0H:3M: waiting
- Processus: a-house-all-alone1-vote-50-left-0H:2M: waiting
- Processus: a-house-all-alone1-vote-50-left-0H:1M: waiting
- Processus: beginning-with-l--vote-100-left-0H:4M: waiting
- Processus: beginning-with-l--vote-50-left-0H:3M: waiting
- Processus: beginning-with-l--vote-50-left-0H:2M: waiting
- Processus: beginning-with-l--vote-50-left-0H:1M: waiting
- Processus: 12-hours94-vote-100-left-0H:4M: waiting
- Processus: 12-hours94-vote-50-left-0H:3M: waiting
- Processus: 12-hours94-vote-50-left-0H:2M: waiting
- Processus: 12-hours94-vote-50-left-0H:1M: waiting
- Processus: green-grass-vote-1-left-15H:50M: waiting

[2025-05-29 17:13:54] process id  : , a-house-all-alone1-vote-100-left-0H:3M, status, waiting, cmde,  --cha a-house-all-alone1 vote 100 --left 0:3
[2025-05-29 17:13:54] process id  : , a-house-all-alone1-vote-50-left-0H:2M, status, waiting, cmde,  --cha a-house-all-alone1 vote 50 --left 0:2
[2025-05-29 17:13:54] process id  : , a-house-all-alone1-vote-50-left-0H:1M, status, waiting, cmde,  --cha a-house-all-alone1 vote 50 --left 0:1
[2025-05-29 17:13:54] process id  : , beginning-with-l--vote-100-left-0H:4M, status, waiting, cmde,  --cha beginning-with-l- vote 100 --left 0:4
[2025-05-29 17:13:54] process id  : , beginning-with-l--vote-50-left-0H:3M, status, waiting, cmde,  --cha beginning-with-l- vote 50 --left 0:3
[2025-05-29 17:13:54] process id  : , beginning-with-l--vote-50-left-0H:2M, status, waiting, cmde,  --cha beginning-with-l- vote 50 --left 0:2
[2025-05-29 17:13:54] process id  : , beginning-with-l--vote-50-left-0H:1M, status, waiting, cmde,  --cha beginning-with-l- vote 50 --left 0:1
[2025-05-29 17:13:54] process id  : , 12-hours94-vote-100-left-0H:4M, status, waiting, cmde,  --cha 12-hours94 vote 100 --left 0:4
[2025-05-29 17:13:54] process id  : , 12-hours94-vote-50-left-0H:3M, status, waiting, cmde,  --cha 12-hours94 vote 50 --left 0:3
[2025-05-29 17:13:54] process id  : , 12-hours94-vote-50-left-0H:2M, status, waiting, cmde,  --cha 12-hours94 vote 50 --left 0:2
[2025-05-29 17:13:54] process id  : , 12-hours94-vote-50-left-0H:1M, status, waiting, cmde,  --cha 12-hours94 vote 50 --left 0:1
[2025-05-29 17:13:54] process id  : , green-grass-vote-1-left-15H:50M, status, waiting, cmde,  --cha green-grass vote 1 --left 15:50
[2025-05-29 17:20:26] Refreshing challenges...
[2025-05-29 17:20:26] Fetching challenges...
[2025-05-29 17:20:27] Challenges fetching ...
[2025-05-29 17:20:27] Stratégie chargée depuis gsgui.ini pour bruno/Green Grass: fills
[2025-05-29 17:20:27] Challenges fetched successfully for bruno!
[2025-05-29 17:20:27] Stratégie chargée depuis gsgui.ini pour bruno/Green Grass: fills
[2025-05-29 17:20:29] Processus mis à jour pour bruno: green-grass-vote-1-left-15H:50M - executing
[2025-05-29 17:20:29] Traitement de vote pour Green Grass
[2025-05-29 17:20:29] Green Grass get vote panel
[2025-05-29 17:20:29] Processus associé: green-grass-vote-1-left-15H:50M
[2025-05-29 17:24:01] Fetching challenges...
[2025-05-29 17:24:03] Challenges fetching ...
[2025-05-29 17:24:03] Stratégie chargée depuis gsgui.ini pour bruno/Green Grass: fills
[2025-05-29 17:24:03] Lancement automatique des stratégies de fin pour 3 nouveaux challenges...
[2025-05-29 17:24:03] Nouveau challenge détecté pour bruno: 12 Hours
[2025-05-29 17:24:03] Nouveau challenge détecté pour bruno: Green Grass
[2025-05-29 17:24:03] Nouveau challenge détecté pour bruno: Beginning with ‘L’
[2025-05-29 17:24:03] Challenges fetched successfully for bruno!
[2025-05-29 17:24:03] Stratégie chargée depuis gsgui.ini pour bruno/Green Grass: fills
[2025-05-29 17:24:08] Challenges en cours de traitement:
- Processus: a-house-all-alone1-vote-100-left-0H:3M: waiting
- Processus: a-house-all-alone1-vote-50-left-0H:2M: waiting
- Processus: a-house-all-alone1-vote-50-left-0H:1M: waiting
- Processus: beginning-with-l--vote-100-left-0H:4M: waiting
- Processus: beginning-with-l--vote-50-left-0H:3M: waiting
- Processus: beginning-with-l--vote-50-left-0H:2M: waiting
- Processus: beginning-with-l--vote-50-left-0H:1M: waiting
- Processus: 12-hours94-vote-100-left-0H:4M: waiting
- Processus: 12-hours94-vote-50-left-0H:3M: waiting
- Processus: 12-hours94-vote-50-left-0H:2M: waiting
- Processus: 12-hours94-vote-50-left-0H:1M: waiting
- Processus: green-grass-vote-1-left-15H:50M: executing

[2025-05-29 17:24:08] process id  : , a-house-all-alone1-vote-100-left-0H:3M, status, waiting, cmde,  --cha a-house-all-alone1 vote 100 --left 0:3
[2025-05-29 17:24:08] process id  : , a-house-all-alone1-vote-50-left-0H:2M, status, waiting, cmde,  --cha a-house-all-alone1 vote 50 --left 0:2
[2025-05-29 17:24:08] process id  : , a-house-all-alone1-vote-50-left-0H:1M, status, waiting, cmde,  --cha a-house-all-alone1 vote 50 --left 0:1
[2025-05-29 17:24:08] process id  : , beginning-with-l--vote-100-left-0H:4M, status, waiting, cmde,  --cha beginning-with-l- vote 100 --left 0:4
[2025-05-29 17:24:08] process id  : , beginning-with-l--vote-50-left-0H:3M, status, waiting, cmde,  --cha beginning-with-l- vote 50 --left 0:3
[2025-05-29 17:24:08] process id  : , beginning-with-l--vote-50-left-0H:2M, status, waiting, cmde,  --cha beginning-with-l- vote 50 --left 0:2
[2025-05-29 17:24:08] process id  : , beginning-with-l--vote-50-left-0H:1M, status, waiting, cmde,  --cha beginning-with-l- vote 50 --left 0:1
[2025-05-29 17:24:08] process id  : , 12-hours94-vote-100-left-0H:4M, status, waiting, cmde,  --cha 12-hours94 vote 100 --left 0:4
[2025-05-29 17:24:08] process id  : , 12-hours94-vote-50-left-0H:3M, status, waiting, cmde,  --cha 12-hours94 vote 50 --left 0:3
[2025-05-29 17:24:08] process id  : , 12-hours94-vote-50-left-0H:2M, status, waiting, cmde,  --cha 12-hours94 vote 50 --left 0:2
[2025-05-29 17:24:08] process id  : , 12-hours94-vote-50-left-0H:1M, status, waiting, cmde,  --cha 12-hours94 vote 50 --left 0:1
[2025-05-29 17:24:08] process id  : , green-grass-vote-1-left-15H:50M, status, executing, cmde,  --cha green-grass vote 1 --left 15:50
[2025-05-29 17:24:20] Processus supprimé pour bruno: green-grass-vote-1-left-15H:50M - stopped
[2025-05-29 17:24:20] Processus mis à jour pour bruno: green-grass-vote-1-left-15H:50M - stopped
[2025-05-29 17:24:20] Arrêt des stratégies pour les challenges sélectionnés:
- Arrêt et suppression du processus pour Green Grass

[2025-05-29 17:24:20] Stratégie chargée depuis gsgui.ini pour bruno/Green Grass: fills
[2025-05-29 17:24:20] Stratégie chargée depuis gsgui.ini pour bruno/Green Grass: fills
[2025-05-29 17:24:25] Lancement de la stratégie fills pour Green Grass
[2025-05-29 17:24:25] Application des stratégies pour les challenges sélectionnés:
- Green Grass avec stratégie fills

[2025-05-29 17:24:25] Nouveau processus ajouté pour bruno: green-grass-vote-1-left-15H:40M - Statut: init
[2025-05-29 17:24:25] Traitement du challenge pour bruno: green-grass
[2025-05-29 17:24:25] Processus mis à jour pour bruno: green-grass-vote-1-left-15H:40M - waiting
[2025-05-29 17:24:25] Stratégie chargée depuis gsgui.ini pour bruno/Green Grass: fills
[2025-05-29 17:24:37] Challenges en cours de traitement:
- Processus: a-house-all-alone1-vote-100-left-0H:3M: waiting
- Processus: a-house-all-alone1-vote-50-left-0H:2M: waiting
- Processus: a-house-all-alone1-vote-50-left-0H:1M: waiting
- Processus: beginning-with-l--vote-100-left-0H:4M: waiting
- Processus: beginning-with-l--vote-50-left-0H:3M: waiting
- Processus: beginning-with-l--vote-50-left-0H:2M: waiting
- Processus: beginning-with-l--vote-50-left-0H:1M: waiting
- Processus: 12-hours94-vote-100-left-0H:4M: waiting
- Processus: 12-hours94-vote-50-left-0H:3M: waiting
- Processus: 12-hours94-vote-50-left-0H:2M: waiting
- Processus: 12-hours94-vote-50-left-0H:1M: waiting
- Processus: green-grass-vote-1-left-15H:40M: waiting

[2025-05-29 17:24:37] process id  : , a-house-all-alone1-vote-100-left-0H:3M, status, waiting, cmde,  --cha a-house-all-alone1 vote 100 --left 0:3
[2025-05-29 17:24:37] process id  : , a-house-all-alone1-vote-50-left-0H:2M, status, waiting, cmde,  --cha a-house-all-alone1 vote 50 --left 0:2
[2025-05-29 17:24:37] process id  : , a-house-all-alone1-vote-50-left-0H:1M, status, waiting, cmde,  --cha a-house-all-alone1 vote 50 --left 0:1
[2025-05-29 17:24:37] process id  : , beginning-with-l--vote-100-left-0H:4M, status, waiting, cmde,  --cha beginning-with-l- vote 100 --left 0:4
[2025-05-29 17:24:37] process id  : , beginning-with-l--vote-50-left-0H:3M, status, waiting, cmde,  --cha beginning-with-l- vote 50 --left 0:3
[2025-05-29 17:24:37] process id  : , beginning-with-l--vote-50-left-0H:2M, status, waiting, cmde,  --cha beginning-with-l- vote 50 --left 0:2
[2025-05-29 17:24:37] process id  : , beginning-with-l--vote-50-left-0H:1M, status, waiting, cmde,  --cha beginning-with-l- vote 50 --left 0:1
[2025-05-29 17:24:37] process id  : , 12-hours94-vote-100-left-0H:4M, status, waiting, cmde,  --cha 12-hours94 vote 100 --left 0:4
[2025-05-29 17:24:37] process id  : , 12-hours94-vote-50-left-0H:3M, status, waiting, cmde,  --cha 12-hours94 vote 50 --left 0:3
[2025-05-29 17:24:37] process id  : , 12-hours94-vote-50-left-0H:2M, status, waiting, cmde,  --cha 12-hours94 vote 50 --left 0:2
[2025-05-29 17:24:37] process id  : , 12-hours94-vote-50-left-0H:1M, status, waiting, cmde,  --cha 12-hours94 vote 50 --left 0:1
[2025-05-29 17:24:37] process id  : , green-grass-vote-1-left-15H:40M, status, waiting, cmde,  --cha green-grass vote 1 --left 15:40
[2025-05-29 17:36:51] Fetching challenges...
[2025-05-29 17:36:53] Challenges fetching ...
[2025-05-29 17:36:53] Stratégie chargée depuis gsgui.ini pour bruno/Green Grass: fills
[2025-05-29 17:36:53] Lancement automatique des stratégies de fin pour 3 nouveaux challenges...
[2025-05-29 17:36:53] Nouveau challenge détecté pour bruno: 12 Hours
[2025-05-29 17:36:53] Nouveau challenge détecté pour bruno: Green Grass
[2025-05-29 17:36:53] Nouveau challenge détecté pour bruno: Beginning with ‘L’
[2025-05-29 17:36:53] Challenges fetched successfully for bruno!
[2025-05-29 17:36:53] Stratégie chargée depuis gsgui.ini pour bruno/Green Grass: fills
[2025-05-29 17:36:59] Challenges en cours de traitement:
- Processus: a-house-all-alone1-vote-100-left-0H:3M: waiting
- Processus: a-house-all-alone1-vote-50-left-0H:2M: waiting
- Processus: a-house-all-alone1-vote-50-left-0H:1M: waiting
- Processus: beginning-with-l--vote-100-left-0H:4M: waiting
- Processus: beginning-with-l--vote-50-left-0H:3M: waiting
- Processus: beginning-with-l--vote-50-left-0H:2M: waiting
- Processus: beginning-with-l--vote-50-left-0H:1M: waiting
- Processus: 12-hours94-vote-100-left-0H:4M: waiting
- Processus: 12-hours94-vote-50-left-0H:3M: waiting
- Processus: 12-hours94-vote-50-left-0H:2M: waiting
- Processus: 12-hours94-vote-50-left-0H:1M: waiting
- Processus: green-grass-vote-1-left-15H:40M: waiting

[2025-05-29 17:36:59] process id  : , a-house-all-alone1-vote-100-left-0H:3M, status, waiting, cmde,  --cha a-house-all-alone1 vote 100 --left 0:3
[2025-05-29 17:36:59] process id  : , a-house-all-alone1-vote-50-left-0H:2M, status, waiting, cmde,  --cha a-house-all-alone1 vote 50 --left 0:2
[2025-05-29 17:36:59] process id  : , a-house-all-alone1-vote-50-left-0H:1M, status, waiting, cmde,  --cha a-house-all-alone1 vote 50 --left 0:1
[2025-05-29 17:36:59] process id  : , beginning-with-l--vote-100-left-0H:4M, status, waiting, cmde,  --cha beginning-with-l- vote 100 --left 0:4
[2025-05-29 17:36:59] process id  : , beginning-with-l--vote-50-left-0H:3M, status, waiting, cmde,  --cha beginning-with-l- vote 50 --left 0:3
[2025-05-29 17:36:59] process id  : , beginning-with-l--vote-50-left-0H:2M, status, waiting, cmde,  --cha beginning-with-l- vote 50 --left 0:2
[2025-05-29 17:36:59] process id  : , beginning-with-l--vote-50-left-0H:1M, status, waiting, cmde,  --cha beginning-with-l- vote 50 --left 0:1
[2025-05-29 17:36:59] process id  : , 12-hours94-vote-100-left-0H:4M, status, waiting, cmde,  --cha 12-hours94 vote 100 --left 0:4
[2025-05-29 17:36:59] process id  : , 12-hours94-vote-50-left-0H:3M, status, waiting, cmde,  --cha 12-hours94 vote 50 --left 0:3
[2025-05-29 17:36:59] process id  : , 12-hours94-vote-50-left-0H:2M, status, waiting, cmde,  --cha 12-hours94 vote 50 --left 0:2
[2025-05-29 17:36:59] process id  : , 12-hours94-vote-50-left-0H:1M, status, waiting, cmde,  --cha 12-hours94 vote 50 --left 0:1
[2025-05-29 17:36:59] process id  : , green-grass-vote-1-left-15H:40M, status, waiting, cmde,  --cha green-grass vote 1 --left 15:40
[2025-05-29 17:37:04] Processus supprimé pour bruno: green-grass-vote-1-left-15H:40M - stopped
[2025-05-29 17:37:04] Processus mis à jour pour bruno: green-grass-vote-1-left-15H:40M - stopped
[2025-05-29 17:37:04] Arrêt des stratégies pour les challenges sélectionnés:
- Arrêt et suppression du processus pour Green Grass

[2025-05-29 17:37:04] Stratégie chargée depuis gsgui.ini pour bruno/Green Grass: fills
[2025-05-29 17:37:04] Stratégie chargée depuis gsgui.ini pour bruno/Green Grass: fills
[2025-05-29 17:37:09] Lancement de la stratégie fills pour Green Grass
[2025-05-29 17:37:09] Application des stratégies pour les challenges sélectionnés:
- Green Grass avec stratégie fills

[2025-05-29 17:37:09] Nouveau processus ajouté pour bruno: green-grass-vote-1-left-15H:30M - Statut: init
[2025-05-29 17:37:09] Traitement du challenge pour bruno: green-grass
[2025-05-29 17:37:09] Processus mis à jour pour bruno: green-grass-vote-1-left-15H:30M - waiting
[2025-05-29 17:37:09] Stratégie chargée depuis gsgui.ini pour bruno/Green Grass: fills
[2025-05-29 17:37:15] Challenges en cours de traitement:
- Processus: a-house-all-alone1-vote-100-left-0H:3M: waiting
- Processus: a-house-all-alone1-vote-50-left-0H:2M: waiting
- Processus: a-house-all-alone1-vote-50-left-0H:1M: waiting
- Processus: beginning-with-l--vote-100-left-0H:4M: waiting
- Processus: beginning-with-l--vote-50-left-0H:3M: waiting
- Processus: beginning-with-l--vote-50-left-0H:2M: waiting
- Processus: beginning-with-l--vote-50-left-0H:1M: waiting
- Processus: 12-hours94-vote-100-left-0H:4M: waiting
- Processus: 12-hours94-vote-50-left-0H:3M: waiting
- Processus: 12-hours94-vote-50-left-0H:2M: waiting
- Processus: 12-hours94-vote-50-left-0H:1M: waiting
- Processus: green-grass-vote-1-left-15H:30M: waiting

[2025-05-29 17:37:15] process id  : , a-house-all-alone1-vote-100-left-0H:3M, status, waiting, cmde,  --cha a-house-all-alone1 vote 100 --left 0:3
[2025-05-29 17:37:15] process id  : , a-house-all-alone1-vote-50-left-0H:2M, status, waiting, cmde,  --cha a-house-all-alone1 vote 50 --left 0:2
[2025-05-29 17:37:15] process id  : , a-house-all-alone1-vote-50-left-0H:1M, status, waiting, cmde,  --cha a-house-all-alone1 vote 50 --left 0:1
[2025-05-29 17:37:15] process id  : , beginning-with-l--vote-100-left-0H:4M, status, waiting, cmde,  --cha beginning-with-l- vote 100 --left 0:4
[2025-05-29 17:37:15] process id  : , beginning-with-l--vote-50-left-0H:3M, status, waiting, cmde,  --cha beginning-with-l- vote 50 --left 0:3
[2025-05-29 17:37:15] process id  : , beginning-with-l--vote-50-left-0H:2M, status, waiting, cmde,  --cha beginning-with-l- vote 50 --left 0:2
[2025-05-29 17:37:15] process id  : , beginning-with-l--vote-50-left-0H:1M, status, waiting, cmde,  --cha beginning-with-l- vote 50 --left 0:1
[2025-05-29 17:37:15] process id  : , 12-hours94-vote-100-left-0H:4M, status, waiting, cmde,  --cha 12-hours94 vote 100 --left 0:4
[2025-05-29 17:37:15] process id  : , 12-hours94-vote-50-left-0H:3M, status, waiting, cmde,  --cha 12-hours94 vote 50 --left 0:3
[2025-05-29 17:37:15] process id  : , 12-hours94-vote-50-left-0H:2M, status, waiting, cmde,  --cha 12-hours94 vote 50 --left 0:2
[2025-05-29 17:37:15] process id  : , 12-hours94-vote-50-left-0H:1M, status, waiting, cmde,  --cha 12-hours94 vote 50 --left 0:1
[2025-05-29 17:37:15] process id  : , green-grass-vote-1-left-15H:30M, status, waiting, cmde,  --cha green-grass vote 1 --left 15:30
[2025-05-29 17:40:52] Refreshing challenges...
[2025-05-29 17:40:52] Fetching challenges...
[2025-05-29 17:40:53] Challenges fetching ...
[2025-05-29 17:40:53] Stratégie chargée depuis gsgui.ini pour bruno/Green Grass: fills
[2025-05-29 17:40:53] Challenges fetched successfully for bruno!
[2025-05-29 17:40:53] Stratégie chargée depuis gsgui.ini pour bruno/Green Grass: fills
[2025-05-29 17:40:54] Processus mis à jour pour bruno: green-grass-vote-1-left-15H:30M - executing
[2025-05-29 17:40:54] Traitement de vote pour Green Grass
[2025-05-29 17:40:54] Green Grass get vote panel
[2025-05-29 17:40:54] Processus associé: green-grass-vote-1-left-15H:30M
[2025-05-29 17:46:51] Processus bloqué détecté pour bruno/Green Grass: green-grass-vote-1-left-15H:30M
[2025-05-29 17:46:51] Processus supprimé pour bruno: green-grass-vote-1-left-15H:30M - timeout
[2025-05-29 17:46:51] Processus mis à jour pour bruno: green-grass-vote-1-left-15H:30M - timeout
[2025-05-29 17:46:51] Processus green-grass-vote-1-left-15H:30M nettoyé après timeout (profil: bruno)
[2025-05-29 17:46:52] Stratégie chargée depuis gsgui.ini pour bruno/Green Grass: fills
[2025-05-29 17:48:00] Refreshing challenges...
[2025-05-29 17:48:00] Fetching challenges...
[2025-05-29 17:48:01] Challenges fetching ...
[2025-05-29 17:48:01] Stratégie chargée depuis gsgui.ini pour bruno/Green Grass: fills
[2025-05-29 17:48:01] Challenges fetched successfully for bruno!
[2025-05-29 17:48:01] Stratégie chargée depuis gsgui.ini pour bruno/Green Grass: fills
[2025-05-29 17:48:31] Arrêt des stratégies pour les challenges sélectionnés:
Aucun processus en cours pour les challenges sélectionnés.

[2025-05-29 17:48:31] Stratégie chargée depuis gsgui.ini pour bruno/Green Grass: fills
[2025-05-29 17:48:55] Fetching challenges...
[2025-05-29 17:48:57] Challenges fetching ...
[2025-05-29 17:48:57] Stratégie chargée depuis gsgui.ini pour bruno/Green Grass: fills
[2025-05-29 17:48:57] Lancement automatique des stratégies de fin pour 3 nouveaux challenges...
[2025-05-29 17:48:57] Nouveau challenge détecté pour bruno: Green Grass
[2025-05-29 17:48:57] Nouveau challenge détecté pour bruno: 12 Hours
[2025-05-29 17:48:57] Nouveau challenge détecté pour bruno: Beginning with ‘L’
[2025-05-29 17:48:57] Challenges fetched successfully for bruno!
[2025-05-29 17:48:57] Stratégie chargée depuis gsgui.ini pour bruno/Green Grass: fills
[2025-05-29 17:49:05] Lancement de la stratégie fills pour Green Grass
[2025-05-29 17:49:05] Nouveau processus ajouté pour bruno: green-grass-vote-1-left-15H:20M - Statut: init
[2025-05-29 17:49:05] Application des stratégies pour les challenges sélectionnés:
- Green Grass avec stratégie fills

[2025-05-29 17:49:05] Traitement du challenge pour bruno: green-grass
[2025-05-29 17:49:05] Stratégie chargée depuis gsgui.ini pour bruno/Green Grass: fills
[2025-05-29 17:49:05] Processus mis à jour pour bruno: green-grass-vote-1-left-15H:20M - waiting
[2025-05-29 17:49:57] Refreshing challenges...
[2025-05-29 17:49:57] Fetching challenges...
[2025-05-29 17:49:58] Challenges fetching ...
[2025-05-29 17:49:58] Stratégie chargée depuis gsgui.ini pour bruno/Green Grass: fills
[2025-05-29 17:49:58] Challenges fetched successfully for bruno!
[2025-05-29 17:49:58] Stratégie chargée depuis gsgui.ini pour bruno/Green Grass: fills
[2025-05-29 17:50:05] Processus mis à jour pour bruno: green-grass-vote-1-left-15H:20M - executing
[2025-05-29 17:50:05] Traitement de vote pour Green Grass
[2025-05-29 17:50:05] Green Grass get vote panel
[2025-05-29 17:50:05] Processus associé: green-grass-vote-1-left-15H:20M
[2025-05-29 17:50:05] Récupération des données de vote pour Green Grass (URL: green-grass, HEADER:{'User-Agent': 'Mozilla/5.0 (X11; Linux i686; rv:39.0) Gecko/20100101 Firefox/39.0', 'x-api-version': '8', 'x-env': 'WEB', 'X-requested-with': 'XMLHttpRequest', 'X-token': 'a1cad95a6d480c14f51dd0eba4914c8337b893c789ec6278bb440c7c9a673b162f042470c62684e6da2bd342ffea7777'})
[2025-05-29 17:50:06] Récupération réussie: 200 images pour Green Grass
[2025-05-29 17:50:06] Voting fetching ...
[2025-05-29 17:50:06] Green Grass voting 1 images
[2025-05-29 17:50:06] Stratégie chargée depuis gsgui.ini pour bruno/Green Grass: fills
[2025-05-29 17:50:07] Green Grass voted successfully
[2025-05-29 17:50:07] Processus supprimé pour bruno: green-grass-vote-1-left-15H:20M - success
[2025-05-29 17:50:07] Processus mis à jour pour bruno: green-grass-vote-1-left-15H:20M - success
[2025-05-29 17:50:07] Processus green-grass-vote-1-left-15H:20M terminé avec succès (profil: bruno)
[2025-05-29 17:50:09] Stratégie chargée depuis gsgui.ini pour bruno/Green Grass: fills
[2025-05-29 17:50:10] Challenges fetching ...
[2025-05-29 17:50:10] Stratégie chargée depuis gsgui.ini pour bruno/Green Grass: fills
[2025-05-29 17:50:10] Challenges fetched successfully for bruno!
[2025-05-29 17:50:10] Stratégie chargée depuis gsgui.ini pour bruno/Green Grass: fills
[2025-05-29 17:51:19] Fetching challenges...
[2025-05-29 17:51:21] Challenges fetching ...
[2025-05-29 17:51:21] Stratégie chargée depuis gsgui.ini pour bruno/Green Grass: fills
[2025-05-29 17:51:21] Lancement automatique des stratégies de fin pour 3 nouveaux challenges...
[2025-05-29 17:51:21] Nouveau challenge détecté pour bruno: Green Grass
[2025-05-29 17:51:21] Nouveau challenge détecté pour bruno: 12 Hours
[2025-05-29 17:51:21] Nouveau challenge détecté pour bruno: Beginning with ‘L’
[2025-05-29 17:51:21] Challenges fetched successfully for bruno!
[2025-05-29 17:51:21] Stratégie chargée depuis gsgui.ini pour bruno/Green Grass: fills
[2025-05-29 17:51:28] Lancement de la stratégie fills pour Green Grass
[2025-05-29 17:51:28] Application des stratégies pour les challenges sélectionnés:
- Green Grass avec stratégie fills

[2025-05-29 17:51:28] Nouveau processus ajouté pour bruno: green-grass-vote-1-left-15H:10M - Statut: init
[2025-05-29 17:51:28] Traitement du challenge pour bruno: green-grass
[2025-05-29 17:51:28] Stratégie chargée depuis gsgui.ini pour bruno/Green Grass: fills
[2025-05-29 17:51:28] Processus mis à jour pour bruno: green-grass-vote-1-left-15H:10M - waiting
[2025-05-29 18:31:40] Refreshing challenges...
[2025-05-29 18:31:40] Fetching challenges...
[2025-05-29 18:31:41] Challenges fetching ...
[2025-05-29 18:31:41] Stratégie chargée depuis gsgui.ini pour bruno/Green Grass: fills
[2025-05-29 18:31:41] Challenges fetched successfully for bruno!
[2025-05-29 18:31:41] Stratégie chargée depuis gsgui.ini pour bruno/Green Grass: fills
[2025-05-29 18:31:43] Processus mis à jour pour bruno: green-grass-vote-1-left-15H:10M - executing
[2025-05-29 18:31:43] Traitement de vote pour Green Grass
[2025-05-29 18:31:43] Green Grass get vote panel
[2025-05-29 18:31:43] Processus associé: green-grass-vote-1-left-15H:10M
[2025-05-29 18:31:43] Récupération des données de vote pour Green Grass (URL: green-grass, HEADER:{'User-Agent': 'Mozilla/5.0 (X11; Linux i686; rv:39.0) Gecko/20100101 Firefox/39.0', 'x-api-version': '8', 'x-env': 'WEB', 'X-requested-with': 'XMLHttpRequest', 'X-token': 'a1cad95a6d480c14f51dd0eba4914c8337b893c789ec6278bb440c7c9a673b162f042470c62684e6da2bd342ffea7777'})
[2025-05-29 18:31:44] Récupération réussie: 200 images pour Green Grass
[2025-05-29 18:31:44] Voting fetching ...
[2025-05-29 18:31:44] Green Grass voting 1 images
[2025-05-29 18:31:44] Stratégie chargée depuis gsgui.ini pour bruno/Green Grass: fills
[2025-05-29 18:31:44] Green Grass voted successfully
[2025-05-29 18:31:44] Processus supprimé pour bruno: green-grass-vote-1-left-15H:10M - success
[2025-05-29 18:31:44] Processus mis à jour pour bruno: green-grass-vote-1-left-15H:10M - success
[2025-05-29 18:31:44] Processus green-grass-vote-1-left-15H:10M terminé avec succès (profil: bruno)
[2025-05-29 18:31:46] Stratégie chargée depuis gsgui.ini pour bruno/Green Grass: fills
[2025-05-29 18:31:47] Challenges fetching ...
[2025-05-29 18:31:47] Stratégie chargée depuis gsgui.ini pour bruno/Green Grass: fills
[2025-05-29 18:31:47] Challenges fetched successfully for bruno!
[2025-05-29 18:31:47] Stratégie chargée depuis gsgui.ini pour bruno/Green Grass: fills
[2025-05-29 19:05:21] Refreshing challenges...
[2025-05-29 19:05:21] Fetching challenges...
[2025-05-29 19:05:22] Challenges fetching ...
[2025-05-29 19:05:22] Stratégie chargée depuis gsgui.ini pour bruno/Green Grass: fills
[2025-05-29 19:05:22] Challenges fetched successfully for bruno!
[2025-05-29 19:05:22] Stratégie chargée depuis gsgui.ini pour bruno/Green Grass: fills
[2025-05-29 19:28:57] Fetching challenges...
[2025-05-29 19:28:58] Challenges fetching ...
[2025-05-29 19:28:58] Stratégie chargée depuis gsgui.ini pour bruno/Green Grass: fills
[2025-05-29 19:28:58] Lancement automatique des stratégies de fin pour 3 nouveaux challenges...
[2025-05-29 19:28:58] Nouveau challenge détecté pour bruno: Green Grass
[2025-05-29 19:28:58] Nouveau challenge détecté pour bruno: Beginning with ‘L’
[2025-05-29 19:28:58] Nouveau challenge détecté pour bruno: 12 Hours
[2025-05-29 19:28:58] Challenges fetched successfully for bruno!
[2025-05-29 19:28:58] Stratégie chargée depuis gsgui.ini pour bruno/Green Grass: fills
[2025-05-29 19:29:13] Refreshing challenges...
[2025-05-29 19:29:13] Fetching challenges...
[2025-05-29 19:29:14] Challenges fetching ...
[2025-05-29 19:29:14] Stratégie chargée depuis gsgui.ini pour bruno/Green Grass: fills
[2025-05-29 19:29:14] Challenges fetched successfully for bruno!
[2025-05-29 19:29:14] Stratégie chargée depuis gsgui.ini pour bruno/Green Grass: fills
[2025-05-29 19:30:22] Processus supprimé pour bruno: a-house-all-alone1-vote-100-left-0H:3M - stopped
[2025-05-29 19:30:22] Processus mis à jour pour bruno: a-house-all-alone1-vote-100-left-0H:3M - stopped
[2025-05-29 19:30:22] Stratégie chargée depuis gsgui.ini pour bruno/Green Grass: fills
[2025-05-29 19:30:22] Processus supprimé pour bruno: a-house-all-alone1-vote-50-left-0H:2M - stopped
[2025-05-29 19:30:22] Processus mis à jour pour bruno: a-house-all-alone1-vote-50-left-0H:2M - stopped
[2025-05-29 19:30:22] Stratégie chargée depuis gsgui.ini pour bruno/Green Grass: fills
[2025-05-29 19:30:22] Processus supprimé pour bruno: a-house-all-alone1-vote-50-left-0H:1M - stopped
[2025-05-29 19:30:22] Processus mis à jour pour bruno: a-house-all-alone1-vote-50-left-0H:1M - stopped
[2025-05-29 19:30:22] Stratégie chargée depuis gsgui.ini pour bruno/Green Grass: fills
[2025-05-29 19:30:22] Processus supprimé pour bruno: beginning-with-l--vote-100-left-0H:4M - stopped
[2025-05-29 19:30:22] Processus mis à jour pour bruno: beginning-with-l--vote-100-left-0H:4M - stopped
[2025-05-29 19:30:22] Stratégie chargée depuis gsgui.ini pour bruno/Green Grass: fills
[2025-05-29 19:30:22] Processus supprimé pour bruno: beginning-with-l--vote-50-left-0H:3M - stopped
[2025-05-29 19:30:22] Processus mis à jour pour bruno: beginning-with-l--vote-50-left-0H:3M - stopped
[2025-05-29 19:30:22] Stratégie chargée depuis gsgui.ini pour bruno/Green Grass: fills
[2025-05-29 19:30:22] Processus supprimé pour bruno: beginning-with-l--vote-50-left-0H:2M - stopped
[2025-05-29 19:30:22] Processus mis à jour pour bruno: beginning-with-l--vote-50-left-0H:2M - stopped
[2025-05-29 19:30:22] Stratégie chargée depuis gsgui.ini pour bruno/Green Grass: fills
[2025-05-29 19:30:22] Processus supprimé pour bruno: beginning-with-l--vote-50-left-0H:1M - stopped
[2025-05-29 19:30:22] Processus mis à jour pour bruno: beginning-with-l--vote-50-left-0H:1M - stopped
[2025-05-29 19:30:22] Stratégie chargée depuis gsgui.ini pour bruno/Green Grass: fills
[2025-05-29 19:30:22] Processus supprimé pour bruno: 12-hours94-vote-100-left-0H:4M - stopped
[2025-05-29 19:30:22] Processus mis à jour pour bruno: 12-hours94-vote-100-left-0H:4M - stopped
[2025-05-29 19:30:22] Stratégie chargée depuis gsgui.ini pour bruno/Green Grass: fills
[2025-05-29 19:30:22] Processus supprimé pour bruno: 12-hours94-vote-50-left-0H:3M - stopped
[2025-05-29 19:30:22] Processus mis à jour pour bruno: 12-hours94-vote-50-left-0H:3M - stopped
[2025-05-29 19:30:22] Stratégie chargée depuis gsgui.ini pour bruno/Green Grass: fills
[2025-05-29 19:30:22] Processus supprimé pour bruno: 12-hours94-vote-50-left-0H:2M - stopped
[2025-05-29 19:30:22] Processus mis à jour pour bruno: 12-hours94-vote-50-left-0H:2M - stopped
[2025-05-29 19:30:22] Stratégie chargée depuis gsgui.ini pour bruno/Green Grass: fills
[2025-05-29 19:30:22] Processus supprimé pour bruno: 12-hours94-vote-50-left-0H:1M - stopped
[2025-05-29 19:30:22] Processus mis à jour pour bruno: 12-hours94-vote-50-left-0H:1M - stopped
[2025-05-29 19:30:22] Stratégie chargée depuis gsgui.ini pour bruno/Green Grass: fills
[2025-05-29 19:30:22] Arrêt de toutes les stratégies en cours:
- Arrêt et suppression du processus: a-house-all-alone1-vote-100-left-0H:3M
- Arrêt et suppression du processus: a-house-all-alone1-vote-50-left-0H:2M
- Arrêt et suppression du processus: a-house-all-alone1-vote-50-left-0H:1M
- Arrêt et suppression du processus: beginning-with-l--vote-100-left-0H:4M
- Arrêt et suppression du processus: beginning-with-l--vote-50-left-0H:3M
- Arrêt et suppression du processus: beginning-with-l--vote-50-left-0H:2M
- Arrêt et suppression du processus: beginning-with-l--vote-50-left-0H:1M
- Arrêt et suppression du processus: 12-hours94-vote-100-left-0H:4M
- Arrêt et suppression du processus: 12-hours94-vote-50-left-0H:3M
- Arrêt et suppression du processus: 12-hours94-vote-50-left-0H:2M
- Arrêt et suppression du processus: 12-hours94-vote-50-left-0H:1M

[2025-05-29 19:30:22] Stratégie chargée depuis gsgui.ini pour bruno/Green Grass: fills
[2025-05-29 19:30:27] Fetching challenges...
[2025-05-29 19:30:28] Challenges fetching ...
[2025-05-29 19:30:28] Challenges fetched successfully for bruno!
[2025-05-29 19:30:40] Refreshing challenges...
[2025-05-29 19:30:40] Fetching challenges...
[2025-05-29 19:30:40] Challenges fetching ...
[2025-05-29 19:30:40] Challenges fetched successfully for bruno!
[2025-05-29 19:30:45] Refreshing challenges...
[2025-05-29 19:30:45] Fetching challenges...
[2025-05-29 19:30:46] Challenges fetching ...
[2025-05-29 19:30:46] Challenges fetched successfully for bruno!
[2025-05-29 19:32:10] Fetching challenges...
[2025-05-29 19:32:11] Challenges fetching ...
[2025-05-29 19:32:11] Stratégie chargée depuis gsgui.ini pour bruno/Green Grass: fills
[2025-05-29 19:32:11] Lancement automatique des stratégies de fin pour 3 nouveaux challenges...
[2025-05-29 19:32:11] Nouveau challenge détecté pour bruno: 12 Hours
[2025-05-29 19:32:11] Nouveau challenge détecté pour bruno: Beginning with ‘L’
[2025-05-29 19:32:11] Nouveau challenge détecté pour bruno: Green Grass
[2025-05-29 19:32:11] Challenges fetched successfully for bruno!
[2025-05-29 19:32:11] Stratégie chargée depuis gsgui.ini pour bruno/Green Grass: fills
[2025-05-29 19:32:56] Fetching challenges...
[2025-05-29 19:32:58] Challenges fetching ...
[2025-05-29 19:32:58] Stratégie chargée depuis gsgui.ini pour bruno/Green Grass: fills
[2025-05-29 19:32:58] Lancement automatique des stratégies de fin pour 3 nouveaux challenges...
[2025-05-29 19:32:58] Nouveau challenge détecté pour bruno: 12 Hours
[2025-05-29 19:32:58] Nouveau challenge détecté pour bruno: Beginning with ‘L’
[2025-05-29 19:32:58] Nouveau challenge détecté pour bruno: Green Grass
[2025-05-29 19:32:58] Challenges fetched successfully for bruno!
[2025-05-29 19:32:58] Stratégie chargée depuis gsgui.ini pour bruno/Green Grass: fills
[2025-05-29 19:33:09] Lancement de la stratégie fills pour Green Grass
[2025-05-29 19:33:09] Nouveau processus ajouté pour bruno: green-grass-vote-1-left-13H:30M - Statut: init
[2025-05-29 19:33:09] Traitement du challenge pour bruno: green-grass
[2025-05-29 19:33:09] Processus mis à jour pour bruno: green-grass-vote-1-left-13H:30M - waiting
[2025-05-29 19:33:09] Stratégie chargée depuis gsgui.ini pour bruno/Green Grass: fills
[2025-05-29 19:33:09] Application des stratégies pour les challenges sélectionnés:
- Green Grass avec stratégie fills

[2025-05-29 19:39:10] Processus mis à jour pour bruno: green-grass-vote-1-left-13H:30M - executing
[2025-05-29 19:39:10] Traitement de vote pour Green Grass
[2025-05-29 19:39:10] Green Grass get vote panel
[2025-05-29 19:39:10] Processus associé: green-grass-vote-1-left-13H:30M
[2025-05-29 19:39:11] Récupération des données de vote pour Green Grass (URL: green-grass, HEADER:{'User-Agent': 'Mozilla/5.0 (X11; Linux i686; rv:39.0) Gecko/20100101 Firefox/39.0', 'x-api-version': '8', 'x-env': 'WEB', 'X-requested-with': 'XMLHttpRequest', 'X-token': 'a1cad95a6d480c14f51dd0eba4914c8337b893c789ec6278bb440c7c9a673b162f042470c62684e6da2bd342ffea7777'})
[2025-05-29 19:39:11] Récupération réussie: 200 images pour Green Grass
[2025-05-29 19:39:11] Voting fetching ...
[2025-05-29 19:39:11] Green Grass voting 1 images
[2025-05-29 19:39:11] Stratégie chargée depuis gsgui.ini pour bruno/Green Grass: fills
[2025-05-29 19:39:12] Green Grass voted successfully
[2025-05-29 19:39:12] Processus supprimé pour bruno: green-grass-vote-1-left-13H:30M - success
[2025-05-29 19:39:12] Processus mis à jour pour bruno: green-grass-vote-1-left-13H:30M - success
[2025-05-29 19:39:12] Stratégie chargée depuis gsgui.ini pour bruno/Green Grass: fills
[2025-05-29 19:39:12] Processus green-grass-vote-1-left-13H:30M terminé avec succès (profil: bruno)
[2025-05-29 19:39:15] Challenges fetching ...
[2025-05-29 19:39:15] Stratégie chargée depuis gsgui.ini pour bruno/Green Grass: fills
[2025-05-29 19:39:15] Challenges fetched successfully for bruno!
[2025-05-29 19:39:15] Stratégie chargée depuis gsgui.ini pour bruno/Green Grass: fills
[2025-05-29 19:45:01] Stratégie de Green Grass mise à jour: end4
[2025-05-29 19:45:01] Stratégie enregistrée pour bruno: green-grass = end4
[2025-05-29 19:45:05] Lancement de la stratégie end4 pour 12 Hours
[2025-05-29 19:45:05] Nouveau processus ajouté pour bruno: 12-hours94-vote-100-left-0H:4M - Statut: init
[2025-05-29 19:45:05] Traitement du challenge pour bruno: 12-hours94
[2025-05-29 19:45:05] Nouveau processus ajouté pour bruno: 12-hours94-vote-50-left-0H:3M - Statut: init
[2025-05-29 19:45:05] Traitement du challenge pour bruno: 12-hours94
[2025-05-29 19:45:05] Nouveau processus ajouté pour bruno: 12-hours94-vote-50-left-0H:2M - Statut: init
[2025-05-29 19:45:05] Traitement du challenge pour bruno: 12-hours94
[2025-05-29 19:45:05] Processus mis à jour pour bruno: 12-hours94-vote-100-left-0H:4M - waiting
[2025-05-29 19:45:05] Processus mis à jour pour bruno: 12-hours94-vote-50-left-0H:3M - waiting
[2025-05-29 19:45:05] Nouveau processus ajouté pour bruno: 12-hours94-vote-50-left-0H:1M - Statut: init
[2025-05-29 19:45:05] Traitement du challenge pour bruno: 12-hours94
[2025-05-29 19:45:05] Processus mis à jour pour bruno: 12-hours94-vote-50-left-0H:2M - waiting
[2025-05-29 19:45:05] Stratégie chargée depuis gsgui.ini pour bruno/Green Grass: end4
[2025-05-29 19:45:05] Processus mis à jour pour bruno: 12-hours94-vote-50-left-0H:1M - waiting
[2025-05-29 19:45:05] Lancement de la stratégie end4 pour Beginning with ‘L’
[2025-05-29 19:45:05] Nouveau processus ajouté pour bruno: beginning-with-l--vote-100-left-0H:4M - Statut: init
[2025-05-29 19:45:05] Nouveau processus ajouté pour bruno: beginning-with-l--vote-50-left-0H:3M - Statut: init
[2025-05-29 19:45:05] Traitement du challenge pour bruno: beginning-with-l-
[2025-05-29 19:45:05] Nouveau processus ajouté pour bruno: beginning-with-l--vote-50-left-0H:2M - Statut: init
[2025-05-29 19:45:05] Traitement du challenge pour bruno: beginning-with-l-
[2025-05-29 19:45:05] Traitement du challenge pour bruno: beginning-with-l-
[2025-05-29 19:45:05] Nouveau processus ajouté pour bruno: beginning-with-l--vote-50-left-0H:1M - Statut: init
[2025-05-29 19:45:05] Traitement du challenge pour bruno: beginning-with-l-
[2025-05-29 19:45:05] Processus mis à jour pour bruno: beginning-with-l--vote-100-left-0H:4M - waiting
[2025-05-29 19:45:05] Processus mis à jour pour bruno: beginning-with-l--vote-50-left-0H:3M - waiting
[2025-05-29 19:45:05] Processus mis à jour pour bruno: beginning-with-l--vote-50-left-0H:2M - waiting
[2025-05-29 19:45:05] Processus mis à jour pour bruno: beginning-with-l--vote-50-left-0H:1M - waiting
[2025-05-29 19:45:05] Stratégie chargée depuis gsgui.ini pour bruno/Green Grass: end4
[2025-05-29 19:45:05] Lancement de la stratégie end4 pour Green Grass
[2025-05-29 19:45:05] Nouveau processus ajouté pour bruno: green-grass-vote-100-left-0H:4M - Statut: init
[2025-05-29 19:45:05] Nouveau processus ajouté pour bruno: green-grass-vote-50-left-0H:3M - Statut: init
[2025-05-29 19:45:05] Traitement du challenge pour bruno: green-grass
[2025-05-29 19:45:05] Traitement du challenge pour bruno: green-grass
[2025-05-29 19:45:05] Nouveau processus ajouté pour bruno: green-grass-vote-50-left-0H:2M - Statut: init
[2025-05-29 19:45:05] Traitement du challenge pour bruno: green-grass
[2025-05-29 19:45:05] Nouveau processus ajouté pour bruno: green-grass-vote-50-left-0H:1M - Statut: init
[2025-05-29 19:45:05] Traitement du challenge pour bruno: green-grass
[2025-05-29 19:45:05] Processus mis à jour pour bruno: green-grass-vote-50-left-0H:3M - waiting
[2025-05-29 19:45:05] Processus mis à jour pour bruno: green-grass-vote-100-left-0H:4M - waiting
[2025-05-29 19:45:05] Processus mis à jour pour bruno: green-grass-vote-50-left-0H:2M - waiting
[2025-05-29 19:45:05] Processus mis à jour pour bruno: green-grass-vote-50-left-0H:1M - waiting
[2025-05-29 19:45:05] Stratégie chargée depuis gsgui.ini pour bruno/Green Grass: end4
[2025-05-29 19:45:05] Application des stratégies pour les challenges sélectionnés:
- 12 Hours avec stratégie end4
- Beginning with ‘L’ avec stratégie end4
- Green Grass avec stratégie end4

[2025-05-29 21:19:50] Challenges en cours de traitement:
- Processus: 12-hours94-vote-100-left-0H:4M: waiting
- Processus: 12-hours94-vote-50-left-0H:3M: waiting
- Processus: 12-hours94-vote-50-left-0H:2M: waiting
- Processus: 12-hours94-vote-50-left-0H:1M: waiting
- Processus: beginning-with-l--vote-100-left-0H:4M: waiting
- Processus: beginning-with-l--vote-50-left-0H:3M: waiting
- Processus: beginning-with-l--vote-50-left-0H:2M: waiting
- Processus: beginning-with-l--vote-50-left-0H:1M: waiting
- Processus: green-grass-vote-100-left-0H:4M: waiting
- Processus: green-grass-vote-50-left-0H:3M: waiting
- Processus: green-grass-vote-50-left-0H:2M: waiting
- Processus: green-grass-vote-50-left-0H:1M: waiting

[2025-05-29 21:19:50] process id  : , 12-hours94-vote-100-left-0H:4M, status, waiting, cmde,  --cha 12-hours94 vote 100 --left 0:4
[2025-05-29 21:19:50] process id  : , 12-hours94-vote-50-left-0H:3M, status, waiting, cmde,  --cha 12-hours94 vote 50 --left 0:3
[2025-05-29 21:19:50] process id  : , 12-hours94-vote-50-left-0H:2M, status, waiting, cmde,  --cha 12-hours94 vote 50 --left 0:2
[2025-05-29 21:19:50] process id  : , 12-hours94-vote-50-left-0H:1M, status, waiting, cmde,  --cha 12-hours94 vote 50 --left 0:1
[2025-05-29 21:19:50] process id  : , beginning-with-l--vote-100-left-0H:4M, status, waiting, cmde,  --cha beginning-with-l- vote 100 --left 0:4
[2025-05-29 21:19:50] process id  : , beginning-with-l--vote-50-left-0H:3M, status, waiting, cmde,  --cha beginning-with-l- vote 50 --left 0:3
[2025-05-29 21:19:50] process id  : , beginning-with-l--vote-50-left-0H:2M, status, waiting, cmde,  --cha beginning-with-l- vote 50 --left 0:2
[2025-05-29 21:19:50] process id  : , beginning-with-l--vote-50-left-0H:1M, status, waiting, cmde,  --cha beginning-with-l- vote 50 --left 0:1
[2025-05-29 21:19:50] process id  : , green-grass-vote-100-left-0H:4M, status, waiting, cmde,  --cha green-grass vote 100 --left 0:4
[2025-05-29 21:19:50] process id  : , green-grass-vote-50-left-0H:3M, status, waiting, cmde,  --cha green-grass vote 50 --left 0:3
[2025-05-29 21:19:50] process id  : , green-grass-vote-50-left-0H:2M, status, waiting, cmde,  --cha green-grass vote 50 --left 0:2
[2025-05-29 21:19:50] process id  : , green-grass-vote-50-left-0H:1M, status, waiting, cmde,  --cha green-grass vote 50 --left 0:1
[2025-05-29 21:40:08] Processus mis à jour pour bruno: 12-hours94-vote-100-left-0H:4M - executing
[2025-05-29 21:40:08] Traitement de vote pour 12 Hours
[2025-05-29 21:40:08] 12 Hours get vote panel
[2025-05-29 21:40:08] Processus associé: 12-hours94-vote-100-left-0H:4M
[2025-05-29 21:40:08] Récupération des données de vote pour 12 Hours (URL: 12-hours94, HEADER:{'User-Agent': 'Mozilla/5.0 (X11; Linux i686; rv:39.0) Gecko/20100101 Firefox/39.0', 'x-api-version': '8', 'x-env': 'WEB', 'X-requested-with': 'XMLHttpRequest', 'X-token': 'a1cad95a6d480c14f51dd0eba4914c8337b893c789ec6278bb440c7c9a673b162f042470c62684e6da2bd342ffea7777'})
[2025-05-29 21:40:09] Récupération réussie: 200 images pour 12 Hours
[2025-05-29 21:40:09] Voting fetching ...
[2025-05-29 21:40:09] 12 Hours voting 100 images
[2025-05-29 21:40:09] Stratégie chargée depuis gsgui.ini pour bruno/Green Grass: end4
[2025-05-29 21:40:10] 12 Hours voted successfully
[2025-05-29 21:40:10] Processus supprimé pour bruno: 12-hours94-vote-100-left-0H:4M - success
[2025-05-29 21:40:10] Processus mis à jour pour bruno: 12-hours94-vote-100-left-0H:4M - success
[2025-05-29 21:40:10] Stratégie chargée depuis gsgui.ini pour bruno/Green Grass: end4
[2025-05-29 21:40:10] Processus 12-hours94-vote-100-left-0H:4M terminé avec succès (profil: bruno)
[2025-05-29 21:40:13] Challenges fetching ...
[2025-05-29 21:40:13] Stratégie chargée depuis gsgui.ini pour bruno/Green Grass: end4
[2025-05-29 21:40:13] Challenges fetched successfully for bruno!
[2025-05-29 21:40:13] Stratégie chargée depuis gsgui.ini pour bruno/Green Grass: end4
[2025-05-29 21:41:12] Processus mis à jour pour bruno: 12-hours94-vote-50-left-0H:3M - executing
[2025-05-29 21:41:12] Traitement de vote pour 12 Hours
[2025-05-29 21:41:12] 12 Hours get vote panel
[2025-05-29 21:41:12] Processus associé: 12-hours94-vote-50-left-0H:3M
[2025-05-29 21:41:12] Récupération des données de vote pour 12 Hours (URL: 12-hours94, HEADER:{'User-Agent': 'Mozilla/5.0 (X11; Linux i686; rv:39.0) Gecko/20100101 Firefox/39.0', 'x-api-version': '8', 'x-env': 'WEB', 'X-requested-with': 'XMLHttpRequest', 'X-token': 'a1cad95a6d480c14f51dd0eba4914c8337b893c789ec6278bb440c7c9a673b162f042470c62684e6da2bd342ffea7777'})
[2025-05-29 21:41:13] Récupération réussie: 200 images pour 12 Hours
[2025-05-29 21:41:13] Voting fetching ...
[2025-05-29 21:41:13] 12 Hours voting 50 images
[2025-05-29 21:41:13] Stratégie chargée depuis gsgui.ini pour bruno/Green Grass: end4
[2025-05-29 21:41:13] 12 Hours voted successfully
[2025-05-29 21:41:13] Processus supprimé pour bruno: 12-hours94-vote-50-left-0H:3M - success
[2025-05-29 21:41:13] Processus mis à jour pour bruno: 12-hours94-vote-50-left-0H:3M - success
[2025-05-29 21:41:13] Stratégie chargée depuis gsgui.ini pour bruno/Green Grass: end4
[2025-05-29 21:41:13] Processus 12-hours94-vote-50-left-0H:3M terminé avec succès (profil: bruno)
[2025-05-29 21:41:18] Challenges fetching ...
[2025-05-29 21:41:18] Stratégie chargée depuis gsgui.ini pour bruno/Green Grass: end4
[2025-05-29 21:41:18] Challenges fetched successfully for bruno!
[2025-05-29 21:41:18] Stratégie chargée depuis gsgui.ini pour bruno/Green Grass: end4
[2025-05-29 21:42:15] Processus mis à jour pour bruno: 12-hours94-vote-50-left-0H:2M - executing
[2025-05-29 21:42:15] Traitement de vote pour 12 Hours
[2025-05-29 21:42:15] 12 Hours get vote panel
[2025-05-29 21:42:15] Processus associé: 12-hours94-vote-50-left-0H:2M
[2025-05-29 21:42:15] Récupération des données de vote pour 12 Hours (URL: 12-hours94, HEADER:{'User-Agent': 'Mozilla/5.0 (X11; Linux i686; rv:39.0) Gecko/20100101 Firefox/39.0', 'x-api-version': '8', 'x-env': 'WEB', 'X-requested-with': 'XMLHttpRequest', 'X-token': 'a1cad95a6d480c14f51dd0eba4914c8337b893c789ec6278bb440c7c9a673b162f042470c62684e6da2bd342ffea7777'})
[2025-05-29 21:42:16] Récupération réussie: 200 images pour 12 Hours
[2025-05-29 21:42:16] Voting fetching ...
[2025-05-29 21:42:16] 12 Hours voting 50 images
[2025-05-29 21:42:16] Stratégie chargée depuis gsgui.ini pour bruno/Green Grass: end4
[2025-05-29 21:42:17] 12 Hours voted successfully
[2025-05-29 21:42:17] Processus supprimé pour bruno: 12-hours94-vote-50-left-0H:2M - success
[2025-05-29 21:42:17] Processus mis à jour pour bruno: 12-hours94-vote-50-left-0H:2M - success
[2025-05-29 21:42:17] Stratégie chargée depuis gsgui.ini pour bruno/Green Grass: end4
[2025-05-29 21:42:17] Processus 12-hours94-vote-50-left-0H:2M terminé avec succès (profil: bruno)
[2025-05-29 21:42:20] Challenges fetching ...
[2025-05-29 21:42:20] Stratégie chargée depuis gsgui.ini pour bruno/Green Grass: end4
[2025-05-29 21:42:20] Challenges fetched successfully for bruno!
[2025-05-29 21:42:20] Stratégie chargée depuis gsgui.ini pour bruno/Green Grass: end4
[2025-05-29 21:43:48] Processus mis à jour pour bruno: 12-hours94-vote-50-left-0H:1M - executing
[2025-05-29 21:43:48] Traitement de vote pour 12 Hours
[2025-05-29 21:43:48] 12 Hours get vote panel
[2025-05-29 21:43:48] Processus associé: 12-hours94-vote-50-left-0H:1M
[2025-05-29 21:43:48] Récupération des données de vote pour 12 Hours (URL: 12-hours94, HEADER:{'User-Agent': 'Mozilla/5.0 (X11; Linux i686; rv:39.0) Gecko/20100101 Firefox/39.0', 'x-api-version': '8', 'x-env': 'WEB', 'X-requested-with': 'XMLHttpRequest', 'X-token': 'a1cad95a6d480c14f51dd0eba4914c8337b893c789ec6278bb440c7c9a673b162f042470c62684e6da2bd342ffea7777'})
[2025-05-29 21:43:49] Récupération réussie: 200 images pour 12 Hours
[2025-05-29 21:43:49] Voting fetching ...
[2025-05-29 21:43:49] 12 Hours voting 50 images
[2025-05-29 21:43:49] Stratégie chargée depuis gsgui.ini pour bruno/Green Grass: end4
[2025-05-29 21:43:50] 12 Hours voted successfully
[2025-05-29 21:43:50] Processus supprimé pour bruno: 12-hours94-vote-50-left-0H:1M - success
[2025-05-29 21:43:50] Processus mis à jour pour bruno: 12-hours94-vote-50-left-0H:1M - success
[2025-05-29 21:43:50] Stratégie chargée depuis gsgui.ini pour bruno/Green Grass: end4
[2025-05-29 21:43:50] Processus 12-hours94-vote-50-left-0H:1M terminé avec succès (profil: bruno)
[2025-05-29 21:43:53] Challenges fetching ...
[2025-05-29 21:43:53] Stratégie chargée depuis gsgui.ini pour bruno/Green Grass: end4
[2025-05-29 21:43:53] Challenges fetched successfully for bruno!
[2025-05-29 21:43:53] Stratégie chargée depuis gsgui.ini pour bruno/Green Grass: end4
[2025-05-29 22:54:20] Refreshing challenges...
[2025-05-29 22:54:20] Fetching challenges...
[2025-05-29 22:54:20] Challenges fetching ...
[2025-05-29 22:54:20] Challenges fetched successfully for bruno!
[2025-05-29 22:54:32] Challenge non trouvé: beginning-with-l-
[2025-05-29 22:54:32] Processus mis à jour pour bruno: beginning-with-l--vote-50-left-0H:1M - executing
[2025-05-29 22:54:32] Objet challenge créé pour le thread de profil bruno: beginning-with-l-
[2025-05-29 22:54:32] Traitement de vote pour Challenge beginning-with-l-
[2025-05-29 22:54:32] Challenge beginning-with-l- get vote panel
[2025-05-29 22:54:32] Processus associé: beginning-with-l--vote-50-left-0H:1M
[2025-05-29 22:54:32] Récupération des données de vote pour Challenge beginning-with-l- (URL: beginning-with-l-, HEADER:{'User-Agent': 'Mozilla/5.0 (X11; Linux i686; rv:39.0) Gecko/20100101 Firefox/39.0', 'x-api-version': '8', 'x-env': 'WEB', 'X-requested-with': 'XMLHttpRequest', 'X-token': 'a1cad95a6d480c14f51dd0eba4914c8337b893c789ec6278bb440c7c9a673b162f042470c62684e6da2bd342ffea7777'})
[2025-05-29 22:54:32] Challenge non trouvé: green-grass
[2025-05-29 22:54:32] Processus mis à jour pour bruno: green-grass-vote-100-left-0H:4M - executing
[2025-05-29 22:54:32] Objet challenge créé pour le thread de profil bruno: green-grass
[2025-05-29 22:54:32] Traitement de vote pour Challenge green-grass
[2025-05-29 22:54:32] Challenge green-grass get vote panel
[2025-05-29 22:54:32] Processus associé: green-grass-vote-100-left-0H:4M
[2025-05-29 22:54:32] Récupération des données de vote pour Challenge green-grass (URL: green-grass, HEADER:{'User-Agent': 'Mozilla/5.0 (X11; Linux i686; rv:39.0) Gecko/20100101 Firefox/39.0', 'x-api-version': '8', 'x-env': 'WEB', 'X-requested-with': 'XMLHttpRequest', 'X-token': 'a1cad95a6d480c14f51dd0eba4914c8337b893c789ec6278bb440c7c9a673b162f042470c62684e6da2bd342ffea7777'})
[2025-05-29 22:54:32] Challenge non trouvé: green-grass
[2025-05-29 22:54:32] Processus mis à jour pour bruno: green-grass-vote-50-left-0H:1M - executing
[2025-05-29 22:54:32] Objet challenge créé pour le thread de profil bruno: green-grass
[2025-05-29 22:54:32] Traitement de vote pour Challenge green-grass
[2025-05-29 22:54:32] Challenge green-grass get vote panel
[2025-05-29 22:54:32] Processus associé: green-grass-vote-50-left-0H:1M
[2025-05-29 22:54:32] Récupération des données de vote pour Challenge green-grass (URL: green-grass, HEADER:{'User-Agent': 'Mozilla/5.0 (X11; Linux i686; rv:39.0) Gecko/20100101 Firefox/39.0', 'x-api-version': '8', 'x-env': 'WEB', 'X-requested-with': 'XMLHttpRequest', 'X-token': 'a1cad95a6d480c14f51dd0eba4914c8337b893c789ec6278bb440c7c9a673b162f042470c62684e6da2bd342ffea7777'})
[2025-05-29 22:54:32] Challenge non trouvé: beginning-with-l-
[2025-05-29 22:54:32] Processus mis à jour pour bruno: beginning-with-l--vote-50-left-0H:2M - executing
[2025-05-29 22:54:32] Objet challenge créé pour le thread de profil bruno: beginning-with-l-
[2025-05-29 22:54:32] Traitement de vote pour Challenge beginning-with-l-
[2025-05-29 22:54:32] Challenge beginning-with-l- get vote panel
[2025-05-29 22:54:32] Processus associé: beginning-with-l--vote-50-left-0H:2M
[2025-05-29 22:54:32] Récupération des données de vote pour Challenge beginning-with-l- (URL: beginning-with-l-, HEADER:{'User-Agent': 'Mozilla/5.0 (X11; Linux i686; rv:39.0) Gecko/20100101 Firefox/39.0', 'x-api-version': '8', 'x-env': 'WEB', 'X-requested-with': 'XMLHttpRequest', 'X-token': 'a1cad95a6d480c14f51dd0eba4914c8337b893c789ec6278bb440c7c9a673b162f042470c62684e6da2bd342ffea7777'})
[2025-05-29 22:54:32] Challenge non trouvé: beginning-with-l-
[2025-05-29 22:54:32] Processus mis à jour pour bruno: beginning-with-l--vote-100-left-0H:4M - executing
[2025-05-29 22:54:32] Objet challenge créé pour le thread de profil bruno: beginning-with-l-
[2025-05-29 22:54:32] Traitement de vote pour Challenge beginning-with-l-
[2025-05-29 22:54:32] Challenge beginning-with-l- get vote panel
[2025-05-29 22:54:32] Processus associé: beginning-with-l--vote-100-left-0H:4M
[2025-05-29 22:54:32] Récupération des données de vote pour Challenge beginning-with-l- (URL: beginning-with-l-, HEADER:{'User-Agent': 'Mozilla/5.0 (X11; Linux i686; rv:39.0) Gecko/20100101 Firefox/39.0', 'x-api-version': '8', 'x-env': 'WEB', 'X-requested-with': 'XMLHttpRequest', 'X-token': 'a1cad95a6d480c14f51dd0eba4914c8337b893c789ec6278bb440c7c9a673b162f042470c62684e6da2bd342ffea7777'})
[2025-05-29 22:54:32] Erreur HTTP 403: <html>
<head><title>403 Forbidden</title></head>
<body>
<center><h1>403 Forbidden</h1></center>
...
[2025-05-29 22:54:32] Voting fetching ...
[2025-05-29 22:54:32] Erreur lors de la récupération des données de vote: {'success': False, 'message': 'HTTP 403: <html>\r\n<head><title>403 Forbidden</title></head>\r\n<body>\r\n<center><h1>403 Forbidden</h1></center>\r\n</body>\r\n</html>\r\n', 'challenge': {'close_time': 0}}
[2025-05-29 22:54:32] Erreur HTTP 403: <html>
<head><title>403 Forbidden</title></head>
<body>
<center><h1>403 Forbidden</h1></center>
...
[2025-05-29 22:54:32] Voting fetching ...
[2025-05-29 22:54:32] Erreur lors de la récupération des données de vote: {'success': False, 'message': 'HTTP 403: <html>\r\n<head><title>403 Forbidden</title></head>\r\n<body>\r\n<center><h1>403 Forbidden</h1></center>\r\n</body>\r\n</html>\r\n', 'challenge': {'close_time': 0}}
[2025-05-29 22:54:32] Erreur HTTP 403: <html>
<head><title>403 Forbidden</title></head>
<body>
<center><h1>403 Forbidden</h1></center>
...
[2025-05-29 22:54:32] Voting fetching ...
[2025-05-29 22:54:32] Erreur lors de la récupération des données de vote: {'success': False, 'message': 'HTTP 403: <html>\r\n<head><title>403 Forbidden</title></head>\r\n<body>\r\n<center><h1>403 Forbidden</h1></center>\r\n</body>\r\n</html>\r\n', 'challenge': {'close_time': 0}}
[2025-05-29 22:54:32] Erreur HTTP 403: <html>
<head><title>403 Forbidden</title></head>
<body>
<center><h1>403 Forbidden</h1></center>
...
[2025-05-29 22:54:32] Voting fetching ...
[2025-05-29 22:54:32] Erreur lors de la récupération des données de vote: {'success': False, 'message': 'HTTP 403: <html>\r\n<head><title>403 Forbidden</title></head>\r\n<body>\r\n<center><h1>403 Forbidden</h1></center>\r\n</body>\r\n</html>\r\n', 'challenge': {'close_time': 0}}
[2025-05-29 22:54:32] Erreur HTTP 403: <html>
<head><title>403 Forbidden</title></head>
<body>
<center><h1>403 Forbidden</h1></center>
...
[2025-05-29 22:54:32] Voting fetching ...
[2025-05-29 22:54:32] Erreur lors de la récupération des données de vote: {'success': False, 'message': 'HTTP 403: <html>\r\n<head><title>403 Forbidden</title></head>\r\n<body>\r\n<center><h1>403 Forbidden</h1></center>\r\n</body>\r\n</html>\r\n', 'challenge': {'close_time': 0}}
[2025-05-29 22:54:33] Challenge non trouvé: green-grass
[2025-05-29 22:54:33] Processus mis à jour pour bruno: green-grass-vote-50-left-0H:2M - executing
[2025-05-29 22:54:33] Objet challenge créé pour le thread de profil bruno: green-grass
[2025-05-29 22:54:33] Traitement de vote pour Challenge green-grass
[2025-05-29 22:54:33] Challenge green-grass get vote panel
[2025-05-29 22:54:33] Processus associé: green-grass-vote-50-left-0H:2M
[2025-05-29 22:54:33] Récupération des données de vote pour Challenge green-grass (URL: green-grass, HEADER:{'User-Agent': 'Mozilla/5.0 (X11; Linux i686; rv:39.0) Gecko/20100101 Firefox/39.0', 'x-api-version': '8', 'x-env': 'WEB', 'X-requested-with': 'XMLHttpRequest', 'X-token': 'a1cad95a6d480c14f51dd0eba4914c8337b893c789ec6278bb440c7c9a673b162f042470c62684e6da2bd342ffea7777'})
[2025-05-29 22:54:33] Challenge non trouvé: green-grass
[2025-05-29 22:54:33] Processus mis à jour pour bruno: green-grass-vote-50-left-0H:3M - executing
[2025-05-29 22:54:33] Objet challenge créé pour le thread de profil bruno: green-grass
[2025-05-29 22:54:33] Traitement de vote pour Challenge green-grass
[2025-05-29 22:54:33] Challenge green-grass get vote panel
[2025-05-29 22:54:33] Challenge non trouvé: beginning-with-l-
[2025-05-29 22:54:33] Processus associé: green-grass-vote-50-left-0H:3M
[2025-05-29 22:54:33] Processus mis à jour pour bruno: beginning-with-l--vote-50-left-0H:3M - executing
[2025-05-29 22:54:33] Récupération des données de vote pour Challenge green-grass (URL: green-grass, HEADER:{'User-Agent': 'Mozilla/5.0 (X11; Linux i686; rv:39.0) Gecko/20100101 Firefox/39.0', 'x-api-version': '8', 'x-env': 'WEB', 'X-requested-with': 'XMLHttpRequest', 'X-token': 'a1cad95a6d480c14f51dd0eba4914c8337b893c789ec6278bb440c7c9a673b162f042470c62684e6da2bd342ffea7777'})
[2025-05-29 22:54:33] Objet challenge créé pour le thread de profil bruno: beginning-with-l-
[2025-05-29 22:54:33] Traitement de vote pour Challenge beginning-with-l-
[2025-05-29 22:54:33] Challenge beginning-with-l- get vote panel
[2025-05-29 22:54:33] Processus associé: beginning-with-l--vote-50-left-0H:3M
[2025-05-29 22:54:33] Récupération des données de vote pour Challenge beginning-with-l- (URL: beginning-with-l-, HEADER:{'User-Agent': 'Mozilla/5.0 (X11; Linux i686; rv:39.0) Gecko/20100101 Firefox/39.0', 'x-api-version': '8', 'x-env': 'WEB', 'X-requested-with': 'XMLHttpRequest', 'X-token': 'a1cad95a6d480c14f51dd0eba4914c8337b893c789ec6278bb440c7c9a673b162f042470c62684e6da2bd342ffea7777'})
[2025-05-29 22:54:33] Erreur HTTP 403: <html>
<head><title>403 Forbidden</title></head>
<body>
<center><h1>403 Forbidden</h1></center>
...
[2025-05-29 22:54:33] Voting fetching ...
[2025-05-29 22:54:33] Erreur lors de la récupération des données de vote: {'success': False, 'message': 'HTTP 403: <html>\r\n<head><title>403 Forbidden</title></head>\r\n<body>\r\n<center><h1>403 Forbidden</h1></center>\r\n</body>\r\n</html>\r\n', 'challenge': {'close_time': 0}}
[2025-05-29 22:54:34] Erreur HTTP 403: <html>
<head><title>403 Forbidden</title></head>
<body>
<center><h1>403 Forbidden</h1></center>
...
[2025-05-29 22:54:34] Voting fetching ...
[2025-05-29 22:54:34] Erreur lors de la récupération des données de vote: {'success': False, 'message': 'HTTP 403: <html>\r\n<head><title>403 Forbidden</title></head>\r\n<body>\r\n<center><h1>403 Forbidden</h1></center>\r\n</body>\r\n</html>\r\n', 'challenge': {'close_time': 0}}
[2025-05-29 22:54:34] Erreur HTTP 403: <html>
<head><title>403 Forbidden</title></head>
<body>
<center><h1>403 Forbidden</h1></center>
...
[2025-05-29 22:54:34] Voting fetching ...
[2025-05-29 22:54:34] Erreur lors de la récupération des données de vote: {'success': False, 'message': 'HTTP 403: <html>\r\n<head><title>403 Forbidden</title></head>\r\n<body>\r\n<center><h1>403 Forbidden</h1></center>\r\n</body>\r\n</html>\r\n', 'challenge': {'close_time': 0}}
[2025-05-29 22:54:56] Processus suspect (format de date invalide): beginning-with-l--vote-100-left-0H:4M (profil: bruno)
[2025-05-29 22:54:56] Processus supprimé pour bruno: beginning-with-l--vote-100-left-0H:4M - zombie
[2025-05-29 22:54:56] Processus mis à jour pour bruno: beginning-with-l--vote-100-left-0H:4M - zombie
[2025-05-29 22:54:56] Processus suspect (format de date invalide): beginning-with-l--vote-50-left-0H:3M (profil: bruno)
[2025-05-29 22:54:56] Processus supprimé pour bruno: beginning-with-l--vote-50-left-0H:3M - zombie
[2025-05-29 22:54:56] Processus mis à jour pour bruno: beginning-with-l--vote-50-left-0H:3M - zombie
[2025-05-29 22:54:56] Processus suspect (format de date invalide): beginning-with-l--vote-50-left-0H:2M (profil: bruno)
[2025-05-29 22:54:56] Processus supprimé pour bruno: beginning-with-l--vote-50-left-0H:2M - zombie
[2025-05-29 22:54:56] Processus mis à jour pour bruno: beginning-with-l--vote-50-left-0H:2M - zombie
[2025-05-29 22:54:56] Processus suspect (format de date invalide): beginning-with-l--vote-50-left-0H:1M (profil: bruno)
[2025-05-29 22:54:56] Processus supprimé pour bruno: beginning-with-l--vote-50-left-0H:1M - zombie
[2025-05-29 22:54:56] Processus mis à jour pour bruno: beginning-with-l--vote-50-left-0H:1M - zombie
[2025-05-29 22:54:56] Processus suspect (format de date invalide): green-grass-vote-100-left-0H:4M (profil: bruno)
[2025-05-29 22:54:56] Processus supprimé pour bruno: green-grass-vote-100-left-0H:4M - zombie
[2025-05-29 22:54:56] Processus mis à jour pour bruno: green-grass-vote-100-left-0H:4M - zombie
[2025-05-29 22:54:56] Processus suspect (format de date invalide): green-grass-vote-50-left-0H:3M (profil: bruno)
[2025-05-29 22:54:56] Processus supprimé pour bruno: green-grass-vote-50-left-0H:3M - zombie
[2025-05-29 22:54:56] Processus mis à jour pour bruno: green-grass-vote-50-left-0H:3M - zombie
[2025-05-29 22:54:56] Processus suspect (format de date invalide): green-grass-vote-50-left-0H:2M (profil: bruno)
[2025-05-29 22:54:56] Processus supprimé pour bruno: green-grass-vote-50-left-0H:2M - zombie
[2025-05-29 22:54:56] Processus mis à jour pour bruno: green-grass-vote-50-left-0H:2M - zombie
[2025-05-29 22:54:56] Processus suspect (format de date invalide): green-grass-vote-50-left-0H:1M (profil: bruno)
[2025-05-29 22:54:56] Processus supprimé pour bruno: green-grass-vote-50-left-0H:1M - zombie
[2025-05-29 22:54:56] Processus mis à jour pour bruno: green-grass-vote-50-left-0H:1M - zombie
[2025-05-29 22:55:54] Refreshing challenges...
[2025-05-29 22:55:54] Fetching challenges...
[2025-05-29 22:55:55] Challenges fetching ...
[2025-05-29 22:55:55] Stratégie chargée depuis gsgui.ini pour bruno/Green Grass: end4
[2025-05-29 22:55:55] Lancement automatique des stratégies de fin pour 2 nouveaux challenges...
[2025-05-29 22:55:55] Nouveau challenge détecté pour bruno: Green Grass
[2025-05-29 22:55:55] Nouveau challenge détecté pour bruno: Beginning with ‘L’
[2025-05-29 22:55:55] Challenges fetched successfully for bruno!
[2025-05-29 22:55:55] Stratégie chargée depuis gsgui.ini pour bruno/Green Grass: end4
[2025-05-29 22:56:33] Fetching challenges...
[2025-05-29 22:56:35] Challenges fetching ...
[2025-05-29 22:56:35] Stratégie chargée depuis gsgui.ini pour bruno/Green Grass: end4
[2025-05-29 22:56:35] Lancement automatique des stratégies de fin pour 2 nouveaux challenges...
[2025-05-29 22:56:35] Nouveau challenge détecté pour bruno: Green Grass
[2025-05-29 22:56:35] Nouveau challenge détecté pour bruno: Beginning with ‘L’
[2025-05-29 22:56:35] Challenges fetched successfully for bruno!
[2025-05-29 22:56:35] Stratégie chargée depuis gsgui.ini pour bruno/Green Grass: end4
[2025-05-29 22:56:43] Refreshing challenges...
[2025-05-29 22:56:43] Fetching challenges...
[2025-05-29 22:56:44] Challenges fetching ...
[2025-05-29 22:56:44] Stratégie chargée depuis gsgui.ini pour bruno/Green Grass: end4
[2025-05-29 22:56:44] Challenges fetched successfully for bruno!
[2025-05-29 22:56:44] Stratégie chargée depuis gsgui.ini pour bruno/Green Grass: end4
[2025-05-29 22:57:05] Refreshing challenges...
[2025-05-29 22:57:05] Fetching challenges...
[2025-05-29 22:57:06] Challenges fetching ...
[2025-05-29 22:57:06] Stratégie chargée depuis gsgui.ini pour bruno/Green Grass: end4
[2025-05-29 22:57:06] Challenges fetched successfully for bruno!
[2025-05-29 22:57:06] Stratégie chargée depuis gsgui.ini pour bruno/Green Grass: end4
[2025-05-29 22:57:12] Challenges en cours de traitement:
Aucun challenge en cours de traitement.

[2025-05-29 22:57:20] Refreshing challenges...
[2025-05-29 22:57:20] Fetching challenges...
[2025-05-29 22:57:21] Challenges fetching ...
[2025-05-29 22:57:21] Stratégie chargée depuis gsgui.ini pour bruno/Green Grass: end4
[2025-05-29 22:57:21] Challenges fetched successfully for bruno!
[2025-05-29 22:57:21] Stratégie chargée depuis gsgui.ini pour bruno/Green Grass: end4
[2025-05-29 22:59:10] Fetching challenges...
[2025-05-29 23:01:48] Fetching challenges...
[2025-05-29 23:01:48] Error starting fetch_challenges: callback must be callable: Task
[2025-05-29 23:02:26] Fetching challenges...
[2025-05-29 23:02:26] Error starting fetch_challenges: callback must be callable: Task
[2025-05-29 23:03:28] Fetching challenges...
[2025-05-29 23:04:50] Fetching challenges...
[2025-05-29 23:07:03] Error starting fetch_challenges: callback must be callable: Task
[2025-05-29 23:10:10] Refreshing challenges...
[2025-05-29 23:10:10] Fetching challenges...
[2025-05-29 23:10:15] Error starting fetch_challenges: callback must be callable: Task
[2025-05-29 23:10:38] Refreshing challenges...
[2025-05-29 23:10:38] Fetching challenges...
[2025-05-29 23:13:12] Fetching challenges...
[2025-05-29 23:13:14] Challenges fetching ...
[2025-05-29 23:13:14] Stratégie chargée depuis gsgui.ini pour bruno/Green Grass: end4
[2025-05-29 23:13:14] Lancement automatique des stratégies de fin pour 2 nouveaux challenges...
[2025-05-29 23:13:14] Nouveau challenge détecté pour bruno: Beginning with ‘L’
[2025-05-29 23:13:14] Nouveau challenge détecté pour bruno: Green Grass
[2025-05-29 23:13:14] Challenges fetched successfully for bruno!
[2025-05-29 23:13:14] Stratégie chargée depuis gsgui.ini pour bruno/Green Grass: end4
[2025-05-29 23:13:32] Lancement de la stratégie end4 pour Beginning with ‘L’
[2025-05-29 23:13:32] Nouveau processus ajouté pour bruno: beginning-with-l--vote-100-left-0H:4M - Statut: init
[2025-05-29 23:13:32] Nouveau processus ajouté pour bruno: beginning-with-l--vote-50-left-0H:3M - Statut: init
[2025-05-29 23:13:32] Traitement du challenge pour bruno: beginning-with-l-
[2025-05-29 23:13:32] Traitement du challenge pour bruno: beginning-with-l-
[2025-05-29 23:13:32] Nouveau processus ajouté pour bruno: beginning-with-l--vote-50-left-0H:1M - Statut: init
[2025-05-29 23:13:32] Processus mis à jour pour bruno: beginning-with-l--vote-100-left-0H:4M - waiting
[2025-05-29 23:13:32] Traitement du challenge pour bruno: beginning-with-l-
[2025-05-29 23:13:32] Nouveau processus ajouté pour bruno: beginning-with-l--vote-50-left-0H:2M - Statut: init
[2025-05-29 23:13:32] Processus mis à jour pour bruno: beginning-with-l--vote-50-left-0H:3M - waiting
[2025-05-29 23:13:32] Traitement du challenge pour bruno: beginning-with-l-
[2025-05-29 23:13:32] Processus mis à jour pour bruno: beginning-with-l--vote-50-left-0H:1M - waiting
[2025-05-29 23:13:32] Stratégie chargée depuis gsgui.ini pour bruno/Green Grass: end4
[2025-05-29 23:13:32] Processus mis à jour pour bruno: beginning-with-l--vote-50-left-0H:2M - waiting
[2025-05-29 23:13:32] Lancement de la stratégie end4 pour Green Grass
[2025-05-29 23:13:32] Nouveau processus ajouté pour bruno: green-grass-vote-100-left-0H:4M - Statut: init
[2025-05-29 23:13:32] Traitement du challenge pour bruno: green-grass
[2025-05-29 23:13:32] Nouveau processus ajouté pour bruno: green-grass-vote-50-left-0H:3M - Statut: init
[2025-05-29 23:13:32] Traitement du challenge pour bruno: green-grass
[2025-05-29 23:13:32] Nouveau processus ajouté pour bruno: green-grass-vote-50-left-0H:2M - Statut: init
[2025-05-29 23:13:32] Processus mis à jour pour bruno: green-grass-vote-100-left-0H:4M - waiting
[2025-05-29 23:13:32] Traitement du challenge pour bruno: green-grass
[2025-05-29 23:13:32] Nouveau processus ajouté pour bruno: green-grass-vote-50-left-0H:1M - Statut: init
[2025-05-29 23:13:32] Processus mis à jour pour bruno: green-grass-vote-50-left-0H:3M - waiting
[2025-05-29 23:13:32] Traitement du challenge pour bruno: green-grass
[2025-05-29 23:13:32] Processus mis à jour pour bruno: green-grass-vote-50-left-0H:2M - waiting
[2025-05-29 23:13:32] Processus mis à jour pour bruno: green-grass-vote-50-left-0H:1M - waiting
[2025-05-29 23:13:32] Stratégie chargée depuis gsgui.ini pour bruno/Green Grass: end4
[2025-05-29 23:13:32] Application des stratégies pour les challenges sélectionnés:
- Beginning with ‘L’ avec stratégie end4
- Green Grass avec stratégie end4

[2025-05-29 23:14:32] Fetching challenges...
[2025-05-29 23:14:33] Challenges fetching ...
[2025-05-29 23:14:33] Stratégie chargée depuis gsgui.ini pour bruno/Green Grass: end4
[2025-05-29 23:14:33] Lancement automatique des stratégies de fin pour 2 nouveaux challenges...
[2025-05-29 23:14:33] Nouveau challenge détecté pour bruno: Beginning with ‘L’
[2025-05-29 23:14:33] Nouveau challenge détecté pour bruno: Green Grass
[2025-05-29 23:14:33] Challenges fetched successfully for bruno!
[2025-05-29 23:14:33] Stratégie chargée depuis gsgui.ini pour bruno/Green Grass: end4
[2025-05-29 23:14:42] Processus supprimé pour bruno: beginning-with-l--vote-100-left-0H:4M - stopped
[2025-05-29 23:14:42] Processus mis à jour pour bruno: beginning-with-l--vote-100-left-0H:4M - stopped
[2025-05-29 23:14:42] Stratégie chargée depuis gsgui.ini pour bruno/Green Grass: end4
[2025-05-29 23:14:42] Processus supprimé pour bruno: beginning-with-l--vote-50-left-0H:3M - stopped
[2025-05-29 23:14:42] Processus mis à jour pour bruno: beginning-with-l--vote-50-left-0H:3M - stopped
[2025-05-29 23:14:42] Stratégie chargée depuis gsgui.ini pour bruno/Green Grass: end4
[2025-05-29 23:14:42] Processus supprimé pour bruno: beginning-with-l--vote-50-left-0H:2M - stopped
[2025-05-29 23:14:42] Processus mis à jour pour bruno: beginning-with-l--vote-50-left-0H:2M - stopped
[2025-05-29 23:14:42] Stratégie chargée depuis gsgui.ini pour bruno/Green Grass: end4
[2025-05-29 23:14:42] Processus supprimé pour bruno: beginning-with-l--vote-50-left-0H:1M - stopped
[2025-05-29 23:14:42] Processus mis à jour pour bruno: beginning-with-l--vote-50-left-0H:1M - stopped
[2025-05-29 23:14:42] Stratégie chargée depuis gsgui.ini pour bruno/Green Grass: end4
[2025-05-29 23:14:42] Processus supprimé pour bruno: green-grass-vote-100-left-0H:4M - stopped
[2025-05-29 23:14:42] Processus mis à jour pour bruno: green-grass-vote-100-left-0H:4M - stopped
[2025-05-29 23:14:42] Stratégie chargée depuis gsgui.ini pour bruno/Green Grass: end4
[2025-05-29 23:14:42] Processus supprimé pour bruno: green-grass-vote-50-left-0H:3M - stopped
[2025-05-29 23:14:42] Processus mis à jour pour bruno: green-grass-vote-50-left-0H:3M - stopped
[2025-05-29 23:14:42] Stratégie chargée depuis gsgui.ini pour bruno/Green Grass: end4
[2025-05-29 23:14:42] Processus supprimé pour bruno: green-grass-vote-50-left-0H:2M - stopped
[2025-05-29 23:14:42] Processus mis à jour pour bruno: green-grass-vote-50-left-0H:2M - stopped
[2025-05-29 23:14:42] Stratégie chargée depuis gsgui.ini pour bruno/Green Grass: end4
[2025-05-29 23:14:42] Processus supprimé pour bruno: green-grass-vote-50-left-0H:1M - stopped
[2025-05-29 23:14:42] Processus mis à jour pour bruno: green-grass-vote-50-left-0H:1M - stopped
[2025-05-29 23:14:42] Stratégie chargée depuis gsgui.ini pour bruno/Green Grass: end4
[2025-05-29 23:14:42] Arrêt des stratégies pour les challenges sélectionnés:
- Arrêt et suppression du processus pour Beginning with ‘L’
- Arrêt et suppression du processus pour Beginning with ‘L’
- Arrêt et suppression du processus pour Beginning with ‘L’
- Arrêt et suppression du processus pour Beginning with ‘L’
- Arrêt et suppression du processus pour Green Grass
- Arrêt et suppression du processus pour Green Grass
- Arrêt et suppression du processus pour Green Grass
- Arrêt et suppression du processus pour Green Grass

[2025-05-29 23:14:42] Stratégie chargée depuis gsgui.ini pour bruno/Green Grass: end4
[2025-05-29 23:14:46] Challenges en cours de traitement:
Aucun challenge en cours de traitement.

[2025-05-29 23:14:50] Lancement de la stratégie end4 pour Beginning with ‘L’
[2025-05-29 23:14:50] Nouveau processus ajouté pour bruno: beginning-with-l--vote-100-left-0H:4M - Statut: init
[2025-05-29 23:14:50] Traitement du challenge pour bruno: beginning-with-l-
[2025-05-29 23:14:50] Nouveau processus ajouté pour bruno: beginning-with-l--vote-50-left-0H:3M - Statut: init
[2025-05-29 23:14:50] Traitement du challenge pour bruno: beginning-with-l-
[2025-05-29 23:14:50] Processus mis à jour pour bruno: beginning-with-l--vote-100-left-0H:4M - waiting
[2025-05-29 23:14:50] Nouveau processus ajouté pour bruno: beginning-with-l--vote-50-left-0H:2M - Statut: init
[2025-05-29 23:14:50] Nouveau processus ajouté pour bruno: beginning-with-l--vote-50-left-0H:1M - Statut: init
[2025-05-29 23:14:50] Traitement du challenge pour bruno: beginning-with-l-
[2025-05-29 23:14:50] Processus mis à jour pour bruno: beginning-with-l--vote-50-left-0H:3M - waiting
[2025-05-29 23:14:50] Traitement du challenge pour bruno: beginning-with-l-
[2025-05-29 23:14:50] Processus mis à jour pour bruno: beginning-with-l--vote-50-left-0H:2M - waiting
[2025-05-29 23:14:50] Processus mis à jour pour bruno: beginning-with-l--vote-50-left-0H:1M - waiting
[2025-05-29 23:14:50] Stratégie chargée depuis gsgui.ini pour bruno/Green Grass: end4
[2025-05-29 23:14:50] Lancement de la stratégie end4 pour Green Grass
[2025-05-29 23:14:50] Nouveau processus ajouté pour bruno: green-grass-vote-100-left-0H:4M - Statut: init
[2025-05-29 23:14:50] Traitement du challenge pour bruno: green-grass
[2025-05-29 23:14:50] Nouveau processus ajouté pour bruno: green-grass-vote-50-left-0H:3M - Statut: init
[2025-05-29 23:14:50] Traitement du challenge pour bruno: green-grass
[2025-05-29 23:14:50] Nouveau processus ajouté pour bruno: green-grass-vote-50-left-0H:2M - Statut: init
[2025-05-29 23:14:50] Processus mis à jour pour bruno: green-grass-vote-100-left-0H:4M - waiting
[2025-05-29 23:14:50] Traitement du challenge pour bruno: green-grass
[2025-05-29 23:14:50] Processus mis à jour pour bruno: green-grass-vote-50-left-0H:3M - waiting
[2025-05-29 23:14:50] Nouveau processus ajouté pour bruno: green-grass-vote-50-left-0H:1M - Statut: init
[2025-05-29 23:14:50] Processus mis à jour pour bruno: green-grass-vote-50-left-0H:2M - waiting
[2025-05-29 23:14:50] Traitement du challenge pour bruno: green-grass
[2025-05-29 23:14:50] Stratégie chargée depuis gsgui.ini pour bruno/Green Grass: end4
[2025-05-29 23:14:50] Processus mis à jour pour bruno: green-grass-vote-50-left-0H:1M - waiting
[2025-05-29 23:14:50] Application des stratégies pour les challenges sélectionnés:
- Beginning with ‘L’ avec stratégie end4
- Green Grass avec stratégie end4

[2025-05-29 23:14:55] Refreshing challenges...
[2025-05-29 23:14:55] Fetching challenges...
[2025-05-29 23:14:56] Challenges fetching ...
[2025-05-29 23:14:56] Stratégie chargée depuis gsgui.ini pour bruno/Green Grass: end4
[2025-05-29 23:14:56] Challenges fetched successfully for bruno!
[2025-05-29 23:14:56] Stratégie chargée depuis gsgui.ini pour bruno/Green Grass: end4
[2025-05-29 23:18:00] Refreshing challenges...
[2025-05-29 23:18:00] Fetching challenges...
[2025-05-29 23:18:00] Challenges fetching ...
[2025-05-29 23:18:00] Challenges fetched successfully for bruno!
[2025-05-29 23:18:14] Challenge non trouvé: green-grass
[2025-05-29 23:18:14] Processus mis à jour pour bruno: green-grass-vote-50-left-0H:2M - executing
[2025-05-29 23:18:14] Objet challenge créé pour le thread de profil bruno: green-grass
[2025-05-29 23:18:14] Traitement de vote pour Challenge green-grass
[2025-05-29 23:18:14] Challenge green-grass get vote panel
[2025-05-29 23:18:14] Processus associé: green-grass-vote-50-left-0H:2M
[2025-05-29 23:18:14] Récupération des données de vote pour Challenge green-grass (URL: green-grass, HEADER:{'User-Agent': 'Mozilla/5.0 (X11; Linux i686; rv:39.0) Gecko/20100101 Firefox/39.0', 'x-api-version': '8', 'x-env': 'WEB', 'X-requested-with': 'XMLHttpRequest', 'X-token': 'a1cad95a6d480c14f51dd0eba4914c8337b893c789ec6278bb440c7c9a673b162f042470c62684e6da2bd342ffea7777'})
[2025-05-29 23:18:14] Challenge non trouvé: green-grass
[2025-05-29 23:18:14] Processus mis à jour pour bruno: green-grass-vote-50-left-0H:1M - executing
[2025-05-29 23:18:14] Objet challenge créé pour le thread de profil bruno: green-grass
[2025-05-29 23:18:14] Traitement de vote pour Challenge green-grass
[2025-05-29 23:18:14] Challenge green-grass get vote panel
[2025-05-29 23:18:14] Processus associé: green-grass-vote-50-left-0H:1M
[2025-05-29 23:18:15] Récupération des données de vote pour Challenge green-grass (URL: green-grass, HEADER:{'User-Agent': 'Mozilla/5.0 (X11; Linux i686; rv:39.0) Gecko/20100101 Firefox/39.0', 'x-api-version': '8', 'x-env': 'WEB', 'X-requested-with': 'XMLHttpRequest', 'X-token': 'a1cad95a6d480c14f51dd0eba4914c8337b893c789ec6278bb440c7c9a673b162f042470c62684e6da2bd342ffea7777'})
[2025-05-29 23:18:15] Challenge non trouvé: beginning-with-l-
[2025-05-29 23:18:15] Challenge non trouvé: green-grass
[2025-05-29 23:18:15] Processus mis à jour pour bruno: green-grass-vote-100-left-0H:4M - executing
[2025-05-29 23:18:15] Processus mis à jour pour bruno: beginning-with-l--vote-50-left-0H:2M - executing
[2025-05-29 23:18:15] Objet challenge créé pour le thread de profil bruno: green-grass
[2025-05-29 23:18:15] Objet challenge créé pour le thread de profil bruno: beginning-with-l-
[2025-05-29 23:18:15] Traitement de vote pour Challenge green-grass
[2025-05-29 23:18:15] Traitement de vote pour Challenge beginning-with-l-
[2025-05-29 23:18:15] Challenge green-grass get vote panel
[2025-05-29 23:18:15] Challenge non trouvé: beginning-with-l-
[2025-05-29 23:18:15] Challenge non trouvé: beginning-with-l-
[2025-05-29 23:18:15] Processus associé: green-grass-vote-100-left-0H:4M
[2025-05-29 23:18:15] Processus mis à jour pour bruno: beginning-with-l--vote-100-left-0H:4M - executing
[2025-05-29 23:18:15] Challenge beginning-with-l- get vote panel
[2025-05-29 23:18:15] Processus mis à jour pour bruno: beginning-with-l--vote-50-left-0H:3M - executing
[2025-05-29 23:18:15] Objet challenge créé pour le thread de profil bruno: beginning-with-l-
[2025-05-29 23:18:15] Processus associé: beginning-with-l--vote-50-left-0H:2M
[2025-05-29 23:18:15] Objet challenge créé pour le thread de profil bruno: beginning-with-l-
[2025-05-29 23:18:15] Traitement de vote pour Challenge beginning-with-l-
[2025-05-29 23:18:15] Traitement de vote pour Challenge beginning-with-l-
[2025-05-29 23:18:15] Challenge non trouvé: beginning-with-l-
[2025-05-29 23:18:15] Processus mis à jour pour bruno: beginning-with-l--vote-50-left-0H:1M - executing
[2025-05-29 23:18:15] Objet challenge créé pour le thread de profil bruno: beginning-with-l-
[2025-05-29 23:18:15] Traitement de vote pour Challenge beginning-with-l-
[2025-05-29 23:18:15] Challenge beginning-with-l- get vote panel
[2025-05-29 23:18:15] Processus associé: beginning-with-l--vote-100-left-0H:4M
[2025-05-29 23:18:15] Challenge beginning-with-l- get vote panel
[2025-05-29 23:18:15] Processus associé: beginning-with-l--vote-50-left-0H:3M
[2025-05-29 23:18:15] Challenge beginning-with-l- get vote panel
[2025-05-29 23:18:15] Processus associé: beginning-with-l--vote-50-left-0H:1M
[2025-05-29 23:18:15] Récupération des données de vote pour Challenge green-grass (URL: green-grass, HEADER:{'User-Agent': 'Mozilla/5.0 (X11; Linux i686; rv:39.0) Gecko/20100101 Firefox/39.0', 'x-api-version': '8', 'x-env': 'WEB', 'X-requested-with': 'XMLHttpRequest', 'X-token': 'a1cad95a6d480c14f51dd0eba4914c8337b893c789ec6278bb440c7c9a673b162f042470c62684e6da2bd342ffea7777'})
[2025-05-29 23:18:15] Récupération des données de vote pour Challenge beginning-with-l- (URL: beginning-with-l-, HEADER:{'User-Agent': 'Mozilla/5.0 (X11; Linux i686; rv:39.0) Gecko/20100101 Firefox/39.0', 'x-api-version': '8', 'x-env': 'WEB', 'X-requested-with': 'XMLHttpRequest', 'X-token': 'a1cad95a6d480c14f51dd0eba4914c8337b893c789ec6278bb440c7c9a673b162f042470c62684e6da2bd342ffea7777'})
[2025-05-29 23:18:15] Récupération des données de vote pour Challenge beginning-with-l- (URL: beginning-with-l-, HEADER:{'User-Agent': 'Mozilla/5.0 (X11; Linux i686; rv:39.0) Gecko/20100101 Firefox/39.0', 'x-api-version': '8', 'x-env': 'WEB', 'X-requested-with': 'XMLHttpRequest', 'X-token': 'a1cad95a6d480c14f51dd0eba4914c8337b893c789ec6278bb440c7c9a673b162f042470c62684e6da2bd342ffea7777'})
[2025-05-29 23:18:15] Récupération des données de vote pour Challenge beginning-with-l- (URL: beginning-with-l-, HEADER:{'User-Agent': 'Mozilla/5.0 (X11; Linux i686; rv:39.0) Gecko/20100101 Firefox/39.0', 'x-api-version': '8', 'x-env': 'WEB', 'X-requested-with': 'XMLHttpRequest', 'X-token': 'a1cad95a6d480c14f51dd0eba4914c8337b893c789ec6278bb440c7c9a673b162f042470c62684e6da2bd342ffea7777'})
[2025-05-29 23:18:15] Récupération des données de vote pour Challenge beginning-with-l- (URL: beginning-with-l-, HEADER:{'User-Agent': 'Mozilla/5.0 (X11; Linux i686; rv:39.0) Gecko/20100101 Firefox/39.0', 'x-api-version': '8', 'x-env': 'WEB', 'X-requested-with': 'XMLHttpRequest', 'X-token': 'a1cad95a6d480c14f51dd0eba4914c8337b893c789ec6278bb440c7c9a673b162f042470c62684e6da2bd342ffea7777'})
[2025-05-29 23:18:15] Challenge non trouvé: green-grass
[2025-05-29 23:18:15] Processus mis à jour pour bruno: green-grass-vote-50-left-0H:3M - executing
[2025-05-29 23:18:15] Objet challenge créé pour le thread de profil bruno: green-grass
[2025-05-29 23:18:15] Traitement de vote pour Challenge green-grass
[2025-05-29 23:18:15] Challenge green-grass get vote panel
[2025-05-29 23:18:15] Processus associé: green-grass-vote-50-left-0H:3M
[2025-05-29 23:18:15] Récupération des données de vote pour Challenge green-grass (URL: green-grass, HEADER:{'User-Agent': 'Mozilla/5.0 (X11; Linux i686; rv:39.0) Gecko/20100101 Firefox/39.0', 'x-api-version': '8', 'x-env': 'WEB', 'X-requested-with': 'XMLHttpRequest', 'X-token': 'a1cad95a6d480c14f51dd0eba4914c8337b893c789ec6278bb440c7c9a673b162f042470c62684e6da2bd342ffea7777'})
[2025-05-29 23:18:15] Erreur HTTP 403: <html>
<head><title>403 Forbidden</title></head>
<body>
<center><h1>403 Forbidden</h1></center>
...
[2025-05-29 23:18:15] Voting fetching ...
[2025-05-29 23:18:15] Erreur lors de la récupération des données de vote: {'success': False, 'message': 'HTTP 403: <html>\r\n<head><title>403 Forbidden</title></head>\r\n<body>\r\n<center><h1>403 Forbidden</h1></center>\r\n</body>\r\n</html>\r\n', 'challenge': {'close_time': 0}}
[2025-05-29 23:18:15] Erreur HTTP 403: <html>
<head><title>403 Forbidden</title></head>
<body>
<center><h1>403 Forbidden</h1></center>
...
[2025-05-29 23:18:15] Voting fetching ...
[2025-05-29 23:18:15] Erreur lors de la récupération des données de vote: {'success': False, 'message': 'HTTP 403: <html>\r\n<head><title>403 Forbidden</title></head>\r\n<body>\r\n<center><h1>403 Forbidden</h1></center>\r\n</body>\r\n</html>\r\n', 'challenge': {'close_time': 0}}
[2025-05-29 23:18:15] Erreur HTTP 403: <html>
<head><title>403 Forbidden</title></head>
<body>
<center><h1>403 Forbidden</h1></center>
...
[2025-05-29 23:18:15] Voting fetching ...
[2025-05-29 23:18:15] Erreur lors de la récupération des données de vote: {'success': False, 'message': 'HTTP 403: <html>\r\n<head><title>403 Forbidden</title></head>\r\n<body>\r\n<center><h1>403 Forbidden</h1></center>\r\n</body>\r\n</html>\r\n', 'challenge': {'close_time': 0}}
[2025-05-29 23:18:15] Erreur HTTP 403: <html>
<head><title>403 Forbidden</title></head>
<body>
<center><h1>403 Forbidden</h1></center>
...
[2025-05-29 23:18:15] Voting fetching ...
[2025-05-29 23:18:15] Erreur lors de la récupération des données de vote: {'success': False, 'message': 'HTTP 403: <html>\r\n<head><title>403 Forbidden</title></head>\r\n<body>\r\n<center><h1>403 Forbidden</h1></center>\r\n</body>\r\n</html>\r\n', 'challenge': {'close_time': 0}}
[2025-05-29 23:18:15] Erreur HTTP 403: <html>
<head><title>403 Forbidden</title></head>
<body>
<center><h1>403 Forbidden</h1></center>
...
[2025-05-29 23:18:15] Voting fetching ...
[2025-05-29 23:18:15] Erreur lors de la récupération des données de vote: {'success': False, 'message': 'HTTP 403: <html>\r\n<head><title>403 Forbidden</title></head>\r\n<body>\r\n<center><h1>403 Forbidden</h1></center>\r\n</body>\r\n</html>\r\n', 'challenge': {'close_time': 0}}
[2025-05-29 23:18:15] Erreur HTTP 403: <html>
<head><title>403 Forbidden</title></head>
<body>
<center><h1>403 Forbidden</h1></center>
...
[2025-05-29 23:18:15] Voting fetching ...
[2025-05-29 23:18:15] Erreur lors de la récupération des données de vote: {'success': False, 'message': 'HTTP 403: <html>\r\n<head><title>403 Forbidden</title></head>\r\n<body>\r\n<center><h1>403 Forbidden</h1></center>\r\n</body>\r\n</html>\r\n', 'challenge': {'close_time': 0}}
[2025-05-29 23:18:15] Erreur HTTP 403: <html>
<head><title>403 Forbidden</title></head>
<body>
<center><h1>403 Forbidden</h1></center>
...
[2025-05-29 23:18:15] Voting fetching ...
[2025-05-29 23:18:15] Erreur lors de la récupération des données de vote: {'success': False, 'message': 'HTTP 403: <html>\r\n<head><title>403 Forbidden</title></head>\r\n<body>\r\n<center><h1>403 Forbidden</h1></center>\r\n</body>\r\n</html>\r\n', 'challenge': {'close_time': 0}}
[2025-05-29 23:18:15] Erreur HTTP 403: <html>
<head><title>403 Forbidden</title></head>
<body>
<center><h1>403 Forbidden</h1></center>
...
[2025-05-29 23:18:15] Voting fetching ...
[2025-05-29 23:18:15] Erreur lors de la récupération des données de vote: {'success': False, 'message': 'HTTP 403: <html>\r\n<head><title>403 Forbidden</title></head>\r\n<body>\r\n<center><h1>403 Forbidden</h1></center>\r\n</body>\r\n</html>\r\n', 'challenge': {'close_time': 0}}
[2025-05-29 23:18:24] Refreshing challenges...
[2025-05-29 23:18:24] Fetching challenges...
[2025-05-29 23:18:24] Challenges fetching ...
[2025-05-29 23:18:24] Challenges fetched successfully for bruno!
[2025-05-29 23:18:31] Processus suspect (format de date invalide): beginning-with-l--vote-100-left-0H:4M (profil: bruno)
[2025-05-29 23:18:31] Processus supprimé pour bruno: beginning-with-l--vote-100-left-0H:4M - zombie
[2025-05-29 23:18:31] Processus mis à jour pour bruno: beginning-with-l--vote-100-left-0H:4M - zombie
[2025-05-29 23:18:31] Processus suspect (format de date invalide): beginning-with-l--vote-50-left-0H:3M (profil: bruno)
[2025-05-29 23:18:31] Processus supprimé pour bruno: beginning-with-l--vote-50-left-0H:3M - zombie
[2025-05-29 23:18:31] Processus mis à jour pour bruno: beginning-with-l--vote-50-left-0H:3M - zombie
[2025-05-29 23:18:31] Processus suspect (format de date invalide): beginning-with-l--vote-50-left-0H:2M (profil: bruno)
[2025-05-29 23:18:31] Processus supprimé pour bruno: beginning-with-l--vote-50-left-0H:2M - zombie
[2025-05-29 23:18:31] Processus mis à jour pour bruno: beginning-with-l--vote-50-left-0H:2M - zombie
[2025-05-29 23:18:31] Processus suspect (format de date invalide): beginning-with-l--vote-50-left-0H:1M (profil: bruno)
[2025-05-29 23:18:31] Processus supprimé pour bruno: beginning-with-l--vote-50-left-0H:1M - zombie
[2025-05-29 23:18:31] Processus mis à jour pour bruno: beginning-with-l--vote-50-left-0H:1M - zombie
[2025-05-29 23:18:31] Processus suspect (format de date invalide): green-grass-vote-100-left-0H:4M (profil: bruno)
[2025-05-29 23:18:31] Processus supprimé pour bruno: green-grass-vote-100-left-0H:4M - zombie
[2025-05-29 23:18:31] Processus mis à jour pour bruno: green-grass-vote-100-left-0H:4M - zombie
[2025-05-29 23:18:31] Processus suspect (format de date invalide): green-grass-vote-50-left-0H:3M (profil: bruno)
[2025-05-29 23:18:31] Processus supprimé pour bruno: green-grass-vote-50-left-0H:3M - zombie
[2025-05-29 23:18:31] Processus mis à jour pour bruno: green-grass-vote-50-left-0H:3M - zombie
[2025-05-29 23:18:31] Processus suspect (format de date invalide): green-grass-vote-50-left-0H:2M (profil: bruno)
[2025-05-29 23:18:31] Processus supprimé pour bruno: green-grass-vote-50-left-0H:2M - zombie
[2025-05-29 23:18:31] Processus mis à jour pour bruno: green-grass-vote-50-left-0H:2M - zombie
[2025-05-29 23:18:31] Processus suspect (format de date invalide): green-grass-vote-50-left-0H:1M (profil: bruno)
[2025-05-29 23:18:31] Processus supprimé pour bruno: green-grass-vote-50-left-0H:1M - zombie
[2025-05-29 23:18:31] Processus mis à jour pour bruno: green-grass-vote-50-left-0H:1M - zombie
[2025-05-29 23:18:45] Refreshing challenges...
[2025-05-29 23:18:45] Fetching challenges...
[2025-05-29 23:18:45] Challenges fetching ...
[2025-05-29 23:18:45] Challenges fetched successfully for bruno!
[2025-05-29 23:18:59] Refreshing challenges...
[2025-05-29 23:18:59] Fetching challenges...
[2025-05-29 23:18:59] Challenges fetching ...
[2025-05-29 23:18:59] Challenges fetched successfully for bruno!
[2025-05-29 23:19:13] Fetching challenges...
[2025-05-29 23:19:14] Challenges fetching ...
[2025-05-29 23:19:14] Stratégie chargée depuis gsgui.ini pour bruno/Green Grass: end4
[2025-05-29 23:19:14] Lancement automatique des stratégies de fin pour 3 nouveaux challenges...
[2025-05-29 23:19:14] Nouveau challenge détecté pour bruno: Beginning with ‘L’
[2025-05-29 23:19:14] Nouveau challenge détecté pour bruno: Snaps From Behind
[2025-05-29 23:19:14] Nouveau challenge détecté pour bruno: Green Grass
[2025-05-29 23:19:14] Challenges fetched successfully for bruno!
[2025-05-29 23:19:14] Stratégie chargée depuis gsgui.ini pour bruno/Green Grass: end4
[2025-05-29 23:19:31] Snaps From Behind get vote panel
[2025-05-29 23:19:31] Filling challenges: {100588}
Filled Snaps From Behind with strategy end4

[2025-05-29 23:19:31] Stratégie chargée depuis gsgui.ini pour bruno/Green Grass: end4
[2025-05-29 23:19:31] Récupération des données de vote pour Snaps From Behind (URL: snaps-from-behind, HEADER:{'User-Agent': 'Mozilla/5.0 (X11; Linux i686; rv:39.0) Gecko/20100101 Firefox/39.0', 'x-api-version': '8', 'x-env': 'WEB', 'X-requested-with': 'XMLHttpRequest', 'X-token': 'a1cad95a6d480c14f51dd0eba4914c8337b893c789ec6278bb440c7c9a673b162f042470c62684e6da2bd342ffea7777'})
[2025-05-29 23:19:32] Récupération réussie: 200 images pour Snaps From Behind
[2025-05-29 23:19:32] Voting fetching ...
[2025-05-29 23:19:32] Snaps From Behind voting 100 images
[2025-05-29 23:19:32] Stratégie chargée depuis gsgui.ini pour bruno/Green Grass: end4
[2025-05-29 23:19:33] Snaps From Behind voted successfully
[2025-05-29 23:19:35] Challenges fetching ...
[2025-05-29 23:19:35] Stratégie chargée depuis gsgui.ini pour bruno/Green Grass: end4
[2025-05-29 23:19:35] Challenges fetched successfully for bruno!
[2025-05-29 23:19:35] Stratégie chargée depuis gsgui.ini pour bruno/Green Grass: end4
[2025-05-29 23:19:48] Lancement de la stratégie end4 pour Snaps From Behind
[2025-05-29 23:19:48] Nouveau processus ajouté pour bruno: snaps-from-behind-vote-100-left-0H:4M - Statut: init
[2025-05-29 23:19:48] Traitement du challenge pour bruno: snaps-from-behind
[2025-05-29 23:19:48] Nouveau processus ajouté pour bruno: snaps-from-behind-vote-50-left-0H:3M - Statut: init
[2025-05-29 23:19:48] Traitement du challenge pour bruno: snaps-from-behind
[2025-05-29 23:19:48] Nouveau processus ajouté pour bruno: snaps-from-behind-vote-50-left-0H:2M - Statut: init
[2025-05-29 23:19:48] Stratégie chargée depuis gsgui.ini pour bruno/Green Grass: end4
[2025-05-29 23:19:48] Traitement du challenge pour bruno: snaps-from-behind
[2025-05-29 23:19:48] Processus mis à jour pour bruno: snaps-from-behind-vote-100-left-0H:4M - waiting
[2025-05-29 23:19:48] Nouveau processus ajouté pour bruno: snaps-from-behind-vote-50-left-0H:1M - Statut: init
[2025-05-29 23:19:48] Traitement du challenge pour bruno: snaps-from-behind
[2025-05-29 23:19:48] Processus mis à jour pour bruno: snaps-from-behind-vote-50-left-0H:3M - waiting
[2025-05-29 23:19:48] Processus mis à jour pour bruno: snaps-from-behind-vote-50-left-0H:2M - waiting
[2025-05-29 23:19:48] Processus mis à jour pour bruno: snaps-from-behind-vote-50-left-0H:1M - waiting
[2025-05-29 23:19:48] Lancement de la stratégie end4 pour Beginning with ‘L’
[2025-05-29 23:19:48] Nouveau processus ajouté pour bruno: beginning-with-l--vote-100-left-0H:4M - Statut: init
[2025-05-29 23:19:48] Nouveau processus ajouté pour bruno: beginning-with-l--vote-50-left-0H:3M - Statut: init
[2025-05-29 23:19:48] Traitement du challenge pour bruno: beginning-with-l-
[2025-05-29 23:19:48] Traitement du challenge pour bruno: beginning-with-l-
[2025-05-29 23:19:48] Stratégie chargée depuis gsgui.ini pour bruno/Green Grass: end4
[2025-05-29 23:19:48] Nouveau processus ajouté pour bruno: beginning-with-l--vote-50-left-0H:1M - Statut: init
[2025-05-29 23:19:48] Processus mis à jour pour bruno: beginning-with-l--vote-100-left-0H:4M - waiting
[2025-05-29 23:19:48] Traitement du challenge pour bruno: beginning-with-l-
[2025-05-29 23:19:48] Nouveau processus ajouté pour bruno: beginning-with-l--vote-50-left-0H:2M - Statut: init
[2025-05-29 23:19:48] Processus mis à jour pour bruno: beginning-with-l--vote-50-left-0H:3M - waiting
[2025-05-29 23:19:48] Traitement du challenge pour bruno: beginning-with-l-
[2025-05-29 23:19:48] Processus mis à jour pour bruno: beginning-with-l--vote-50-left-0H:1M - waiting
[2025-05-29 23:19:48] Processus mis à jour pour bruno: beginning-with-l--vote-50-left-0H:2M - waiting
[2025-05-29 23:19:48] Lancement de la stratégie end4 pour Green Grass
[2025-05-29 23:19:48] Nouveau processus ajouté pour bruno: green-grass-vote-100-left-0H:4M - Statut: init
[2025-05-29 23:19:48] Traitement du challenge pour bruno: green-grass
[2025-05-29 23:19:48] Stratégie chargée depuis gsgui.ini pour bruno/Green Grass: end4
[2025-05-29 23:19:48] Nouveau processus ajouté pour bruno: green-grass-vote-50-left-0H:3M - Statut: init
[2025-05-29 23:19:48] Nouveau processus ajouté pour bruno: green-grass-vote-50-left-0H:2M - Statut: init
[2025-05-29 23:19:48] Traitement du challenge pour bruno: green-grass
[2025-05-29 23:19:48] Processus mis à jour pour bruno: green-grass-vote-100-left-0H:4M - waiting
[2025-05-29 23:19:48] Traitement du challenge pour bruno: green-grass
[2025-05-29 23:19:48] Nouveau processus ajouté pour bruno: green-grass-vote-50-left-0H:1M - Statut: init
[2025-05-29 23:19:48] Traitement du challenge pour bruno: green-grass
[2025-05-29 23:19:48] Processus mis à jour pour bruno: green-grass-vote-50-left-0H:3M - waiting
[2025-05-29 23:19:48] Processus mis à jour pour bruno: green-grass-vote-50-left-0H:2M - waiting
[2025-05-29 23:19:48] Processus mis à jour pour bruno: green-grass-vote-50-left-0H:1M - waiting
[2025-05-29 23:19:48] Application des stratégies pour les challenges sélectionnés:
- Snaps From Behind avec stratégie end4
- Beginning with ‘L’ avec stratégie end4
- Green Grass avec stratégie end4

[2025-05-29 23:34:44] Refreshing challenges...
[2025-05-29 23:34:45] Fetching challenges...
[2025-05-29 23:34:45] Challenges fetching ...
[2025-05-29 23:34:45] Stratégie chargée depuis gsgui.ini pour bruno/Green Grass: end4
[2025-05-29 23:34:45] Challenges fetched successfully for bruno!
[2025-05-29 23:34:45] Stratégie chargée depuis gsgui.ini pour bruno/Green Grass: end4
[2025-05-29 23:48:05] Green Grass get vote panel
[2025-05-29 23:48:05] Filling challenges: {100639}
Filled Green Grass with strategy end4

[2025-05-29 23:48:05] Stratégie chargée depuis gsgui.ini pour bruno/Green Grass: end4
[2025-05-29 23:48:05] Récupération des données de vote pour Green Grass (URL: green-grass, HEADER:{'User-Agent': 'Mozilla/5.0 (X11; Linux i686; rv:39.0) Gecko/20100101 Firefox/39.0', 'x-api-version': '8', 'x-env': 'WEB', 'X-requested-with': 'XMLHttpRequest', 'X-token': 'a1cad95a6d480c14f51dd0eba4914c8337b893c789ec6278bb440c7c9a673b162f042470c62684e6da2bd342ffea7777'})
[2025-05-29 23:48:06] Récupération réussie: 200 images pour Green Grass
[2025-05-29 23:48:06] Voting fetching ...
[2025-05-29 23:48:06] Green Grass voting 100 images
[2025-05-29 23:48:06] Stratégie chargée depuis gsgui.ini pour bruno/Green Grass: end4
[2025-05-29 23:48:07] Green Grass voted successfully
[2025-05-29 23:48:10] Challenges fetching ...
[2025-05-29 23:48:10] Stratégie chargée depuis gsgui.ini pour bruno/Green Grass: end4
[2025-05-29 23:48:10] Challenges fetched successfully for bruno!
[2025-05-29 23:48:10] Stratégie chargée depuis gsgui.ini pour bruno/Green Grass: end4
[2025-05-29 23:48:30] Refreshing challenges...
[2025-05-29 23:48:30] Fetching challenges...
[2025-05-29 23:48:30] Challenges fetching ...
[2025-05-29 23:48:30] Stratégie chargée depuis gsgui.ini pour bruno/Green Grass: end4
[2025-05-29 23:48:30] Challenges fetched successfully for bruno!
[2025-05-29 23:48:30] Stratégie chargée depuis gsgui.ini pour bruno/Green Grass: end4
[2025-05-29 23:48:44] Refreshing challenges...
[2025-05-29 23:48:44] Fetching challenges...
[2025-05-29 23:48:45] Challenges fetching ...
[2025-05-29 23:48:45] Stratégie chargée depuis gsgui.ini pour bruno/Green Grass: end4
[2025-05-29 23:48:45] Challenges fetched successfully for bruno!
[2025-05-29 23:48:45] Stratégie chargée depuis gsgui.ini pour bruno/Green Grass: end4
