[2025-06-08 00:18:14] Refreshing challenges...
[2025-06-08 00:18:14] Fetching challenges...
[2025-06-08 00:18:15] Challenges fetching ...
[2025-06-08 00:18:15] Challenges fetched successfully for bruno!
[2025-06-08 00:18:37] Sélection de tous les challenges

[2025-06-08 00:18:43] Pools & Swimming get vote panel
[2025-06-08 00:18:43] Bridges get vote panel
[2025-06-08 00:18:43] Color Drained get vote panel
[2025-06-08 00:18:43] Still Life get vote panel
[2025-06-08 00:18:43] Dramatic Lighting get vote panel
[2025-06-08 00:18:43] Photo of the Week! get vote panel
[2025-06-08 00:18:43] Ultimate Exposure get vote panel
[2025-06-08 00:18:43] Best of Black & White get vote panel
[2025-06-08 00:18:43] The 7 Sins get vote panel
[2025-06-08 00:18:43] Filling challenges: {101577, 101587, 101589, 101466, 101789, 101790, 101599, 101734, 101222, 101608}
Filled Pools & Swimming with strategy end4
Filled Bridges with strategy end4
Filled Color Drained with strategy end4
Filled Still Life with strategy end4
Filled Dramatic Lighting with strategy end4
Filled Photo of the Week! with strategy end4
Filled Ultimate Exposure with strategy end4
Filled Best of Black & White with strategy end4
Filled The 7 Sins with strategy end4

[2025-06-08 00:18:43] Récupération des données de vote pour Pools & Swimming (URL: pools-swimming1, HEADER:{'User-Agent': 'Mozilla/5.0 (X11; Linux i686; rv:39.0) Gecko/20100101 Firefox/39.0', 'x-api-version': '8', 'x-env': 'WEB', 'X-requested-with': 'XMLHttpRequest', 'X-token': 'a1cad95a6d480c14f51dd0eba4914c8337b893c789ec6278bb440c7c9a673b162f042470c62684e6da2bd342ffea7777'})
[2025-06-08 00:18:43] Récupération des données de vote pour Bridges (URL: bridges35, HEADER:{'User-Agent': 'Mozilla/5.0 (X11; Linux i686; rv:39.0) Gecko/20100101 Firefox/39.0', 'x-api-version': '8', 'x-env': 'WEB', 'X-requested-with': 'XMLHttpRequest', 'X-token': 'a1cad95a6d480c14f51dd0eba4914c8337b893c789ec6278bb440c7c9a673b162f042470c62684e6da2bd342ffea7777'})
[2025-06-08 00:18:43] Récupération des données de vote pour Color Drained (URL: depleted-color, HEADER:{'User-Agent': 'Mozilla/5.0 (X11; Linux i686; rv:39.0) Gecko/20100101 Firefox/39.0', 'x-api-version': '8', 'x-env': 'WEB', 'X-requested-with': 'XMLHttpRequest', 'X-token': 'a1cad95a6d480c14f51dd0eba4914c8337b893c789ec6278bb440c7c9a673b162f042470c62684e6da2bd342ffea7777'})
[2025-06-08 00:18:43] Récupération des données de vote pour Still Life (URL: still-life5, HEADER:{'User-Agent': 'Mozilla/5.0 (X11; Linux i686; rv:39.0) Gecko/20100101 Firefox/39.0', 'x-api-version': '8', 'x-env': 'WEB', 'X-requested-with': 'XMLHttpRequest', 'X-token': 'a1cad95a6d480c14f51dd0eba4914c8337b893c789ec6278bb440c7c9a673b162f042470c62684e6da2bd342ffea7777'})
[2025-06-08 00:18:43] Récupération des données de vote pour Dramatic Lighting (URL: dramatic-lighting11, HEADER:{'User-Agent': 'Mozilla/5.0 (X11; Linux i686; rv:39.0) Gecko/20100101 Firefox/39.0', 'x-api-version': '8', 'x-env': 'WEB', 'X-requested-with': 'XMLHttpRequest', 'X-token': 'a1cad95a6d480c14f51dd0eba4914c8337b893c789ec6278bb440c7c9a673b162f042470c62684e6da2bd342ffea7777'})
[2025-06-08 00:18:43] Récupération des données de vote pour Photo of the Week! (URL: photo-of-the-week-299, HEADER:{'User-Agent': 'Mozilla/5.0 (X11; Linux i686; rv:39.0) Gecko/20100101 Firefox/39.0', 'x-api-version': '8', 'x-env': 'WEB', 'X-requested-with': 'XMLHttpRequest', 'X-token': 'a1cad95a6d480c14f51dd0eba4914c8337b893c789ec6278bb440c7c9a673b162f042470c62684e6da2bd342ffea7777'})
[2025-06-08 00:18:43] Récupération des données de vote pour Ultimate Exposure (URL: ultimate-exposure80, HEADER:{'User-Agent': 'Mozilla/5.0 (X11; Linux i686; rv:39.0) Gecko/20100101 Firefox/39.0', 'x-api-version': '8', 'x-env': 'WEB', 'X-requested-with': 'XMLHttpRequest', 'X-token': 'a1cad95a6d480c14f51dd0eba4914c8337b893c789ec6278bb440c7c9a673b162f042470c62684e6da2bd342ffea7777'})
[2025-06-08 00:18:43] Récupération des données de vote pour Best of Black & White (URL: best-of-black-white29, HEADER:{'User-Agent': 'Mozilla/5.0 (X11; Linux i686; rv:39.0) Gecko/20100101 Firefox/39.0', 'x-api-version': '8', 'x-env': 'WEB', 'X-requested-with': 'XMLHttpRequest', 'X-token': 'a1cad95a6d480c14f51dd0eba4914c8337b893c789ec6278bb440c7c9a673b162f042470c62684e6da2bd342ffea7777'})
[2025-06-08 00:18:43] Récupération des données de vote pour The 7 Sins (URL: the-7-sins, HEADER:{'User-Agent': 'Mozilla/5.0 (X11; Linux i686; rv:39.0) Gecko/20100101 Firefox/39.0', 'x-api-version': '8', 'x-env': 'WEB', 'X-requested-with': 'XMLHttpRequest', 'X-token': 'a1cad95a6d480c14f51dd0eba4914c8337b893c789ec6278bb440c7c9a673b162f042470c62684e6da2bd342ffea7777'})
[2025-06-08 00:18:44] Récupération réussie: 200 images pour Pools & Swimming
[2025-06-08 00:18:44] Voting fetching ...
[2025-06-08 00:18:44] Pools & Swimming voting 35 images
[2025-06-08 00:18:44] Récupération réussie: 200 images pour Color Drained
[2025-06-08 00:18:44] Voting fetching ...
[2025-06-08 00:18:44] Color Drained voting 35 images
[2025-06-08 00:18:44] Récupération réussie: 200 images pour Photo of the Week!
[2025-06-08 00:18:44] Voting fetching ...
[2025-06-08 00:18:44] Photo of the Week! voting 35 images
[2025-06-08 00:18:44] Récupération réussie: 200 images pour The 7 Sins
[2025-06-08 00:18:44] Voting fetching ...
[2025-06-08 00:18:44] The 7 Sins voting 35 images
[2025-06-08 00:18:44] Récupération réussie: 200 images pour Bridges
[2025-06-08 00:18:44] Voting fetching ...
[2025-06-08 00:18:44] Bridges voting 35 images
[2025-06-08 00:18:44] Récupération réussie: 200 images pour Dramatic Lighting
[2025-06-08 00:18:44] Voting fetching ...
[2025-06-08 00:18:44] Dramatic Lighting voting 35 images
[2025-06-08 00:18:44] Récupération réussie: 200 images pour Best of Black & White
[2025-06-08 00:18:44] Voting fetching ...
[2025-06-08 00:18:44] Best of Black & White voting 35 images
[2025-06-08 00:18:44] Récupération réussie: 200 images pour Ultimate Exposure
[2025-06-08 00:18:44] Voting fetching ...
[2025-06-08 00:18:44] Ultimate Exposure voting 35 images
[2025-06-08 00:18:44] Récupération réussie: 200 images pour Still Life
[2025-06-08 00:18:44] Voting fetching ...
[2025-06-08 00:18:44] Still Life voting 35 images
[2025-06-08 00:18:45] Pools & Swimming voted successfully
[2025-06-08 00:18:47] Color Drained voted successfully
[2025-06-08 00:18:49] The 7 Sins voted successfully
[2025-06-08 00:18:51] Bridges voted successfully
[2025-06-08 00:18:53] Photo of the Week! voted successfully
[2025-06-08 00:18:55] Best of Black & White voted successfully
[2025-06-08 00:18:57] Dramatic Lighting voted successfully
[2025-06-08 00:18:59] Ultimate Exposure voted successfully
[2025-06-08 00:19:01] Still Life voted successfully
[2025-06-08 00:19:04] Challenges fetching ...
[2025-06-08 00:19:04] Challenges fetched successfully for bruno!
[2025-06-08 00:19:04] Challenges fetching ...
[2025-06-08 00:19:04] Challenges fetched successfully for bruno!
[2025-06-08 00:19:04] Challenges fetching ...
[2025-06-08 00:19:04] Challenges fetched successfully for bruno!
[2025-06-08 00:19:04] Challenges fetching ...
[2025-06-08 00:19:04] Challenges fetched successfully for bruno!
[2025-06-08 00:19:04] Challenges fetching ...
[2025-06-08 00:19:04] Challenges fetched successfully for bruno!
[2025-06-08 00:19:04] Challenges fetching ...
[2025-06-08 00:19:04] Challenges fetched successfully for bruno!
[2025-06-08 00:19:04] Challenges fetching ...
[2025-06-08 00:19:04] Challenges fetched successfully for bruno!
[2025-06-08 00:19:04] Challenges fetching ...
[2025-06-08 00:19:04] Challenges fetched successfully for bruno!
[2025-06-08 00:19:04] Challenges fetching ...
[2025-06-08 00:19:04] Challenges fetched successfully for bruno!
[2025-06-08 00:19:40] Pools & Swimming get vote panel
[2025-06-08 00:19:40] Bridges get vote panel
[2025-06-08 00:19:40] Color Drained get vote panel
[2025-06-08 00:19:40] Still Life get vote panel
[2025-06-08 00:19:40] Dramatic Lighting get vote panel
[2025-06-08 00:19:40] Photo of the Week! get vote panel
[2025-06-08 00:19:40] Ultimate Exposure get vote panel
[2025-06-08 00:19:40] Best of Black & White get vote panel
[2025-06-08 00:19:40] The 7 Sins get vote panel
[2025-06-08 00:19:40] Filling challenges: {101577, 101587, 101589, 101466, 101789, 101790, 101599, 101734, 101222, 101608}
Filled Pools & Swimming with strategy end4
Filled Bridges with strategy end4
Filled Color Drained with strategy end4
Filled Still Life with strategy end4
Filled Dramatic Lighting with strategy end4
Filled Photo of the Week! with strategy end4
Filled Ultimate Exposure with strategy end4
Filled Best of Black & White with strategy end4
Filled The 7 Sins with strategy end4

[2025-06-08 00:19:40] Récupération des données de vote pour Pools & Swimming (URL: pools-swimming1, HEADER:{'User-Agent': 'Mozilla/5.0 (X11; Linux i686; rv:39.0) Gecko/20100101 Firefox/39.0', 'x-api-version': '8', 'x-env': 'WEB', 'X-requested-with': 'XMLHttpRequest', 'X-token': 'a1cad95a6d480c14f51dd0eba4914c8337b893c789ec6278bb440c7c9a673b162f042470c62684e6da2bd342ffea7777'})
[2025-06-08 00:19:40] Récupération des données de vote pour Bridges (URL: bridges35, HEADER:{'User-Agent': 'Mozilla/5.0 (X11; Linux i686; rv:39.0) Gecko/20100101 Firefox/39.0', 'x-api-version': '8', 'x-env': 'WEB', 'X-requested-with': 'XMLHttpRequest', 'X-token': 'a1cad95a6d480c14f51dd0eba4914c8337b893c789ec6278bb440c7c9a673b162f042470c62684e6da2bd342ffea7777'})
[2025-06-08 00:19:40] Récupération des données de vote pour Color Drained (URL: depleted-color, HEADER:{'User-Agent': 'Mozilla/5.0 (X11; Linux i686; rv:39.0) Gecko/20100101 Firefox/39.0', 'x-api-version': '8', 'x-env': 'WEB', 'X-requested-with': 'XMLHttpRequest', 'X-token': 'a1cad95a6d480c14f51dd0eba4914c8337b893c789ec6278bb440c7c9a673b162f042470c62684e6da2bd342ffea7777'})
[2025-06-08 00:19:40] Récupération des données de vote pour Still Life (URL: still-life5, HEADER:{'User-Agent': 'Mozilla/5.0 (X11; Linux i686; rv:39.0) Gecko/20100101 Firefox/39.0', 'x-api-version': '8', 'x-env': 'WEB', 'X-requested-with': 'XMLHttpRequest', 'X-token': 'a1cad95a6d480c14f51dd0eba4914c8337b893c789ec6278bb440c7c9a673b162f042470c62684e6da2bd342ffea7777'})
[2025-06-08 00:19:40] Récupération des données de vote pour Dramatic Lighting (URL: dramatic-lighting11, HEADER:{'User-Agent': 'Mozilla/5.0 (X11; Linux i686; rv:39.0) Gecko/20100101 Firefox/39.0', 'x-api-version': '8', 'x-env': 'WEB', 'X-requested-with': 'XMLHttpRequest', 'X-token': 'a1cad95a6d480c14f51dd0eba4914c8337b893c789ec6278bb440c7c9a673b162f042470c62684e6da2bd342ffea7777'})
[2025-06-08 00:19:40] Récupération des données de vote pour Photo of the Week! (URL: photo-of-the-week-299, HEADER:{'User-Agent': 'Mozilla/5.0 (X11; Linux i686; rv:39.0) Gecko/20100101 Firefox/39.0', 'x-api-version': '8', 'x-env': 'WEB', 'X-requested-with': 'XMLHttpRequest', 'X-token': 'a1cad95a6d480c14f51dd0eba4914c8337b893c789ec6278bb440c7c9a673b162f042470c62684e6da2bd342ffea7777'})
[2025-06-08 00:19:40] Récupération des données de vote pour Ultimate Exposure (URL: ultimate-exposure80, HEADER:{'User-Agent': 'Mozilla/5.0 (X11; Linux i686; rv:39.0) Gecko/20100101 Firefox/39.0', 'x-api-version': '8', 'x-env': 'WEB', 'X-requested-with': 'XMLHttpRequest', 'X-token': 'a1cad95a6d480c14f51dd0eba4914c8337b893c789ec6278bb440c7c9a673b162f042470c62684e6da2bd342ffea7777'})
[2025-06-08 00:19:40] Récupération des données de vote pour Best of Black & White (URL: best-of-black-white29, HEADER:{'User-Agent': 'Mozilla/5.0 (X11; Linux i686; rv:39.0) Gecko/20100101 Firefox/39.0', 'x-api-version': '8', 'x-env': 'WEB', 'X-requested-with': 'XMLHttpRequest', 'X-token': 'a1cad95a6d480c14f51dd0eba4914c8337b893c789ec6278bb440c7c9a673b162f042470c62684e6da2bd342ffea7777'})
[2025-06-08 00:19:40] Récupération des données de vote pour The 7 Sins (URL: the-7-sins, HEADER:{'User-Agent': 'Mozilla/5.0 (X11; Linux i686; rv:39.0) Gecko/20100101 Firefox/39.0', 'x-api-version': '8', 'x-env': 'WEB', 'X-requested-with': 'XMLHttpRequest', 'X-token': 'a1cad95a6d480c14f51dd0eba4914c8337b893c789ec6278bb440c7c9a673b162f042470c62684e6da2bd342ffea7777'})
[2025-06-08 00:19:41] Récupération réussie: 200 images pour Pools & Swimming
[2025-06-08 00:19:41] Voting fetching ...
[2025-06-08 00:19:41] Pools & Swimming voting 35 images
[2025-06-08 00:19:41] Récupération réussie: 200 images pour The 7 Sins
[2025-06-08 00:19:41] Voting fetching ...
[2025-06-08 00:19:41] The 7 Sins voting 35 images
[2025-06-08 00:19:41] Récupération réussie: 200 images pour Color Drained
[2025-06-08 00:19:41] Voting fetching ...
[2025-06-08 00:19:41] Color Drained voting 35 images
[2025-06-08 00:19:41] Récupération réussie: 200 images pour Photo of the Week!
[2025-06-08 00:19:41] Voting fetching ...
[2025-06-08 00:19:41] Photo of the Week! voting 35 images
[2025-06-08 00:19:41] Récupération réussie: 200 images pour Bridges
[2025-06-08 00:19:41] Voting fetching ...
[2025-06-08 00:19:41] Bridges voting 35 images
[2025-06-08 00:19:41] Récupération réussie: 200 images pour Dramatic Lighting
[2025-06-08 00:19:41] Voting fetching ...
[2025-06-08 00:19:41] Dramatic Lighting voting 35 images
[2025-06-08 00:19:41] Récupération réussie: 200 images pour Still Life
[2025-06-08 00:19:41] Voting fetching ...
[2025-06-08 00:19:41] Still Life voting 35 images
[2025-06-08 00:19:41] Récupération réussie: 200 images pour Best of Black & White
[2025-06-08 00:19:41] Voting fetching ...
[2025-06-08 00:19:41] Best of Black & White voting 35 images
[2025-06-08 00:19:41] Récupération réussie: 200 images pour Ultimate Exposure
[2025-06-08 00:19:41] Voting fetching ...
[2025-06-08 00:19:41] Ultimate Exposure voting 35 images
[2025-06-08 00:19:42] Pools & Swimming voted successfully
[2025-06-08 00:19:44] The 7 Sins voted successfully
[2025-06-08 00:19:46] Bridges voted successfully
[2025-06-08 00:19:48] Color Drained voted successfully
[2025-06-08 00:19:50] Photo of the Week! voted successfully
[2025-06-08 00:19:52] Désélection de tous les challenges

[2025-06-08 00:19:52] Best of Black & White voted successfully
[2025-06-08 00:19:54] Dramatic Lighting voted successfully
[2025-06-08 00:19:56] Still Life voted successfully
[2025-06-08 00:19:58] Désélection de tous les challenges

[2025-06-08 00:19:58] Ultimate Exposure voted successfully
[2025-06-08 00:20:01] Challenges fetching ...
[2025-06-08 00:20:01] Challenges fetched successfully for bruno!
[2025-06-08 00:20:01] Challenges fetching ...
[2025-06-08 00:20:01] Challenges fetched successfully for bruno!
[2025-06-08 00:20:01] Challenges fetching ...
[2025-06-08 00:20:01] Challenges fetched successfully for bruno!
[2025-06-08 00:20:01] Challenges fetching ...
[2025-06-08 00:20:01] Challenges fetched successfully for bruno!
[2025-06-08 00:20:01] Challenges fetching ...
[2025-06-08 00:20:01] Challenges fetched successfully for bruno!
[2025-06-08 00:20:01] Challenges fetching ...
[2025-06-08 00:20:01] Challenges fetched successfully for bruno!
[2025-06-08 00:20:01] Challenges fetching ...
[2025-06-08 00:20:01] Challenges fetched successfully for bruno!
[2025-06-08 00:20:01] Challenges fetching ...
[2025-06-08 00:20:01] Challenges fetched successfully for bruno!
[2025-06-08 00:20:01] Challenges fetching ...
[2025-06-08 00:20:01] Challenges fetched successfully for bruno!
[2025-06-08 01:55:15] Processus mis à jour pour bruno: the-7-sins-vote-70-left-0H:4M - executing
[2025-06-08 01:55:15] Traitement de vote pour The 7 Sins
[2025-06-08 01:55:16] The 7 Sins get vote panel
[2025-06-08 01:55:17] Processus associé: the-7-sins-vote-70-left-0H:4M
[2025-06-08 01:55:17] Récupération des données de vote pour The 7 Sins (URL: the-7-sins, HEADER:{'User-Agent': 'Mozilla/5.0 (X11; Linux i686; rv:39.0) Gecko/20100101 Firefox/39.0', 'x-api-version': '8', 'x-env': 'WEB', 'X-requested-with': 'XMLHttpRequest', 'X-token': 'a1cad95a6d480c14f51dd0eba4914c8337b893c789ec6278bb440c7c9a673b162f042470c62684e6da2bd342ffea7777'})
[2025-06-08 01:55:19] Récupération réussie: 200 images pour The 7 Sins
[2025-06-08 01:55:19] Voting fetching ...
[2025-06-08 01:55:19] The 7 Sins voting 70 images
[2025-06-08 01:55:21] The 7 Sins voted successfully
[2025-06-08 01:55:21] Processus supprimé pour bruno: the-7-sins-vote-70-left-0H:4M - success
[2025-06-08 01:55:21] Processus mis à jour pour bruno: the-7-sins-vote-70-left-0H:4M - success
[2025-06-08 01:55:21] Processus the-7-sins-vote-70-left-0H:4M terminé avec succès (profil: bruno)
[2025-06-08 01:55:25] Challenges fetching ...
[2025-06-08 01:55:26] Challenges fetched successfully for bruno!
[2025-06-08 01:56:06] Processus mis à jour pour bruno: the-7-sins-vote-20-left-0H:3M - executing
[2025-06-08 01:56:06] Traitement de vote pour The 7 Sins
[2025-06-08 01:56:06] The 7 Sins get vote panel
[2025-06-08 01:56:06] Processus associé: the-7-sins-vote-20-left-0H:3M
[2025-06-08 01:56:06] Récupération des données de vote pour The 7 Sins (URL: the-7-sins, HEADER:{'User-Agent': 'Mozilla/5.0 (X11; Linux i686; rv:39.0) Gecko/20100101 Firefox/39.0', 'x-api-version': '8', 'x-env': 'WEB', 'X-requested-with': 'XMLHttpRequest', 'X-token': 'a1cad95a6d480c14f51dd0eba4914c8337b893c789ec6278bb440c7c9a673b162f042470c62684e6da2bd342ffea7777'})
[2025-06-08 01:56:07] Récupération réussie: 200 images pour The 7 Sins
[2025-06-08 01:56:07] Voting fetching ...
[2025-06-08 01:56:07] The 7 Sins voting 20 images
[2025-06-08 01:56:08] The 7 Sins voted successfully
[2025-06-08 01:56:08] Processus supprimé pour bruno: the-7-sins-vote-20-left-0H:3M - success
[2025-06-08 01:56:08] Processus mis à jour pour bruno: the-7-sins-vote-20-left-0H:3M - success
[2025-06-08 01:56:08] Processus the-7-sins-vote-20-left-0H:3M terminé avec succès (profil: bruno)
[2025-06-08 01:56:13] Challenges fetching ...
[2025-06-08 01:56:13] Challenges fetched successfully for bruno!
[2025-06-08 01:57:10] Processus mis à jour pour bruno: the-7-sins-vote-20-left-0H:2M - executing
[2025-06-08 01:57:10] Traitement de vote pour The 7 Sins
[2025-06-08 01:57:10] The 7 Sins get vote panel
[2025-06-08 01:57:10] Processus associé: the-7-sins-vote-20-left-0H:2M
[2025-06-08 01:57:10] Récupération des données de vote pour The 7 Sins (URL: the-7-sins, HEADER:{'User-Agent': 'Mozilla/5.0 (X11; Linux i686; rv:39.0) Gecko/20100101 Firefox/39.0', 'x-api-version': '8', 'x-env': 'WEB', 'X-requested-with': 'XMLHttpRequest', 'X-token': 'a1cad95a6d480c14f51dd0eba4914c8337b893c789ec6278bb440c7c9a673b162f042470c62684e6da2bd342ffea7777'})
[2025-06-08 01:57:11] Récupération réussie: 200 images pour The 7 Sins
[2025-06-08 01:57:11] Voting fetching ...
[2025-06-08 01:57:12] The 7 Sins voting 20 images
[2025-06-08 01:57:12] The 7 Sins voted successfully
[2025-06-08 01:57:12] Processus supprimé pour bruno: the-7-sins-vote-20-left-0H:2M - success
[2025-06-08 01:57:12] Processus mis à jour pour bruno: the-7-sins-vote-20-left-0H:2M - success
[2025-06-08 01:57:13] Processus the-7-sins-vote-20-left-0H:2M terminé avec succès (profil: bruno)
[2025-06-08 01:57:17] Challenges fetching ...
[2025-06-08 01:57:17] Challenges fetched successfully for bruno!
[2025-06-08 01:58:15] Processus mis à jour pour bruno: the-7-sins-vote-20-left-0H:1M - executing
[2025-06-08 01:58:15] Traitement de vote pour The 7 Sins
[2025-06-08 01:58:15] The 7 Sins get vote panel
[2025-06-08 01:58:15] Processus associé: the-7-sins-vote-20-left-0H:1M
[2025-06-08 01:58:15] Récupération des données de vote pour The 7 Sins (URL: the-7-sins, HEADER:{'User-Agent': 'Mozilla/5.0 (X11; Linux i686; rv:39.0) Gecko/20100101 Firefox/39.0', 'x-api-version': '8', 'x-env': 'WEB', 'X-requested-with': 'XMLHttpRequest', 'X-token': 'a1cad95a6d480c14f51dd0eba4914c8337b893c789ec6278bb440c7c9a673b162f042470c62684e6da2bd342ffea7777'})
[2025-06-08 01:58:16] Récupération réussie: 200 images pour The 7 Sins
[2025-06-08 01:58:16] Voting fetching ...
[2025-06-08 01:58:16] The 7 Sins voting 20 images
[2025-06-08 01:58:17] The 7 Sins voted successfully
[2025-06-08 01:58:17] Processus supprimé pour bruno: the-7-sins-vote-20-left-0H:1M - success
[2025-06-08 01:58:17] Processus mis à jour pour bruno: the-7-sins-vote-20-left-0H:1M - success
[2025-06-08 01:58:17] Processus the-7-sins-vote-20-left-0H:1M terminé avec succès (profil: bruno)
[2025-06-08 01:58:20] Challenges fetching ...
[2025-06-08 01:58:20] Challenges fetched successfully for bruno!
[2025-06-08 12:20:47] Refreshing challenges...
[2025-06-08 12:20:47] Fetching challenges...
[2025-06-08 12:20:48] Challenges fetching ...
[2025-06-08 12:20:48] Challenges fetched successfully for bruno!
[2025-06-08 12:20:53] Bridges get vote panel
[2025-06-08 12:20:53] Filling challenges: {101587}
Filled Bridges with strategy end4

[2025-06-08 12:20:54] Récupération des données de vote pour Bridges (URL: bridges35, HEADER:{'User-Agent': 'Mozilla/5.0 (X11; Linux i686; rv:39.0) Gecko/20100101 Firefox/39.0', 'x-api-version': '8', 'x-env': 'WEB', 'X-requested-with': 'XMLHttpRequest', 'X-token': 'a1cad95a6d480c14f51dd0eba4914c8337b893c789ec6278bb440c7c9a673b162f042470c62684e6da2bd342ffea7777'})
[2025-06-08 12:20:54] Récupération réussie: 200 images pour Bridges
[2025-06-08 12:20:54] Voting fetching ...
[2025-06-08 12:20:54] Bridges voting 35 images
[2025-06-08 12:20:55] Bridges voted successfully
[2025-06-08 12:20:57] Bridges get vote panel
[2025-06-08 12:20:57] Filling challenges: {101587}
Filled Bridges with strategy end4

[2025-06-08 12:20:57] Récupération des données de vote pour Bridges (URL: bridges35, HEADER:{'User-Agent': 'Mozilla/5.0 (X11; Linux i686; rv:39.0) Gecko/20100101 Firefox/39.0', 'x-api-version': '8', 'x-env': 'WEB', 'X-requested-with': 'XMLHttpRequest', 'X-token': 'a1cad95a6d480c14f51dd0eba4914c8337b893c789ec6278bb440c7c9a673b162f042470c62684e6da2bd342ffea7777'})
[2025-06-08 12:20:58] Récupération réussie: 200 images pour Bridges
[2025-06-08 12:20:58] Voting fetching ...
[2025-06-08 12:20:58] Bridges voting 35 images
[2025-06-08 12:20:58] Challenges fetching ...
[2025-06-08 12:20:58] Challenges fetched successfully for bruno!
[2025-06-08 12:20:59] Bridges voted successfully
[2025-06-08 12:21:02] Challenges fetching ...
[2025-06-08 12:21:02] Challenges fetched successfully for bruno!
[2025-06-08 12:56:11] Lancement de la stratégie end4 pour Bridges
[2025-06-08 12:56:11] Nouveau processus ajouté pour bruno: bridges35-vote-70-left-0H:4M - Statut: init
[2025-06-08 12:56:11] Traitement du challenge pour bruno: bridges35
[2025-06-08 12:56:11] Nouveau processus ajouté pour bruno: bridges35-vote-20-left-0H:3M - Statut: init
[2025-06-08 12:56:11] Traitement du challenge pour bruno: bridges35
[2025-06-08 12:56:11] Nouveau processus ajouté pour bruno: bridges35-vote-20-left-0H:2M - Statut: init
[2025-06-08 12:56:11] Traitement du challenge pour bruno: bridges35
[2025-06-08 12:56:11] Processus mis à jour pour bruno: bridges35-vote-70-left-0H:4M - waiting
[2025-06-08 12:56:11] Nouveau processus ajouté pour bruno: bridges35-vote-20-left-0H:1M - Statut: init
[2025-06-08 12:56:11] Traitement du challenge pour bruno: bridges35
[2025-06-08 12:56:11] Processus mis à jour pour bruno: bridges35-vote-20-left-0H:3M - waiting
[2025-06-08 12:56:11] Processus mis à jour pour bruno: bridges35-vote-20-left-0H:2M - waiting
[2025-06-08 12:56:11] Processus mis à jour pour bruno: bridges35-vote-20-left-0H:1M - waiting
[2025-06-08 12:56:11] Application des stratégies pour les challenges sélectionnés:
- Bridges avec stratégie end4

[2025-06-08 18:25:01] Processus mis à jour pour bruno: bridges35-vote-70-left-0H:4M - executing
[2025-06-08 18:25:01] Traitement de vote pour Bridges
[2025-06-08 18:25:01] Bridges get vote panel
[2025-06-08 18:25:02] Processus associé: bridges35-vote-70-left-0H:4M
[2025-06-08 18:25:02] Récupération des données de vote pour Bridges (URL: bridges35, HEADER:{'User-Agent': 'Mozilla/5.0 (X11; Linux i686; rv:39.0) Gecko/20100101 Firefox/39.0', 'x-api-version': '8', 'x-env': 'WEB', 'X-requested-with': 'XMLHttpRequest', 'X-token': 'a1cad95a6d480c14f51dd0eba4914c8337b893c789ec6278bb440c7c9a673b162f042470c62684e6da2bd342ffea7777'})
[2025-06-08 18:25:03] Récupération réussie: 200 images pour Bridges
[2025-06-08 18:25:03] Voting fetching ...
[2025-06-08 18:25:03] Bridges voting 70 images
[2025-06-08 18:25:05] Bridges voted successfully
[2025-06-08 18:25:05] Processus supprimé pour bruno: bridges35-vote-70-left-0H:4M - success
[2025-06-08 18:25:05] Processus mis à jour pour bruno: bridges35-vote-70-left-0H:4M - success
[2025-06-08 18:25:05] Processus bridges35-vote-70-left-0H:4M terminé avec succès (profil: bruno)
[2025-06-08 18:25:08] Challenges fetching ...
[2025-06-08 18:25:08] Challenges fetched successfully for bruno!
[2025-06-08 18:26:17] Processus mis à jour pour bruno: bridges35-vote-20-left-0H:3M - executing
[2025-06-08 18:26:17] Traitement de vote pour Bridges
[2025-06-08 18:26:17] Bridges get vote panel
[2025-06-08 18:26:17] Processus associé: bridges35-vote-20-left-0H:3M
[2025-06-08 18:26:17] Récupération des données de vote pour Bridges (URL: bridges35, HEADER:{'User-Agent': 'Mozilla/5.0 (X11; Linux i686; rv:39.0) Gecko/20100101 Firefox/39.0', 'x-api-version': '8', 'x-env': 'WEB', 'X-requested-with': 'XMLHttpRequest', 'X-token': 'a1cad95a6d480c14f51dd0eba4914c8337b893c789ec6278bb440c7c9a673b162f042470c62684e6da2bd342ffea7777'})
[2025-06-08 18:26:18] Récupération réussie: 200 images pour Bridges
[2025-06-08 18:26:18] Voting fetching ...
[2025-06-08 18:26:18] Bridges voting 20 images
[2025-06-08 18:26:19] Bridges voted successfully
[2025-06-08 18:26:19] Processus supprimé pour bruno: bridges35-vote-20-left-0H:3M - success
[2025-06-08 18:26:19] Processus mis à jour pour bruno: bridges35-vote-20-left-0H:3M - success
[2025-06-08 18:26:19] Processus bridges35-vote-20-left-0H:3M terminé avec succès (profil: bruno)
[2025-06-08 18:26:22] Challenges fetching ...
[2025-06-08 18:26:22] Challenges fetched successfully for bruno!
[2025-06-08 18:27:04] Processus mis à jour pour bruno: bridges35-vote-20-left-0H:2M - executing
[2025-06-08 18:27:04] Traitement de vote pour Bridges
[2025-06-08 18:27:04] Bridges get vote panel
[2025-06-08 18:27:04] Processus associé: bridges35-vote-20-left-0H:2M
[2025-06-08 18:27:04] Récupération des données de vote pour Bridges (URL: bridges35, HEADER:{'User-Agent': 'Mozilla/5.0 (X11; Linux i686; rv:39.0) Gecko/20100101 Firefox/39.0', 'x-api-version': '8', 'x-env': 'WEB', 'X-requested-with': 'XMLHttpRequest', 'X-token': 'a1cad95a6d480c14f51dd0eba4914c8337b893c789ec6278bb440c7c9a673b162f042470c62684e6da2bd342ffea7777'})
[2025-06-08 18:27:05] Récupération réussie: 200 images pour Bridges
[2025-06-08 18:27:05] Voting fetching ...
[2025-06-08 18:27:05] Bridges voting 20 images
[2025-06-08 18:27:06] Bridges voted successfully
[2025-06-08 18:27:06] Processus supprimé pour bruno: bridges35-vote-20-left-0H:2M - success
[2025-06-08 18:27:06] Processus mis à jour pour bruno: bridges35-vote-20-left-0H:2M - success
[2025-06-08 18:27:06] Processus bridges35-vote-20-left-0H:2M terminé avec succès (profil: bruno)
[2025-06-08 18:27:09] Challenges fetching ...
[2025-06-08 18:27:09] Challenges fetched successfully for bruno!
[2025-06-08 18:28:07] Processus mis à jour pour bruno: bridges35-vote-20-left-0H:1M - executing
[2025-06-08 18:28:07] Traitement de vote pour Bridges
[2025-06-08 18:28:07] Bridges get vote panel
[2025-06-08 18:28:07] Processus associé: bridges35-vote-20-left-0H:1M
[2025-06-08 18:28:07] Récupération des données de vote pour Bridges (URL: bridges35, HEADER:{'User-Agent': 'Mozilla/5.0 (X11; Linux i686; rv:39.0) Gecko/20100101 Firefox/39.0', 'x-api-version': '8', 'x-env': 'WEB', 'X-requested-with': 'XMLHttpRequest', 'X-token': 'a1cad95a6d480c14f51dd0eba4914c8337b893c789ec6278bb440c7c9a673b162f042470c62684e6da2bd342ffea7777'})
[2025-06-08 18:28:08] Récupération réussie: 200 images pour Bridges
[2025-06-08 18:28:08] Voting fetching ...
[2025-06-08 18:28:08] Bridges voting 20 images
[2025-06-08 18:28:09] Bridges voted successfully
[2025-06-08 18:28:09] Processus supprimé pour bruno: bridges35-vote-20-left-0H:1M - success
[2025-06-08 18:28:09] Processus mis à jour pour bruno: bridges35-vote-20-left-0H:1M - success
[2025-06-08 18:28:09] Processus bridges35-vote-20-left-0H:1M terminé avec succès (profil: bruno)
[2025-06-08 18:28:12] Challenges fetching ...
[2025-06-08 18:28:12] Challenges fetched successfully for bruno!
[2025-06-08 23:51:07] Refreshing challenges...
[2025-06-08 23:51:07] Fetching challenges...
[2025-06-08 23:51:08] Challenges fetching ...
[2025-06-08 23:51:08] Lancement automatique des stratégies de fin pour 1 nouveaux challenges...
[2025-06-08 23:51:08] Nouveau challenge détecté pour bruno: Windows
[2025-06-08 23:51:08] Challenges fetched successfully for bruno!
[2025-06-08 23:51:13] Lancement de la stratégie end4 pour Windows
[2025-06-08 23:51:13] Nouveau processus ajouté pour bruno: windows38-vote-70-left-0H:4M - Statut: init
[2025-06-08 23:51:13] Traitement du challenge pour bruno: windows38
[2025-06-08 23:51:13] Nouveau processus ajouté pour bruno: windows38-vote-20-left-0H:3M - Statut: init
[2025-06-08 23:51:13] Processus mis à jour pour bruno: windows38-vote-70-left-0H:4M - waiting
[2025-06-08 23:51:13] Traitement du challenge pour bruno: windows38
[2025-06-08 23:51:13] Nouveau processus ajouté pour bruno: windows38-vote-20-left-0H:2M - Statut: init
[2025-06-08 23:51:13] Nouveau processus ajouté pour bruno: windows38-vote-20-left-0H:1M - Statut: init
[2025-06-08 23:51:13] Traitement du challenge pour bruno: windows38
[2025-06-08 23:51:13] Processus mis à jour pour bruno: windows38-vote-20-left-0H:3M - waiting
[2025-06-08 23:51:13] Traitement du challenge pour bruno: windows38
[2025-06-08 23:51:13] Processus mis à jour pour bruno: windows38-vote-20-left-0H:2M - waiting
[2025-06-08 23:51:13] Processus mis à jour pour bruno: windows38-vote-20-left-0H:1M - waiting
[2025-06-08 23:51:13] Application des stratégies pour les challenges sélectionnés:
- Windows avec stratégie end4

