[2025-06-19 01:55:05] Processus mis à jour pour bruno: the-love-of-sports-vote-70-left-0H:4M - executing
[2025-06-19 01:55:05] Traitement de vote pour The Love of Sports
[2025-06-19 01:55:05] The Love of Sports get vote panel
[2025-06-19 01:55:06] Processus associé: the-love-of-sports-vote-70-left-0H:4M
[2025-06-19 01:55:06] Récupération des données de vote pour The Love of Sports (URL: the-love-of-sports, HEADER:{'User-Agent': 'Mozilla/5.0 (X11; Linux i686; rv:39.0) Gecko/20100101 Firefox/39.0', 'x-api-version': '8', 'x-env': 'WEB', 'X-requested-with': 'XMLHttpRequest', 'X-token': 'a1cad95a6d480c14f51dd0eba4914c8337b893c789ec6278bb440c7c9a673b162f042470c62684e6da2bd342ffea7777'})
[2025-06-19 01:55:06] Récupération réussie: 200 images pour The Love of Sports
[2025-06-19 01:55:06] Voting fetching ...
[2025-06-19 01:55:06] The Love of Sports voting 70 images
[2025-06-19 01:55:09] The Love of Sports voting 70 images
[2025-06-19 01:55:10] The Love of Sports voted successfully
[2025-06-19 01:55:10] Processus supprimé pour bruno: the-love-of-sports-vote-70-left-0H:4M - success
[2025-06-19 01:55:10] Processus mis à jour pour bruno: the-love-of-sports-vote-70-left-0H:4M - success
[2025-06-19 01:55:10] Processus the-love-of-sports-vote-70-left-0H:4M terminé avec succès (profil: bruno)
[2025-06-19 01:55:12] The Love of Sports voted successfully
[2025-06-19 01:55:19] Challenges fetching ...
[2025-06-19 01:55:19] Challenges fetched successfully for bruno!
[2025-06-19 01:55:19] Challenges fetching ...
[2025-06-19 01:55:19] Challenges fetched successfully for bruno!
[2025-06-19 01:56:09] Processus mis à jour pour bruno: the-love-of-sports-vote-35-left-0H:3M - executing
[2025-06-19 01:56:09] Traitement de vote pour The Love of Sports
[2025-06-19 01:56:09] The Love of Sports get vote panel
[2025-06-19 01:56:09] Processus associé: the-love-of-sports-vote-35-left-0H:3M
[2025-06-19 01:56:09] Récupération des données de vote pour The Love of Sports (URL: the-love-of-sports, HEADER:{'User-Agent': 'Mozilla/5.0 (X11; Linux i686; rv:39.0) Gecko/20100101 Firefox/39.0', 'x-api-version': '8', 'x-env': 'WEB', 'X-requested-with': 'XMLHttpRequest', 'X-token': 'a1cad95a6d480c14f51dd0eba4914c8337b893c789ec6278bb440c7c9a673b162f042470c62684e6da2bd342ffea7777'})
[2025-06-19 01:56:10] Récupération réussie: 200 images pour The Love of Sports
[2025-06-19 01:56:10] Voting fetching ...
[2025-06-19 01:56:10] The Love of Sports voting 35 images
[2025-06-19 01:56:13] The Love of Sports voting 35 images
[2025-06-19 01:56:13] The Love of Sports voted successfully
[2025-06-19 01:56:13] Processus supprimé pour bruno: the-love-of-sports-vote-35-left-0H:3M - success
[2025-06-19 01:56:13] Processus mis à jour pour bruno: the-love-of-sports-vote-35-left-0H:3M - success
[2025-06-19 01:56:13] Processus the-love-of-sports-vote-35-left-0H:3M terminé avec succès (profil: bruno)
[2025-06-19 01:56:17] The Love of Sports voted successfully
[2025-06-19 01:56:20] Challenges fetching ...
[2025-06-19 01:56:20] Challenges fetched successfully for bruno!
[2025-06-19 01:56:20] Challenges fetching ...
[2025-06-19 01:56:20] Challenges fetched successfully for bruno!
[2025-06-19 01:57:05] Processus mis à jour pour bruno: the-love-of-sports-vote-35-left-0H:2M - executing
[2025-06-19 01:57:05] Traitement de vote pour The Love of Sports
[2025-06-19 01:57:05] The Love of Sports get vote panel
[2025-06-19 01:57:05] Processus associé: the-love-of-sports-vote-35-left-0H:2M
[2025-06-19 01:57:05] Récupération des données de vote pour The Love of Sports (URL: the-love-of-sports, HEADER:{'User-Agent': 'Mozilla/5.0 (X11; Linux i686; rv:39.0) Gecko/20100101 Firefox/39.0', 'x-api-version': '8', 'x-env': 'WEB', 'X-requested-with': 'XMLHttpRequest', 'X-token': 'a1cad95a6d480c14f51dd0eba4914c8337b893c789ec6278bb440c7c9a673b162f042470c62684e6da2bd342ffea7777'})
[2025-06-19 01:57:05] Récupération réussie: 200 images pour The Love of Sports
[2025-06-19 01:57:05] Voting fetching ...
[2025-06-19 01:57:05] The Love of Sports voting 35 images
[2025-06-19 01:57:08] The Love of Sports voting 35 images
[2025-06-19 01:57:09] The Love of Sports voted successfully
[2025-06-19 01:57:09] Processus supprimé pour bruno: the-love-of-sports-vote-35-left-0H:2M - success
[2025-06-19 01:57:09] Processus mis à jour pour bruno: the-love-of-sports-vote-35-left-0H:2M - success
[2025-06-19 01:57:09] Processus the-love-of-sports-vote-35-left-0H:2M terminé avec succès (profil: bruno)
[2025-06-19 01:57:11] The Love of Sports voted successfully
[2025-06-19 01:57:18] Challenges fetching ...
[2025-06-19 01:57:18] Challenges fetched successfully for bruno!
[2025-06-19 01:57:18] Challenges fetching ...
[2025-06-19 01:57:18] Challenges fetched successfully for bruno!
[2025-06-19 01:58:09] Processus mis à jour pour bruno: the-love-of-sports-vote-35-left-0H:1M - executing
[2025-06-19 01:58:09] Traitement de vote pour The Love of Sports
[2025-06-19 01:58:09] The Love of Sports get vote panel
[2025-06-19 01:58:09] Processus associé: the-love-of-sports-vote-35-left-0H:1M
[2025-06-19 01:58:09] Récupération des données de vote pour The Love of Sports (URL: the-love-of-sports, HEADER:{'User-Agent': 'Mozilla/5.0 (X11; Linux i686; rv:39.0) Gecko/20100101 Firefox/39.0', 'x-api-version': '8', 'x-env': 'WEB', 'X-requested-with': 'XMLHttpRequest', 'X-token': 'a1cad95a6d480c14f51dd0eba4914c8337b893c789ec6278bb440c7c9a673b162f042470c62684e6da2bd342ffea7777'})
[2025-06-19 01:58:10] Récupération réussie: 200 images pour The Love of Sports
[2025-06-19 01:58:10] Voting fetching ...
[2025-06-19 01:58:10] The Love of Sports voting 35 images
[2025-06-19 01:58:13] The Love of Sports voting 35 images
[2025-06-19 01:58:14] The Love of Sports voted successfully
[2025-06-19 01:58:14] Processus supprimé pour bruno: the-love-of-sports-vote-35-left-0H:1M - success
[2025-06-19 01:58:14] Processus mis à jour pour bruno: the-love-of-sports-vote-35-left-0H:1M - success
[2025-06-19 01:58:14] Processus the-love-of-sports-vote-35-left-0H:1M terminé avec succès (profil: bruno)
[2025-06-19 01:58:16] The Love of Sports voted successfully
[2025-06-19 01:58:19] Challenges fetching ...
[2025-06-19 01:58:19] Challenges fetched successfully for bruno!
[2025-06-19 01:58:19] Challenges fetching ...
[2025-06-19 01:58:20] Challenges fetched successfully for bruno!
[2025-06-19 06:55:01] Processus mis à jour pour bruno: very-romantic-vote-70-left-0H:4M - executing
[2025-06-19 06:55:01] Traitement de vote pour Very Romantic
[2025-06-19 06:55:01] Very Romantic get vote panel
[2025-06-19 06:55:01] Processus associé: very-romantic-vote-70-left-0H:4M
[2025-06-19 06:55:01] Récupération des données de vote pour Very Romantic (URL: very-romantic, HEADER:{'User-Agent': 'Mozilla/5.0 (X11; Linux i686; rv:39.0) Gecko/20100101 Firefox/39.0', 'x-api-version': '8', 'x-env': 'WEB', 'X-requested-with': 'XMLHttpRequest', 'X-token': 'a1cad95a6d480c14f51dd0eba4914c8337b893c789ec6278bb440c7c9a673b162f042470c62684e6da2bd342ffea7777'})
[2025-06-19 06:55:03] Récupération réussie: 200 images pour Very Romantic
[2025-06-19 06:55:03] Voting fetching ...
[2025-06-19 06:55:03] Very Romantic voting 70 images
[2025-06-19 06:55:18] Very Romantic voting 70 images
[2025-06-19 06:55:22] Very Romantic voted successfully
[2025-06-19 06:55:22] Processus supprimé pour bruno: very-romantic-vote-70-left-0H:4M - success
[2025-06-19 06:55:22] Processus mis à jour pour bruno: very-romantic-vote-70-left-0H:4M - success
[2025-06-19 06:55:22] Processus very-romantic-vote-70-left-0H:4M terminé avec succès (profil: bruno)
[2025-06-19 06:55:39] Very Romantic voted successfully
[2025-06-19 06:55:45] Challenges fetching ...
[2025-06-19 06:55:46] Challenges fetched successfully for bruno!
[2025-06-19 06:55:47] Challenges fetching ...
[2025-06-19 06:55:48] Challenges fetched successfully for bruno!
[2025-06-19 06:56:20] Processus mis à jour pour bruno: very-romantic-vote-35-left-0H:3M - executing
[2025-06-19 06:56:20] Traitement de vote pour Very Romantic
[2025-06-19 06:56:20] Very Romantic get vote panel
[2025-06-19 06:56:20] Processus associé: very-romantic-vote-35-left-0H:3M
[2025-06-19 06:56:20] Récupération des données de vote pour Very Romantic (URL: very-romantic, HEADER:{'User-Agent': 'Mozilla/5.0 (X11; Linux i686; rv:39.0) Gecko/20100101 Firefox/39.0', 'x-api-version': '8', 'x-env': 'WEB', 'X-requested-with': 'XMLHttpRequest', 'X-token': 'a1cad95a6d480c14f51dd0eba4914c8337b893c789ec6278bb440c7c9a673b162f042470c62684e6da2bd342ffea7777'})
[2025-06-19 06:56:21] Récupération réussie: 200 images pour Very Romantic
[2025-06-19 06:56:21] Voting fetching ...
[2025-06-19 06:56:21] Very Romantic voting 35 images
[2025-06-19 06:56:25] Very Romantic voting 35 images
[2025-06-19 06:56:27] Very Romantic voted successfully
[2025-06-19 06:56:27] Processus supprimé pour bruno: very-romantic-vote-35-left-0H:3M - success
[2025-06-19 06:56:27] Processus mis à jour pour bruno: very-romantic-vote-35-left-0H:3M - success
[2025-06-19 06:56:28] Processus very-romantic-vote-35-left-0H:3M terminé avec succès (profil: bruno)
[2025-06-19 06:56:43] Very Romantic voted successfully
[2025-06-19 06:56:50] Challenges fetching ...
[2025-06-19 06:56:51] Challenges fetched successfully for bruno!
[2025-06-19 06:56:52] Challenges fetching ...
[2025-06-19 06:56:53] Challenges fetched successfully for bruno!
[2025-06-19 06:57:09] Processus mis à jour pour bruno: very-romantic-vote-35-left-0H:2M - executing
[2025-06-19 06:57:09] Traitement de vote pour Very Romantic
[2025-06-19 06:57:09] Very Romantic get vote panel
[2025-06-19 06:57:09] Processus associé: very-romantic-vote-35-left-0H:2M
[2025-06-19 06:57:09] Récupération des données de vote pour Very Romantic (URL: very-romantic, HEADER:{'User-Agent': 'Mozilla/5.0 (X11; Linux i686; rv:39.0) Gecko/20100101 Firefox/39.0', 'x-api-version': '8', 'x-env': 'WEB', 'X-requested-with': 'XMLHttpRequest', 'X-token': 'a1cad95a6d480c14f51dd0eba4914c8337b893c789ec6278bb440c7c9a673b162f042470c62684e6da2bd342ffea7777'})
[2025-06-19 06:57:10] Récupération réussie: 200 images pour Very Romantic
[2025-06-19 06:57:10] Voting fetching ...
[2025-06-19 06:57:10] Very Romantic voting 35 images
[2025-06-19 06:57:14] Very Romantic voting 35 images
[2025-06-19 06:57:17] Very Romantic voted successfully
[2025-06-19 06:57:17] Processus supprimé pour bruno: very-romantic-vote-35-left-0H:2M - success
[2025-06-19 06:57:17] Processus mis à jour pour bruno: very-romantic-vote-35-left-0H:2M - success
[2025-06-19 06:57:17] Processus very-romantic-vote-35-left-0H:2M terminé avec succès (profil: bruno)
[2025-06-19 06:57:19] Very Romantic voted successfully
[2025-06-19 06:57:41] Challenges fetching ...
[2025-06-19 06:57:41] Challenges fetched successfully for bruno!
[2025-06-19 06:57:42] Challenges fetching ...
[2025-06-19 06:57:43] Challenges fetched successfully for bruno!
[2025-06-19 06:58:14] Processus mis à jour pour bruno: very-romantic-vote-35-left-0H:1M - executing
[2025-06-19 06:58:14] Traitement de vote pour Very Romantic
[2025-06-19 06:58:14] Very Romantic get vote panel
[2025-06-19 06:58:14] Processus associé: very-romantic-vote-35-left-0H:1M
[2025-06-19 06:58:14] Récupération des données de vote pour Very Romantic (URL: very-romantic, HEADER:{'User-Agent': 'Mozilla/5.0 (X11; Linux i686; rv:39.0) Gecko/20100101 Firefox/39.0', 'x-api-version': '8', 'x-env': 'WEB', 'X-requested-with': 'XMLHttpRequest', 'X-token': 'a1cad95a6d480c14f51dd0eba4914c8337b893c789ec6278bb440c7c9a673b162f042470c62684e6da2bd342ffea7777'})
[2025-06-19 06:58:15] Récupération réussie: 200 images pour Very Romantic
[2025-06-19 06:58:15] Voting fetching ...
[2025-06-19 06:58:15] Very Romantic voting 35 images
[2025-06-19 06:58:22] Very Romantic voting 35 images
[2025-06-19 06:58:25] Very Romantic voted successfully
[2025-06-19 06:58:25] Processus supprimé pour bruno: very-romantic-vote-35-left-0H:1M - success
[2025-06-19 06:58:25] Processus mis à jour pour bruno: very-romantic-vote-35-left-0H:1M - success
[2025-06-19 06:58:26] Processus very-romantic-vote-35-left-0H:1M terminé avec succès (profil: bruno)
[2025-06-19 06:58:38] Very Romantic voted successfully
[2025-06-19 06:58:50] Challenges fetching ...
[2025-06-19 06:58:51] Challenges fetched successfully for bruno!
[2025-06-19 06:58:52] Challenges fetching ...
[2025-06-19 06:58:53] Challenges fetched successfully for bruno!
[2025-06-19 08:00:13] Refreshing challenges...
[2025-06-19 08:00:13] Fetching challenges...
[2025-06-19 08:00:14] Challenges fetching ...
[2025-06-19 08:00:14] Challenges fetched successfully for bruno!
[2025-06-19 11:06:59] Refreshing challenges...
[2025-06-19 11:06:59] Fetching challenges...
[2025-06-19 11:07:00] Challenges fetching ...
[2025-06-19 11:07:00] Lancement automatique des stratégies de fin pour 2 nouveaux challenges...
[2025-06-19 11:07:00] Nouveau challenge détecté pour pascale: Seeing Brown
[2025-06-19 11:07:00] Nouveau challenge détecté pour pascale: Four Elements
[2025-06-19 11:07:00] Challenges fetched successfully for pascale!
[2025-06-19 11:07:48] Solo - Single Subject get vote panel
[2025-06-19 11:07:48] Dramatic Lighting get vote panel
[2025-06-19 11:07:48] Filling challenges: {102164, 101789}
Filled Solo - Single Subject with strategy end4
Filled Dramatic Lighting with strategy end4

[2025-06-19 11:07:48] Récupération des données de vote pour Solo - Single Subject (URL: solo-single-subject32, HEADER:{'User-Agent': 'Mozilla/5.0 (X11; Linux i686; rv:39.0) Gecko/20100101 Firefox/39.0', 'x-api-version': '8', 'x-env': 'WEB', 'X-requested-with': 'XMLHttpRequest', 'X-token': 'f96bbe3a7e7f833329e7129767a69abbfa6dfce3152e3c2a311eb49d89b5c3bb2b12b66b402f03dce682b8b2b6a005cd'})
[2025-06-19 11:07:48] Récupération des données de vote pour Dramatic Lighting (URL: dramatic-lighting11, HEADER:{'User-Agent': 'Mozilla/5.0 (X11; Linux i686; rv:39.0) Gecko/20100101 Firefox/39.0', 'x-api-version': '8', 'x-env': 'WEB', 'X-requested-with': 'XMLHttpRequest', 'X-token': 'f96bbe3a7e7f833329e7129767a69abbfa6dfce3152e3c2a311eb49d89b5c3bb2b12b66b402f03dce682b8b2b6a005cd'})
[2025-06-19 11:07:50] Récupération réussie: 200 images pour Solo - Single Subject
[2025-06-19 11:07:50] Voting fetching ...
[2025-06-19 11:07:50] Solo - Single Subject voting 35 images
[2025-06-19 11:07:53] Solo - Single Subject voting 35 images
[2025-06-19 11:07:53] Récupération réussie: 200 images pour Dramatic Lighting
[2025-06-19 11:07:53] Voting fetching ...
[2025-06-19 11:07:53] Dramatic Lighting voting 35 images
[2025-06-19 11:07:56] Dramatic Lighting voting 35 images
[2025-06-19 11:07:56] Solo - Single Subject voted successfully
[2025-06-19 11:07:58] Solo - Single Subject voted successfully
[2025-06-19 11:08:00] Dramatic Lighting voted successfully
[2025-06-19 11:08:02] Dramatic Lighting voted successfully
[2025-06-19 11:08:06] Challenges fetching ...
[2025-06-19 11:08:06] Challenges fetched successfully for pascale!
[2025-06-19 11:08:06] Challenges fetching ...
[2025-06-19 11:08:06] Challenges fetched successfully for pascale!
[2025-06-19 11:08:06] Challenges fetching ...
[2025-06-19 11:08:06] Challenges fetched successfully for pascale!
[2025-06-19 11:08:06] Challenges fetching ...
[2025-06-19 11:08:06] Challenges fetched successfully for pascale!
[2025-06-19 11:08:31] Solo - Single Subject get vote panel
[2025-06-19 11:08:31] Dramatic Lighting get vote panel
[2025-06-19 11:08:31] Filling challenges: {102164, 101789}
Filled Solo - Single Subject with strategy end4
Filled Dramatic Lighting with strategy end4

[2025-06-19 11:08:31] Récupération des données de vote pour Solo - Single Subject (URL: solo-single-subject32, HEADER:{'User-Agent': 'Mozilla/5.0 (X11; Linux i686; rv:39.0) Gecko/20100101 Firefox/39.0', 'x-api-version': '8', 'x-env': 'WEB', 'X-requested-with': 'XMLHttpRequest', 'X-token': 'f96bbe3a7e7f833329e7129767a69abbfa6dfce3152e3c2a311eb49d89b5c3bb2b12b66b402f03dce682b8b2b6a005cd'})
[2025-06-19 11:08:31] Récupération des données de vote pour Dramatic Lighting (URL: dramatic-lighting11, HEADER:{'User-Agent': 'Mozilla/5.0 (X11; Linux i686; rv:39.0) Gecko/20100101 Firefox/39.0', 'x-api-version': '8', 'x-env': 'WEB', 'X-requested-with': 'XMLHttpRequest', 'X-token': 'f96bbe3a7e7f833329e7129767a69abbfa6dfce3152e3c2a311eb49d89b5c3bb2b12b66b402f03dce682b8b2b6a005cd'})
[2025-06-19 11:08:32] Récupération réussie: 200 images pour Solo - Single Subject
[2025-06-19 11:08:32] Voting fetching ...
[2025-06-19 11:08:32] Solo - Single Subject voting 35 images
[2025-06-19 11:08:36] Solo - Single Subject voting 35 images
[2025-06-19 11:08:36] Récupération réussie: 200 images pour Dramatic Lighting
[2025-06-19 11:08:36] Voting fetching ...
[2025-06-19 11:08:36] Dramatic Lighting voting 35 images
[2025-06-19 11:08:39] Dramatic Lighting voting 35 images
[2025-06-19 11:08:39] Solo - Single Subject voted successfully
[2025-06-19 11:08:41] Solo - Single Subject voted successfully
[2025-06-19 11:08:43] Dramatic Lighting voted successfully
[2025-06-19 11:08:45] Dramatic Lighting voted successfully
[2025-06-19 11:08:49] Challenges fetching ...
[2025-06-19 11:08:49] Challenges fetched successfully for pascale!
[2025-06-19 11:08:49] Challenges fetching ...
[2025-06-19 11:08:49] Challenges fetched successfully for pascale!
[2025-06-19 11:08:49] Challenges fetching ...
[2025-06-19 11:08:49] Challenges fetched successfully for pascale!
[2025-06-19 11:08:49] Challenges fetching ...
[2025-06-19 11:08:49] Challenges fetched successfully for pascale!
[2025-06-19 11:09:17] Your Guilty Pleasures get vote panel
[2025-06-19 11:09:17] Facebook Limelight get vote panel
[2025-06-19 11:09:17] Filling challenges: {102564, 102853}
Filled Your Guilty Pleasures with strategy end4
Filled Facebook Limelight with strategy end4

[2025-06-19 11:09:17] Récupération des données de vote pour Your Guilty Pleasures (URL: your-guilty-pleasures2, HEADER:{'User-Agent': 'Mozilla/5.0 (X11; Linux i686; rv:39.0) Gecko/20100101 Firefox/39.0', 'x-api-version': '8', 'x-env': 'WEB', 'X-requested-with': 'XMLHttpRequest', 'X-token': 'f96bbe3a7e7f833329e7129767a69abbfa6dfce3152e3c2a311eb49d89b5c3bb2b12b66b402f03dce682b8b2b6a005cd'})
[2025-06-19 11:09:17] Récupération des données de vote pour Facebook Limelight (URL: facebook-limelight71, HEADER:{'User-Agent': 'Mozilla/5.0 (X11; Linux i686; rv:39.0) Gecko/20100101 Firefox/39.0', 'x-api-version': '8', 'x-env': 'WEB', 'X-requested-with': 'XMLHttpRequest', 'X-token': 'f96bbe3a7e7f833329e7129767a69abbfa6dfce3152e3c2a311eb49d89b5c3bb2b12b66b402f03dce682b8b2b6a005cd'})
[2025-06-19 11:09:18] Récupération réussie: 200 images pour Your Guilty Pleasures
[2025-06-19 11:09:18] Voting fetching ...
[2025-06-19 11:09:18] Your Guilty Pleasures voting 35 images
[2025-06-19 11:09:21] Your Guilty Pleasures voting 35 images
[2025-06-19 11:09:21] Récupération réussie: 200 images pour Facebook Limelight
[2025-06-19 11:09:21] Voting fetching ...
[2025-06-19 11:09:21] Facebook Limelight voting 35 images
[2025-06-19 11:09:24] Facebook Limelight voting 35 images
[2025-06-19 11:09:25] Your Guilty Pleasures voted successfully
[2025-06-19 11:09:27] Facebook Limelight voted successfully
[2025-06-19 11:09:29] Your Guilty Pleasures voted successfully
[2025-06-19 11:09:31] Facebook Limelight voted successfully
[2025-06-19 11:09:34] Challenges fetching ...
[2025-06-19 11:09:34] Challenges fetched successfully for pascale!
[2025-06-19 11:09:34] Challenges fetching ...
[2025-06-19 11:09:34] Challenges fetched successfully for pascale!
[2025-06-19 11:09:34] Challenges fetching ...
[2025-06-19 11:09:34] Challenges fetched successfully for pascale!
[2025-06-19 11:09:34] Challenges fetching ...
[2025-06-19 11:09:34] Challenges fetched successfully for pascale!
[2025-06-19 11:09:45] Désélection de tous les challenges

[2025-06-19 11:11:58] Splash get vote panel
[2025-06-19 11:11:58] Filling challenges: {102570}
Filled Splash with strategy end4

[2025-06-19 11:11:58] Récupération des données de vote pour Splash (URL: splash26, HEADER:{'User-Agent': 'Mozilla/5.0 (X11; Linux i686; rv:39.0) Gecko/20100101 Firefox/39.0', 'x-api-version': '8', 'x-env': 'WEB', 'X-requested-with': 'XMLHttpRequest', 'X-token': 'f96bbe3a7e7f833329e7129767a69abbfa6dfce3152e3c2a311eb49d89b5c3bb2b12b66b402f03dce682b8b2b6a005cd'})
[2025-06-19 11:11:59] Récupération réussie: 200 images pour Splash
[2025-06-19 11:11:59] Voting fetching ...
[2025-06-19 11:11:59] Splash voting 35 images
[2025-06-19 11:12:02] Splash voting 35 images
[2025-06-19 11:12:03] Splash voted successfully
[2025-06-19 11:12:05] Splash voted successfully
[2025-06-19 11:12:08] Challenges fetching ...
[2025-06-19 11:12:08] Challenges fetched successfully for pascale!
[2025-06-19 11:12:08] Challenges fetching ...
[2025-06-19 11:12:08] Challenges fetched successfully for pascale!
[2025-06-19 11:13:16] The Way I See It get vote panel
[2025-06-19 11:13:16] Filling challenges: {102569}
Filled The Way I See It with strategy end4

[2025-06-19 11:13:16] Récupération des données de vote pour The Way I See It (URL: the-way-i-see-it28, HEADER:{'User-Agent': 'Mozilla/5.0 (X11; Linux i686; rv:39.0) Gecko/20100101 Firefox/39.0', 'x-api-version': '8', 'x-env': 'WEB', 'X-requested-with': 'XMLHttpRequest', 'X-token': 'f96bbe3a7e7f833329e7129767a69abbfa6dfce3152e3c2a311eb49d89b5c3bb2b12b66b402f03dce682b8b2b6a005cd'})
[2025-06-19 11:13:17] Récupération réussie: 200 images pour The Way I See It
[2025-06-19 11:13:17] Voting fetching ...
[2025-06-19 11:13:17] The Way I See It voting 35 images
[2025-06-19 11:13:20] The Way I See It voting 35 images
[2025-06-19 11:13:21] The Way I See It voted successfully
[2025-06-19 11:13:23] The Way I See It voted successfully
[2025-06-19 11:13:26] Challenges fetching ...
[2025-06-19 11:13:26] Challenges fetched successfully for pascale!
[2025-06-19 11:13:26] Challenges fetching ...
[2025-06-19 11:13:26] Challenges fetched successfully for pascale!
