[2025-06-29 00:05:08] Processus mis à jour pour pascale: show-your-country-vote-70-left-0H:4M - executing
[2025-06-29 00:05:08] Traitement de vote pour Show Your Country
[2025-06-29 00:05:08] Show Your Country get vote panel
[2025-06-29 00:05:08] Processus associé: show-your-country-vote-70-left-0H:4M
[2025-06-29 00:05:08] Récupération des données de vote pour Show Your Country (URL: show-your-country, HEADER:{'User-Agent': 'Mozilla/5.0 (X11; Linux i686; rv:39.0) Gecko/20100101 Firefox/39.0', 'x-api-version': '8', 'x-env': 'WEB', 'X-requested-with': 'XMLHttpRequest', 'X-token': 'f96bbe3a7e7f833329e7129767a69abbfa6dfce3152e3c2a311eb49d89b5c3bb2b12b66b402f03dce682b8b2b6a005cd'})
[2025-06-29 00:05:09] Récupération réussie: 200 images pour Show Your Country
[2025-06-29 00:05:09] Voting fetching ...
[2025-06-29 00:05:09] Show Your Country voting 70 images
[2025-06-29 00:05:12] Show Your Country voting 70 images
[2025-06-29 00:05:13] Show Your Country voted successfully
[2025-06-29 00:05:13] Processus supprimé pour pascale: show-your-country-vote-70-left-0H:4M - success
[2025-06-29 00:05:13] Processus mis à jour pour pascale: show-your-country-vote-70-left-0H:4M - success
[2025-06-29 00:05:13] Processus show-your-country-vote-70-left-0H:4M terminé avec succès (profil: pascale)
[2025-06-29 00:05:15] Show Your Country voted successfully
[2025-06-29 00:05:18] Challenges fetching ...
[2025-06-29 00:05:18] Lancement automatique des stratégies de fin pour 2 nouveaux challenges...
[2025-06-29 00:05:18] Nouveau challenge détecté pour pascale: Photographer of the Week
[2025-06-29 00:05:18] Nouveau challenge détecté pour pascale: Guru of The Week
[2025-06-29 00:05:18] Challenges fetched successfully for pascale!
[2025-06-29 00:05:18] Challenges fetching ...
[2025-06-29 00:05:18] Challenges fetched successfully for pascale!
[2025-06-29 00:06:09] Processus mis à jour pour pascale: show-your-country-vote-35-left-0H:3M - executing
[2025-06-29 00:06:09] Traitement de vote pour Show Your Country
[2025-06-29 00:06:09] Show Your Country get vote panel
[2025-06-29 00:06:09] Processus associé: show-your-country-vote-35-left-0H:3M
[2025-06-29 00:06:09] Récupération des données de vote pour Show Your Country (URL: show-your-country, HEADER:{'User-Agent': 'Mozilla/5.0 (X11; Linux i686; rv:39.0) Gecko/20100101 Firefox/39.0', 'x-api-version': '8', 'x-env': 'WEB', 'X-requested-with': 'XMLHttpRequest', 'X-token': 'f96bbe3a7e7f833329e7129767a69abbfa6dfce3152e3c2a311eb49d89b5c3bb2b12b66b402f03dce682b8b2b6a005cd'})
[2025-06-29 00:06:10] Récupération réussie: 200 images pour Show Your Country
[2025-06-29 00:06:10] Voting fetching ...
[2025-06-29 00:06:10] Show Your Country voting 35 images
[2025-06-29 00:06:13] Show Your Country voting 35 images
[2025-06-29 00:06:14] Show Your Country voted successfully
[2025-06-29 00:06:14] Processus supprimé pour pascale: show-your-country-vote-35-left-0H:3M - success
[2025-06-29 00:06:14] Processus mis à jour pour pascale: show-your-country-vote-35-left-0H:3M - success
[2025-06-29 00:06:14] Processus show-your-country-vote-35-left-0H:3M terminé avec succès (profil: pascale)
[2025-06-29 00:06:16] Show Your Country voted successfully
[2025-06-29 00:06:20] Challenges fetching ...
[2025-06-29 00:06:20] Challenges fetched successfully for pascale!
[2025-06-29 00:06:20] Challenges fetching ...
[2025-06-29 00:06:20] Challenges fetched successfully for pascale!
[2025-06-29 00:07:02] Processus mis à jour pour pascale: show-your-country-vote-35-left-0H:2M - executing
[2025-06-29 00:07:02] Traitement de vote pour Show Your Country
[2025-06-29 00:07:02] Show Your Country get vote panel
[2025-06-29 00:07:02] Processus associé: show-your-country-vote-35-left-0H:2M
[2025-06-29 00:07:02] Récupération des données de vote pour Show Your Country (URL: show-your-country, HEADER:{'User-Agent': 'Mozilla/5.0 (X11; Linux i686; rv:39.0) Gecko/20100101 Firefox/39.0', 'x-api-version': '8', 'x-env': 'WEB', 'X-requested-with': 'XMLHttpRequest', 'X-token': 'f96bbe3a7e7f833329e7129767a69abbfa6dfce3152e3c2a311eb49d89b5c3bb2b12b66b402f03dce682b8b2b6a005cd'})
[2025-06-29 00:07:04] Récupération réussie: 200 images pour Show Your Country
[2025-06-29 00:07:04] Voting fetching ...
[2025-06-29 00:07:04] Show Your Country voting 35 images
[2025-06-29 00:07:07] Show Your Country voting 35 images
[2025-06-29 00:07:08] Show Your Country voted successfully
[2025-06-29 00:07:08] Processus supprimé pour pascale: show-your-country-vote-35-left-0H:2M - success
[2025-06-29 00:07:08] Processus mis à jour pour pascale: show-your-country-vote-35-left-0H:2M - success
[2025-06-29 00:07:08] Processus show-your-country-vote-35-left-0H:2M terminé avec succès (profil: pascale)
[2025-06-29 00:07:10] Show Your Country voted successfully
[2025-06-29 00:07:13] Challenges fetching ...
[2025-06-29 00:07:13] Challenges fetched successfully for pascale!
[2025-06-29 00:07:13] Challenges fetching ...
[2025-06-29 00:07:13] Challenges fetched successfully for pascale!
[2025-06-29 00:08:03] Processus mis à jour pour pascale: show-your-country-vote-35-left-0H:1M - executing
[2025-06-29 00:08:03] Traitement de vote pour Show Your Country
[2025-06-29 00:08:03] Show Your Country get vote panel
[2025-06-29 00:08:03] Processus associé: show-your-country-vote-35-left-0H:1M
[2025-06-29 00:08:03] Récupération des données de vote pour Show Your Country (URL: show-your-country, HEADER:{'User-Agent': 'Mozilla/5.0 (X11; Linux i686; rv:39.0) Gecko/20100101 Firefox/39.0', 'x-api-version': '8', 'x-env': 'WEB', 'X-requested-with': 'XMLHttpRequest', 'X-token': 'f96bbe3a7e7f833329e7129767a69abbfa6dfce3152e3c2a311eb49d89b5c3bb2b12b66b402f03dce682b8b2b6a005cd'})
[2025-06-29 00:08:04] Récupération réussie: 200 images pour Show Your Country
[2025-06-29 00:08:04] Voting fetching ...
[2025-06-29 00:08:04] Show Your Country voting 35 images
[2025-06-29 00:08:08] Show Your Country voting 35 images
[2025-06-29 00:08:08] Show Your Country voted successfully
[2025-06-29 00:08:08] Processus supprimé pour pascale: show-your-country-vote-35-left-0H:1M - success
[2025-06-29 00:08:08] Processus mis à jour pour pascale: show-your-country-vote-35-left-0H:1M - success
[2025-06-29 00:08:08] Processus show-your-country-vote-35-left-0H:1M terminé avec succès (profil: pascale)
[2025-06-29 00:08:10] Show Your Country voted successfully
[2025-06-29 00:08:14] Challenges fetching ...
[2025-06-29 00:08:14] Challenges fetched successfully for pascale!
[2025-06-29 00:08:14] Challenges fetching ...
[2025-06-29 00:08:14] Challenges fetched successfully for pascale!
[2025-06-29 01:55:06] Processus mis à jour pour pascale: street-lighting-vote-70-left-0H:4M - executing
[2025-06-29 01:55:06] Traitement de vote pour Street Lighting
[2025-06-29 01:55:06] Street Lighting get vote panel
[2025-06-29 01:55:06] Processus associé: street-lighting-vote-70-left-0H:4M
[2025-06-29 01:55:06] Récupération des données de vote pour Street Lighting (URL: street-lighting, HEADER:{'User-Agent': 'Mozilla/5.0 (X11; Linux i686; rv:39.0) Gecko/20100101 Firefox/39.0', 'x-api-version': '8', 'x-env': 'WEB', 'X-requested-with': 'XMLHttpRequest', 'X-token': 'f96bbe3a7e7f833329e7129767a69abbfa6dfce3152e3c2a311eb49d89b5c3bb2b12b66b402f03dce682b8b2b6a005cd'})
[2025-06-29 01:55:07] Récupération réussie: 200 images pour Street Lighting
[2025-06-29 01:55:07] Voting fetching ...
[2025-06-29 01:55:07] Street Lighting voting 70 images
[2025-06-29 01:55:10] Street Lighting voting 70 images
[2025-06-29 01:55:11] Street Lighting voted successfully
[2025-06-29 01:55:11] Processus supprimé pour pascale: street-lighting-vote-70-left-0H:4M - success
[2025-06-29 01:55:11] Processus mis à jour pour pascale: street-lighting-vote-70-left-0H:4M - success
[2025-06-29 01:55:11] Processus street-lighting-vote-70-left-0H:4M terminé avec succès (profil: pascale)
[2025-06-29 01:55:14] Street Lighting voted successfully
[2025-06-29 01:55:17] Challenges fetching ...
[2025-06-29 01:55:17] Challenges fetched successfully for pascale!
[2025-06-29 01:55:17] Challenges fetching ...
[2025-06-29 01:55:17] Challenges fetched successfully for pascale!
[2025-06-29 01:56:03] Processus mis à jour pour pascale: street-lighting-vote-35-left-0H:3M - executing
[2025-06-29 01:56:03] Traitement de vote pour Street Lighting
[2025-06-29 01:56:03] Street Lighting get vote panel
[2025-06-29 01:56:03] Processus associé: street-lighting-vote-35-left-0H:3M
[2025-06-29 01:56:03] Récupération des données de vote pour Street Lighting (URL: street-lighting, HEADER:{'User-Agent': 'Mozilla/5.0 (X11; Linux i686; rv:39.0) Gecko/20100101 Firefox/39.0', 'x-api-version': '8', 'x-env': 'WEB', 'X-requested-with': 'XMLHttpRequest', 'X-token': 'f96bbe3a7e7f833329e7129767a69abbfa6dfce3152e3c2a311eb49d89b5c3bb2b12b66b402f03dce682b8b2b6a005cd'})
[2025-06-29 01:56:04] Récupération réussie: 200 images pour Street Lighting
[2025-06-29 01:56:04] Voting fetching ...
[2025-06-29 01:56:04] Street Lighting voting 35 images
[2025-06-29 01:56:07] Street Lighting voting 35 images
[2025-06-29 01:56:08] Street Lighting voted successfully
[2025-06-29 01:56:08] Processus supprimé pour pascale: street-lighting-vote-35-left-0H:3M - success
[2025-06-29 01:56:08] Processus mis à jour pour pascale: street-lighting-vote-35-left-0H:3M - success
[2025-06-29 01:56:08] Processus street-lighting-vote-35-left-0H:3M terminé avec succès (profil: pascale)
[2025-06-29 01:56:10] Street Lighting voted successfully
[2025-06-29 01:56:13] Challenges fetching ...
[2025-06-29 01:56:13] Challenges fetched successfully for pascale!
[2025-06-29 01:56:14] Challenges fetching ...
[2025-06-29 01:56:14] Challenges fetched successfully for pascale!
[2025-06-29 01:57:09] Processus mis à jour pour pascale: street-lighting-vote-35-left-0H:2M - executing
[2025-06-29 01:57:09] Traitement de vote pour Street Lighting
[2025-06-29 01:57:09] Street Lighting get vote panel
[2025-06-29 01:57:09] Processus associé: street-lighting-vote-35-left-0H:2M
[2025-06-29 01:57:09] Récupération des données de vote pour Street Lighting (URL: street-lighting, HEADER:{'User-Agent': 'Mozilla/5.0 (X11; Linux i686; rv:39.0) Gecko/20100101 Firefox/39.0', 'x-api-version': '8', 'x-env': 'WEB', 'X-requested-with': 'XMLHttpRequest', 'X-token': 'f96bbe3a7e7f833329e7129767a69abbfa6dfce3152e3c2a311eb49d89b5c3bb2b12b66b402f03dce682b8b2b6a005cd'})
[2025-06-29 01:57:09] Récupération réussie: 200 images pour Street Lighting
[2025-06-29 01:57:09] Voting fetching ...
[2025-06-29 01:57:09] Street Lighting voting 35 images
[2025-06-29 01:57:13] Street Lighting voting 35 images
[2025-06-29 01:57:13] Street Lighting voted successfully
[2025-06-29 01:57:13] Processus supprimé pour pascale: street-lighting-vote-35-left-0H:2M - success
[2025-06-29 01:57:13] Processus mis à jour pour pascale: street-lighting-vote-35-left-0H:2M - success
[2025-06-29 01:57:13] Processus street-lighting-vote-35-left-0H:2M terminé avec succès (profil: pascale)
[2025-06-29 01:57:15] Street Lighting voted successfully
[2025-06-29 01:57:19] Challenges fetching ...
[2025-06-29 01:57:19] Challenges fetched successfully for pascale!
[2025-06-29 01:57:19] Challenges fetching ...
[2025-06-29 01:57:19] Challenges fetched successfully for pascale!
[2025-06-29 01:58:11] Processus mis à jour pour pascale: street-lighting-vote-35-left-0H:1M - executing
[2025-06-29 01:58:11] Traitement de vote pour Street Lighting
[2025-06-29 01:58:11] Street Lighting get vote panel
[2025-06-29 01:58:11] Processus associé: street-lighting-vote-35-left-0H:1M
[2025-06-29 01:58:11] Récupération des données de vote pour Street Lighting (URL: street-lighting, HEADER:{'User-Agent': 'Mozilla/5.0 (X11; Linux i686; rv:39.0) Gecko/20100101 Firefox/39.0', 'x-api-version': '8', 'x-env': 'WEB', 'X-requested-with': 'XMLHttpRequest', 'X-token': 'f96bbe3a7e7f833329e7129767a69abbfa6dfce3152e3c2a311eb49d89b5c3bb2b12b66b402f03dce682b8b2b6a005cd'})
[2025-06-29 01:58:12] Récupération réussie: 200 images pour Street Lighting
[2025-06-29 01:58:12] Voting fetching ...
[2025-06-29 01:58:12] Street Lighting voting 35 images
[2025-06-29 01:58:15] Street Lighting voting 35 images
[2025-06-29 01:58:16] Street Lighting voted successfully
[2025-06-29 01:58:16] Processus supprimé pour pascale: street-lighting-vote-35-left-0H:1M - success
[2025-06-29 01:58:16] Processus mis à jour pour pascale: street-lighting-vote-35-left-0H:1M - success
[2025-06-29 01:58:16] Processus street-lighting-vote-35-left-0H:1M terminé avec succès (profil: pascale)
[2025-06-29 01:58:18] Street Lighting voted successfully
[2025-06-29 01:58:21] Challenges fetching ...
[2025-06-29 01:58:21] Challenges fetched successfully for pascale!
[2025-06-29 01:58:21] Challenges fetching ...
[2025-06-29 01:58:21] Challenges fetched successfully for pascale!
[2025-06-29 11:22:32] Refreshing challenges...
[2025-06-29 11:22:32] Fetching challenges...
[2025-06-29 11:22:34] Challenges fetching ...
[2025-06-29 11:22:34] Challenges fetched successfully for pascale!
[2025-06-29 11:22:49] Lancement de la stratégie end4 pour Artistic VS Mundane
[2025-06-29 11:22:50] Nouveau processus ajouté pour pascale: artistic-vs-mundane18-vote-70-left-0H:4M - Statut: init
[2025-06-29 11:22:50] Nouveau processus ajouté pour pascale: artistic-vs-mundane18-vote-35-left-0H:3M - Statut: init
[2025-06-29 11:22:50] Traitement du challenge pour pascale: artistic-vs-mundane18
[2025-06-29 11:22:50] Traitement du challenge pour pascale: artistic-vs-mundane18
[2025-06-29 11:22:50] Lancement de la stratégie end4 pour Dream World
[2025-06-29 11:22:50] Nouveau processus ajouté pour pascale: artistic-vs-mundane18-vote-35-left-0H:2M - Statut: init
[2025-06-29 11:22:50] Traitement du challenge pour pascale: artistic-vs-mundane18
[2025-06-29 11:22:50] Processus mis à jour pour pascale: artistic-vs-mundane18-vote-70-left-0H:4M - waiting
[2025-06-29 11:22:50] Processus mis à jour pour pascale: artistic-vs-mundane18-vote-35-left-0H:3M - waiting
[2025-06-29 11:22:50] Nouveau processus ajouté pour pascale: artistic-vs-mundane18-vote-35-left-0H:1M - Statut: init
[2025-06-29 11:22:50] Traitement du challenge pour pascale: artistic-vs-mundane18
[2025-06-29 11:22:50] Processus mis à jour pour pascale: artistic-vs-mundane18-vote-35-left-0H:2M - waiting
[2025-06-29 11:22:50] Nouveau processus ajouté pour pascale: dream-world-vote-70-left-0H:4M - Statut: init
[2025-06-29 11:22:50] Traitement du challenge pour pascale: dream-world
[2025-06-29 11:22:50] Processus mis à jour pour pascale: artistic-vs-mundane18-vote-35-left-0H:1M - waiting
[2025-06-29 11:22:50] Nouveau processus ajouté pour pascale: dream-world-vote-35-left-0H:3M - Statut: init
[2025-06-29 11:22:50] Nouveau processus ajouté pour pascale: dream-world-vote-35-left-0H:2M - Statut: init
[2025-06-29 11:22:50] Traitement du challenge pour pascale: dream-world
[2025-06-29 11:22:50] Nouveau processus ajouté pour pascale: dream-world-vote-35-left-0H:1M - Statut: init
[2025-06-29 11:22:50] Traitement du challenge pour pascale: dream-world
[2025-06-29 11:22:50] Processus mis à jour pour pascale: dream-world-vote-70-left-0H:4M - waiting
[2025-06-29 11:22:50] Traitement du challenge pour pascale: dream-world
[2025-06-29 11:22:50] Processus mis à jour pour pascale: dream-world-vote-35-left-0H:3M - waiting
[2025-06-29 11:22:50] Processus mis à jour pour pascale: dream-world-vote-35-left-0H:2M - waiting
[2025-06-29 11:22:50] Processus mis à jour pour pascale: dream-world-vote-35-left-0H:1M - waiting
[2025-06-29 11:22:50] Lancement de la stratégie end4 pour Going Low Key
[2025-06-29 11:22:50] Nouveau processus ajouté pour pascale: going-low-key-vote-70-left-0H:4M - Statut: init
[2025-06-29 11:22:50] Nouveau processus ajouté pour pascale: going-low-key-vote-35-left-0H:3M - Statut: init
[2025-06-29 11:22:50] Traitement du challenge pour pascale: going-low-key
[2025-06-29 11:22:50] Traitement du challenge pour pascale: going-low-key
[2025-06-29 11:22:50] Processus mis à jour pour pascale: going-low-key-vote-70-left-0H:4M - waiting
[2025-06-29 11:22:50] Processus mis à jour pour pascale: going-low-key-vote-35-left-0H:3M - waiting
[2025-06-29 11:22:50] Nouveau processus ajouté pour pascale: going-low-key-vote-35-left-0H:2M - Statut: init
[2025-06-29 11:22:50] Traitement du challenge pour pascale: going-low-key
[2025-06-29 11:22:50] Nouveau processus ajouté pour pascale: going-low-key-vote-35-left-0H:1M - Statut: init
[2025-06-29 11:22:50] Processus mis à jour pour pascale: going-low-key-vote-35-left-0H:2M - waiting
[2025-06-29 11:22:50] Traitement du challenge pour pascale: going-low-key
[2025-06-29 11:22:50] Processus mis à jour pour pascale: going-low-key-vote-35-left-0H:1M - waiting
[2025-06-29 11:22:50] Application des stratégies pour les challenges sélectionnés:
- Artistic VS Mundane avec stratégie end4
- Dream World avec stratégie end4
- Going Low Key avec stratégie end4

[2025-06-29 15:51:16] Refreshing challenges...
[2025-06-29 15:51:16] Fetching challenges...
[2025-06-29 15:51:17] Challenges fetching ...
[2025-06-29 15:51:18] Challenges fetched successfully for pascale!
[2025-06-29 16:05:10] Processus mis à jour pour pascale: dream-world-vote-70-left-0H:4M - executing
[2025-06-29 16:05:10] Traitement de vote pour Dream World
[2025-06-29 16:05:10] Dream World get vote panel
[2025-06-29 16:05:10] Processus associé: dream-world-vote-70-left-0H:4M
[2025-06-29 16:05:10] Récupération des données de vote pour Dream World (URL: dream-world, HEADER:{'User-Agent': 'Mozilla/5.0 (X11; Linux i686; rv:39.0) Gecko/20100101 Firefox/39.0', 'x-api-version': '8', 'x-env': 'WEB', 'X-requested-with': 'XMLHttpRequest', 'X-token': 'f96bbe3a7e7f833329e7129767a69abbfa6dfce3152e3c2a311eb49d89b5c3bb2b12b66b402f03dce682b8b2b6a005cd'})
[2025-06-29 16:05:11] Récupération réussie: 200 images pour Dream World
[2025-06-29 16:05:11] Voting fetching ...
[2025-06-29 16:05:11] Dream World voting 70 images
[2025-06-29 16:05:15] Dream World voting 70 images
[2025-06-29 16:05:17] Dream World voted successfully
[2025-06-29 16:05:17] Processus supprimé pour pascale: dream-world-vote-70-left-0H:4M - success
[2025-06-29 16:05:17] Processus mis à jour pour pascale: dream-world-vote-70-left-0H:4M - success
[2025-06-29 16:05:17] Processus dream-world-vote-70-left-0H:4M terminé avec succès (profil: pascale)
[2025-06-29 16:05:21] Dream World voted successfully
[2025-06-29 16:05:25] Challenges fetching ...
[2025-06-29 16:05:25] Challenges fetched successfully for pascale!
[2025-06-29 16:05:25] Challenges fetching ...
[2025-06-29 16:05:25] Challenges fetched successfully for pascale!
[2025-06-29 16:06:03] Processus mis à jour pour pascale: dream-world-vote-35-left-0H:3M - executing
[2025-06-29 16:06:03] Traitement de vote pour Dream World
[2025-06-29 16:06:03] Dream World get vote panel
[2025-06-29 16:06:03] Processus associé: dream-world-vote-35-left-0H:3M
[2025-06-29 16:06:03] Récupération des données de vote pour Dream World (URL: dream-world, HEADER:{'User-Agent': 'Mozilla/5.0 (X11; Linux i686; rv:39.0) Gecko/20100101 Firefox/39.0', 'x-api-version': '8', 'x-env': 'WEB', 'X-requested-with': 'XMLHttpRequest', 'X-token': 'f96bbe3a7e7f833329e7129767a69abbfa6dfce3152e3c2a311eb49d89b5c3bb2b12b66b402f03dce682b8b2b6a005cd'})
[2025-06-29 16:06:04] Récupération réussie: 200 images pour Dream World
[2025-06-29 16:06:04] Voting fetching ...
[2025-06-29 16:06:04] Dream World voting 35 images
[2025-06-29 16:06:07] Dream World voting 35 images
[2025-06-29 16:06:08] Dream World voted successfully
[2025-06-29 16:06:08] Processus supprimé pour pascale: dream-world-vote-35-left-0H:3M - success
[2025-06-29 16:06:08] Processus mis à jour pour pascale: dream-world-vote-35-left-0H:3M - success
[2025-06-29 16:06:08] Processus dream-world-vote-35-left-0H:3M terminé avec succès (profil: pascale)
[2025-06-29 16:06:10] Dream World voted successfully
[2025-06-29 16:06:13] Challenges fetching ...
[2025-06-29 16:06:13] Challenges fetched successfully for pascale!
[2025-06-29 16:06:14] Challenges fetching ...
[2025-06-29 16:06:14] Challenges fetched successfully for pascale!
[2025-06-29 16:07:09] Processus mis à jour pour pascale: dream-world-vote-35-left-0H:2M - executing
[2025-06-29 16:07:09] Traitement de vote pour Dream World
[2025-06-29 16:07:09] Dream World get vote panel
[2025-06-29 16:07:09] Processus associé: dream-world-vote-35-left-0H:2M
[2025-06-29 16:07:09] Récupération des données de vote pour Dream World (URL: dream-world, HEADER:{'User-Agent': 'Mozilla/5.0 (X11; Linux i686; rv:39.0) Gecko/20100101 Firefox/39.0', 'x-api-version': '8', 'x-env': 'WEB', 'X-requested-with': 'XMLHttpRequest', 'X-token': 'f96bbe3a7e7f833329e7129767a69abbfa6dfce3152e3c2a311eb49d89b5c3bb2b12b66b402f03dce682b8b2b6a005cd'})
[2025-06-29 16:07:10] Récupération réussie: 200 images pour Dream World
[2025-06-29 16:07:10] Voting fetching ...
[2025-06-29 16:07:10] Dream World voting 35 images
[2025-06-29 16:07:13] Dream World voting 35 images
[2025-06-29 16:07:14] Dream World voted successfully
[2025-06-29 16:07:14] Processus supprimé pour pascale: dream-world-vote-35-left-0H:2M - success
[2025-06-29 16:07:14] Processus mis à jour pour pascale: dream-world-vote-35-left-0H:2M - success
[2025-06-29 16:07:14] Processus dream-world-vote-35-left-0H:2M terminé avec succès (profil: pascale)
[2025-06-29 16:07:16] Dream World voted successfully
[2025-06-29 16:07:19] Challenges fetching ...
[2025-06-29 16:07:19] Challenges fetched successfully for pascale!
[2025-06-29 16:07:19] Challenges fetching ...
[2025-06-29 16:07:19] Challenges fetched successfully for pascale!
[2025-06-29 16:08:12] Processus mis à jour pour pascale: dream-world-vote-35-left-0H:1M - executing
[2025-06-29 16:08:12] Traitement de vote pour Dream World
[2025-06-29 16:08:12] Dream World get vote panel
[2025-06-29 16:08:12] Processus associé: dream-world-vote-35-left-0H:1M
[2025-06-29 16:08:12] Récupération des données de vote pour Dream World (URL: dream-world, HEADER:{'User-Agent': 'Mozilla/5.0 (X11; Linux i686; rv:39.0) Gecko/20100101 Firefox/39.0', 'x-api-version': '8', 'x-env': 'WEB', 'X-requested-with': 'XMLHttpRequest', 'X-token': 'f96bbe3a7e7f833329e7129767a69abbfa6dfce3152e3c2a311eb49d89b5c3bb2b12b66b402f03dce682b8b2b6a005cd'})
[2025-06-29 16:08:13] Récupération réussie: 200 images pour Dream World
[2025-06-29 16:08:13] Voting fetching ...
[2025-06-29 16:08:13] Dream World voting 35 images
[2025-06-29 16:08:16] Dream World voting 35 images
[2025-06-29 16:08:17] Dream World voted successfully
[2025-06-29 16:08:17] Processus supprimé pour pascale: dream-world-vote-35-left-0H:1M - success
[2025-06-29 16:08:17] Processus mis à jour pour pascale: dream-world-vote-35-left-0H:1M - success
[2025-06-29 16:08:17] Processus dream-world-vote-35-left-0H:1M terminé avec succès (profil: pascale)
[2025-06-29 16:08:19] Dream World voted successfully
[2025-06-29 16:08:22] Challenges fetching ...
[2025-06-29 16:08:22] Challenges fetched successfully for pascale!
[2025-06-29 16:08:22] Challenges fetching ...
[2025-06-29 16:08:22] Challenges fetched successfully for pascale!
[2025-06-29 17:57:27] Refreshing challenges...
[2025-06-29 17:57:27] Fetching challenges...
[2025-06-29 17:57:29] Challenges fetching ...
[2025-06-29 17:57:29] Challenges fetched successfully for pascale!
[2025-06-29 18:05:53] Refreshing challenges...
[2025-06-29 18:05:53] Fetching challenges...
[2025-06-29 18:05:54] Challenges fetching ...
[2025-06-29 18:05:54] Challenges fetched successfully for pascale!
[2025-06-29 18:06:10] Refreshing challenges...
[2025-06-29 18:06:10] Fetching challenges...
[2025-06-29 18:06:11] Challenges fetching ...
[2025-06-29 18:06:11] Challenges fetched successfully for bruno!
[2025-06-29 18:06:13] Refreshing challenges...
[2025-06-29 18:06:13] Fetching challenges...
[2025-06-29 18:06:14] Challenges fetching ...
[2025-06-29 18:06:14] Challenges fetched successfully for bruno!
[2025-06-29 18:06:23] Mostly Black get vote panel
[2025-06-29 18:06:23] Your Favorite Nature Shot get vote panel
[2025-06-29 18:06:23] Filling challenges: {103019, 102780, 102662}
Filled Mostly Black with strategy end4
Filled Your Favorite Nature Shot with strategy end4

[2025-06-29 18:06:23] Récupération des données de vote pour Mostly Black (URL: mostly-black16, HEADER:{'User-Agent': 'Mozilla/5.0 (X11; Linux i686; rv:39.0) Gecko/20100101 Firefox/39.0', 'x-api-version': '8', 'x-env': 'WEB', 'X-requested-with': 'XMLHttpRequest', 'X-token': 'a1cad95a6d480c14f51dd0eba4914c8337b893c789ec6278bb440c7c9a673b162f042470c62684e6da2bd342ffea7777'})
[2025-06-29 18:06:23] Récupération des données de vote pour Your Favorite Nature Shot (URL: your-favorite-nature-shot3, HEADER:{'User-Agent': 'Mozilla/5.0 (X11; Linux i686; rv:39.0) Gecko/20100101 Firefox/39.0', 'x-api-version': '8', 'x-env': 'WEB', 'X-requested-with': 'XMLHttpRequest', 'X-token': 'a1cad95a6d480c14f51dd0eba4914c8337b893c789ec6278bb440c7c9a673b162f042470c62684e6da2bd342ffea7777'})
[2025-06-29 18:06:25] Récupération réussie: 200 images pour Mostly Black
[2025-06-29 18:06:25] Voting fetching ...
[2025-06-29 18:06:25] Mostly Black voting 35 images
[2025-06-29 18:06:28] Mostly Black voting 35 images
[2025-06-29 18:06:28] Récupération réussie: 200 images pour Your Favorite Nature Shot
[2025-06-29 18:06:28] Voting fetching ...
[2025-06-29 18:06:28] Your Favorite Nature Shot voting 35 images
[2025-06-29 18:06:31] Your Favorite Nature Shot voting 35 images
[2025-06-29 18:06:31] Mostly Black voted successfully
[2025-06-29 18:06:33] Your Favorite Nature Shot voted successfully
[2025-06-29 18:06:35] Your Favorite Nature Shot voted successfully
[2025-06-29 18:06:37] Mostly Black voted successfully
[2025-06-29 18:06:40] Challenges fetching ...
[2025-06-29 18:06:40] Challenges fetched successfully for bruno!
[2025-06-29 18:06:40] Challenges fetching ...
[2025-06-29 18:06:40] Challenges fetched successfully for bruno!
[2025-06-29 18:06:40] Challenges fetching ...
[2025-06-29 18:06:40] Challenges fetched successfully for bruno!
[2025-06-29 18:06:40] Challenges fetching ...
[2025-06-29 18:06:40] Challenges fetched successfully for bruno!
[2025-06-29 18:18:49] Fetching challenges...
[2025-06-29 18:19:34] Fetching challenges...
[2025-06-29 18:20:29] Refreshing challenges...
[2025-06-29 18:20:29] Fetching challenges...
[2025-06-29 18:20:29] Refreshing challenges...
[2025-06-29 18:20:29] Fetching challenges...
[2025-06-29 18:20:30] Challenges fetching ...
[2025-06-29 18:20:30] Challenges fetched successfully for pascale!
[2025-06-29 18:20:31] Challenges fetching ...
[2025-06-29 18:20:31] Challenges fetched successfully for pascale!
[2025-06-29 18:25:04] Processus mis à jour pour pascale: going-low-key-vote-70-left-0H:4M - executing
[2025-06-29 18:25:04] Traitement de vote pour Going Low Key
[2025-06-29 18:25:04] Going Low Key get vote panel
[2025-06-29 18:25:04] Processus associé: going-low-key-vote-70-left-0H:4M
[2025-06-29 18:25:04] Récupération des données de vote pour Going Low Key (URL: going-low-key, HEADER:{'User-Agent': 'Mozilla/5.0 (X11; Linux i686; rv:39.0) Gecko/20100101 Firefox/39.0', 'x-api-version': '8', 'x-env': 'WEB', 'X-requested-with': 'XMLHttpRequest', 'X-token': 'f96bbe3a7e7f833329e7129767a69abbfa6dfce3152e3c2a311eb49d89b5c3bb2b12b66b402f03dce682b8b2b6a005cd'})
[2025-06-29 18:25:05] Récupération réussie: 200 images pour Going Low Key
[2025-06-29 18:25:05] Voting fetching ...
[2025-06-29 18:25:05] Going Low Key voting 70 images
[2025-06-29 18:25:08] Going Low Key voting 70 images
[2025-06-29 18:25:09] Going Low Key voted successfully
[2025-06-29 18:25:09] Processus supprimé pour pascale: going-low-key-vote-70-left-0H:4M - success
[2025-06-29 18:25:09] Processus mis à jour pour pascale: going-low-key-vote-70-left-0H:4M - success
[2025-06-29 18:25:09] Processus going-low-key-vote-70-left-0H:4M terminé avec succès (profil: pascale)
[2025-06-29 18:25:12] Going Low Key voted successfully
[2025-06-29 18:25:15] Challenges fetching ...
[2025-06-29 18:25:15] Challenges fetched successfully for pascale!
[2025-06-29 18:25:15] Challenges fetching ...
[2025-06-29 18:25:16] Challenges fetched successfully for pascale!
[2025-06-29 18:26:09] Processus mis à jour pour pascale: going-low-key-vote-35-left-0H:3M - executing
[2025-06-29 18:26:09] Traitement de vote pour Going Low Key
[2025-06-29 18:26:09] Going Low Key get vote panel
[2025-06-29 18:26:09] Processus associé: going-low-key-vote-35-left-0H:3M
[2025-06-29 18:26:09] Récupération des données de vote pour Going Low Key (URL: going-low-key, HEADER:{'User-Agent': 'Mozilla/5.0 (X11; Linux i686; rv:39.0) Gecko/20100101 Firefox/39.0', 'x-api-version': '8', 'x-env': 'WEB', 'X-requested-with': 'XMLHttpRequest', 'X-token': 'f96bbe3a7e7f833329e7129767a69abbfa6dfce3152e3c2a311eb49d89b5c3bb2b12b66b402f03dce682b8b2b6a005cd'})
[2025-06-29 18:26:10] Récupération réussie: 200 images pour Going Low Key
[2025-06-29 18:26:10] Voting fetching ...
[2025-06-29 18:26:10] Going Low Key voting 35 images
[2025-06-29 18:26:13] Going Low Key voting 35 images
[2025-06-29 18:26:14] Going Low Key voted successfully
[2025-06-29 18:26:14] Processus supprimé pour pascale: going-low-key-vote-35-left-0H:3M - success
[2025-06-29 18:26:14] Processus mis à jour pour pascale: going-low-key-vote-35-left-0H:3M - success
[2025-06-29 18:26:14] Processus going-low-key-vote-35-left-0H:3M terminé avec succès (profil: pascale)
[2025-06-29 18:26:16] Going Low Key voted successfully
[2025-06-29 18:26:19] Challenges fetching ...
[2025-06-29 18:26:19] Challenges fetched successfully for pascale!
[2025-06-29 18:26:20] Challenges fetching ...
[2025-06-29 18:26:20] Challenges fetched successfully for pascale!
[2025-06-29 18:27:16] Processus mis à jour pour pascale: going-low-key-vote-35-left-0H:2M - executing
[2025-06-29 18:27:16] Traitement de vote pour Going Low Key
[2025-06-29 18:27:16] Going Low Key get vote panel
[2025-06-29 18:27:16] Processus associé: going-low-key-vote-35-left-0H:2M
[2025-06-29 18:27:16] Récupération des données de vote pour Going Low Key (URL: going-low-key, HEADER:{'User-Agent': 'Mozilla/5.0 (X11; Linux i686; rv:39.0) Gecko/20100101 Firefox/39.0', 'x-api-version': '8', 'x-env': 'WEB', 'X-requested-with': 'XMLHttpRequest', 'X-token': 'f96bbe3a7e7f833329e7129767a69abbfa6dfce3152e3c2a311eb49d89b5c3bb2b12b66b402f03dce682b8b2b6a005cd'})
[2025-06-29 18:27:17] Récupération réussie: 200 images pour Going Low Key
[2025-06-29 18:27:17] Voting fetching ...
[2025-06-29 18:27:17] Going Low Key voting 35 images
[2025-06-29 18:27:20] Going Low Key voting 35 images
[2025-06-29 18:27:21] Going Low Key voted successfully
[2025-06-29 18:27:21] Processus supprimé pour pascale: going-low-key-vote-35-left-0H:2M - success
[2025-06-29 18:27:21] Processus mis à jour pour pascale: going-low-key-vote-35-left-0H:2M - success
[2025-06-29 18:27:21] Processus going-low-key-vote-35-left-0H:2M terminé avec succès (profil: pascale)
[2025-06-29 18:27:23] Going Low Key voted successfully
[2025-06-29 18:27:26] Challenges fetching ...
[2025-06-29 18:27:26] Challenges fetched successfully for pascale!
[2025-06-29 18:27:26] Challenges fetching ...
[2025-06-29 18:27:26] Challenges fetched successfully for pascale!
[2025-06-29 18:28:02] Processus mis à jour pour pascale: going-low-key-vote-35-left-0H:1M - executing
[2025-06-29 18:28:02] Traitement de vote pour Going Low Key
[2025-06-29 18:28:02] Going Low Key get vote panel
[2025-06-29 18:28:02] Processus associé: going-low-key-vote-35-left-0H:1M
[2025-06-29 18:28:02] Récupération des données de vote pour Going Low Key (URL: going-low-key, HEADER:{'User-Agent': 'Mozilla/5.0 (X11; Linux i686; rv:39.0) Gecko/20100101 Firefox/39.0', 'x-api-version': '8', 'x-env': 'WEB', 'X-requested-with': 'XMLHttpRequest', 'X-token': 'f96bbe3a7e7f833329e7129767a69abbfa6dfce3152e3c2a311eb49d89b5c3bb2b12b66b402f03dce682b8b2b6a005cd'})
[2025-06-29 18:28:03] Récupération réussie: 200 images pour Going Low Key
[2025-06-29 18:28:03] Voting fetching ...
[2025-06-29 18:28:03] Going Low Key voting 35 images
[2025-06-29 18:28:06] Going Low Key voting 35 images
[2025-06-29 18:28:07] Going Low Key voted successfully
[2025-06-29 18:28:07] Processus supprimé pour pascale: going-low-key-vote-35-left-0H:1M - success
[2025-06-29 18:28:07] Processus mis à jour pour pascale: going-low-key-vote-35-left-0H:1M - success
[2025-06-29 18:28:07] Processus going-low-key-vote-35-left-0H:1M terminé avec succès (profil: pascale)
[2025-06-29 18:28:09] Going Low Key voted successfully
[2025-06-29 18:28:12] Challenges fetching ...
[2025-06-29 18:28:12] Challenges fetched successfully for pascale!
[2025-06-29 18:28:12] Challenges fetching ...
[2025-06-29 18:28:12] Challenges fetched successfully for pascale!
[2025-06-29 18:29:50] Lancement de la stratégie end4 pour Artistic VS Mundane
[2025-06-29 18:29:50] Commande  --cha artistic-vs-mundane18 vote 70 --left 0:4 existe déjà pour pascale
[2025-06-29 18:29:50] Nouveau processus ajouté pour pascale: artistic-vs-mundane18-vote-70-left-0H:4M - Statut: init
[2025-06-29 18:29:50] Traitement du challenge pour pascale: artistic-vs-mundane18
[2025-06-29 18:29:50] Commande  --cha artistic-vs-mundane18 vote 35 --left 0:3 existe déjà pour pascale
[2025-06-29 18:29:50] Nouveau processus ajouté pour pascale: artistic-vs-mundane18-vote-35-left-0H:3M - Statut: init
[2025-06-29 18:29:50] Commande  --cha artistic-vs-mundane18 vote 35 --left 0:2 existe déjà pour pascale
[2025-06-29 18:29:50] Processus mis à jour pour pascale: artistic-vs-mundane18-vote-70-left-0H:4M - waiting
[2025-06-29 18:29:50] Traitement du challenge pour pascale: artistic-vs-mundane18
[2025-06-29 18:29:50] Nouveau processus ajouté pour pascale: artistic-vs-mundane18-vote-35-left-0H:2M - Statut: init
[2025-06-29 18:29:50] Commande  --cha artistic-vs-mundane18 vote 35 --left 0:1 existe déjà pour pascale
[2025-06-29 18:29:50] Nouveau processus ajouté pour pascale: artistic-vs-mundane18-vote-35-left-0H:1M - Statut: init
[2025-06-29 18:29:50] Traitement du challenge pour pascale: artistic-vs-mundane18
[2025-06-29 18:29:50] Traitement du challenge pour pascale: artistic-vs-mundane18
[2025-06-29 18:29:50] Processus mis à jour pour pascale: artistic-vs-mundane18-vote-35-left-0H:3M - waiting
[2025-06-29 18:29:50] Processus mis à jour pour pascale: artistic-vs-mundane18-vote-35-left-0H:2M - waiting
[2025-06-29 18:29:50] Processus mis à jour pour pascale: artistic-vs-mundane18-vote-35-left-0H:1M - waiting
[2025-06-29 18:29:50] Lancement de la stratégie end4 pour Going Low Key
[2025-06-29 18:29:50] Nouveau processus ajouté pour pascale: going-low-key-vote-70-left-0H:4M - Statut: init
[2025-06-29 18:29:50] Traitement du challenge pour pascale: going-low-key
[2025-06-29 18:29:50] Nouveau processus ajouté pour pascale: going-low-key-vote-35-left-0H:3M - Statut: init
[2025-06-29 18:29:50] Traitement du challenge pour pascale: going-low-key
[2025-06-29 18:29:50] Processus mis à jour pour pascale: going-low-key-vote-70-left-0H:4M - executing
[2025-06-29 18:29:50] Nouveau processus ajouté pour pascale: going-low-key-vote-35-left-0H:2M - Statut: init
[2025-06-29 18:29:50] Nouveau processus ajouté pour pascale: going-low-key-vote-35-left-0H:1M - Statut: init
[2025-06-29 18:29:50] Traitement de vote pour Going Low Key
[2025-06-29 18:29:50] Traitement du challenge pour pascale: going-low-key
[2025-06-29 18:29:50] Traitement du challenge pour pascale: going-low-key
[2025-06-29 18:29:50] Processus mis à jour pour pascale: going-low-key-vote-35-left-0H:3M - executing
[2025-06-29 18:29:50] Traitement de vote pour Going Low Key
[2025-06-29 18:29:50] Processus mis à jour pour pascale: going-low-key-vote-35-left-0H:2M - executing
[2025-06-29 18:29:50] Processus mis à jour pour pascale: going-low-key-vote-35-left-0H:1M - executing
[2025-06-29 18:29:50] Traitement de vote pour Going Low Key
[2025-06-29 18:29:50] Traitement de vote pour Going Low Key
[2025-06-29 18:29:50] Application des stratégies pour les challenges sélectionnés:
- Artistic VS Mundane avec stratégie end4
- Going Low Key avec stratégie end4

[2025-06-29 18:29:50] Going Low Key get vote panel
[2025-06-29 18:29:50] Processus associé: going-low-key-vote-70-left-0H:4M
[2025-06-29 18:29:50] Going Low Key get vote panel
[2025-06-29 18:29:50] Processus associé: going-low-key-vote-35-left-0H:3M
[2025-06-29 18:29:50] Going Low Key get vote panel
[2025-06-29 18:29:50] Processus associé: going-low-key-vote-35-left-0H:2M
[2025-06-29 18:29:50] Going Low Key get vote panel
[2025-06-29 18:29:50] Processus associé: going-low-key-vote-35-left-0H:1M
[2025-06-29 18:29:50] Récupération des données de vote pour Going Low Key (URL: going-low-key, HEADER:{'User-Agent': 'Mozilla/5.0 (X11; Linux i686; rv:39.0) Gecko/20100101 Firefox/39.0', 'x-api-version': '8', 'x-env': 'WEB', 'X-requested-with': 'XMLHttpRequest', 'X-token': 'f96bbe3a7e7f833329e7129767a69abbfa6dfce3152e3c2a311eb49d89b5c3bb2b12b66b402f03dce682b8b2b6a005cd'})
[2025-06-29 18:29:50] Récupération des données de vote pour Going Low Key (URL: going-low-key, HEADER:{'User-Agent': 'Mozilla/5.0 (X11; Linux i686; rv:39.0) Gecko/20100101 Firefox/39.0', 'x-api-version': '8', 'x-env': 'WEB', 'X-requested-with': 'XMLHttpRequest', 'X-token': 'f96bbe3a7e7f833329e7129767a69abbfa6dfce3152e3c2a311eb49d89b5c3bb2b12b66b402f03dce682b8b2b6a005cd'})
[2025-06-29 18:29:50] Récupération des données de vote pour Going Low Key (URL: going-low-key, HEADER:{'User-Agent': 'Mozilla/5.0 (X11; Linux i686; rv:39.0) Gecko/20100101 Firefox/39.0', 'x-api-version': '8', 'x-env': 'WEB', 'X-requested-with': 'XMLHttpRequest', 'X-token': 'f96bbe3a7e7f833329e7129767a69abbfa6dfce3152e3c2a311eb49d89b5c3bb2b12b66b402f03dce682b8b2b6a005cd'})
[2025-06-29 18:29:50] Récupération des données de vote pour Going Low Key (URL: going-low-key, HEADER:{'User-Agent': 'Mozilla/5.0 (X11; Linux i686; rv:39.0) Gecko/20100101 Firefox/39.0', 'x-api-version': '8', 'x-env': 'WEB', 'X-requested-with': 'XMLHttpRequest', 'X-token': 'f96bbe3a7e7f833329e7129767a69abbfa6dfce3152e3c2a311eb49d89b5c3bb2b12b66b402f03dce682b8b2b6a005cd'})
[2025-06-29 18:29:51] Processus suspect (format de date invalide): going-low-key-vote-70-left-0H:4M (profil: pascale)
[2025-06-29 18:29:51] Processus supprimé pour pascale: going-low-key-vote-70-left-0H:4M - zombie
[2025-06-29 18:29:51] Processus mis à jour pour pascale: going-low-key-vote-70-left-0H:4M - zombie
[2025-06-29 18:29:51] Processus suspect (format de date invalide): going-low-key-vote-35-left-0H:3M (profil: pascale)
[2025-06-29 18:29:51] Processus supprimé pour pascale: going-low-key-vote-35-left-0H:3M - zombie
[2025-06-29 18:29:51] Processus mis à jour pour pascale: going-low-key-vote-35-left-0H:3M - zombie
[2025-06-29 18:29:51] Processus suspect (format de date invalide): going-low-key-vote-35-left-0H:2M (profil: pascale)
[2025-06-29 18:29:51] Processus supprimé pour pascale: going-low-key-vote-35-left-0H:2M - zombie
[2025-06-29 18:29:51] Processus mis à jour pour pascale: going-low-key-vote-35-left-0H:2M - zombie
[2025-06-29 18:29:51] Récupération réussie: 200 images pour Going Low Key
[2025-06-29 18:29:51] Voting fetching ...
[2025-06-29 18:29:51] Going Low Key voting 70 images
[2025-06-29 18:29:54] Going Low Key voting 70 images
[2025-06-29 18:29:54] Récupération réussie: 200 images pour Going Low Key
[2025-06-29 18:29:54] Voting fetching ...
[2025-06-29 18:29:54] Going Low Key voting 35 images
[2025-06-29 18:29:57] Going Low Key voting 35 images
[2025-06-29 18:29:57] Récupération réussie: 200 images pour Going Low Key
[2025-06-29 18:29:57] Voting fetching ...
[2025-06-29 18:29:57] Going Low Key voting 35 images
[2025-06-29 18:30:00] Going Low Key voting 35 images
[2025-06-29 18:30:00] Récupération réussie: 200 images pour Going Low Key
[2025-06-29 18:30:00] Voting fetching ...
[2025-06-29 18:30:00] Going Low Key voting 35 images
[2025-06-29 18:30:03] Going Low Key voting 35 images
[2025-06-29 18:30:04] Going Low Key voted successfully
[2025-06-29 18:30:04] Processus supprimé pour pascale: going-low-key-vote-35-left-0H:1M - success
[2025-06-29 18:30:04] Processus mis à jour pour pascale: going-low-key-vote-35-left-0H:1M - success
[2025-06-29 18:30:04] Processus going-low-key-vote-35-left-0H:1M terminé avec succès (profil: pascale)
[2025-06-29 18:30:06] Going Low Key voted successfully
[2025-06-29 18:30:08] Going Low Key voted successfully
[2025-06-29 18:30:10] Going Low Key voted successfully
[2025-06-29 18:30:12] Going Low Key voted successfully
[2025-06-29 18:30:14] Going Low Key voted successfully
[2025-06-29 18:30:16] Going Low Key voted successfully
[2025-06-29 18:30:18] Going Low Key voted successfully
[2025-06-29 18:30:21] Challenges fetching ...
[2025-06-29 18:30:21] Challenges fetched successfully for pascale!
[2025-06-29 18:30:21] Challenges fetching ...
[2025-06-29 18:30:21] Challenges fetched successfully for pascale!
[2025-06-29 18:30:21] Challenges fetching ...
[2025-06-29 18:30:21] Challenges fetched successfully for pascale!
[2025-06-29 18:30:21] Challenges fetching ...
[2025-06-29 18:30:21] Challenges fetched successfully for pascale!
[2025-06-29 18:30:21] Challenges fetching ...
[2025-06-29 18:30:21] Challenges fetched successfully for pascale!
[2025-06-29 18:30:21] Challenges fetching ...
[2025-06-29 18:30:21] Challenges fetched successfully for pascale!
[2025-06-29 18:30:21] Challenges fetching ...
[2025-06-29 18:30:21] Challenges fetched successfully for pascale!
[2025-06-29 18:30:21] Challenges fetching ...
[2025-06-29 18:30:21] Challenges fetched successfully for pascale!
[2025-06-29 18:37:17] Erreur lors du rafraîchissement API, utilisation du cache: HTTPSConnectionPool(host='api.gurushots.com', port=443): Max retries exceeded with url: /rest/get_my_active_challenges (Caused by NameResolutionError("<urllib3.connection.HTTPSConnection object at 0x11f715450>: Failed to resolve 'api.gurushots.com' ([Errno 8] nodename nor servname provided, or not known)"))
[2025-06-29 18:37:17] Erreur lors du rafraîchissement API, utilisation du cache: HTTPSConnectionPool(host='api.gurushots.com', port=443): Max retries exceeded with url: /rest/get_my_active_challenges (Caused by NameResolutionError("<urllib3.connection.HTTPSConnection object at 0x11f716d50>: Failed to resolve 'api.gurushots.com' ([Errno 8] nodename nor servname provided, or not known)"))
[2025-06-29 18:37:24] Erreur lors du rafraîchissement API, utilisation du cache: HTTPSConnectionPool(host='api.gurushots.com', port=443): Max retries exceeded with url: /rest/get_my_active_challenges (Caused by NameResolutionError("<urllib3.connection.HTTPSConnection object at 0x10e88b750>: Failed to resolve 'api.gurushots.com' ([Errno 8] nodename nor servname provided, or not known)"))
[2025-06-29 18:37:25] Erreur lors du rafraîchissement API, utilisation du cache: HTTPSConnectionPool(host='api.gurushots.com', port=443): Max retries exceeded with url: /rest/get_my_active_challenges (Caused by NameResolutionError("<urllib3.connection.HTTPSConnection object at 0x10e88b610>: Failed to resolve 'api.gurushots.com' ([Errno 8] nodename nor servname provided, or not known)"))
[2025-06-29 18:37:25] Erreur lors du rafraîchissement API, utilisation du cache: HTTPSConnectionPool(host='api.gurushots.com', port=443): Max retries exceeded with url: /rest/get_my_active_challenges (Caused by NameResolutionError("<urllib3.connection.HTTPSConnection object at 0x10e889d10>: Failed to resolve 'api.gurushots.com' ([Errno 8] nodename nor servname provided, or not known)"))
[2025-06-29 18:37:25] Erreur lors du rafraîchissement API, utilisation du cache: HTTPSConnectionPool(host='api.gurushots.com', port=443): Max retries exceeded with url: /rest/get_my_active_challenges (Caused by NameResolutionError("<urllib3.connection.HTTPSConnection object at 0x10e88b4d0>: Failed to resolve 'api.gurushots.com' ([Errno 8] nodename nor servname provided, or not known)"))
[2025-06-29 18:37:32] Erreur lors du rafraîchissement API, utilisation du cache: HTTPSConnectionPool(host='api.gurushots.com', port=443): Max retries exceeded with url: /rest/get_my_active_challenges (Caused by NameResolutionError("<urllib3.connection.HTTPSConnection object at 0x10e88a710>: Failed to resolve 'api.gurushots.com' ([Errno 8] nodename nor servname provided, or not known)"))
[2025-06-29 18:37:32] Erreur lors du rafraîchissement API, utilisation du cache: HTTPSConnectionPool(host='api.gurushots.com', port=443): Max retries exceeded with url: /rest/get_my_active_challenges (Caused by NameResolutionError("<urllib3.connection.HTTPSConnection object at 0x10e88b9d0>: Failed to resolve 'api.gurushots.com' ([Errno 8] nodename nor servname provided, or not known)"))
[2025-06-29 18:37:39] Erreur lors du rafraîchissement API, utilisation du cache: HTTPSConnectionPool(host='api.gurushots.com', port=443): Max retries exceeded with url: /rest/get_my_active_challenges (Caused by NameResolutionError("<urllib3.connection.HTTPSConnection object at 0x10e889a90>: Failed to resolve 'api.gurushots.com' ([Errno 8] nodename nor servname provided, or not known)"))
[2025-06-29 18:37:40] Erreur lors du rafraîchissement API, utilisation du cache: HTTPSConnectionPool(host='api.gurushots.com', port=443): Max retries exceeded with url: /rest/get_my_active_challenges (Caused by NameResolutionError("<urllib3.connection.HTTPSConnection object at 0x10e88bd90>: Failed to resolve 'api.gurushots.com' ([Errno 8] nodename nor servname provided, or not known)"))
[2025-06-29 18:37:40] Erreur lors du rafraîchissement API, utilisation du cache: HTTPSConnectionPool(host='api.gurushots.com', port=443): Max retries exceeded with url: /rest/get_my_active_challenges (Caused by NameResolutionError("<urllib3.connection.HTTPSConnection object at 0x10e88ac10>: Failed to resolve 'api.gurushots.com' ([Errno 8] nodename nor servname provided, or not known)"))
[2025-06-29 18:37:40] Erreur lors du rafraîchissement API, utilisation du cache: HTTPSConnectionPool(host='api.gurushots.com', port=443): Max retries exceeded with url: /rest/get_my_active_challenges (Caused by NameResolutionError("<urllib3.connection.HTTPSConnection object at 0x10e88a490>: Failed to resolve 'api.gurushots.com' ([Errno 8] nodename nor servname provided, or not known)"))
[2025-06-29 18:37:47] Erreur lors du rafraîchissement API, utilisation du cache: HTTPSConnectionPool(host='api.gurushots.com', port=443): Max retries exceeded with url: /rest/get_my_active_challenges (Caused by NameResolutionError("<urllib3.connection.HTTPSConnection object at 0x10e88aad0>: Failed to resolve 'api.gurushots.com' ([Errno 8] nodename nor servname provided, or not known)"))
[2025-06-29 18:37:47] Erreur lors du rafraîchissement API, utilisation du cache: HTTPSConnectionPool(host='api.gurushots.com', port=443): Max retries exceeded with url: /rest/get_my_active_challenges (Caused by NameResolutionError("<urllib3.connection.HTTPSConnection object at 0x11f53c050>: Failed to resolve 'api.gurushots.com' ([Errno 8] nodename nor servname provided, or not known)"))
[2025-06-29 18:37:54] Erreur lors du rafraîchissement API, utilisation du cache: HTTPSConnectionPool(host='api.gurushots.com', port=443): Max retries exceeded with url: /rest/get_my_active_challenges (Caused by NameResolutionError("<urllib3.connection.HTTPSConnection object at 0x11f53c690>: Failed to resolve 'api.gurushots.com' ([Errno 8] nodename nor servname provided, or not known)"))
[2025-06-29 18:37:55] Erreur lors du rafraîchissement API, utilisation du cache: HTTPSConnectionPool(host='api.gurushots.com', port=443): Max retries exceeded with url: /rest/get_my_active_challenges (Caused by NameResolutionError("<urllib3.connection.HTTPSConnection object at 0x10e88aad0>: Failed to resolve 'api.gurushots.com' ([Errno 8] nodename nor servname provided, or not known)"))
[2025-06-29 18:37:55] Erreur lors du rafraîchissement API, utilisation du cache: HTTPSConnectionPool(host='api.gurushots.com', port=443): Max retries exceeded with url: /rest/get_my_active_challenges (Caused by NameResolutionError("<urllib3.connection.HTTPSConnection object at 0x10e88a350>: Failed to resolve 'api.gurushots.com' ([Errno 8] nodename nor servname provided, or not known)"))
[2025-06-29 18:37:55] Erreur lors du rafraîchissement API, utilisation du cache: HTTPSConnectionPool(host='api.gurushots.com', port=443): Max retries exceeded with url: /rest/get_my_active_challenges (Caused by NameResolutionError("<urllib3.connection.HTTPSConnection object at 0x10e88a5d0>: Failed to resolve 'api.gurushots.com' ([Errno 8] nodename nor servname provided, or not known)"))
[2025-06-29 18:38:02] Erreur lors du rafraîchissement API, utilisation du cache: HTTPSConnectionPool(host='api.gurushots.com', port=443): Max retries exceeded with url: /rest/get_my_active_challenges (Caused by NameResolutionError("<urllib3.connection.HTTPSConnection object at 0x10e888410>: Failed to resolve 'api.gurushots.com' ([Errno 8] nodename nor servname provided, or not known)"))
[2025-06-29 18:38:02] Erreur lors du rafraîchissement API, utilisation du cache: HTTPSConnectionPool(host='api.gurushots.com', port=443): Max retries exceeded with url: /rest/get_my_active_challenges (Caused by NameResolutionError("<urllib3.connection.HTTPSConnection object at 0x10e88ae90>: Failed to resolve 'api.gurushots.com' ([Errno 8] nodename nor servname provided, or not known)"))
[2025-06-29 20:31:43] Erreur lors du rafraîchissement API, utilisation du cache: HTTPSConnectionPool(host='api.gurushots.com', port=443): Max retries exceeded with url: /rest/get_my_active_challenges (Caused by NameResolutionError("<urllib3.connection.HTTPSConnection object at 0x10e88ad50>: Failed to resolve 'api.gurushots.com' ([Errno 8] nodename nor servname provided, or not known)"))
[2025-06-29 20:31:43] Erreur lors du rafraîchissement API, utilisation du cache: HTTPSConnectionPool(host='api.gurushots.com', port=443): Max retries exceeded with url: /rest/get_my_active_challenges (Caused by NameResolutionError("<urllib3.connection.HTTPSConnection object at 0x10e88bed0>: Failed to resolve 'api.gurushots.com' ([Errno 8] nodename nor servname provided, or not known)"))
[2025-06-29 20:31:43] Erreur lors du rafraîchissement API, utilisation du cache: HTTPSConnectionPool(host='api.gurushots.com', port=443): Max retries exceeded with url: /rest/get_my_active_challenges (Caused by NameResolutionError("<urllib3.connection.HTTPSConnection object at 0x10e88a990>: Failed to resolve 'api.gurushots.com' ([Errno 8] nodename nor servname provided, or not known)"))
[2025-06-29 20:31:43] Erreur lors du rafraîchissement API, utilisation du cache: HTTPSConnectionPool(host='api.gurushots.com', port=443): Max retries exceeded with url: /rest/get_my_active_challenges (Caused by NameResolutionError("<urllib3.connection.HTTPSConnection object at 0x10e88b390>: Failed to resolve 'api.gurushots.com' ([Errno 8] nodename nor servname provided, or not known)"))
[2025-06-29 20:31:50] Erreur lors du rafraîchissement API, utilisation du cache: HTTPSConnectionPool(host='api.gurushots.com', port=443): Max retries exceeded with url: /rest/get_my_active_challenges (Caused by NameResolutionError("<urllib3.connection.HTTPSConnection object at 0x10e88a850>: Failed to resolve 'api.gurushots.com' ([Errno 8] nodename nor servname provided, or not known)"))
[2025-06-29 20:31:50] Erreur lors du rafraîchissement API, utilisation du cache: HTTPSConnectionPool(host='api.gurushots.com', port=443): Max retries exceeded with url: /rest/get_my_active_challenges (Caused by NameResolutionError("<urllib3.connection.HTTPSConnection object at 0x10e88a0d0>: Failed to resolve 'api.gurushots.com' ([Errno 8] nodename nor servname provided, or not known)"))
[2025-06-29 20:31:58] Erreur lors du rafraîchissement API, utilisation du cache: HTTPSConnectionPool(host='api.gurushots.com', port=443): Max retries exceeded with url: /rest/get_my_active_challenges (Caused by NameResolutionError("<urllib3.connection.HTTPSConnection object at 0x11f715950>: Failed to resolve 'api.gurushots.com' ([Errno 8] nodename nor servname provided, or not known)"))
[2025-06-29 20:31:58] Erreur lors du rafraîchissement API, utilisation du cache: HTTPSConnectionPool(host='api.gurushots.com', port=443): Max retries exceeded with url: /rest/get_my_active_challenges (Caused by NameResolutionError("<urllib3.connection.HTTPSConnection object at 0x11f714a50>: Failed to resolve 'api.gurushots.com' ([Errno 8] nodename nor servname provided, or not known)"))
[2025-06-29 20:31:58] Erreur lors du rafraîchissement API, utilisation du cache: HTTPSConnectionPool(host='api.gurushots.com', port=443): Max retries exceeded with url: /rest/get_my_active_challenges (Caused by NameResolutionError("<urllib3.connection.HTTPSConnection object at 0x11f53c550>: Failed to resolve 'api.gurushots.com' ([Errno 8] nodename nor servname provided, or not known)"))
[2025-06-29 20:31:58] Erreur lors du rafraîchissement API, utilisation du cache: HTTPSConnectionPool(host='api.gurushots.com', port=443): Max retries exceeded with url: /rest/get_my_active_challenges (Caused by NameResolutionError("<urllib3.connection.HTTPSConnection object at 0x11f53ca50>: Failed to resolve 'api.gurushots.com' ([Errno 8] nodename nor servname provided, or not known)"))
[2025-06-29 20:32:05] Erreur lors du rafraîchissement API, utilisation du cache: HTTPSConnectionPool(host='api.gurushots.com', port=443): Max retries exceeded with url: /rest/get_my_active_challenges (Caused by NameResolutionError("<urllib3.connection.HTTPSConnection object at 0x11f714a50>: Failed to resolve 'api.gurushots.com' ([Errno 8] nodename nor servname provided, or not known)"))
[2025-06-29 20:32:05] Erreur lors du rafraîchissement API, utilisation du cache: HTTPSConnectionPool(host='api.gurushots.com', port=443): Max retries exceeded with url: /rest/get_my_active_challenges (Caused by NameResolutionError("<urllib3.connection.HTTPSConnection object at 0x11f715450>: Failed to resolve 'api.gurushots.com' ([Errno 8] nodename nor servname provided, or not known)"))
[2025-06-29 20:32:13] Erreur lors du rafraîchissement API, utilisation du cache: HTTPSConnectionPool(host='api.gurushots.com', port=443): Max retries exceeded with url: /rest/get_my_active_challenges (Caused by NameResolutionError("<urllib3.connection.HTTPSConnection object at 0x10e88a0d0>: Failed to resolve 'api.gurushots.com' ([Errno 8] nodename nor servname provided, or not known)"))
[2025-06-29 20:32:13] Erreur lors du rafraîchissement API, utilisation du cache: HTTPSConnectionPool(host='api.gurushots.com', port=443): Max retries exceeded with url: /rest/get_my_active_challenges (Caused by NameResolutionError("<urllib3.connection.HTTPSConnection object at 0x10e88b750>: Failed to resolve 'api.gurushots.com' ([Errno 8] nodename nor servname provided, or not known)"))
[2025-06-29 20:32:13] Erreur lors du rafraîchissement API, utilisation du cache: HTTPSConnectionPool(host='api.gurushots.com', port=443): Max retries exceeded with url: /rest/get_my_active_challenges (Caused by NameResolutionError("<urllib3.connection.HTTPSConnection object at 0x10e88b610>: Failed to resolve 'api.gurushots.com' ([Errno 8] nodename nor servname provided, or not known)"))
[2025-06-29 20:32:13] Erreur lors du rafraîchissement API, utilisation du cache: HTTPSConnectionPool(host='api.gurushots.com', port=443): Max retries exceeded with url: /rest/get_my_active_challenges (Caused by NameResolutionError("<urllib3.connection.HTTPSConnection object at 0x10e889450>: Failed to resolve 'api.gurushots.com' ([Errno 8] nodename nor servname provided, or not known)"))
[2025-06-29 20:32:20] Erreur lors du rafraîchissement API, utilisation du cache: HTTPSConnectionPool(host='api.gurushots.com', port=443): Max retries exceeded with url: /rest/get_my_active_challenges (Caused by NameResolutionError("<urllib3.connection.HTTPSConnection object at 0x10e88b4d0>: Failed to resolve 'api.gurushots.com' ([Errno 8] nodename nor servname provided, or not known)"))
[2025-06-29 20:32:20] Erreur lors du rafraîchissement API, utilisation du cache: HTTPSConnectionPool(host='api.gurushots.com', port=443): Max retries exceeded with url: /rest/get_my_active_challenges (Caused by NameResolutionError("<urllib3.connection.HTTPSConnection object at 0x10e88a710>: Failed to resolve 'api.gurushots.com' ([Errno 8] nodename nor servname provided, or not known)"))
[2025-06-29 20:32:28] Erreur lors du rafraîchissement API, utilisation du cache: HTTPSConnectionPool(host='api.gurushots.com', port=443): Max retries exceeded with url: /rest/get_my_active_challenges (Caused by NameResolutionError("<urllib3.connection.HTTPSConnection object at 0x10e888550>: Failed to resolve 'api.gurushots.com' ([Errno 8] nodename nor servname provided, or not known)"))
[2025-06-29 20:32:28] Erreur lors du rafraîchissement API, utilisation du cache: HTTPSConnectionPool(host='api.gurushots.com', port=443): Max retries exceeded with url: /rest/get_my_active_challenges (Caused by NameResolutionError("<urllib3.connection.HTTPSConnection object at 0x10e889a90>: Failed to resolve 'api.gurushots.com' ([Errno 8] nodename nor servname provided, or not known)"))
[2025-06-29 20:32:28] Erreur lors du rafraîchissement API, utilisation du cache: HTTPSConnectionPool(host='api.gurushots.com', port=443): Max retries exceeded with url: /rest/get_my_active_challenges (Caused by NameResolutionError("<urllib3.connection.HTTPSConnection object at 0x10e88bd90>: Failed to resolve 'api.gurushots.com' ([Errno 8] nodename nor servname provided, or not known)"))
[2025-06-29 20:32:28] Erreur lors du rafraîchissement API, utilisation du cache: HTTPSConnectionPool(host='api.gurushots.com', port=443): Max retries exceeded with url: /rest/get_my_active_challenges (Caused by NameResolutionError("<urllib3.connection.HTTPSConnection object at 0x10e88b110>: Failed to resolve 'api.gurushots.com' ([Errno 8] nodename nor servname provided, or not known)"))
[2025-06-29 21:20:17] Erreur lors du rafraîchissement API, utilisation du cache: HTTPSConnectionPool(host='api.gurushots.com', port=443): Max retries exceeded with url: /rest/get_my_active_challenges (Caused by NameResolutionError("<urllib3.connection.HTTPSConnection object at 0x10e88a490>: Failed to resolve 'api.gurushots.com' ([Errno 8] nodename nor servname provided, or not known)"))
[2025-06-29 21:20:17] Erreur lors du rafraîchissement API, utilisation du cache: HTTPSConnectionPool(host='api.gurushots.com', port=443): Max retries exceeded with url: /rest/get_my_active_challenges (Caused by NameResolutionError("<urllib3.connection.HTTPSConnection object at 0x11f53cb90>: Failed to resolve 'api.gurushots.com' ([Errno 8] nodename nor servname provided, or not known)"))
[2025-06-29 21:20:25] Erreur lors du rafraîchissement API, utilisation du cache: HTTPSConnectionPool(host='api.gurushots.com', port=443): Max retries exceeded with url: /rest/get_my_active_challenges (Caused by NameResolutionError("<urllib3.connection.HTTPSConnection object at 0x11f53c2d0>: Failed to resolve 'api.gurushots.com' ([Errno 8] nodename nor servname provided, or not known)"))
[2025-06-29 21:20:25] Erreur lors du rafraîchissement API, utilisation du cache: HTTPSConnectionPool(host='api.gurushots.com', port=443): Max retries exceeded with url: /rest/get_my_active_challenges (Caused by NameResolutionError("<urllib3.connection.HTTPSConnection object at 0x11f53ce10>: Failed to resolve 'api.gurushots.com' ([Errno 8] nodename nor servname provided, or not known)"))
[2025-06-29 21:20:25] Erreur lors du rafraîchissement API, utilisation du cache: HTTPSConnectionPool(host='api.gurushots.com', port=443): Max retries exceeded with url: /rest/get_my_active_challenges (Caused by NameResolutionError("<urllib3.connection.HTTPSConnection object at 0x11f53d1d0>: Failed to resolve 'api.gurushots.com' ([Errno 8] nodename nor servname provided, or not known)"))
[2025-06-29 21:20:25] Erreur lors du rafraîchissement API, utilisation du cache: HTTPSConnectionPool(host='api.gurushots.com', port=443): Max retries exceeded with url: /rest/get_my_active_challenges (Caused by NameResolutionError("<urllib3.connection.HTTPSConnection object at 0x10e88a490>: Failed to resolve 'api.gurushots.com' ([Errno 8] nodename nor servname provided, or not known)"))
[2025-06-29 21:20:32] Erreur lors du rafraîchissement API, utilisation du cache: HTTPSConnectionPool(host='api.gurushots.com', port=443): Max retries exceeded with url: /rest/get_my_active_challenges (Caused by NameResolutionError("<urllib3.connection.HTTPSConnection object at 0x10e88bc50>: Failed to resolve 'api.gurushots.com' ([Errno 8] nodename nor servname provided, or not known)"))
[2025-06-29 21:20:32] Erreur lors du rafraîchissement API, utilisation du cache: HTTPSConnectionPool(host='api.gurushots.com', port=443): Max retries exceeded with url: /rest/get_my_active_challenges (Caused by NameResolutionError("<urllib3.connection.HTTPSConnection object at 0x10e88ac10>: Failed to resolve 'api.gurushots.com' ([Errno 8] nodename nor servname provided, or not known)"))
[2025-06-29 21:20:40] Erreur lors du rafraîchissement API, utilisation du cache: HTTPSConnectionPool(host='api.gurushots.com', port=443): Max retries exceeded with url: /rest/get_my_active_challenges (Caused by NameResolutionError("<urllib3.connection.HTTPSConnection object at 0x10e88a5d0>: Failed to resolve 'api.gurushots.com' ([Errno 8] nodename nor servname provided, or not known)"))
[2025-06-29 21:20:40] Erreur lors du rafraîchissement API, utilisation du cache: HTTPSConnectionPool(host='api.gurushots.com', port=443): Max retries exceeded with url: /rest/get_my_active_challenges (Caused by NameResolutionError("<urllib3.connection.HTTPSConnection object at 0x10e889590>: Failed to resolve 'api.gurushots.com' ([Errno 8] nodename nor servname provided, or not known)"))
[2025-06-29 21:20:40] Erreur lors du rafraîchissement API, utilisation du cache: HTTPSConnectionPool(host='api.gurushots.com', port=443): Max retries exceeded with url: /rest/get_my_active_challenges (Caused by NameResolutionError("<urllib3.connection.HTTPSConnection object at 0x10e88b9d0>: Failed to resolve 'api.gurushots.com' ([Errno 8] nodename nor servname provided, or not known)"))
[2025-06-29 21:20:40] Erreur lors du rafraîchissement API, utilisation du cache: HTTPSConnectionPool(host='api.gurushots.com', port=443): Max retries exceeded with url: /rest/get_my_active_challenges (Caused by NameResolutionError("<urllib3.connection.HTTPSConnection object at 0x10e88ad50>: Failed to resolve 'api.gurushots.com' ([Errno 8] nodename nor servname provided, or not known)"))
[2025-06-29 21:20:47] Erreur lors du rafraîchissement API, utilisation du cache: HTTPSConnectionPool(host='api.gurushots.com', port=443): Max retries exceeded with url: /rest/get_my_active_challenges (Caused by NameResolutionError("<urllib3.connection.HTTPSConnection object at 0x10e88b250>: Failed to resolve 'api.gurushots.com' ([Errno 8] nodename nor servname provided, or not known)"))
[2025-06-29 21:20:47] Erreur lors du rafraîchissement API, utilisation du cache: HTTPSConnectionPool(host='api.gurushots.com', port=443): Max retries exceeded with url: /rest/get_my_active_challenges (Caused by NameResolutionError("<urllib3.connection.HTTPSConnection object at 0x10e889d10>: Failed to resolve 'api.gurushots.com' ([Errno 8] nodename nor servname provided, or not known)"))
[2025-06-29 21:20:55] Erreur lors du rafraîchissement API, utilisation du cache: HTTPSConnectionPool(host='api.gurushots.com', port=443): Max retries exceeded with url: /rest/get_my_active_challenges (Caused by NameResolutionError("<urllib3.connection.HTTPSConnection object at 0x10e88b390>: Failed to resolve 'api.gurushots.com' ([Errno 8] nodename nor servname provided, or not known)"))
[2025-06-29 21:20:55] Erreur lors du rafraîchissement API, utilisation du cache: HTTPSConnectionPool(host='api.gurushots.com', port=443): Max retries exceeded with url: /rest/get_my_active_challenges (Caused by NameResolutionError("<urllib3.connection.HTTPSConnection object at 0x10e88afd0>: Failed to resolve 'api.gurushots.com' ([Errno 8] nodename nor servname provided, or not known)"))
[2025-06-29 21:20:55] Erreur lors du rafraîchissement API, utilisation du cache: HTTPSConnectionPool(host='api.gurushots.com', port=443): Max retries exceeded with url: /rest/get_my_active_challenges (Caused by NameResolutionError("<urllib3.connection.HTTPSConnection object at 0x11f716d50>: Failed to resolve 'api.gurushots.com' ([Errno 8] nodename nor servname provided, or not known)"))
[2025-06-29 21:20:55] Erreur lors du rafraîchissement API, utilisation du cache: HTTPSConnectionPool(host='api.gurushots.com', port=443): Max retries exceeded with url: /rest/get_my_active_challenges (Caused by NameResolutionError("<urllib3.connection.HTTPSConnection object at 0x11f715950>: Failed to resolve 'api.gurushots.com' ([Errno 8] nodename nor servname provided, or not known)"))
[2025-06-29 21:21:02] Erreur lors du rafraîchissement API, utilisation du cache: HTTPSConnectionPool(host='api.gurushots.com', port=443): Max retries exceeded with url: /rest/get_my_active_challenges (Caused by NameResolutionError("<urllib3.connection.HTTPSConnection object at 0x11f53d310>: Failed to resolve 'api.gurushots.com' ([Errno 8] nodename nor servname provided, or not known)"))
[2025-06-29 21:21:02] Erreur lors du rafraîchissement API, utilisation du cache: HTTPSConnectionPool(host='api.gurushots.com', port=443): Max retries exceeded with url: /rest/get_my_active_challenges (Caused by NameResolutionError("<urllib3.connection.HTTPSConnection object at 0x11f53cf50>: Failed to resolve 'api.gurushots.com' ([Errno 8] nodename nor servname provided, or not known)"))
[2025-06-29 21:27:56] Erreur lors du rafraîchissement API, utilisation du cache: HTTPSConnectionPool(host='api.gurushots.com', port=443): Max retries exceeded with url: /rest/get_my_active_challenges (Caused by NameResolutionError("<urllib3.connection.HTTPSConnection object at 0x11f53c410>: Failed to resolve 'api.gurushots.com' ([Errno 8] nodename nor servname provided, or not known)"))
[2025-06-29 21:27:56] Erreur lors du rafraîchissement API, utilisation du cache: HTTPSConnectionPool(host='api.gurushots.com', port=443): Max retries exceeded with url: /rest/get_my_active_challenges (Caused by NameResolutionError("<urllib3.connection.HTTPSConnection object at 0x11f53c190>: Failed to resolve 'api.gurushots.com' ([Errno 8] nodename nor servname provided, or not known)"))
[2025-06-29 21:27:56] Erreur lors du rafraîchissement API, utilisation du cache: HTTPSConnectionPool(host='api.gurushots.com', port=443): Max retries exceeded with url: /rest/get_my_active_challenges (Caused by NameResolutionError("<urllib3.connection.HTTPSConnection object at 0x11f715950>: Failed to resolve 'api.gurushots.com' ([Errno 8] nodename nor servname provided, or not known)"))
[2025-06-29 21:27:56] Erreur lors du rafraîchissement API, utilisation du cache: HTTPSConnectionPool(host='api.gurushots.com', port=443): Max retries exceeded with url: /rest/get_my_active_challenges (Caused by NameResolutionError("<urllib3.connection.HTTPSConnection object at 0x11f715a90>: Failed to resolve 'api.gurushots.com' ([Errno 8] nodename nor servname provided, or not known)"))
[2025-06-29 21:28:03] Erreur lors du rafraîchissement API, utilisation du cache: HTTPSConnectionPool(host='api.gurushots.com', port=443): Max retries exceeded with url: /rest/get_my_active_challenges (Caused by NameResolutionError("<urllib3.connection.HTTPSConnection object at 0x10e88b390>: Failed to resolve 'api.gurushots.com' ([Errno 8] nodename nor servname provided, or not known)"))
[2025-06-29 21:28:03] Erreur lors du rafraîchissement API, utilisation du cache: HTTPSConnectionPool(host='api.gurushots.com', port=443): Max retries exceeded with url: /rest/get_my_active_challenges (Caused by NameResolutionError("<urllib3.connection.HTTPSConnection object at 0x10e88a850>: Failed to resolve 'api.gurushots.com' ([Errno 8] nodename nor servname provided, or not known)"))
