[2025-06-21 10:32:31] Fetching challenges...
[2025-06-21 10:32:33] Challenges fetching ...
[2025-06-21 10:32:33] Lancement automatique des stratégies de fin pour 4 nouveaux challenges...
[2025-06-21 10:32:33] Nouveau challenge détecté pour bruno: Mostly Black
[2025-06-21 10:32:33] Nouveau challenge détecté pour bruno: Capturing Joy
[2025-06-21 10:32:33] Nouveau challenge détecté pour bruno: Your Favorite Nature Shot
[2025-06-21 10:32:33] Nouveau challenge détecté pour bruno: Stunning Still Life
[2025-06-21 10:32:33] Challenges fetched successfully for bruno!
[2025-06-21 10:32:51] Stunning Still Life get vote panel
[2025-06-21 10:32:51] Mostly Black get vote panel
[2025-06-21 10:32:51] Your Favorite Nature Shot get vote panel
[2025-06-21 10:32:51] Capturing Joy get vote panel
[2025-06-21 10:32:51] Filling challenges: {102600, 103019, 102780, 102582}
Filled Stunning Still Life with strategy end4
Filled Mostly Black with strategy end4
Filled Your Favorite Nature Shot with strategy end4
Filled Capturing Joy with strategy end4

[2025-06-21 10:32:51] Récupération des données de vote pour Stunning Still Life (URL: stunning-still-life3, HEADER:{'User-Agent': 'Mozilla/5.0 (X11; Linux i686; rv:39.0) Gecko/20100101 Firefox/39.0', 'x-api-version': '8', 'x-env': 'WEB', 'X-requested-with': 'XMLHttpRequest', 'X-token': 'a1cad95a6d480c14f51dd0eba4914c8337b893c789ec6278bb440c7c9a673b162f042470c62684e6da2bd342ffea7777'})
[2025-06-21 10:32:51] Récupération des données de vote pour Mostly Black (URL: mostly-black16, HEADER:{'User-Agent': 'Mozilla/5.0 (X11; Linux i686; rv:39.0) Gecko/20100101 Firefox/39.0', 'x-api-version': '8', 'x-env': 'WEB', 'X-requested-with': 'XMLHttpRequest', 'X-token': 'a1cad95a6d480c14f51dd0eba4914c8337b893c789ec6278bb440c7c9a673b162f042470c62684e6da2bd342ffea7777'})
[2025-06-21 10:32:51] Récupération des données de vote pour Your Favorite Nature Shot (URL: your-favorite-nature-shot3, HEADER:{'User-Agent': 'Mozilla/5.0 (X11; Linux i686; rv:39.0) Gecko/20100101 Firefox/39.0', 'x-api-version': '8', 'x-env': 'WEB', 'X-requested-with': 'XMLHttpRequest', 'X-token': 'a1cad95a6d480c14f51dd0eba4914c8337b893c789ec6278bb440c7c9a673b162f042470c62684e6da2bd342ffea7777'})
[2025-06-21 10:32:51] Récupération des données de vote pour Capturing Joy (URL: capturing-joy, HEADER:{'User-Agent': 'Mozilla/5.0 (X11; Linux i686; rv:39.0) Gecko/20100101 Firefox/39.0', 'x-api-version': '8', 'x-env': 'WEB', 'X-requested-with': 'XMLHttpRequest', 'X-token': 'a1cad95a6d480c14f51dd0eba4914c8337b893c789ec6278bb440c7c9a673b162f042470c62684e6da2bd342ffea7777'})
[2025-06-21 10:32:52] Récupération réussie: 200 images pour Stunning Still Life
[2025-06-21 10:32:52] Voting fetching ...
[2025-06-21 10:32:52] Stunning Still Life voting 35 images
[2025-06-21 10:32:55] Stunning Still Life voting 35 images
[2025-06-21 10:32:55] Récupération réussie: 200 images pour Mostly Black
[2025-06-21 10:32:55] Voting fetching ...
[2025-06-21 10:32:55] Mostly Black voting 35 images
[2025-06-21 10:32:58] Mostly Black voting 35 images
[2025-06-21 10:32:58] Récupération réussie: 200 images pour Capturing Joy
[2025-06-21 10:32:58] Voting fetching ...
[2025-06-21 10:32:58] Capturing Joy voting 35 images
[2025-06-21 10:33:01] Capturing Joy voting 35 images
[2025-06-21 10:33:01] Récupération réussie: 200 images pour Your Favorite Nature Shot
[2025-06-21 10:33:01] Voting fetching ...
[2025-06-21 10:33:01] Your Favorite Nature Shot voting 35 images
[2025-06-21 10:33:04] Your Favorite Nature Shot voting 35 images
[2025-06-21 10:33:05] Your Favorite Nature Shot voted successfully
[2025-06-21 10:33:07] Stunning Still Life voted successfully
[2025-06-21 10:33:09] Stunning Still Life voted successfully
[2025-06-21 10:33:11] Capturing Joy voted successfully
[2025-06-21 10:33:13] Capturing Joy voted successfully
[2025-06-21 10:33:15] Mostly Black voted successfully
[2025-06-21 10:33:17] Mostly Black voted successfully
[2025-06-21 10:33:19] Your Favorite Nature Shot voted successfully
[2025-06-21 10:33:22] Challenges fetching ...
[2025-06-21 10:33:22] Challenges fetched successfully for bruno!
[2025-06-21 10:33:22] Challenges fetching ...
[2025-06-21 10:33:22] Challenges fetched successfully for bruno!
[2025-06-21 10:33:22] Challenges fetching ...
[2025-06-21 10:33:22] Challenges fetched successfully for bruno!
[2025-06-21 10:33:22] Challenges fetching ...
[2025-06-21 10:33:22] Challenges fetched successfully for bruno!
[2025-06-21 10:33:22] Challenges fetching ...
[2025-06-21 10:33:22] Challenges fetched successfully for bruno!
[2025-06-21 10:33:22] Challenges fetching ...
[2025-06-21 10:33:22] Challenges fetched successfully for bruno!
[2025-06-21 10:33:22] Challenges fetching ...
[2025-06-21 10:33:22] Challenges fetched successfully for bruno!
[2025-06-21 10:33:22] Challenges fetching ...
[2025-06-21 10:33:22] Challenges fetched successfully for bruno!
[2025-06-21 10:34:17] Your Favorite Nature Shot get vote panel
[2025-06-21 10:34:17] Filling challenges: {102780}
Filled Your Favorite Nature Shot with strategy end4

[2025-06-21 10:34:17] Récupération des données de vote pour Your Favorite Nature Shot (URL: your-favorite-nature-shot3, HEADER:{'User-Agent': 'Mozilla/5.0 (X11; Linux i686; rv:39.0) Gecko/20100101 Firefox/39.0', 'x-api-version': '8', 'x-env': 'WEB', 'X-requested-with': 'XMLHttpRequest', 'X-token': 'a1cad95a6d480c14f51dd0eba4914c8337b893c789ec6278bb440c7c9a673b162f042470c62684e6da2bd342ffea7777'})
[2025-06-21 10:34:18] Récupération réussie: 200 images pour Your Favorite Nature Shot
[2025-06-21 10:34:18] Voting fetching ...
[2025-06-21 10:34:18] Your Favorite Nature Shot voting 35 images
[2025-06-21 10:34:21] Your Favorite Nature Shot voting 35 images
[2025-06-21 10:34:22] Your Favorite Nature Shot voted successfully
[2025-06-21 10:34:24] Your Favorite Nature Shot voted successfully
[2025-06-21 10:34:27] Challenges fetching ...
[2025-06-21 10:34:27] Challenges fetched successfully for bruno!
[2025-06-21 10:34:27] Challenges fetching ...
[2025-06-21 10:34:27] Challenges fetched successfully for bruno!
[2025-06-21 10:40:18] Refreshing challenges...
[2025-06-21 10:40:18] Fetching challenges...
[2025-06-21 10:40:19] Challenges fetching ...
[2025-06-21 10:40:19] Lancement automatique des stratégies de fin pour 4 nouveaux challenges...
[2025-06-21 10:40:19] Nouveau challenge détecté pour bruno: Incredible Sunset & Sunrise
[2025-06-21 10:40:19] Nouveau challenge détecté pour bruno: Screen Stars - Legendary Landscapes
[2025-06-21 10:40:19] Nouveau challenge détecté pour bruno: Peaceful
[2025-06-21 10:40:19] Nouveau challenge détecté pour bruno: Made Of Plastic
[2025-06-21 10:40:19] Challenges fetched successfully for bruno!
[2025-06-21 10:40:33] Incredible Sunset & Sunrise get vote panel
[2025-06-21 10:40:33] Peaceful get vote panel
[2025-06-21 10:40:33] Made Of Plastic get vote panel
[2025-06-21 10:40:33] Screen Stars - Legendary Landscapes get vote panel
[2025-06-21 10:40:33] Filling challenges: {102592, 103396, 102618, 103277}
Filled Incredible Sunset & Sunrise with strategy end4
Filled Peaceful with strategy end4
Filled Made Of Plastic with strategy end4
Filled Screen Stars - Legendary Landscapes with strategy end4

[2025-06-21 10:40:33] Récupération des données de vote pour Incredible Sunset & Sunrise (URL: incredible-sunset-sunrise1, HEADER:{'User-Agent': 'Mozilla/5.0 (X11; Linux i686; rv:39.0) Gecko/20100101 Firefox/39.0', 'x-api-version': '8', 'x-env': 'WEB', 'X-requested-with': 'XMLHttpRequest', 'X-token': 'a1cad95a6d480c14f51dd0eba4914c8337b893c789ec6278bb440c7c9a673b162f042470c62684e6da2bd342ffea7777'})
[2025-06-21 10:40:33] Récupération des données de vote pour Peaceful (URL: peaceful236, HEADER:{'User-Agent': 'Mozilla/5.0 (X11; Linux i686; rv:39.0) Gecko/20100101 Firefox/39.0', 'x-api-version': '8', 'x-env': 'WEB', 'X-requested-with': 'XMLHttpRequest', 'X-token': 'a1cad95a6d480c14f51dd0eba4914c8337b893c789ec6278bb440c7c9a673b162f042470c62684e6da2bd342ffea7777'})
[2025-06-21 10:40:33] Récupération des données de vote pour Made Of Plastic (URL: made-of-plastic25, HEADER:{'User-Agent': 'Mozilla/5.0 (X11; Linux i686; rv:39.0) Gecko/20100101 Firefox/39.0', 'x-api-version': '8', 'x-env': 'WEB', 'X-requested-with': 'XMLHttpRequest', 'X-token': 'a1cad95a6d480c14f51dd0eba4914c8337b893c789ec6278bb440c7c9a673b162f042470c62684e6da2bd342ffea7777'})
[2025-06-21 10:40:33] Récupération des données de vote pour Screen Stars - Legendary Landscapes (URL: screen-stars-legendary-landscapes2, HEADER:{'User-Agent': 'Mozilla/5.0 (X11; Linux i686; rv:39.0) Gecko/20100101 Firefox/39.0', 'x-api-version': '8', 'x-env': 'WEB', 'X-requested-with': 'XMLHttpRequest', 'X-token': 'a1cad95a6d480c14f51dd0eba4914c8337b893c789ec6278bb440c7c9a673b162f042470c62684e6da2bd342ffea7777'})
[2025-06-21 10:40:34] Récupération réussie: 20 images pour Peaceful
[2025-06-21 10:40:34] Voting fetching ...
[2025-06-21 10:40:34] Peaceful voting 20 images
[2025-06-21 10:40:37] Peaceful voting 20 images
[2025-06-21 10:40:37] Récupération réussie: 200 images pour Incredible Sunset & Sunrise
[2025-06-21 10:40:37] Voting fetching ...
[2025-06-21 10:40:37] Incredible Sunset & Sunrise voting 35 images
[2025-06-21 10:40:40] Incredible Sunset & Sunrise voting 35 images
[2025-06-21 10:40:40] Récupération réussie: 200 images pour Made Of Plastic
[2025-06-21 10:40:40] Voting fetching ...
[2025-06-21 10:40:40] Made Of Plastic voting 35 images
[2025-06-21 10:40:43] Made Of Plastic voting 35 images
[2025-06-21 10:40:43] Récupération réussie: 200 images pour Screen Stars - Legendary Landscapes
[2025-06-21 10:40:43] Voting fetching ...
[2025-06-21 10:40:43] Screen Stars - Legendary Landscapes voting 35 images
[2025-06-21 10:40:46] Screen Stars - Legendary Landscapes voting 35 images
[2025-06-21 10:40:46] Peaceful voted successfully
[2025-06-21 10:40:48] Peaceful voted successfully
[2025-06-21 10:40:50] Screen Stars - Legendary Landscapes voted successfully
[2025-06-21 10:40:52] Made Of Plastic voted successfully
[2025-06-21 10:40:54] Made Of Plastic voted successfully
[2025-06-21 10:40:56] Screen Stars - Legendary Landscapes voted successfully
[2025-06-21 10:40:58] Incredible Sunset & Sunrise voted successfully
[2025-06-21 10:41:00] Incredible Sunset & Sunrise voted successfully
[2025-06-21 10:41:04] Challenges fetching ...
[2025-06-21 10:41:04] Challenges fetched successfully for bruno!
[2025-06-21 10:41:04] Challenges fetching ...
[2025-06-21 10:41:04] Challenges fetched successfully for bruno!
[2025-06-21 10:41:04] Challenges fetching ...
[2025-06-21 10:41:04] Challenges fetched successfully for bruno!
[2025-06-21 10:41:04] Challenges fetching ...
[2025-06-21 10:41:04] Challenges fetched successfully for bruno!
[2025-06-21 10:41:04] Challenges fetching ...
[2025-06-21 10:41:04] Challenges fetched successfully for bruno!
[2025-06-21 10:41:04] Challenges fetching ...
[2025-06-21 10:41:04] Challenges fetched successfully for bruno!
[2025-06-21 10:41:04] Challenges fetching ...
[2025-06-21 10:41:04] Challenges fetched successfully for bruno!
[2025-06-21 10:41:04] Challenges fetching ...
[2025-06-21 10:41:04] Challenges fetched successfully for bruno!
[2025-06-21 10:42:43] Lancement de la stratégie end4 pour Peaceful
[2025-06-21 10:42:43] Nouveau processus ajouté pour bruno: peaceful236-vote-70-left-0H:4M - Statut: init
[2025-06-21 10:42:43] Traitement du challenge pour bruno: peaceful236
[2025-06-21 10:42:43] Nouveau processus ajouté pour bruno: peaceful236-vote-35-left-0H:3M - Statut: init
[2025-06-21 10:42:43] Nouveau processus ajouté pour bruno: peaceful236-vote-35-left-0H:2M - Statut: init
[2025-06-21 10:42:43] Traitement du challenge pour bruno: peaceful236
[2025-06-21 10:42:43] Traitement du challenge pour bruno: peaceful236
[2025-06-21 10:42:43] Processus mis à jour pour bruno: peaceful236-vote-70-left-0H:4M - waiting
[2025-06-21 10:42:43] Nouveau processus ajouté pour bruno: peaceful236-vote-35-left-0H:1M - Statut: init
[2025-06-21 10:42:43] Traitement du challenge pour bruno: peaceful236
[2025-06-21 10:42:43] Processus mis à jour pour bruno: peaceful236-vote-35-left-0H:3M - waiting
[2025-06-21 10:42:43] Processus mis à jour pour bruno: peaceful236-vote-35-left-0H:2M - waiting
[2025-06-21 10:42:43] Processus mis à jour pour bruno: peaceful236-vote-35-left-0H:1M - waiting
[2025-06-21 10:42:43] Application des stratégies pour les challenges sélectionnés:
- Peaceful avec stratégie end4

[2025-06-21 10:42:51] Lancement de la stratégie end4 pour Capturing Joy
[2025-06-21 10:42:51] Nouveau processus ajouté pour bruno: capturing-joy-vote-70-left-0H:4M - Statut: init
[2025-06-21 10:42:51] Traitement du challenge pour bruno: capturing-joy
[2025-06-21 10:42:51] Nouveau processus ajouté pour bruno: capturing-joy-vote-35-left-0H:3M - Statut: init
[2025-06-21 10:42:51] Traitement du challenge pour bruno: capturing-joy
[2025-06-21 10:42:51] Nouveau processus ajouté pour bruno: capturing-joy-vote-35-left-0H:2M - Statut: init
[2025-06-21 10:42:51] Processus mis à jour pour bruno: capturing-joy-vote-70-left-0H:4M - waiting
[2025-06-21 10:42:51] Traitement du challenge pour bruno: capturing-joy
[2025-06-21 10:42:51] Nouveau processus ajouté pour bruno: capturing-joy-vote-35-left-0H:1M - Statut: init
[2025-06-21 10:42:51] Traitement du challenge pour bruno: capturing-joy
[2025-06-21 10:42:51] Processus mis à jour pour bruno: capturing-joy-vote-35-left-0H:3M - waiting
[2025-06-21 10:42:51] Processus mis à jour pour bruno: capturing-joy-vote-35-left-0H:2M - waiting
[2025-06-21 10:42:51] Processus mis à jour pour bruno: capturing-joy-vote-35-left-0H:1M - waiting
[2025-06-21 10:42:51] Application des stratégies pour les challenges sélectionnés:
- Capturing Joy avec stratégie end4

[2025-06-21 10:43:04] Lancement de la stratégie end4 pour Incredible Sunset & Sunrise
[2025-06-21 10:43:04] Nouveau processus ajouté pour bruno: incredible-sunset-sunrise1-vote-70-left-0H:4M - Statut: init
[2025-06-21 10:43:04] Nouveau processus ajouté pour bruno: incredible-sunset-sunrise1-vote-35-left-0H:3M - Statut: init
[2025-06-21 10:43:04] Traitement du challenge pour bruno: incredible-sunset-sunrise1
[2025-06-21 10:43:04] Traitement du challenge pour bruno: incredible-sunset-sunrise1
[2025-06-21 10:43:04] Nouveau processus ajouté pour bruno: incredible-sunset-sunrise1-vote-35-left-0H:2M - Statut: init
[2025-06-21 10:43:04] Processus mis à jour pour bruno: incredible-sunset-sunrise1-vote-70-left-0H:4M - waiting
[2025-06-21 10:43:04] Traitement du challenge pour bruno: incredible-sunset-sunrise1
[2025-06-21 10:43:04] Processus mis à jour pour bruno: incredible-sunset-sunrise1-vote-35-left-0H:3M - waiting
[2025-06-21 10:43:04] Nouveau processus ajouté pour bruno: incredible-sunset-sunrise1-vote-35-left-0H:1M - Statut: init
[2025-06-21 10:43:04] Processus mis à jour pour bruno: incredible-sunset-sunrise1-vote-35-left-0H:2M - waiting
[2025-06-21 10:43:04] Traitement du challenge pour bruno: incredible-sunset-sunrise1
[2025-06-21 10:43:04] Processus mis à jour pour bruno: incredible-sunset-sunrise1-vote-35-left-0H:1M - waiting
[2025-06-21 10:43:04] Application des stratégies pour les challenges sélectionnés:
- Incredible Sunset & Sunrise avec stratégie end4

[2025-06-21 12:04:06] Refreshing challenges...
[2025-06-21 12:04:06] Fetching challenges...
[2025-06-21 12:04:07] Challenges fetching ...
[2025-06-21 12:04:07] Challenges fetched successfully for bruno!
[2025-06-21 12:04:15] Peaceful get vote panel
[2025-06-21 12:04:15] Filling challenges: {103396}
Filled Peaceful with strategy end4

[2025-06-21 12:04:16] Récupération des données de vote pour Peaceful (URL: peaceful236, HEADER:{'User-Agent': 'Mozilla/5.0 (X11; Linux i686; rv:39.0) Gecko/20100101 Firefox/39.0', 'x-api-version': '8', 'x-env': 'WEB', 'X-requested-with': 'XMLHttpRequest', 'X-token': 'a1cad95a6d480c14f51dd0eba4914c8337b893c789ec6278bb440c7c9a673b162f042470c62684e6da2bd342ffea7777'})
[2025-06-21 12:04:16] Récupération réussie: 20 images pour Peaceful
[2025-06-21 12:04:16] Voting fetching ...
[2025-06-21 12:04:16] Peaceful voting 20 images
[2025-06-21 12:04:19] Peaceful voting 20 images
[2025-06-21 12:04:20] Peaceful voted successfully
[2025-06-21 12:04:22] Peaceful voted successfully
[2025-06-21 12:04:24] Challenges fetching ...
[2025-06-21 12:04:24] Challenges fetched successfully for bruno!
[2025-06-21 12:04:24] Challenges fetching ...
[2025-06-21 12:04:25] Challenges fetched successfully for bruno!
[2025-06-21 12:16:35] Processus mis à jour pour bruno: peaceful236-vote-70-left-0H:4M - executing
[2025-06-21 12:16:36] Traitement de vote pour Peaceful
[2025-06-21 12:16:36] Peaceful get vote panel
[2025-06-21 12:16:36] Processus associé: peaceful236-vote-70-left-0H:4M
[2025-06-21 12:16:36] Récupération des données de vote pour Peaceful (URL: peaceful236, HEADER:{'User-Agent': 'Mozilla/5.0 (X11; Linux i686; rv:39.0) Gecko/20100101 Firefox/39.0', 'x-api-version': '8', 'x-env': 'WEB', 'X-requested-with': 'XMLHttpRequest', 'X-token': 'a1cad95a6d480c14f51dd0eba4914c8337b893c789ec6278bb440c7c9a673b162f042470c62684e6da2bd342ffea7777'})
[2025-06-21 12:16:36] Récupération réussie: 20 images pour Peaceful
[2025-06-21 12:16:36] Voting fetching ...
[2025-06-21 12:16:36] Peaceful voting 20 images
[2025-06-21 12:16:39] Peaceful voting 20 images
[2025-06-21 12:16:40] Peaceful voted successfully
[2025-06-21 12:16:40] Processus supprimé pour bruno: peaceful236-vote-70-left-0H:4M - success
[2025-06-21 12:16:40] Processus mis à jour pour bruno: peaceful236-vote-70-left-0H:4M - success
[2025-06-21 12:16:40] Processus peaceful236-vote-70-left-0H:4M terminé avec succès (profil: bruno)
[2025-06-21 12:16:42] Peaceful voted successfully
[2025-06-21 12:16:47] Challenges fetching ...
[2025-06-21 12:16:47] Challenges fetched successfully for bruno!
[2025-06-21 12:16:47] Challenges fetching ...
[2025-06-21 12:16:47] Challenges fetched successfully for bruno!
[2025-06-21 12:17:36] Processus mis à jour pour bruno: peaceful236-vote-35-left-0H:3M - executing
[2025-06-21 12:17:36] Traitement de vote pour Peaceful
[2025-06-21 12:17:36] Peaceful get vote panel
[2025-06-21 12:17:36] Processus associé: peaceful236-vote-35-left-0H:3M
[2025-06-21 12:17:36] Récupération des données de vote pour Peaceful (URL: peaceful236, HEADER:{'User-Agent': 'Mozilla/5.0 (X11; Linux i686; rv:39.0) Gecko/20100101 Firefox/39.0', 'x-api-version': '8', 'x-env': 'WEB', 'X-requested-with': 'XMLHttpRequest', 'X-token': 'a1cad95a6d480c14f51dd0eba4914c8337b893c789ec6278bb440c7c9a673b162f042470c62684e6da2bd342ffea7777'})
[2025-06-21 12:17:37] Récupération réussie: 20 images pour Peaceful
[2025-06-21 12:17:37] Voting fetching ...
[2025-06-21 12:17:37] Peaceful voting 20 images
[2025-06-21 12:17:40] Peaceful voting 20 images
[2025-06-21 12:17:41] Peaceful voted successfully
[2025-06-21 12:17:41] Processus supprimé pour bruno: peaceful236-vote-35-left-0H:3M - success
[2025-06-21 12:17:41] Processus mis à jour pour bruno: peaceful236-vote-35-left-0H:3M - success
[2025-06-21 12:17:41] Processus peaceful236-vote-35-left-0H:3M terminé avec succès (profil: bruno)
[2025-06-21 12:17:43] Peaceful voted successfully
[2025-06-21 12:17:47] Challenges fetching ...
[2025-06-21 12:17:47] Challenges fetched successfully for bruno!
[2025-06-21 12:17:47] Challenges fetching ...
[2025-06-21 12:17:47] Challenges fetched successfully for bruno!
[2025-06-21 12:18:44] Processus mis à jour pour bruno: peaceful236-vote-35-left-0H:2M - executing
[2025-06-21 12:18:44] Traitement de vote pour Peaceful
[2025-06-21 12:18:44] Peaceful get vote panel
[2025-06-21 12:18:44] Processus associé: peaceful236-vote-35-left-0H:2M
[2025-06-21 12:18:44] Récupération des données de vote pour Peaceful (URL: peaceful236, HEADER:{'User-Agent': 'Mozilla/5.0 (X11; Linux i686; rv:39.0) Gecko/20100101 Firefox/39.0', 'x-api-version': '8', 'x-env': 'WEB', 'X-requested-with': 'XMLHttpRequest', 'X-token': 'a1cad95a6d480c14f51dd0eba4914c8337b893c789ec6278bb440c7c9a673b162f042470c62684e6da2bd342ffea7777'})
[2025-06-21 12:18:45] Récupération réussie: 20 images pour Peaceful
[2025-06-21 12:18:45] Voting fetching ...
[2025-06-21 12:18:45] Peaceful voting 20 images
[2025-06-21 12:18:48] Peaceful voting 20 images
[2025-06-21 12:18:49] Peaceful voted successfully
[2025-06-21 12:18:49] Processus supprimé pour bruno: peaceful236-vote-35-left-0H:2M - success
[2025-06-21 12:18:49] Processus mis à jour pour bruno: peaceful236-vote-35-left-0H:2M - success
[2025-06-21 12:18:49] Processus peaceful236-vote-35-left-0H:2M terminé avec succès (profil: bruno)
[2025-06-21 12:18:51] Peaceful voted successfully
[2025-06-21 12:18:54] Challenges fetching ...
[2025-06-21 12:18:54] Challenges fetched successfully for bruno!
[2025-06-21 12:18:54] Challenges fetching ...
[2025-06-21 12:18:54] Challenges fetched successfully for bruno!
[2025-06-21 12:19:38] Processus mis à jour pour bruno: peaceful236-vote-35-left-0H:1M - executing
[2025-06-21 12:19:38] Traitement de vote pour Peaceful
[2025-06-21 12:19:38] Peaceful get vote panel
[2025-06-21 12:19:38] Processus associé: peaceful236-vote-35-left-0H:1M
[2025-06-21 12:19:38] Récupération des données de vote pour Peaceful (URL: peaceful236, HEADER:{'User-Agent': 'Mozilla/5.0 (X11; Linux i686; rv:39.0) Gecko/20100101 Firefox/39.0', 'x-api-version': '8', 'x-env': 'WEB', 'X-requested-with': 'XMLHttpRequest', 'X-token': 'a1cad95a6d480c14f51dd0eba4914c8337b893c789ec6278bb440c7c9a673b162f042470c62684e6da2bd342ffea7777'})
[2025-06-21 12:19:38] Récupération réussie: 14 images pour Peaceful
[2025-06-21 12:19:38] Voting fetching ...
[2025-06-21 12:19:38] Peaceful voting 14 images
[2025-06-21 12:19:41] Peaceful voting 14 images
[2025-06-21 12:19:42] Peaceful voted successfully
[2025-06-21 12:19:42] Processus supprimé pour bruno: peaceful236-vote-35-left-0H:1M - success
[2025-06-21 12:19:42] Processus mis à jour pour bruno: peaceful236-vote-35-left-0H:1M - success
[2025-06-21 12:19:42] Processus peaceful236-vote-35-left-0H:1M terminé avec succès (profil: bruno)
[2025-06-21 12:19:44] Peaceful voted successfully
[2025-06-21 12:19:47] Challenges fetching ...
[2025-06-21 12:19:47] Challenges fetched successfully for bruno!
[2025-06-21 12:19:47] Challenges fetching ...
[2025-06-21 12:19:47] Challenges fetched successfully for bruno!
[2025-06-21 16:36:04] Refreshing challenges...
[2025-06-21 16:36:04] Fetching challenges...
[2025-06-21 16:36:05] Challenges fetching ...
[2025-06-21 16:36:05] Challenges fetched successfully for bruno!
[2025-06-21 16:36:06] Challenge non trouvé: incredible-sunset-sunrise1
[2025-06-21 16:36:06] Processus mis à jour pour bruno: incredible-sunset-sunrise1-vote-35-left-0H:3M - executing
[2025-06-21 16:36:06] Objet challenge créé pour le thread de profil bruno: incredible-sunset-sunrise1
[2025-06-21 16:36:06] Traitement de vote pour Challenge incredible-sunset-sunrise1
[2025-06-21 16:36:06] Challenge incredible-sunset-sunrise1 get vote panel
[2025-06-21 16:36:06] Processus associé: incredible-sunset-sunrise1-vote-35-left-0H:3M
[2025-06-21 16:36:06] Récupération des données de vote pour Challenge incredible-sunset-sunrise1 (URL: incredible-sunset-sunrise1, HEADER:{'User-Agent': 'Mozilla/5.0 (X11; Linux i686; rv:39.0) Gecko/20100101 Firefox/39.0', 'x-api-version': '8', 'x-env': 'WEB', 'X-requested-with': 'XMLHttpRequest', 'X-token': 'a1cad95a6d480c14f51dd0eba4914c8337b893c789ec6278bb440c7c9a673b162f042470c62684e6da2bd342ffea7777'})
[2025-06-21 16:36:06] Erreur HTTP 403: <html>
<head><title>403 Forbidden</title></head>
<body>
<center><h1>403 Forbidden</h1></center>
...
[2025-06-21 16:36:06] Voting fetching ...
[2025-06-21 16:36:06] Erreur lors de la récupération des données de vote: {'success': False, 'message': 'HTTP 403: <html>\r\n<head><title>403 Forbidden</title></head>\r\n<body>\r\n<center><h1>403 Forbidden</h1></center>\r\n</body>\r\n</html>\r\n', 'challenge': {'close_time': 0}}
[2025-06-21 16:36:06] Challenge non trouvé: capturing-joy
[2025-06-21 16:36:06] Processus mis à jour pour bruno: capturing-joy-vote-35-left-0H:2M - executing
[2025-06-21 16:36:06] Objet challenge créé pour le thread de profil bruno: capturing-joy
[2025-06-21 16:36:06] Traitement de vote pour Challenge capturing-joy
[2025-06-21 16:36:09] Erreur lors de la récupération des données de vote: {'success': False, 'message': 'HTTP 403: <html>\r\n<head><title>403 Forbidden</title></head>\r\n<body>\r\n<center><h1>403 Forbidden</h1></center>\r\n</body>\r\n</html>\r\n', 'challenge': {'close_time': 0}}
[2025-06-21 16:36:09] Challenge capturing-joy get vote panel
[2025-06-21 16:36:09] Processus associé: capturing-joy-vote-35-left-0H:2M
[2025-06-21 16:36:09] Récupération des données de vote pour Challenge capturing-joy (URL: capturing-joy, HEADER:{'User-Agent': 'Mozilla/5.0 (X11; Linux i686; rv:39.0) Gecko/20100101 Firefox/39.0', 'x-api-version': '8', 'x-env': 'WEB', 'X-requested-with': 'XMLHttpRequest', 'X-token': 'a1cad95a6d480c14f51dd0eba4914c8337b893c789ec6278bb440c7c9a673b162f042470c62684e6da2bd342ffea7777'})
[2025-06-21 16:36:09] Challenge non trouvé: incredible-sunset-sunrise1
[2025-06-21 16:36:09] Processus mis à jour pour bruno: incredible-sunset-sunrise1-vote-35-left-0H:2M - executing
[2025-06-21 16:36:09] Objet challenge créé pour le thread de profil bruno: incredible-sunset-sunrise1
[2025-06-21 16:36:09] Traitement de vote pour Challenge incredible-sunset-sunrise1
[2025-06-21 16:36:09] Challenge incredible-sunset-sunrise1 get vote panel
[2025-06-21 16:36:09] Processus associé: incredible-sunset-sunrise1-vote-35-left-0H:2M
[2025-06-21 16:36:09] Récupération des données de vote pour Challenge incredible-sunset-sunrise1 (URL: incredible-sunset-sunrise1, HEADER:{'User-Agent': 'Mozilla/5.0 (X11; Linux i686; rv:39.0) Gecko/20100101 Firefox/39.0', 'x-api-version': '8', 'x-env': 'WEB', 'X-requested-with': 'XMLHttpRequest', 'X-token': 'a1cad95a6d480c14f51dd0eba4914c8337b893c789ec6278bb440c7c9a673b162f042470c62684e6da2bd342ffea7777'})
[2025-06-21 16:36:09] Erreur HTTP 403: <html>
<head><title>403 Forbidden</title></head>
<body>
<center><h1>403 Forbidden</h1></center>
...
[2025-06-21 16:36:09] Voting fetching ...
[2025-06-21 16:36:09] Erreur lors de la récupération des données de vote: {'success': False, 'message': 'HTTP 403: <html>\r\n<head><title>403 Forbidden</title></head>\r\n<body>\r\n<center><h1>403 Forbidden</h1></center>\r\n</body>\r\n</html>\r\n', 'challenge': {'close_time': 0}}
[2025-06-21 16:36:11] Challenge non trouvé: incredible-sunset-sunrise1
[2025-06-21 16:36:11] Processus mis à jour pour bruno: incredible-sunset-sunrise1-vote-70-left-0H:4M - executing
[2025-06-21 16:36:11] Objet challenge créé pour le thread de profil bruno: incredible-sunset-sunrise1
[2025-06-21 16:36:11] Traitement de vote pour Challenge incredible-sunset-sunrise1
[2025-06-21 16:36:12] Erreur lors de la récupération des données de vote: {'success': False, 'message': 'HTTP 403: <html>\r\n<head><title>403 Forbidden</title></head>\r\n<body>\r\n<center><h1>403 Forbidden</h1></center>\r\n</body>\r\n</html>\r\n', 'challenge': {'close_time': 0}}
[2025-06-21 16:36:12] Challenge incredible-sunset-sunrise1 get vote panel
[2025-06-21 16:36:12] Processus associé: incredible-sunset-sunrise1-vote-70-left-0H:4M
[2025-06-21 16:36:12] Récupération des données de vote pour Challenge incredible-sunset-sunrise1 (URL: incredible-sunset-sunrise1, HEADER:{'User-Agent': 'Mozilla/5.0 (X11; Linux i686; rv:39.0) Gecko/20100101 Firefox/39.0', 'x-api-version': '8', 'x-env': 'WEB', 'X-requested-with': 'XMLHttpRequest', 'X-token': 'a1cad95a6d480c14f51dd0eba4914c8337b893c789ec6278bb440c7c9a673b162f042470c62684e6da2bd342ffea7777'})
[2025-06-21 16:36:13] Erreur HTTP 403: <html>
<head><title>403 Forbidden</title></head>
<body>
<center><h1>403 Forbidden</h1></center>
...
[2025-06-21 16:36:13] Voting fetching ...
[2025-06-21 16:36:13] Erreur lors de la récupération des données de vote: {'success': False, 'message': 'HTTP 403: <html>\r\n<head><title>403 Forbidden</title></head>\r\n<body>\r\n<center><h1>403 Forbidden</h1></center>\r\n</body>\r\n</html>\r\n', 'challenge': {'close_time': 0}}
[2025-06-21 16:36:13] Challenge non trouvé: capturing-joy
[2025-06-21 16:36:13] Processus mis à jour pour bruno: capturing-joy-vote-70-left-0H:4M - executing
[2025-06-21 16:36:13] Objet challenge créé pour le thread de profil bruno: capturing-joy
[2025-06-21 16:36:13] Traitement de vote pour Challenge capturing-joy
[2025-06-21 16:36:15] Challenge non trouvé: incredible-sunset-sunrise1
[2025-06-21 16:36:15] Processus mis à jour pour bruno: incredible-sunset-sunrise1-vote-35-left-0H:1M - executing
[2025-06-21 16:36:15] Objet challenge créé pour le thread de profil bruno: incredible-sunset-sunrise1
[2025-06-21 16:36:15] Traitement de vote pour Challenge incredible-sunset-sunrise1
[2025-06-21 16:36:15] Challenge non trouvé: capturing-joy
[2025-06-21 16:36:15] Processus mis à jour pour bruno: capturing-joy-vote-35-left-0H:3M - executing
[2025-06-21 16:36:15] Objet challenge créé pour le thread de profil bruno: capturing-joy
[2025-06-21 16:36:15] Traitement de vote pour Challenge capturing-joy
[2025-06-21 16:36:16] Erreur lors de la récupération des données de vote: {'success': False, 'message': 'HTTP 403: <html>\r\n<head><title>403 Forbidden</title></head>\r\n<body>\r\n<center><h1>403 Forbidden</h1></center>\r\n</body>\r\n</html>\r\n', 'challenge': {'close_time': 0}}
[2025-06-21 16:36:16] Challenge capturing-joy get vote panel
[2025-06-21 16:36:16] Processus associé: capturing-joy-vote-70-left-0H:4M
[2025-06-21 16:36:16] Challenge incredible-sunset-sunrise1 get vote panel
[2025-06-21 16:36:16] Processus associé: incredible-sunset-sunrise1-vote-35-left-0H:1M
[2025-06-21 16:36:16] Challenge capturing-joy get vote panel
[2025-06-21 16:36:16] Processus associé: capturing-joy-vote-35-left-0H:3M
[2025-06-21 16:36:16] Récupération des données de vote pour Challenge capturing-joy (URL: capturing-joy, HEADER:{'User-Agent': 'Mozilla/5.0 (X11; Linux i686; rv:39.0) Gecko/20100101 Firefox/39.0', 'x-api-version': '8', 'x-env': 'WEB', 'X-requested-with': 'XMLHttpRequest', 'X-token': 'a1cad95a6d480c14f51dd0eba4914c8337b893c789ec6278bb440c7c9a673b162f042470c62684e6da2bd342ffea7777'})
[2025-06-21 16:36:16] Récupération des données de vote pour Challenge incredible-sunset-sunrise1 (URL: incredible-sunset-sunrise1, HEADER:{'User-Agent': 'Mozilla/5.0 (X11; Linux i686; rv:39.0) Gecko/20100101 Firefox/39.0', 'x-api-version': '8', 'x-env': 'WEB', 'X-requested-with': 'XMLHttpRequest', 'X-token': 'a1cad95a6d480c14f51dd0eba4914c8337b893c789ec6278bb440c7c9a673b162f042470c62684e6da2bd342ffea7777'})
[2025-06-21 16:36:16] Récupération des données de vote pour Challenge capturing-joy (URL: capturing-joy, HEADER:{'User-Agent': 'Mozilla/5.0 (X11; Linux i686; rv:39.0) Gecko/20100101 Firefox/39.0', 'x-api-version': '8', 'x-env': 'WEB', 'X-requested-with': 'XMLHttpRequest', 'X-token': 'a1cad95a6d480c14f51dd0eba4914c8337b893c789ec6278bb440c7c9a673b162f042470c62684e6da2bd342ffea7777'})
[2025-06-21 16:36:16] Erreur HTTP 403: <html>
<head><title>403 Forbidden</title></head>
<body>
<center><h1>403 Forbidden</h1></center>
...
[2025-06-21 16:36:16] Voting fetching ...
[2025-06-21 16:36:16] Erreur lors de la récupération des données de vote: {'success': False, 'message': 'HTTP 403: <html>\r\n<head><title>403 Forbidden</title></head>\r\n<body>\r\n<center><h1>403 Forbidden</h1></center>\r\n</body>\r\n</html>\r\n', 'challenge': {'close_time': 0}}
[2025-06-21 16:36:17] Challenge non trouvé: capturing-joy
[2025-06-21 16:36:17] Processus mis à jour pour bruno: capturing-joy-vote-35-left-0H:1M - executing
[2025-06-21 16:36:17] Objet challenge créé pour le thread de profil bruno: capturing-joy
[2025-06-21 16:36:17] Traitement de vote pour Challenge capturing-joy
[2025-06-21 16:36:19] Erreur lors de la récupération des données de vote: {'success': False, 'message': 'HTTP 403: <html>\r\n<head><title>403 Forbidden</title></head>\r\n<body>\r\n<center><h1>403 Forbidden</h1></center>\r\n</body>\r\n</html>\r\n', 'challenge': {'close_time': 0}}
[2025-06-21 16:36:19] Challenge capturing-joy get vote panel
[2025-06-21 16:36:19] Processus associé: capturing-joy-vote-35-left-0H:1M
[2025-06-21 16:36:19] Récupération des données de vote pour Challenge capturing-joy (URL: capturing-joy, HEADER:{'User-Agent': 'Mozilla/5.0 (X11; Linux i686; rv:39.0) Gecko/20100101 Firefox/39.0', 'x-api-version': '8', 'x-env': 'WEB', 'X-requested-with': 'XMLHttpRequest', 'X-token': 'a1cad95a6d480c14f51dd0eba4914c8337b893c789ec6278bb440c7c9a673b162f042470c62684e6da2bd342ffea7777'})
[2025-06-21 16:36:19] Erreur HTTP 403: <html>
<head><title>403 Forbidden</title></head>
<body>
<center><h1>403 Forbidden</h1></center>
...
[2025-06-21 16:36:19] Voting fetching ...
[2025-06-21 16:36:19] Erreur lors de la récupération des données de vote: {'success': False, 'message': 'HTTP 403: <html>\r\n<head><title>403 Forbidden</title></head>\r\n<body>\r\n<center><h1>403 Forbidden</h1></center>\r\n</body>\r\n</html>\r\n', 'challenge': {'close_time': 0}}
[2025-06-21 16:36:22] Erreur lors de la récupération des données de vote: {'success': False, 'message': 'HTTP 403: <html>\r\n<head><title>403 Forbidden</title></head>\r\n<body>\r\n<center><h1>403 Forbidden</h1></center>\r\n</body>\r\n</html>\r\n', 'challenge': {'close_time': 0}}
[2025-06-21 16:36:22] Erreur HTTP 403: <html>
<head><title>403 Forbidden</title></head>
<body>
<center><h1>403 Forbidden</h1></center>
...
[2025-06-21 16:36:22] Voting fetching ...
[2025-06-21 16:36:22] Erreur lors de la récupération des données de vote: {'success': False, 'message': 'HTTP 403: <html>\r\n<head><title>403 Forbidden</title></head>\r\n<body>\r\n<center><h1>403 Forbidden</h1></center>\r\n</body>\r\n</html>\r\n', 'challenge': {'close_time': 0}}
[2025-06-21 16:36:25] Erreur lors de la récupération des données de vote: {'success': False, 'message': 'HTTP 403: <html>\r\n<head><title>403 Forbidden</title></head>\r\n<body>\r\n<center><h1>403 Forbidden</h1></center>\r\n</body>\r\n</html>\r\n', 'challenge': {'close_time': 0}}
[2025-06-21 16:36:25] Erreur HTTP 403: <html>
<head><title>403 Forbidden</title></head>
<body>
<center><h1>403 Forbidden</h1></center>
...
[2025-06-21 16:36:25] Voting fetching ...
[2025-06-21 16:36:25] Erreur lors de la récupération des données de vote: {'success': False, 'message': 'HTTP 403: <html>\r\n<head><title>403 Forbidden</title></head>\r\n<body>\r\n<center><h1>403 Forbidden</h1></center>\r\n</body>\r\n</html>\r\n', 'challenge': {'close_time': 0}}
[2025-06-21 16:36:28] Erreur lors de la récupération des données de vote: {'success': False, 'message': 'HTTP 403: <html>\r\n<head><title>403 Forbidden</title></head>\r\n<body>\r\n<center><h1>403 Forbidden</h1></center>\r\n</body>\r\n</html>\r\n', 'challenge': {'close_time': 0}}
[2025-06-21 16:36:28] Refreshing challenges...
[2025-06-21 16:36:28] Fetching challenges...
[2025-06-21 16:36:28] Erreur HTTP 403: <html>
<head><title>403 Forbidden</title></head>
<body>
<center><h1>403 Forbidden</h1></center>
...
[2025-06-21 16:36:28] Voting fetching ...
[2025-06-21 16:36:28] Erreur lors de la récupération des données de vote: {'success': False, 'message': 'HTTP 403: <html>\r\n<head><title>403 Forbidden</title></head>\r\n<body>\r\n<center><h1>403 Forbidden</h1></center>\r\n</body>\r\n</html>\r\n', 'challenge': {'close_time': 0}}
[2025-06-21 16:36:31] Erreur lors de la récupération des données de vote: {'success': False, 'message': 'HTTP 403: <html>\r\n<head><title>403 Forbidden</title></head>\r\n<body>\r\n<center><h1>403 Forbidden</h1></center>\r\n</body>\r\n</html>\r\n', 'challenge': {'close_time': 0}}
[2025-06-21 16:36:31] Challenges fetching ...
[2025-06-21 16:36:31] Challenges fetched successfully for bruno!
[2025-06-21 16:36:32] Processus suspect (format de date invalide): capturing-joy-vote-70-left-0H:4M (profil: bruno)
[2025-06-21 16:36:32] Processus supprimé pour bruno: capturing-joy-vote-70-left-0H:4M - zombie
[2025-06-21 16:36:32] Processus mis à jour pour bruno: capturing-joy-vote-70-left-0H:4M - zombie
[2025-06-21 16:36:32] Processus suspect (format de date invalide): capturing-joy-vote-35-left-0H:3M (profil: bruno)
[2025-06-21 16:36:32] Processus supprimé pour bruno: capturing-joy-vote-35-left-0H:3M - zombie
[2025-06-21 16:36:32] Processus mis à jour pour bruno: capturing-joy-vote-35-left-0H:3M - zombie
[2025-06-21 16:36:32] Processus suspect (format de date invalide): capturing-joy-vote-35-left-0H:2M (profil: bruno)
[2025-06-21 16:36:32] Processus supprimé pour bruno: capturing-joy-vote-35-left-0H:2M - zombie
[2025-06-21 16:36:32] Processus mis à jour pour bruno: capturing-joy-vote-35-left-0H:2M - zombie
[2025-06-21 16:36:32] Processus suspect (format de date invalide): capturing-joy-vote-35-left-0H:1M (profil: bruno)
[2025-06-21 16:36:32] Processus supprimé pour bruno: capturing-joy-vote-35-left-0H:1M - zombie
[2025-06-21 16:36:32] Processus mis à jour pour bruno: capturing-joy-vote-35-left-0H:1M - zombie
[2025-06-21 16:36:32] Processus suspect (format de date invalide): incredible-sunset-sunrise1-vote-70-left-0H:4M (profil: bruno)
[2025-06-21 16:36:32] Processus supprimé pour bruno: incredible-sunset-sunrise1-vote-70-left-0H:4M - zombie
[2025-06-21 16:36:32] Processus mis à jour pour bruno: incredible-sunset-sunrise1-vote-70-left-0H:4M - zombie
[2025-06-21 16:36:32] Processus suspect (format de date invalide): incredible-sunset-sunrise1-vote-35-left-0H:3M (profil: bruno)
[2025-06-21 16:36:32] Processus supprimé pour bruno: incredible-sunset-sunrise1-vote-35-left-0H:3M - zombie
[2025-06-21 16:36:32] Processus mis à jour pour bruno: incredible-sunset-sunrise1-vote-35-left-0H:3M - zombie
[2025-06-21 16:36:32] Processus suspect (format de date invalide): incredible-sunset-sunrise1-vote-35-left-0H:2M (profil: bruno)
[2025-06-21 16:36:32] Processus supprimé pour bruno: incredible-sunset-sunrise1-vote-35-left-0H:2M - zombie
[2025-06-21 16:36:32] Processus mis à jour pour bruno: incredible-sunset-sunrise1-vote-35-left-0H:2M - zombie
[2025-06-21 16:36:32] Processus suspect (format de date invalide): incredible-sunset-sunrise1-vote-35-left-0H:1M (profil: bruno)
[2025-06-21 16:36:32] Processus supprimé pour bruno: incredible-sunset-sunrise1-vote-35-left-0H:1M - zombie
[2025-06-21 16:36:32] Processus mis à jour pour bruno: incredible-sunset-sunrise1-vote-35-left-0H:1M - zombie
[2025-06-21 16:43:09] Refreshing challenges...
[2025-06-21 16:43:09] Fetching challenges...
[2025-06-21 16:43:10] Challenges fetching ...
[2025-06-21 16:43:10] Lancement automatique des stratégies de fin pour 7 nouveaux challenges...
[2025-06-21 16:43:10] Nouveau challenge détecté pour bruno: Stunning Still Life
[2025-06-21 16:43:10] Nouveau challenge détecté pour bruno: Made Of Plastic
[2025-06-21 16:43:10] Nouveau challenge détecté pour bruno: Incredible Sunset & Sunrise
[2025-06-21 16:43:10] Nouveau challenge détecté pour bruno: Screen Stars - Legendary Landscapes
[2025-06-21 16:43:10] Nouveau challenge détecté pour bruno: Capturing Joy
[2025-06-21 16:43:10] Nouveau challenge détecté pour bruno: Your Favorite Nature Shot
[2025-06-21 16:43:10] Nouveau challenge détecté pour bruno: Mostly Black
[2025-06-21 16:43:10] Challenges fetched successfully for bruno!
