[2025-06-28 19:15:50] Fetching challenges...
[2025-06-28 19:15:53] Challenges fetching ...
[2025-06-28 19:15:53] Lancement automatique des stratégies de fin pour 11 nouveaux challenges...
[2025-06-28 19:15:53] Nouveau challenge détecté pour pascale: Screen Stars - Long Exposure
[2025-06-28 19:15:53] Nouveau challenge détecté pour pascale: Your Favorite Nature Shot
[2025-06-28 19:15:53] Nouveau challenge détecté pour pascale: Mostly Black
[2025-06-28 19:15:53] Nouveau challenge détecté pour pascale: Striking Portraits
[2025-06-28 19:15:53] Nouveau challenge détecté pour pascale: Street Lighting
[2025-06-28 19:15:53] Nouveau challenge détecté pour pascale: Photo of the Week!
[2025-06-28 19:15:53] Nouveau challenge détecté pour pascale: Show Your Country
[2025-06-28 19:15:53] Nouveau challenge détecté pour pascale: Tenderness
[2025-06-28 19:15:53] Nouveau challenge détecté pour pascale: Huge Animals
[2025-06-28 19:15:53] Nouveau challenge détecté pour pascale: Art of Black & White
[2025-06-28 19:15:53] Nouveau challenge détecté pour pascale: Going Low Key
[2025-06-28 19:15:53] Challenges fetched successfully for pascale!
[2025-06-28 19:16:06] Lancement de la stratégie end4 pour Show Your Country
[2025-06-28 19:16:06] Nouveau processus ajouté pour pascale: show-your-country-vote-70-left-0H:4M - Statut: init
[2025-06-28 19:16:06] Traitement du challenge pour pascale: show-your-country
[2025-06-28 19:16:06] Nouveau processus ajouté pour pascale: show-your-country-vote-35-left-0H:3M - Statut: init
[2025-06-28 19:16:06] Traitement du challenge pour pascale: show-your-country
[2025-06-28 19:16:06] Nouveau processus ajouté pour pascale: show-your-country-vote-35-left-0H:2M - Statut: init
[2025-06-28 19:16:06] Traitement du challenge pour pascale: show-your-country
[2025-06-28 19:16:06] Processus mis à jour pour pascale: show-your-country-vote-70-left-0H:4M - waiting
[2025-06-28 19:16:06] Nouveau processus ajouté pour pascale: show-your-country-vote-35-left-0H:1M - Statut: init
[2025-06-28 19:16:06] Processus mis à jour pour pascale: show-your-country-vote-35-left-0H:3M - waiting
[2025-06-28 19:16:06] Traitement du challenge pour pascale: show-your-country
[2025-06-28 19:16:06] Processus mis à jour pour pascale: show-your-country-vote-35-left-0H:2M - waiting
[2025-06-28 19:16:06] Processus mis à jour pour pascale: show-your-country-vote-35-left-0H:1M - waiting
[2025-06-28 19:16:06] Lancement de la stratégie end4 pour Tenderness
[2025-06-28 19:16:06] Nouveau processus ajouté pour pascale: tenderness26-vote-70-left-0H:4M - Statut: init
[2025-06-28 19:16:06] Traitement du challenge pour pascale: tenderness26
[2025-06-28 19:16:06] Nouveau processus ajouté pour pascale: tenderness26-vote-35-left-0H:3M - Statut: init
[2025-06-28 19:16:06] Traitement du challenge pour pascale: tenderness26
[2025-06-28 19:16:06] Nouveau processus ajouté pour pascale: tenderness26-vote-35-left-0H:2M - Statut: init
[2025-06-28 19:16:06] Processus mis à jour pour pascale: tenderness26-vote-70-left-0H:4M - waiting
[2025-06-28 19:16:06] Traitement du challenge pour pascale: tenderness26
[2025-06-28 19:16:06] Nouveau processus ajouté pour pascale: tenderness26-vote-35-left-0H:1M - Statut: init
[2025-06-28 19:16:06] Processus mis à jour pour pascale: tenderness26-vote-35-left-0H:3M - waiting
[2025-06-28 19:16:06] Processus mis à jour pour pascale: tenderness26-vote-35-left-0H:2M - waiting
[2025-06-28 19:16:06] Traitement du challenge pour pascale: tenderness26
[2025-06-28 19:16:06] Processus mis à jour pour pascale: tenderness26-vote-35-left-0H:1M - waiting
[2025-06-28 19:16:06] Lancement de la stratégie end4 pour Street Lighting
[2025-06-28 19:16:06] Nouveau processus ajouté pour pascale: street-lighting-vote-70-left-0H:4M - Statut: init
[2025-06-28 19:16:06] Traitement du challenge pour pascale: street-lighting
[2025-06-28 19:16:06] Nouveau processus ajouté pour pascale: street-lighting-vote-35-left-0H:3M - Statut: init
[2025-06-28 19:16:06] Traitement du challenge pour pascale: street-lighting
[2025-06-28 19:16:06] Nouveau processus ajouté pour pascale: street-lighting-vote-35-left-0H:2M - Statut: init
[2025-06-28 19:16:07] Processus mis à jour pour pascale: street-lighting-vote-70-left-0H:4M - waiting
[2025-06-28 19:16:07] Traitement du challenge pour pascale: street-lighting
[2025-06-28 19:16:07] Nouveau processus ajouté pour pascale: street-lighting-vote-35-left-0H:1M - Statut: init
[2025-06-28 19:16:07] Processus mis à jour pour pascale: street-lighting-vote-35-left-0H:3M - waiting
[2025-06-28 19:16:07] Traitement du challenge pour pascale: street-lighting
[2025-06-28 19:16:07] Processus mis à jour pour pascale: street-lighting-vote-35-left-0H:2M - waiting
[2025-06-28 19:16:07] Processus mis à jour pour pascale: street-lighting-vote-35-left-0H:1M - waiting
[2025-06-28 19:16:07] Application des stratégies pour les challenges sélectionnés:
- Show Your Country avec stratégie end4
- Tenderness avec stratégie end4
- Street Lighting avec stratégie end4

[2025-06-28 19:18:08] Fetching challenges...
[2025-06-28 19:18:09] Challenges fetching ...
[2025-06-28 19:18:09] Lancement automatique des stratégies de fin pour 3 nouveaux challenges...
[2025-06-28 19:18:09] Nouveau challenge détecté pour bruno: Your Favorite Nature Shot
[2025-06-28 19:18:09] Nouveau challenge détecté pour bruno: Mostly Black
[2025-06-28 19:18:09] Nouveau challenge détecté pour bruno: I Love Photography
[2025-06-28 19:18:09] Challenges fetched successfully for bruno!
[2025-06-28 19:18:20] Lancement de la stratégie end4 pour I Love Photography
[2025-06-28 19:18:20] Nouveau processus ajouté pour bruno: i-love-photography33-vote-70-left-0H:4M - Statut: init
[2025-06-28 19:18:20] Traitement du challenge pour bruno: i-love-photography33
[2025-06-28 19:18:20] Nouveau processus ajouté pour bruno: i-love-photography33-vote-35-left-0H:3M - Statut: init
[2025-06-28 19:18:20] Traitement du challenge pour bruno: i-love-photography33
[2025-06-28 19:18:20] Nouveau processus ajouté pour bruno: i-love-photography33-vote-35-left-0H:2M - Statut: init
[2025-06-28 19:18:20] Processus mis à jour pour bruno: i-love-photography33-vote-70-left-0H:4M - waiting
[2025-06-28 19:18:20] Traitement du challenge pour bruno: i-love-photography33
[2025-06-28 19:18:20] Nouveau processus ajouté pour bruno: i-love-photography33-vote-35-left-0H:1M - Statut: init
[2025-06-28 19:18:20] Processus mis à jour pour bruno: i-love-photography33-vote-35-left-0H:3M - waiting
[2025-06-28 19:18:20] Traitement du challenge pour bruno: i-love-photography33
[2025-06-28 19:18:20] Processus mis à jour pour bruno: i-love-photography33-vote-35-left-0H:2M - waiting
[2025-06-28 19:18:20] Processus mis à jour pour bruno: i-love-photography33-vote-35-left-0H:1M - waiting
[2025-06-28 19:18:20] Application des stratégies pour les challenges sélectionnés:
- I Love Photography avec stratégie end4

[2025-06-28 19:25:15] Processus mis à jour pour bruno: i-love-photography33-vote-70-left-0H:4M - executing
[2025-06-28 19:25:15] Traitement de vote pour I Love Photography
[2025-06-28 19:25:15] I Love Photography get vote panel
[2025-06-28 19:25:15] Processus associé: i-love-photography33-vote-70-left-0H:4M
[2025-06-28 19:25:15] Récupération des données de vote pour I Love Photography (URL: i-love-photography33, HEADER:{'User-Agent': 'Mozilla/5.0 (X11; Linux i686; rv:39.0) Gecko/20100101 Firefox/39.0', 'x-api-version': '8', 'x-env': 'WEB', 'X-requested-with': 'XMLHttpRequest', 'X-token': 'a1cad95a6d480c14f51dd0eba4914c8337b893c789ec6278bb440c7c9a673b162f042470c62684e6da2bd342ffea7777'})
[2025-06-28 19:25:16] Récupération réussie: 200 images pour I Love Photography
[2025-06-28 19:25:16] Voting fetching ...
[2025-06-28 19:25:16] I Love Photography voting 70 images
[2025-06-28 19:25:19] I Love Photography voting 70 images
[2025-06-28 19:25:20] I Love Photography voted successfully
[2025-06-28 19:25:20] Processus supprimé pour bruno: i-love-photography33-vote-70-left-0H:4M - success
[2025-06-28 19:25:20] Processus mis à jour pour bruno: i-love-photography33-vote-70-left-0H:4M - success
[2025-06-28 19:25:20] Processus i-love-photography33-vote-70-left-0H:4M terminé avec succès (profil: bruno)
[2025-06-28 19:25:22] I Love Photography voted successfully
[2025-06-28 19:25:25] Challenges fetching ...
[2025-06-28 19:25:25] Challenges fetched successfully for bruno!
[2025-06-28 19:25:25] Challenges fetching ...
[2025-06-28 19:25:25] Challenges fetched successfully for bruno!
[2025-06-28 19:26:02] Processus mis à jour pour bruno: i-love-photography33-vote-35-left-0H:3M - executing
[2025-06-28 19:26:02] Traitement de vote pour I Love Photography
[2025-06-28 19:26:02] I Love Photography get vote panel
[2025-06-28 19:26:02] Processus associé: i-love-photography33-vote-35-left-0H:3M
[2025-06-28 19:26:02] Récupération des données de vote pour I Love Photography (URL: i-love-photography33, HEADER:{'User-Agent': 'Mozilla/5.0 (X11; Linux i686; rv:39.0) Gecko/20100101 Firefox/39.0', 'x-api-version': '8', 'x-env': 'WEB', 'X-requested-with': 'XMLHttpRequest', 'X-token': 'a1cad95a6d480c14f51dd0eba4914c8337b893c789ec6278bb440c7c9a673b162f042470c62684e6da2bd342ffea7777'})
[2025-06-28 19:26:03] Récupération réussie: 200 images pour I Love Photography
[2025-06-28 19:26:03] Voting fetching ...
[2025-06-28 19:26:03] I Love Photography voting 35 images
[2025-06-28 19:26:06] I Love Photography voting 35 images
[2025-06-28 19:26:07] I Love Photography voted successfully
[2025-06-28 19:26:07] Processus supprimé pour bruno: i-love-photography33-vote-35-left-0H:3M - success
[2025-06-28 19:26:07] Processus mis à jour pour bruno: i-love-photography33-vote-35-left-0H:3M - success
[2025-06-28 19:26:07] Processus i-love-photography33-vote-35-left-0H:3M terminé avec succès (profil: bruno)
[2025-06-28 19:26:10] I Love Photography voted successfully
[2025-06-28 19:26:13] Challenges fetching ...
[2025-06-28 19:26:13] Challenges fetched successfully for bruno!
[2025-06-28 19:26:13] Challenges fetching ...
[2025-06-28 19:26:13] Challenges fetched successfully for bruno!
[2025-06-28 19:27:06] Processus mis à jour pour bruno: i-love-photography33-vote-35-left-0H:2M - executing
[2025-06-28 19:27:06] Traitement de vote pour I Love Photography
[2025-06-28 19:27:06] I Love Photography get vote panel
[2025-06-28 19:27:06] Processus associé: i-love-photography33-vote-35-left-0H:2M
[2025-06-28 19:27:06] Récupération des données de vote pour I Love Photography (URL: i-love-photography33, HEADER:{'User-Agent': 'Mozilla/5.0 (X11; Linux i686; rv:39.0) Gecko/20100101 Firefox/39.0', 'x-api-version': '8', 'x-env': 'WEB', 'X-requested-with': 'XMLHttpRequest', 'X-token': 'a1cad95a6d480c14f51dd0eba4914c8337b893c789ec6278bb440c7c9a673b162f042470c62684e6da2bd342ffea7777'})
[2025-06-28 19:27:07] Récupération réussie: 200 images pour I Love Photography
[2025-06-28 19:27:07] Voting fetching ...
[2025-06-28 19:27:07] I Love Photography voting 35 images
[2025-06-28 19:27:10] I Love Photography voting 35 images
[2025-06-28 19:27:11] I Love Photography voted successfully
[2025-06-28 19:27:11] Processus supprimé pour bruno: i-love-photography33-vote-35-left-0H:2M - success
[2025-06-28 19:27:11] Processus mis à jour pour bruno: i-love-photography33-vote-35-left-0H:2M - success
[2025-06-28 19:27:11] Processus i-love-photography33-vote-35-left-0H:2M terminé avec succès (profil: bruno)
[2025-06-28 19:27:13] I Love Photography voted successfully
[2025-06-28 19:27:16] Challenges fetching ...
[2025-06-28 19:27:16] Challenges fetched successfully for bruno!
[2025-06-28 19:27:16] Challenges fetching ...
[2025-06-28 19:27:16] Challenges fetched successfully for bruno!
[2025-06-28 19:28:10] Processus mis à jour pour bruno: i-love-photography33-vote-35-left-0H:1M - executing
[2025-06-28 19:28:10] Traitement de vote pour I Love Photography
[2025-06-28 19:28:10] I Love Photography get vote panel
[2025-06-28 19:28:10] Processus associé: i-love-photography33-vote-35-left-0H:1M
[2025-06-28 19:28:10] Récupération des données de vote pour I Love Photography (URL: i-love-photography33, HEADER:{'User-Agent': 'Mozilla/5.0 (X11; Linux i686; rv:39.0) Gecko/20100101 Firefox/39.0', 'x-api-version': '8', 'x-env': 'WEB', 'X-requested-with': 'XMLHttpRequest', 'X-token': 'a1cad95a6d480c14f51dd0eba4914c8337b893c789ec6278bb440c7c9a673b162f042470c62684e6da2bd342ffea7777'})
[2025-06-28 19:28:11] Récupération réussie: 200 images pour I Love Photography
[2025-06-28 19:28:11] Voting fetching ...
[2025-06-28 19:28:11] I Love Photography voting 35 images
[2025-06-28 19:28:14] I Love Photography voting 35 images
[2025-06-28 19:28:15] I Love Photography voted successfully
[2025-06-28 19:28:15] Processus supprimé pour bruno: i-love-photography33-vote-35-left-0H:1M - success
[2025-06-28 19:28:15] Processus mis à jour pour bruno: i-love-photography33-vote-35-left-0H:1M - success
[2025-06-28 19:28:15] Processus i-love-photography33-vote-35-left-0H:1M terminé avec succès (profil: bruno)
[2025-06-28 19:28:18] I Love Photography voted successfully
[2025-06-28 19:28:21] Challenges fetching ...
[2025-06-28 19:28:21] Challenges fetched successfully for bruno!
[2025-06-28 19:28:21] Challenges fetching ...
[2025-06-28 19:28:21] Challenges fetched successfully for bruno!
[2025-06-28 20:55:03] Processus mis à jour pour pascale: tenderness26-vote-70-left-0H:4M - executing
[2025-06-28 20:55:03] Traitement de vote pour Tenderness
[2025-06-28 20:55:03] Tenderness get vote panel
[2025-06-28 20:55:03] Processus associé: tenderness26-vote-70-left-0H:4M
[2025-06-28 20:55:03] Récupération des données de vote pour Tenderness (URL: tenderness26, HEADER:{'User-Agent': 'Mozilla/5.0 (X11; Linux i686; rv:39.0) Gecko/20100101 Firefox/39.0', 'x-api-version': '8', 'x-env': 'WEB', 'X-requested-with': 'XMLHttpRequest', 'X-token': 'f96bbe3a7e7f833329e7129767a69abbfa6dfce3152e3c2a311eb49d89b5c3bb2b12b66b402f03dce682b8b2b6a005cd'})
[2025-06-28 20:55:04] Récupération réussie: 200 images pour Tenderness
[2025-06-28 20:55:04] Voting fetching ...
[2025-06-28 20:55:04] Tenderness voting 70 images
[2025-06-28 20:55:07] Tenderness voting 70 images
[2025-06-28 20:55:08] Tenderness voted successfully
[2025-06-28 20:55:08] Processus supprimé pour pascale: tenderness26-vote-70-left-0H:4M - success
[2025-06-28 20:55:08] Processus mis à jour pour pascale: tenderness26-vote-70-left-0H:4M - success
[2025-06-28 20:55:08] Processus tenderness26-vote-70-left-0H:4M terminé avec succès (profil: pascale)
[2025-06-28 20:55:10] Tenderness voted successfully
[2025-06-28 20:55:13] Challenges fetching ...
[2025-06-28 20:55:13] Challenges fetched successfully for pascale!
[2025-06-28 20:55:13] Challenges fetching ...
[2025-06-28 20:55:13] Challenges fetched successfully for pascale!
[2025-06-28 20:56:12] Processus mis à jour pour pascale: tenderness26-vote-35-left-0H:3M - executing
[2025-06-28 20:56:12] Traitement de vote pour Tenderness
[2025-06-28 20:56:12] Tenderness get vote panel
[2025-06-28 20:56:12] Processus associé: tenderness26-vote-35-left-0H:3M
[2025-06-28 20:56:12] Récupération des données de vote pour Tenderness (URL: tenderness26, HEADER:{'User-Agent': 'Mozilla/5.0 (X11; Linux i686; rv:39.0) Gecko/20100101 Firefox/39.0', 'x-api-version': '8', 'x-env': 'WEB', 'X-requested-with': 'XMLHttpRequest', 'X-token': 'f96bbe3a7e7f833329e7129767a69abbfa6dfce3152e3c2a311eb49d89b5c3bb2b12b66b402f03dce682b8b2b6a005cd'})
[2025-06-28 20:56:13] Récupération réussie: 200 images pour Tenderness
[2025-06-28 20:56:13] Voting fetching ...
[2025-06-28 20:56:13] Tenderness voting 35 images
[2025-06-28 20:56:16] Tenderness voting 35 images
[2025-06-28 20:56:17] Tenderness voted successfully
[2025-06-28 20:56:17] Processus supprimé pour pascale: tenderness26-vote-35-left-0H:3M - success
[2025-06-28 20:56:17] Processus mis à jour pour pascale: tenderness26-vote-35-left-0H:3M - success
[2025-06-28 20:56:17] Processus tenderness26-vote-35-left-0H:3M terminé avec succès (profil: pascale)
[2025-06-28 20:56:19] Tenderness voted successfully
[2025-06-28 20:56:22] Challenges fetching ...
[2025-06-28 20:56:22] Challenges fetched successfully for pascale!
[2025-06-28 20:56:22] Challenges fetching ...
[2025-06-28 20:56:22] Challenges fetched successfully for pascale!
[2025-06-28 20:57:15] Processus mis à jour pour pascale: tenderness26-vote-35-left-0H:2M - executing
[2025-06-28 20:57:15] Traitement de vote pour Tenderness
[2025-06-28 20:57:15] Tenderness get vote panel
[2025-06-28 20:57:15] Processus associé: tenderness26-vote-35-left-0H:2M
[2025-06-28 20:57:15] Récupération des données de vote pour Tenderness (URL: tenderness26, HEADER:{'User-Agent': 'Mozilla/5.0 (X11; Linux i686; rv:39.0) Gecko/20100101 Firefox/39.0', 'x-api-version': '8', 'x-env': 'WEB', 'X-requested-with': 'XMLHttpRequest', 'X-token': 'f96bbe3a7e7f833329e7129767a69abbfa6dfce3152e3c2a311eb49d89b5c3bb2b12b66b402f03dce682b8b2b6a005cd'})
[2025-06-28 20:57:16] Récupération réussie: 200 images pour Tenderness
[2025-06-28 20:57:16] Voting fetching ...
[2025-06-28 20:57:16] Tenderness voting 35 images
[2025-06-28 20:57:19] Tenderness voting 35 images
[2025-06-28 20:57:20] Tenderness voted successfully
[2025-06-28 20:57:20] Processus supprimé pour pascale: tenderness26-vote-35-left-0H:2M - success
[2025-06-28 20:57:20] Processus mis à jour pour pascale: tenderness26-vote-35-left-0H:2M - success
[2025-06-28 20:57:20] Processus tenderness26-vote-35-left-0H:2M terminé avec succès (profil: pascale)
[2025-06-28 20:57:22] Tenderness voted successfully
[2025-06-28 20:57:25] Challenges fetching ...
[2025-06-28 20:57:25] Challenges fetched successfully for pascale!
[2025-06-28 20:57:25] Challenges fetching ...
[2025-06-28 20:57:25] Challenges fetched successfully for pascale!
[2025-06-28 20:58:03] Processus mis à jour pour pascale: tenderness26-vote-35-left-0H:1M - executing
[2025-06-28 20:58:03] Traitement de vote pour Tenderness
[2025-06-28 20:58:03] Tenderness get vote panel
[2025-06-28 20:58:03] Processus associé: tenderness26-vote-35-left-0H:1M
[2025-06-28 20:58:03] Récupération des données de vote pour Tenderness (URL: tenderness26, HEADER:{'User-Agent': 'Mozilla/5.0 (X11; Linux i686; rv:39.0) Gecko/20100101 Firefox/39.0', 'x-api-version': '8', 'x-env': 'WEB', 'X-requested-with': 'XMLHttpRequest', 'X-token': 'f96bbe3a7e7f833329e7129767a69abbfa6dfce3152e3c2a311eb49d89b5c3bb2b12b66b402f03dce682b8b2b6a005cd'})
[2025-06-28 20:58:04] Récupération réussie: 200 images pour Tenderness
[2025-06-28 20:58:04] Voting fetching ...
[2025-06-28 20:58:04] Tenderness voting 35 images
[2025-06-28 20:58:07] Tenderness voting 35 images
[2025-06-28 20:58:08] Tenderness voted successfully
[2025-06-28 20:58:08] Processus supprimé pour pascale: tenderness26-vote-35-left-0H:1M - success
[2025-06-28 20:58:08] Processus mis à jour pour pascale: tenderness26-vote-35-left-0H:1M - success
[2025-06-28 20:58:08] Processus tenderness26-vote-35-left-0H:1M terminé avec succès (profil: pascale)
[2025-06-28 20:58:10] Tenderness voted successfully
[2025-06-28 20:58:13] Challenges fetching ...
[2025-06-28 20:58:13] Challenges fetched successfully for pascale!
[2025-06-28 20:58:13] Challenges fetching ...
[2025-06-28 20:58:14] Challenges fetched successfully for pascale!
[2025-06-28 21:06:27] Refreshing challenges...
[2025-06-28 21:06:27] Fetching challenges...
[2025-06-28 21:06:28] Challenges fetching ...
[2025-06-28 21:06:28] Lancement automatique des stratégies de fin pour 1 nouveaux challenges...
[2025-06-28 21:06:28] Nouveau challenge détecté pour pascale: 3 Hours
[2025-06-28 21:06:28] Challenges fetched successfully for pascale!
[2025-06-28 21:06:39] Lancement de la stratégie end4 pour 3 Hours
[2025-06-28 21:06:39] Nouveau processus ajouté pour pascale: 3-hours128-vote-70-left-0H:4M - Statut: init
[2025-06-28 21:06:39] Traitement du challenge pour pascale: 3-hours128
[2025-06-28 21:06:39] Nouveau processus ajouté pour pascale: 3-hours128-vote-35-left-0H:2M - Statut: init
[2025-06-28 21:06:39] Nouveau processus ajouté pour pascale: 3-hours128-vote-35-left-0H:3M - Statut: init
[2025-06-28 21:06:39] Traitement du challenge pour pascale: 3-hours128
[2025-06-28 21:06:39] Traitement du challenge pour pascale: 3-hours128
[2025-06-28 21:06:39] Processus mis à jour pour pascale: 3-hours128-vote-70-left-0H:4M - waiting
[2025-06-28 21:06:39] Nouveau processus ajouté pour pascale: 3-hours128-vote-35-left-0H:1M - Statut: init
[2025-06-28 21:06:39] Processus mis à jour pour pascale: 3-hours128-vote-35-left-0H:3M - waiting
[2025-06-28 21:06:39] Traitement du challenge pour pascale: 3-hours128
[2025-06-28 21:06:39] Processus mis à jour pour pascale: 3-hours128-vote-35-left-0H:2M - waiting
[2025-06-28 21:06:39] Processus mis à jour pour pascale: 3-hours128-vote-35-left-0H:1M - waiting
[2025-06-28 21:06:39] Application des stratégies pour les challenges sélectionnés:
- 3 Hours avec stratégie end4

[2025-06-28 22:30:10] Processus mis à jour pour pascale: 3-hours128-vote-70-left-0H:4M - executing
[2025-06-28 22:30:10] Traitement de vote pour 3 Hours
[2025-06-28 22:30:10] 3 Hours get vote panel
[2025-06-28 22:30:10] Processus associé: 3-hours128-vote-70-left-0H:4M
[2025-06-28 22:30:10] Récupération des données de vote pour 3 Hours (URL: 3-hours128, HEADER:{'User-Agent': 'Mozilla/5.0 (X11; Linux i686; rv:39.0) Gecko/20100101 Firefox/39.0', 'x-api-version': '8', 'x-env': 'WEB', 'X-requested-with': 'XMLHttpRequest', 'X-token': 'f96bbe3a7e7f833329e7129767a69abbfa6dfce3152e3c2a311eb49d89b5c3bb2b12b66b402f03dce682b8b2b6a005cd'})
[2025-06-28 22:30:11] Récupération réussie: 200 images pour 3 Hours
[2025-06-28 22:30:11] Voting fetching ...
[2025-06-28 22:30:11] 3 Hours voting 70 images
[2025-06-28 22:30:14] 3 Hours voting 70 images
[2025-06-28 22:30:15] 3 Hours voted successfully
[2025-06-28 22:30:15] Processus supprimé pour pascale: 3-hours128-vote-70-left-0H:4M - success
[2025-06-28 22:30:15] Processus mis à jour pour pascale: 3-hours128-vote-70-left-0H:4M - success
[2025-06-28 22:30:15] Processus 3-hours128-vote-70-left-0H:4M terminé avec succès (profil: pascale)
[2025-06-28 22:30:17] 3 Hours voted successfully
[2025-06-28 22:30:20] Challenges fetching ...
[2025-06-28 22:30:21] Lancement automatique des stratégies de fin pour 4 nouveaux challenges...
[2025-06-28 22:30:21] Nouveau challenge détecté pour pascale: Dream World
[2025-06-28 22:30:21] Nouveau challenge détecté pour pascale: Something Wet
[2025-06-28 22:30:21] Nouveau challenge détecté pour pascale: Artistic VS Mundane
[2025-06-28 22:30:21] Nouveau challenge détecté pour pascale: Stunning Homes
[2025-06-28 22:30:21] Challenges fetched successfully for pascale!
[2025-06-28 22:30:21] Challenges fetching ...
[2025-06-28 22:30:21] Challenges fetched successfully for pascale!
[2025-06-28 22:31:03] Processus mis à jour pour pascale: 3-hours128-vote-35-left-0H:3M - executing
[2025-06-28 22:31:03] Traitement de vote pour 3 Hours
[2025-06-28 22:31:03] 3 Hours get vote panel
[2025-06-28 22:31:03] Processus associé: 3-hours128-vote-35-left-0H:3M
[2025-06-28 22:31:03] Récupération des données de vote pour 3 Hours (URL: 3-hours128, HEADER:{'User-Agent': 'Mozilla/5.0 (X11; Linux i686; rv:39.0) Gecko/20100101 Firefox/39.0', 'x-api-version': '8', 'x-env': 'WEB', 'X-requested-with': 'XMLHttpRequest', 'X-token': 'f96bbe3a7e7f833329e7129767a69abbfa6dfce3152e3c2a311eb49d89b5c3bb2b12b66b402f03dce682b8b2b6a005cd'})
[2025-06-28 22:31:04] Récupération réussie: 200 images pour 3 Hours
[2025-06-28 22:31:04] Voting fetching ...
[2025-06-28 22:31:04] 3 Hours voting 35 images
[2025-06-28 22:31:07] 3 Hours voting 35 images
[2025-06-28 22:31:08] 3 Hours voted successfully
[2025-06-28 22:31:08] Processus supprimé pour pascale: 3-hours128-vote-35-left-0H:3M - success
[2025-06-28 22:31:08] Processus mis à jour pour pascale: 3-hours128-vote-35-left-0H:3M - success
[2025-06-28 22:31:08] Processus 3-hours128-vote-35-left-0H:3M terminé avec succès (profil: pascale)
[2025-06-28 22:31:10] 3 Hours voted successfully
[2025-06-28 22:31:13] Challenges fetching ...
[2025-06-28 22:31:14] Challenges fetched successfully for pascale!
[2025-06-28 22:31:14] Challenges fetching ...
[2025-06-28 22:31:14] Challenges fetched successfully for pascale!
[2025-06-28 22:32:09] Processus mis à jour pour pascale: 3-hours128-vote-35-left-0H:2M - executing
[2025-06-28 22:32:09] Traitement de vote pour 3 Hours
[2025-06-28 22:32:09] 3 Hours get vote panel
[2025-06-28 22:32:09] Processus associé: 3-hours128-vote-35-left-0H:2M
[2025-06-28 22:32:09] Récupération des données de vote pour 3 Hours (URL: 3-hours128, HEADER:{'User-Agent': 'Mozilla/5.0 (X11; Linux i686; rv:39.0) Gecko/20100101 Firefox/39.0', 'x-api-version': '8', 'x-env': 'WEB', 'X-requested-with': 'XMLHttpRequest', 'X-token': 'f96bbe3a7e7f833329e7129767a69abbfa6dfce3152e3c2a311eb49d89b5c3bb2b12b66b402f03dce682b8b2b6a005cd'})
[2025-06-28 22:32:11] Récupération réussie: 200 images pour 3 Hours
[2025-06-28 22:32:11] Voting fetching ...
[2025-06-28 22:32:11] 3 Hours voting 35 images
[2025-06-28 22:32:14] 3 Hours voting 35 images
[2025-06-28 22:32:14] 3 Hours voted successfully
[2025-06-28 22:32:14] Processus supprimé pour pascale: 3-hours128-vote-35-left-0H:2M - success
[2025-06-28 22:32:14] Processus mis à jour pour pascale: 3-hours128-vote-35-left-0H:2M - success
[2025-06-28 22:32:15] Processus 3-hours128-vote-35-left-0H:2M terminé avec succès (profil: pascale)
[2025-06-28 22:32:17] 3 Hours voted successfully
[2025-06-28 22:32:20] Challenges fetching ...
[2025-06-28 22:32:20] Challenges fetched successfully for pascale!
[2025-06-28 22:32:20] Challenges fetching ...
[2025-06-28 22:32:20] Challenges fetched successfully for pascale!
[2025-06-28 22:33:14] Processus mis à jour pour pascale: 3-hours128-vote-35-left-0H:1M - executing
[2025-06-28 22:33:14] Traitement de vote pour 3 Hours
[2025-06-28 22:33:14] 3 Hours get vote panel
[2025-06-28 22:33:14] Processus associé: 3-hours128-vote-35-left-0H:1M
[2025-06-28 22:33:14] Récupération des données de vote pour 3 Hours (URL: 3-hours128, HEADER:{'User-Agent': 'Mozilla/5.0 (X11; Linux i686; rv:39.0) Gecko/20100101 Firefox/39.0', 'x-api-version': '8', 'x-env': 'WEB', 'X-requested-with': 'XMLHttpRequest', 'X-token': 'f96bbe3a7e7f833329e7129767a69abbfa6dfce3152e3c2a311eb49d89b5c3bb2b12b66b402f03dce682b8b2b6a005cd'})
[2025-06-28 22:33:15] Récupération réussie: 200 images pour 3 Hours
[2025-06-28 22:33:15] Voting fetching ...
[2025-06-28 22:33:15] 3 Hours voting 35 images
[2025-06-28 22:33:18] 3 Hours voting 35 images
[2025-06-28 22:33:19] 3 Hours voted successfully
[2025-06-28 22:33:19] Processus supprimé pour pascale: 3-hours128-vote-35-left-0H:1M - success
[2025-06-28 22:33:19] Processus mis à jour pour pascale: 3-hours128-vote-35-left-0H:1M - success
[2025-06-28 22:33:19] Processus 3-hours128-vote-35-left-0H:1M terminé avec succès (profil: pascale)
[2025-06-28 22:33:21] 3 Hours voted successfully
[2025-06-28 22:33:24] Challenges fetching ...
[2025-06-28 22:33:24] Challenges fetched successfully for pascale!
[2025-06-28 22:33:24] Challenges fetching ...
[2025-06-28 22:33:24] Challenges fetched successfully for pascale!
