
> gsgui-web-ui@2.0.0 dev
> vite

node:internal/modules/esm/resolve:204
  const resolvedOption = FSLegacyMainResolve(pkgPath, packageConfig.main, baseStringified);
                         ^

Error: Cannot find package '/Users/bruno/gsgui/web-ui/node_modules/tinyglobby/index.js' imported from /Users/bruno/gsgui/web-ui/node_modules/vite/dist/node/chunks/dep-BHkUv4Z8.js
    at legacyMainResolve (node:internal/modules/esm/resolve:204:26)
    at packageResolve (node:internal/modules/esm/resolve:778:12)
    at moduleResolve (node:internal/modules/esm/resolve:854:18)
    at defaultResolve (node:internal/modules/esm/resolve:984:11)
    at ModuleLoader.defaultResolve (node:internal/modules/esm/loader:780:12)
    at #cachedDefaultResolve (node:internal/modules/esm/loader:704:25)
    at ModuleLoader.resolve (node:internal/modules/esm/loader:687:38)
    at ModuleLoader.getModuleJobForImport (node:internal/modules/esm/loader:305:38)
    at ModuleJob._link (node:internal/modules/esm/module_job:137:49) {
  code: 'ERR_MODULE_NOT_FOUND'
}

Node.js v22.15.0

> gsgui-web-ui@2.0.0 dev
> vite

12:15:47 [vite] (client) Re-optimizing dependencies because lockfile has changed
Port 3000 is in use, trying another one...

  VITE v6.3.5  ready in 571 ms

  ➜  Local:   http://localhost:3001/
  ➜  Network: http://192.168.1.10:3001/

> gsgui-web-ui@2.0.0 dev
> vite


  VITE v6.3.5  ready in 266 ms

  ➜  Local:   http://localhost:3000/
  ➜  Network: http://192.168.1.10:3000/
12:24:49 [vite] (client) ✨ new dependencies optimized: react-dom/client, axios
12:24:49 [vite] (client) ✨ optimized dependencies changed. reloading
12:25:20 [vite] ws proxy socket error:
Error: read ECONNRESET
    at TCP.onStreamRead (node:internal/stream_base_commons:216:20)
12:57:56 [vite] ws proxy socket error:
Error: read ECONNRESET
    at TCP.onStreamRead (node:internal/stream_base_commons:216:20)
