[2025-05-30 00:00:10] Désélection de tous les challenges

[2025-05-30 00:00:12] Refreshing challenges...
[2025-05-30 00:00:12] Fetching challenges...
[2025-05-30 00:00:12] Challenges fetching ...
[2025-05-30 00:00:12] Challenges fetched successfully for pascale!
[2025-05-30 00:00:22] Refreshing challenges...
[2025-05-30 00:00:22] Fetching challenges...
[2025-05-30 00:00:23] Challenges fetching ...
[2025-05-30 00:00:24] Lancement automatique des stratégies de fin pour 16 nouveaux challenges...
[2025-05-30 00:00:24] Nouveau challenge détecté pour pascale: Green Grass
[2025-05-30 00:00:24] Nouveau challenge détecté pour pascale: Colorful Rainbows
[2025-05-30 00:00:24] Nouveau challenge détecté pour pascale: Photographer of the Week
[2025-05-30 00:00:24] Nouveau challenge détecté pour pascale: Exits & Entrances
[2025-05-30 00:00:24] Nouveau challenge détecté pour pascale: Dramatic Lighting
[2025-05-30 00:00:24] Nouveau challenge détecté pour pascale: Still Life
[2025-05-30 00:00:24] Nouveau challenge détecté pour pascale: Traveling Portraits
[2025-05-30 00:00:24] Nouveau challenge détecté pour pascale: Chic Outfits
[2025-05-30 00:00:24] Nouveau challenge détecté pour pascale: Kids in Black & White
[2025-05-30 00:00:24] Nouveau challenge détecté pour pascale: Landscape Photographer of the Year
[2025-05-30 00:00:24] Nouveau challenge détecté pour pascale: Snaps From Behind
[2025-05-30 00:00:24] Nouveau challenge détecté pour pascale: Busy Life
[2025-05-30 00:00:24] Nouveau challenge détecté pour pascale: Guru of The Week
[2025-05-30 00:00:24] Nouveau challenge détecté pour pascale: Top Photo
[2025-05-30 00:00:24] Nouveau challenge détecté pour pascale: Your Snow Shots
[2025-05-30 00:00:24] Nouveau challenge détecté pour pascale: Photo of the Week!
[2025-05-30 00:00:24] Challenges fetched successfully for pascale!
[2025-05-30 00:00:47] Exits & Entrances get vote panel
[2025-05-30 00:00:47] Traveling Portraits get vote panel
[2025-05-30 00:00:47] Top Photo get vote panel
[2025-05-30 00:00:47] Filling challenges: {100568, 100635, 100614}
Filled Exits & Entrances with strategy end18
Filled Traveling Portraits with strategy end18
Filled Top Photo with strategy end18

[2025-05-30 00:00:47] Récupération des données de vote pour Exits & Entrances (URL: exits-entrances1, HEADER:{'User-Agent': 'Mozilla/5.0 (X11; Linux i686; rv:39.0) Gecko/20100101 Firefox/39.0', 'x-api-version': '8', 'x-env': 'WEB', 'X-requested-with': 'XMLHttpRequest', 'X-token': 'f96bbe3a7e7f833329e7129767a69abbfa6dfce3152e3c2a311eb49d89b5c3bb2b12b66b402f03dce682b8b2b6a005cd'})
[2025-05-30 00:00:47] Récupération des données de vote pour Traveling Portraits (URL: traveling-portraits1, HEADER:{'User-Agent': 'Mozilla/5.0 (X11; Linux i686; rv:39.0) Gecko/20100101 Firefox/39.0', 'x-api-version': '8', 'x-env': 'WEB', 'X-requested-with': 'XMLHttpRequest', 'X-token': 'f96bbe3a7e7f833329e7129767a69abbfa6dfce3152e3c2a311eb49d89b5c3bb2b12b66b402f03dce682b8b2b6a005cd'})
[2025-05-30 00:00:47] Récupération des données de vote pour Top Photo (URL: top-photo28, HEADER:{'User-Agent': 'Mozilla/5.0 (X11; Linux i686; rv:39.0) Gecko/20100101 Firefox/39.0', 'x-api-version': '8', 'x-env': 'WEB', 'X-requested-with': 'XMLHttpRequest', 'X-token': 'f96bbe3a7e7f833329e7129767a69abbfa6dfce3152e3c2a311eb49d89b5c3bb2b12b66b402f03dce682b8b2b6a005cd'})
[2025-05-30 00:00:48] Récupération réussie: 200 images pour Traveling Portraits
[2025-05-30 00:00:48] Voting fetching ...
[2025-05-30 00:00:48] Traveling Portraits voting 100 images
[2025-05-30 00:00:48] Récupération réussie: 200 images pour Exits & Entrances
[2025-05-30 00:00:48] Voting fetching ...
[2025-05-30 00:00:48] Exits & Entrances voting 100 images
[2025-05-30 00:00:48] Récupération réussie: 200 images pour Top Photo
[2025-05-30 00:00:48] Voting fetching ...
[2025-05-30 00:00:48] Top Photo voting 100 images
[2025-05-30 00:00:49] Traveling Portraits voted successfully
[2025-05-30 00:00:51] Exits & Entrances voted successfully
[2025-05-30 00:00:53] Top Photo voted successfully
[2025-05-30 00:00:56] Challenges fetching ...
[2025-05-30 00:00:56] Challenges fetched successfully for pascale!
[2025-05-30 00:00:56] Challenges fetching ...
[2025-05-30 00:00:56] Challenges fetched successfully for pascale!
[2025-05-30 00:00:56] Challenges fetching ...
[2025-05-30 00:00:56] Challenges fetched successfully for pascale!
[2025-05-30 10:22:55] Snaps From Behind get vote panel
[2025-05-30 10:22:55] Filling challenges: {100588}
Filled Snaps From Behind with strategy end18

[2025-05-30 10:22:55] Récupération des données de vote pour Snaps From Behind (URL: snaps-from-behind, HEADER:{'User-Agent': 'Mozilla/5.0 (X11; Linux i686; rv:39.0) Gecko/20100101 Firefox/39.0', 'x-api-version': '8', 'x-env': 'WEB', 'X-requested-with': 'XMLHttpRequest', 'X-token': 'f96bbe3a7e7f833329e7129767a69abbfa6dfce3152e3c2a311eb49d89b5c3bb2b12b66b402f03dce682b8b2b6a005cd'})
[2025-05-30 10:22:56] Récupération réussie: 200 images pour Snaps From Behind
[2025-05-30 10:22:56] Voting fetching ...
[2025-05-30 10:22:56] Snaps From Behind voting 100 images
[2025-05-30 10:22:57] Snaps From Behind voted successfully
[2025-05-30 10:23:00] Challenges fetching ...
[2025-05-30 10:23:00] Challenges fetched successfully for pascale!
[2025-05-30 23:04:13] Refreshing challenges...
[2025-05-30 23:04:13] Fetching challenges...
[2025-05-30 23:04:14] Challenges fetching ...
[2025-05-30 23:04:14] Lancement automatique des stratégies de fin pour 9 nouveaux challenges...
[2025-05-30 23:04:14] Nouveau challenge détecté pour pascale: Your Legacy
[2025-05-30 23:04:14] Nouveau challenge détecté pour pascale: Several Subjects
[2025-05-30 23:04:14] Nouveau challenge détecté pour pascale: Fill Up the Frame
[2025-05-30 23:04:14] Nouveau challenge détecté pour pascale: On Vacation
[2025-05-30 23:04:14] Nouveau challenge détecté pour pascale: Split Screen
[2025-05-30 23:04:14] Nouveau challenge détecté pour pascale: What Is Patriotism?
[2025-05-30 23:04:14] Nouveau challenge détecté pour pascale: Love And Romance
[2025-05-30 23:04:14] Nouveau challenge détecté pour pascale: Have A Drink
[2025-05-30 23:04:14] Nouveau challenge détecté pour pascale: Screen Stars - Timeless Waterscapes
[2025-05-30 23:04:14] Challenges fetched successfully for pascale!
[2025-05-30 23:04:28] Sélection de tous les challenges

[2025-05-30 23:04:36] What Is Patriotism? get vote panel
[2025-05-30 23:04:36] Exits & Entrances get vote panel
[2025-05-30 23:04:36] Still Life get vote panel
[2025-05-30 23:04:36] Traveling Portraits get vote panel
[2025-05-30 23:04:36] Several Subjects get vote panel
[2025-05-30 23:04:36] Dramatic Lighting get vote panel
[2025-05-30 23:04:36] Fill Up the Frame get vote panel
[2025-05-30 23:04:36] Screen Stars - Timeless Waterscapes get vote panel
[2025-05-30 23:04:36] On Vacation get vote panel
[2025-05-30 23:04:36] Split Screen get vote panel
[2025-05-30 23:04:36] Love And Romance get vote panel
[2025-05-30 23:04:36] Your Legacy get vote panel
[2025-05-30 23:04:36] Landscape Photographer of the Year get vote panel
[2025-05-30 23:04:36] Photo of the Week! get vote panel
[2025-05-30 23:04:36] Guru of The Week get vote panel
[2025-05-30 23:04:36] Filling challenges: {100620, 100568, 101466, 100635, 100572, 101789, 100574, 101727, 100643, 100644, 100581, 100649, 100588, 100780, 101235, 101112}
Filled What Is Patriotism? with strategy end18
Filled Exits & Entrances with strategy end18
Filled Still Life with strategy end18
Filled Traveling Portraits with strategy end18
Filled Several Subjects with strategy end18
Filled Dramatic Lighting with strategy end18
Filled Fill Up the Frame with strategy end18
Filled Screen Stars - Timeless Waterscapes with strategy end18
Filled On Vacation with strategy end18
Filled Split Screen with strategy end18
Filled Love And Romance with strategy end18
Filled Your Legacy with strategy end18
Filled Landscape Photographer of the Year with strategy end18
Filled Photo of the Week! with strategy end18
Filled Guru of The Week with strategy end18

[2025-05-30 23:04:37] Récupération des données de vote pour What Is Patriotism? (URL: what-is-patriotism-1, HEADER:{'User-Agent': 'Mozilla/5.0 (X11; Linux i686; rv:39.0) Gecko/20100101 Firefox/39.0', 'x-api-version': '8', 'x-env': 'WEB', 'X-requested-with': 'XMLHttpRequest', 'X-token': 'f96bbe3a7e7f833329e7129767a69abbfa6dfce3152e3c2a311eb49d89b5c3bb2b12b66b402f03dce682b8b2b6a005cd'})
[2025-05-30 23:04:37] Récupération des données de vote pour Exits & Entrances (URL: exits-entrances1, HEADER:{'User-Agent': 'Mozilla/5.0 (X11; Linux i686; rv:39.0) Gecko/20100101 Firefox/39.0', 'x-api-version': '8', 'x-env': 'WEB', 'X-requested-with': 'XMLHttpRequest', 'X-token': 'f96bbe3a7e7f833329e7129767a69abbfa6dfce3152e3c2a311eb49d89b5c3bb2b12b66b402f03dce682b8b2b6a005cd'})
[2025-05-30 23:04:37] Récupération des données de vote pour Still Life (URL: still-life5, HEADER:{'User-Agent': 'Mozilla/5.0 (X11; Linux i686; rv:39.0) Gecko/20100101 Firefox/39.0', 'x-api-version': '8', 'x-env': 'WEB', 'X-requested-with': 'XMLHttpRequest', 'X-token': 'f96bbe3a7e7f833329e7129767a69abbfa6dfce3152e3c2a311eb49d89b5c3bb2b12b66b402f03dce682b8b2b6a005cd'})
[2025-05-30 23:04:37] Récupération des données de vote pour Traveling Portraits (URL: traveling-portraits1, HEADER:{'User-Agent': 'Mozilla/5.0 (X11; Linux i686; rv:39.0) Gecko/20100101 Firefox/39.0', 'x-api-version': '8', 'x-env': 'WEB', 'X-requested-with': 'XMLHttpRequest', 'X-token': 'f96bbe3a7e7f833329e7129767a69abbfa6dfce3152e3c2a311eb49d89b5c3bb2b12b66b402f03dce682b8b2b6a005cd'})
[2025-05-30 23:04:37] Récupération des données de vote pour Several Subjects (URL: several-subjects1, HEADER:{'User-Agent': 'Mozilla/5.0 (X11; Linux i686; rv:39.0) Gecko/20100101 Firefox/39.0', 'x-api-version': '8', 'x-env': 'WEB', 'X-requested-with': 'XMLHttpRequest', 'X-token': 'f96bbe3a7e7f833329e7129767a69abbfa6dfce3152e3c2a311eb49d89b5c3bb2b12b66b402f03dce682b8b2b6a005cd'})
[2025-05-30 23:04:37] Récupération des données de vote pour Dramatic Lighting (URL: dramatic-lighting11, HEADER:{'User-Agent': 'Mozilla/5.0 (X11; Linux i686; rv:39.0) Gecko/20100101 Firefox/39.0', 'x-api-version': '8', 'x-env': 'WEB', 'X-requested-with': 'XMLHttpRequest', 'X-token': 'f96bbe3a7e7f833329e7129767a69abbfa6dfce3152e3c2a311eb49d89b5c3bb2b12b66b402f03dce682b8b2b6a005cd'})
[2025-05-30 23:04:37] Récupération des données de vote pour Fill Up the Frame (URL: fill-up-the-frame1, HEADER:{'User-Agent': 'Mozilla/5.0 (X11; Linux i686; rv:39.0) Gecko/20100101 Firefox/39.0', 'x-api-version': '8', 'x-env': 'WEB', 'X-requested-with': 'XMLHttpRequest', 'X-token': 'f96bbe3a7e7f833329e7129767a69abbfa6dfce3152e3c2a311eb49d89b5c3bb2b12b66b402f03dce682b8b2b6a005cd'})
[2025-05-30 23:04:37] Récupération des données de vote pour Screen Stars - Timeless Waterscapes (URL: screen-stars-glorious-waterscapes, HEADER:{'User-Agent': 'Mozilla/5.0 (X11; Linux i686; rv:39.0) Gecko/20100101 Firefox/39.0', 'x-api-version': '8', 'x-env': 'WEB', 'X-requested-with': 'XMLHttpRequest', 'X-token': 'f96bbe3a7e7f833329e7129767a69abbfa6dfce3152e3c2a311eb49d89b5c3bb2b12b66b402f03dce682b8b2b6a005cd'})
[2025-05-30 23:04:37] Récupération des données de vote pour On Vacation (URL: on-vacation1, HEADER:{'User-Agent': 'Mozilla/5.0 (X11; Linux i686; rv:39.0) Gecko/20100101 Firefox/39.0', 'x-api-version': '8', 'x-env': 'WEB', 'X-requested-with': 'XMLHttpRequest', 'X-token': 'f96bbe3a7e7f833329e7129767a69abbfa6dfce3152e3c2a311eb49d89b5c3bb2b12b66b402f03dce682b8b2b6a005cd'})
[2025-05-30 23:04:37] Récupération des données de vote pour Split Screen (URL: split-screen24, HEADER:{'User-Agent': 'Mozilla/5.0 (X11; Linux i686; rv:39.0) Gecko/20100101 Firefox/39.0', 'x-api-version': '8', 'x-env': 'WEB', 'X-requested-with': 'XMLHttpRequest', 'X-token': 'f96bbe3a7e7f833329e7129767a69abbfa6dfce3152e3c2a311eb49d89b5c3bb2b12b66b402f03dce682b8b2b6a005cd'})
[2025-05-30 23:04:37] Récupération des données de vote pour Love And Romance (URL: love-and-romance1, HEADER:{'User-Agent': 'Mozilla/5.0 (X11; Linux i686; rv:39.0) Gecko/20100101 Firefox/39.0', 'x-api-version': '8', 'x-env': 'WEB', 'X-requested-with': 'XMLHttpRequest', 'X-token': 'f96bbe3a7e7f833329e7129767a69abbfa6dfce3152e3c2a311eb49d89b5c3bb2b12b66b402f03dce682b8b2b6a005cd'})
[2025-05-30 23:04:37] Récupération des données de vote pour Your Legacy (URL: your-legacy44, HEADER:{'User-Agent': 'Mozilla/5.0 (X11; Linux i686; rv:39.0) Gecko/20100101 Firefox/39.0', 'x-api-version': '8', 'x-env': 'WEB', 'X-requested-with': 'XMLHttpRequest', 'X-token': 'f96bbe3a7e7f833329e7129767a69abbfa6dfce3152e3c2a311eb49d89b5c3bb2b12b66b402f03dce682b8b2b6a005cd'})
[2025-05-30 23:04:37] Récupération des données de vote pour Landscape Photographer of the Year (URL: landscape-photographer-of-the-year4, HEADER:{'User-Agent': 'Mozilla/5.0 (X11; Linux i686; rv:39.0) Gecko/20100101 Firefox/39.0', 'x-api-version': '8', 'x-env': 'WEB', 'X-requested-with': 'XMLHttpRequest', 'X-token': 'f96bbe3a7e7f833329e7129767a69abbfa6dfce3152e3c2a311eb49d89b5c3bb2b12b66b402f03dce682b8b2b6a005cd'})
[2025-05-30 23:04:37] Récupération des données de vote pour Photo of the Week! (URL: photo-of-the-week-298, HEADER:{'User-Agent': 'Mozilla/5.0 (X11; Linux i686; rv:39.0) Gecko/20100101 Firefox/39.0', 'x-api-version': '8', 'x-env': 'WEB', 'X-requested-with': 'XMLHttpRequest', 'X-token': 'f96bbe3a7e7f833329e7129767a69abbfa6dfce3152e3c2a311eb49d89b5c3bb2b12b66b402f03dce682b8b2b6a005cd'})
[2025-05-30 23:04:37] Récupération des données de vote pour Guru of The Week (URL: guru-of-the-week35, HEADER:{'User-Agent': 'Mozilla/5.0 (X11; Linux i686; rv:39.0) Gecko/20100101 Firefox/39.0', 'x-api-version': '8', 'x-env': 'WEB', 'X-requested-with': 'XMLHttpRequest', 'X-token': 'f96bbe3a7e7f833329e7129767a69abbfa6dfce3152e3c2a311eb49d89b5c3bb2b12b66b402f03dce682b8b2b6a005cd'})
[2025-05-30 23:04:37] Récupération réussie: 200 images pour Screen Stars - Timeless Waterscapes
[2025-05-30 23:04:37] Voting fetching ...
[2025-05-30 23:04:37] Screen Stars - Timeless Waterscapes voting 100 images
[2025-05-30 23:04:38] Récupération réussie: 200 images pour Split Screen
[2025-05-30 23:04:38] Voting fetching ...
[2025-05-30 23:04:38] Split Screen voting 100 images
[2025-05-30 23:04:38] Récupération réussie: 200 images pour Love And Romance
[2025-05-30 23:04:38] Voting fetching ...
[2025-05-30 23:04:38] Love And Romance voting 100 images
[2025-05-30 23:04:38] Récupération réussie: 200 images pour What Is Patriotism?
[2025-05-30 23:04:38] Voting fetching ...
[2025-05-30 23:04:38] What Is Patriotism? voting 100 images
[2025-05-30 23:04:38] Récupération réussie: 200 images pour Guru of The Week
[2025-05-30 23:04:38] Voting fetching ...
[2025-05-30 23:04:38] Guru of The Week voting 100 images
[2025-05-30 23:04:38] Récupération réussie: 200 images pour Your Legacy
[2025-05-30 23:04:38] Voting fetching ...
[2025-05-30 23:04:38] Your Legacy voting 100 images
[2025-05-30 23:04:38] Récupération réussie: 200 images pour Traveling Portraits
[2025-05-30 23:04:38] Voting fetching ...
[2025-05-30 23:04:38] Traveling Portraits voting 100 images
[2025-05-30 23:04:38] Récupération réussie: 200 images pour Photo of the Week!
[2025-05-30 23:04:38] Voting fetching ...
[2025-05-30 23:04:38] Photo of the Week! voting 100 images
[2025-05-30 23:04:38] Récupération réussie: 200 images pour On Vacation
[2025-05-30 23:04:38] Voting fetching ...
[2025-05-30 23:04:38] On Vacation voting 100 images
[2025-05-30 23:04:38] Récupération réussie: 200 images pour Several Subjects
[2025-05-30 23:04:38] Voting fetching ...
[2025-05-30 23:04:38] Several Subjects voting 100 images
[2025-05-30 23:04:38] Récupération réussie: 200 images pour Fill Up the Frame
[2025-05-30 23:04:38] Voting fetching ...
[2025-05-30 23:04:38] Fill Up the Frame voting 100 images
[2025-05-30 23:04:38] Récupération réussie: 200 images pour Still Life
[2025-05-30 23:04:38] Voting fetching ...
[2025-05-30 23:04:38] Still Life voting 100 images
[2025-05-30 23:04:39] Récupération réussie: 200 images pour Exits & Entrances
[2025-05-30 23:04:39] Voting fetching ...
[2025-05-30 23:04:39] Exits & Entrances voting 100 images
[2025-05-30 23:04:39] Récupération réussie: 200 images pour Dramatic Lighting
[2025-05-30 23:04:39] Voting fetching ...
[2025-05-30 23:04:39] Dramatic Lighting voting 100 images
[2025-05-30 23:04:39] Récupération réussie: 200 images pour Landscape Photographer of the Year
[2025-05-30 23:04:39] Voting fetching ...
[2025-05-30 23:04:39] Landscape Photographer of the Year voting 100 images
[2025-05-30 23:04:40] Screen Stars - Timeless Waterscapes voted successfully
[2025-05-30 23:04:42] Love And Romance voted successfully
[2025-05-30 23:04:44] Photo of the Week! voted successfully
[2025-05-30 23:04:46] Split Screen voted successfully
[2025-05-30 23:04:48] What Is Patriotism? voted successfully
[2025-05-30 23:04:50] Traveling Portraits voted successfully
[2025-05-30 23:04:52] Guru of The Week voted successfully
[2025-05-30 23:04:54] Still Life voted successfully
[2025-05-30 23:04:56] Dramatic Lighting voted successfully
[2025-05-30 23:04:58] Exits & Entrances voted successfully
[2025-05-30 23:05:00] Landscape Photographer of the Year voted successfully
[2025-05-30 23:05:02] Your Legacy voted successfully
[2025-05-30 23:05:04] On Vacation voted successfully
[2025-05-30 23:05:06] Fill Up the Frame voted successfully
[2025-05-30 23:05:08] Several Subjects voted successfully
[2025-05-30 23:05:11] Challenges fetching ...
[2025-05-30 23:05:11] Challenges fetched successfully for pascale!
[2025-05-30 23:05:11] Challenges fetching ...
[2025-05-30 23:05:12] Challenges fetched successfully for pascale!
[2025-05-30 23:05:12] Challenges fetching ...
[2025-05-30 23:05:12] Challenges fetched successfully for pascale!
[2025-05-30 23:05:12] Challenges fetching ...
[2025-05-30 23:05:12] Challenges fetched successfully for pascale!
[2025-05-30 23:05:12] Challenges fetching ...
[2025-05-30 23:05:12] Challenges fetched successfully for pascale!
[2025-05-30 23:05:12] Challenges fetching ...
[2025-05-30 23:05:12] Challenges fetched successfully for pascale!
[2025-05-30 23:05:12] Challenges fetching ...
[2025-05-30 23:05:12] Challenges fetched successfully for pascale!
[2025-05-30 23:05:12] Challenges fetching ...
[2025-05-30 23:05:12] Challenges fetched successfully for pascale!
[2025-05-30 23:05:12] Challenges fetching ...
[2025-05-30 23:05:12] Challenges fetched successfully for pascale!
[2025-05-30 23:05:12] Challenges fetching ...
[2025-05-30 23:05:13] Challenges fetched successfully for pascale!
[2025-05-30 23:05:13] Challenges fetching ...
[2025-05-30 23:05:13] Challenges fetched successfully for pascale!
[2025-05-30 23:05:13] Challenges fetching ...
[2025-05-30 23:05:13] Challenges fetched successfully for pascale!
[2025-05-30 23:05:13] Challenges fetching ...
[2025-05-30 23:05:13] Challenges fetched successfully for pascale!
[2025-05-30 23:05:13] Challenges fetching ...
[2025-05-30 23:05:13] Challenges fetched successfully for pascale!
[2025-05-30 23:05:13] Challenges fetching ...
[2025-05-30 23:05:13] Challenges fetched successfully for pascale!
